05-05 07:16:48.297 11432 11432 W Keyboard: Keyboard.getKeyboardViewHelper():607 null helper is returned: keyboardDef=nyt{processedConditions={show_comma_key=true, enable_more_candidates_view_for_multilingual=false, layout_9key_split=false, enable_secondary_symbols=false, pref_enable_flick_symbols=false, enable_scrub_move=true, language=en-US, deprecate_long_press_space_for_ime_picker=false, expressions=normal, android_software_xr_api_spatial=false, variant=qwerty, free_cursor=false, show_period_key=true, device=phone, keyboard_mode=normal, show_secondary_digits=true, enable_pk_simulator=false, enable_preemptive_decode=true}, globalConditions={global_theme_key=theme,!gsf,!pgsans,!pgsf,!use_system_font,BORDER,FLAVOR_DPI=XXHDPI,IS_LIGHT,KEYBOARD_WIDTH_CATEGORY=NORMAL,KEY_BORDER_SHAPE=1,LIGHT_THEME=true,PHYSICAL_DIAGONAL=6.1297245,POPUP,SCREEN_SHORTEST_WIDTH=411,SCREEN_SHORTEST_WIDTH_NO_SCALE=411,SW400DP,XXHDPI,bottom4dp,enable_popup_on_keypress=true,keyboard_redesign_google_sans=true,non_linear_scale,noshadow,overlay_builtin_dynamic_color_light_base.binarypb:gm3-light-fffaf8fe-ff4e5e8b-4fee5571778e92b08ff4c2d3d15b9d3f,silkpopup, global_locale=en_US, global_density_dpi=420, global_orientation=1}, className=.latin.keyboard.LatinPrimeKeyboard, resourceIds=[#0x7f1705f9, #0x7f17088d], initialStates=0, keyboardViewDefs=[nzi{direction=null, id=#0x7f0b0226, isScalable=true, layoutId=#0x7f0e037b, type=BODY, touchable=true, defaultShow=true}, nzi{direction=null, id=#0x7f0b0226, isScalable=false, layoutId=#0x7f0e0210, type=FLOATING_CANDIDATES, touchable=false, defaultShow=false}, nzi{direction=LOCALE, id=#0x7f0b0226, isScalable=false, layoutId=#0x7f0e0518, type=HEADER, touchable=true, defaultShow=true}], persistentStates=0, persistentStatesPrefKey=null, popupBubbleLayoutId=#0x7f0e0609, recentKeyLayoutId=#0x0, recentKeyPopupLayoutId=#0x0, recentKeyType=null, rememberRecentKey=NONE, sessionStates=17592186044419}, type=WIDGET, helpersCreated={HEADER=njq@fb042, BODY=njq@36e5853, FLOATING_CANDIDATES=njq@8171590}, context.getResources().getConfiguration(): {1.0 310mcc260mnc [en_US] ldltr sw411dp w411dp h914dp 420dpi nrml long compactNeeded port finger qwerty/v/v dpad/v winConfig={ mBounds=Rect(0, 0 - 1080, 2400) mAppBounds=Rect(0, 0 - 1080, 2400) mMaxBounds=Rect(0, 0 - 1080, 2400) mDisplayRotation=ROTATION_0 mWindowingMode=fullscreen mActivityType=undefined mAlwaysOnTop=undefined mRotation=ROTATION_0} s.9 fontWeightAdjustment=0}
05-05 07:16:48.298 11432 11432 I BaseKeyboardSizeHelper: BaseKeyboardSizeHelper.calculateMaxKeyboardBodyHeight():73 leave 281 height for app when ime window height:2211, header height:116 and isFullscreenMode:false, so the max keyboard body height is:1814
05-05 07:16:48.298 11432 11458 I SP      : Registering bundled_delight.2026012600, url: null, constraints: *:*:*:*, flags: *, requested: 2026012600, current: 2026012600
05-05 07:16:48.299 11432 11458 I SP      : Registering bundled_delight.2026012600, url: null, constraints: *:*:*:*, flags: *, requested: 2026012600, current: 2026012600
05-05 07:16:48.300 11432 11453 I SuperDelight: SuperDelightManager$2.onSuccess():522 delight_overrides sync success, adding to data file manager
05-05 07:16:48.305  8198  8211 I FontLog : (REDACTED) Received query %s, URI %s
05-05 07:16:48.306 11432 11487 I SuperDelight: SuperDelightManager.initializeOverridesSuperpacks():398 initializeOverridesSuperpacks()
05-05 07:16:48.306  8198  8211 I FontLog : (REDACTED) Query [%s] resolved to %s
05-05 07:16:48.307 11432 11487 I DelightKLPDownloader: DelightKLPDownloader.downloadKLPInternal():203 downloading KLP for en_840
05-05 07:16:48.307  8198  8211 I FontLog : (REDACTED) Font PFD returned from cache for %s
05-05 07:16:48.304 11432 11432 I AndroidIME: InputBundleManager.startInput():361 startInput() with nze[keyboardType=prime, payload=null]
05-05 07:16:48.307 11432 11487 I Delight5Decoder: Delight5DecoderWrapper.asyncLoadLanguageModel():768 asyncLoadLanguageModel() : en
05-05 07:16:48.308 11432 11432 I PkModeUpdater: PkModeUpdater.onActivate():76 onActivate false true
05-05 07:16:48.314  8198  8211 I FontLog : (REDACTED) Fetch %s end status %s
05-05 07:16:48.315 11432 11432 I AccessoryInputModeManager: AccessoryInputModeManager.onModeStarted():346 Accessory input mode started: null
05-05 07:16:48.316 11432 11432 W SupplementaryKeyboardsWrapper: SupplementaryKeyboardsWrapper.deactivateKeyboard():162 keyboard accessory_candidates_consumer is not activated before!
05-05 07:16:48.326 11432 11453 I SuperDelight: SuperDelightManager.syncBundledLanguageModels():725 SuperDelightManager#syncBundledLanguageModels(): Syncing for version 2026012600
05-05 07:16:48.326 11432 11453 I SuperDelight: SuperDelightManager.syncBundledLanguageModels():725 SuperDelightManager#syncBundledLanguageModels(): Syncing for version 2026012600
05-05 07:16:48.327 11432 11454 I DelightKLPDownloader: DelightKLPDownloader.getBundledLmVersion():312 bundled KLP for en_840 version = 0
05-05 07:16:48.327 11432 11454 I ManifestedDataDownloader: ManifestedDataDownloader.download():67 downloading manifest https://www.gstatic.com/android/keyboard/dictionarypack/2026012818/metadata.json-perlang/en-840.json?v=2026041005
05-05 07:16:48.327 11432 11453 I SuperDelight: SuperDelightManager.syncOverridesLanguageModels():650 SuperDelightManager#syncOverridesLanguageModels(): Superpack delight_overrides not found or negative version provided
05-05 07:16:48.328 11432 11458 I SuperDelight: SuperDelightBundledSlicingStrategy.getSlices():41 BundledSlicing#getSlices() : Locale = [en_US]
05-05 07:16:48.328 11432 11458 I SuperDelight: SuperDelightBundledSlicingStrategy.getSlices():67 BundledSlicing#getSlices(): result {slices=[bundled_delight:main_en_us_2025090100_2], last batch=true, sync metadata=false}
05-05 07:16:48.328 11432 11458 I SP      : Syncing bundled_delight (2026012600) with slices: [main_en_us_2025090100_2], metadata: false
05-05 07:16:48.329 11432 11458 I SuperDelight: SuperDelightBundledSlicingStrategy.getSlices():41 BundledSlicing#getSlices() : Locale = [en_US]
05-05 07:16:48.329 11432 11458 I SuperDelight: SuperDelightBundledSlicingStrategy.getSlices():67 BundledSlicing#getSlices(): result {slices=[bundled_delight:main_en_us_2025090100_2], last batch=true, sync metadata=false}
05-05 07:16:48.329 11432 11458 I SP      : Syncing bundled_delight (2026012600) with slices: [main_en_us_2025090100_2], metadata: false
05-05 07:16:48.331 11432 11455 I SuperDelight: SuperDelightManager$2.onSuccess():522 delight_overrides sync success, adding to data file manager
05-05 07:16:48.331 11432 11487 I MainLanguageModelLoader: MainLanguageModelLoader.updateLmAvailableState():361 updateLmAvailableState(): locale? en_US prevState? AVAILABLE
05-05 07:16:48.331 11432 11487 I MainLanguageModelLoader: MainLanguageModelLoader.updateLmAvailableState():397 updateLmAvailableState(): locale? en_US newState? AVAILABLE
05-05 07:16:48.331 11432 11487 I Delight5Facilitator: BlocklistLoader.call():40 Running blocklist loader
05-05 07:16:48.331 11432 11487 I Delight5Decoder: Delight5DecoderWrapper.asyncLoadLanguageModel():768 asyncLoadLanguageModel() : en
05-05 07:16:48.332 11432 11487 I Delight5Facilitator: ContactsLanguageModelLoader.call():38 Running contacts language model loader
05-05 07:16:48.332 11432 11487 I Delight5Facilitator: ContactsLanguageModelLoader.call():50 Contacts language model is unloaded: preferences=false, deviceLocked=false, blockPersonalData=false
05-05 07:16:48.332 11432 11487 I Delight5Facilitator: PersonalLanguageModelLoader.call():48 Running personal language model loader
05-05 07:16:48.332 11432 11487 I Delight5Decoder: Delight5DecoderWrapper.asyncLoadLanguageModel():768 asyncLoadLanguageModel() : en
05-05 07:16:48.332 11432 11487 I Delight5Facilitator: UserHistoryLanguageModelLoader.call():76 Running user history language model loader
05-05 07:16:48.333 11432 11487 I Delight5Decoder: Delight5DecoderWrapper.asyncLoadLanguageModel():768 asyncLoadLanguageModel() : en
05-05 07:16:48.333 11432 11487 I EmojiShortcutsLoader: EmojiShortcutsLoader.getEmojiShortcuts():135 Reading en_US emoji shortcuts
05-05 07:16:48.334 11432 11486 I Delight5Decoder: Delight5DecoderWrapper.loadLanguageModel():799 loadLanguageModel() : 1, version [2026011600]
05-05 07:16:48.335 11432 11474 I DownloadManager: DownloadManager.downloadInternal():424 Download for __KLP_manifest_delight__en-840 scheduled with params nvw[allowMetered=true, requireCharging=false, foreground=false, immediately=true, priority=0]
05-05 07:16:48.335 11432 11474 I DownloadManager: DownloadManager.startDownload():508 start download of __KLP_manifest_delight__en-840
05-05 07:16:48.346 11432 11432 I GlobeKeyExtension: GlobeKeyExtension.onActivate():129 
05-05 07:16:48.348 11432 11432 I KeyboardModeUtils: KeyboardModeUtils.getKeyboardBottomOffset():432 inch: 0.000000 ydpi: 420.000000 adjustKeyboardBottomByDisplaySize: false currentDensityDpi: 420 defaultDensityDpi: 420 keyboardBottomToScreenPx: 0 keyboardBottomToNavBarPx: -126 navBarHeight: 126
05-05 07:16:48.349 11432 11432 I BaseKeyboardSizeHelper: BaseKeyboardSizeHelper.calculateMaxKeyboardBodyHeight():73 leave 281 height for app when ime window height:2211, header height:116 and isFullscreenMode:false, so the max keyboard body height is:1814
05-05 07:16:48.349 11432 11432 I BaseKeyboardSizeHelper: BaseKeyboardSizeHelper.calculateMaxKeyboardBodyHeight():73 leave 281 height for app when ime window height:2211, header height:116 and isFullscreenMode:false, so the max keyboard body height is:1814
05-05 07:16:48.349 11432 11432 I BaseKeyboardSizeHelper: BaseKeyboardSizeHelper.calculateMaxKeyboardBodyHeight():73 leave 281 height for app when ime window height:2211, header height:116 and isFullscreenMode:false, so the max keyboard body height is:1814
05-05 07:16:48.350 11432 11432 I BaseKeyboardSizeHelper: BaseKeyboardSizeHelper.calculateMaxKeyboardBodyHeight():73 leave 281 height for app when ime window height:2211, header height:116 and isFullscreenMode:false, so the max keyboard body height is:1814
05-05 07:16:48.350 11432 11432 W ExtensionWrapper: ExtensionWrapper.setExtensionViewVisibility():878 interface nni is not activate
05-05 07:16:48.352 11432 11432 I VoiceInputManagerWrapper: VoiceInputManagerWrapper.cancelShutdown():109 cancelShutdown()
05-05 07:16:48.352 11432 11432 I VoiceInputManagerWrapper: VoiceInputManagerWrapper.syncLanguagePacks():121 syncLanguagePacks()
05-05 07:16:48.353 11432 11432 I VoiceInputManager: VoiceInputManager.onKeyboardActivated():1191 onKeyboardActivated() [UD]
05-05 07:16:48.354 11432 11432 I HardKeyTracker: HardKeyTracker.unregisterKeySequence():238 Unregister key sequence owi{labelResId=2132020508, callback=fdr@8c80657, lastModifier=2, keyCodes=[56], actions=[0]}
05-05 07:16:48.354  8198  8211 I FontLog : (REDACTED) Pulling font file for id = %d, cache size = %d
05-05 07:16:48.358 11432 11432 I HardKeyTracker: HardKeyTracker.unregisterKeySequence():238 Unregister key sequence owi{labelResId=2132020508, callback=fdr@d636544, lastModifier=0, keyCodes=[317], actions=[0]}
05-05 07:16:48.359 11432 11432 I HardKeyTracker: HardKeyTracker.registerKeySequence():187 Register key sequence owi{labelResId=2132020508, callback=fdr@78e37cb, lastModifier=2, keyCodes=[56], actions=[0]}
05-05 07:16:48.360 11432 11432 I HardKeyTracker: HardKeyTracker.registerKeySequence():187 Register key sequence owi{labelResId=2132020508, callback=fdr@e8fcba8, lastModifier=0, keyCodes=[317], actions=[0]}
05-05 07:16:48.360 11432 11432 W AccessPointsManager: AccessPointsManager.addAccessPoint():1088 The holder controller #0x7f0b2478 is not registered
05-05 07:16:48.364 11432 11432 I Module  : DeviceLockedStatusModuleProvider$Module.updateDeviceLockedStatus():103 repeatCheckTimes = 1, locked = false
05-05 07:16:48.365 11432 11432 I ContactNoticeModule: ContactNoticeModule.shouldPostContactPermissionNotice():148 Not post contact permission notice: not exceed waiting period since installation.
05-05 07:16:48.366 11432 11432 I HardKeyTracker: HardKeyTracker.unregisterKeySequence():238 Unregister key sequence owi{labelResId=2132020508, callback=fdr@edcb0f3, lastModifier=2, keyCodes=[56], actions=[0]}
05-05 07:16:48.366 11432 11474 I DownloadManager: DownloadManager$4.onSuccess():577 download for __KLP_manifest_delight__en-840 is finished with files # reh@4ecfe07
05-05 07:16:48.367 11432 11432 I HardKeyTracker: HardKeyTracker.unregisterKeySequence():238 Unregister key sequence owi{labelResId=2132020508, callback=fdr@d391b0, lastModifier=0, keyCodes=[317], actions=[0]}
05-05 07:16:48.367 11432 11432 I HardKeyTracker: HardKeyTracker.registerKeySequence():187 Register key sequence owi{labelResId=2132020508, callback=fdr@3a6dcf9, lastModifier=2, keyCodes=[56], actions=[0]}
05-05 07:16:48.368 11432 11432 I HardKeyTracker: HardKeyTracker.registerKeySequence():187 Register key sequence owi{labelResId=2132020508, callback=fdr@bcc829f, lastModifier=0, keyCodes=[317], actions=[0]}
05-05 07:16:48.369 11432 11474 I DownloadManager: DownloadManager.downloadInternal():424 Download for __KLP_manifest_delight__en-840 scheduled with params nvw[allowMetered=true, requireCharging=false, foreground=false, immediately=true, priority=0]
05-05 07:16:48.369 11432 11474 I DownloadManager: DownloadManager.startDownload():508 start download of __KLP_manifest_delight__en-840
05-05 07:16:48.369 11432 11432 I VoiceImeExtension: VoiceImeExtension.shouldStartVoiceInputAutomaticallyInCurrentInputBox():384 No private IME option set to start voice input.
05-05 07:16:48.371 11432 11432 D ImeBackCallbackSender: Register OnBackInvokedCallback with priority=-1 at app window (packageName=com.google.android.googlequicksearchbox)
05-05 07:16:48.372 11227 11227 D WindowOnBackDispatcher: setTopOnBackInvokedCallback (unwrapped): android.view.ImeBackAnimationController@cadfae4
05-05 07:16:48.373 11432 11452 I SystemHapticSettings: SystemHapticSettings.updateSystemVibrationState():61 update vibration state: true
05-05 07:16:48.373 11432 11452 I ManifestedDataDownloader: ManifestedDataDownloader.checkVersionAndDownload():98 filegroup __KLP_delight__en-840 with version 2026011600 is already downloaded
05-05 07:16:48.373 11432 11452 I DelightKLPDownloader: DelightKLPDownloader$2.onSuccess():233 klp en_840 downloaded with version 2026011600
05-05 07:16:48.377   680  2164 D CoreBackPreview: Window{b030962 u0 com.google.android.googlequicksearchbox/com.google.android.googlequicksearchbox.InternalGoogleAppActivityEntrypoint}: Setting back callback OnBackInvokedCallbackInfo{mCallback=android.window.IOnBackInvokedCallback$Stub$Proxy@26c413b, mPriority=0, mIsAnimationCallback=true, mOverrideBehavior=0}
05-05 07:16:48.381 11432 11474 I DownloadManager: DownloadManager$4.onSuccess():577 download for __KLP_manifest_delight__en-840 is finished with files # reh@4ecfe07
05-05 07:16:48.398   930   978 V WindowManagerShell: Transition animation finished (aborted=false), notifying core (#43) android.os.BinderProxy@45fe5eb@0
05-05 07:16:48.403   680   700 V WindowManager: Finish Transition (#43): created at 05-05 07:16:47.475 collect-started=0.063ms request-sent=0.182ms started=24.353ms ready=24.326ms sent=312.669ms commit=64.304ms finished=925.801ms
05-05 07:16:48.407   526   552 W skia    : AGTM parsing failed flags.readFromStream(s) at 159
05-05 07:16:48.418   680  2164 E libbinder.IPCThreadState: Binder transaction failure. id: 322176, cmd: BR_DEAD_REPLY (29189), error: -22 (Invalid argument)
05-05 07:16:48.418   680  2164 W ActivityManager: pid 680 system sent binder code 7 with flags 1 and got error -32
05-05 07:16:48.425 11432 11432 I Surface : Creating surface for consumer unnamed-11432-1 with slotExpansion=1 for 64 slots
05-05 07:16:48.432   680  2164 W WindowManager: Exception thrown during dispatchAppVisibility Window{82db5fd u0 com.senthapps.slagrimarket/com.senthapps.slagrimarket.MainActivity EXITING}
05-05 07:16:48.432   680  2164 W WindowManager: android.os.DeadObjectException
05-05 07:16:48.432   680  2164 W WindowManager: 	at android.os.BinderProxy.transactNative(Native Method)
05-05 07:16:48.432   680  2164 W WindowManager: 	at android.os.BinderProxy.transact(BinderProxy.java:626)
05-05 07:16:48.432   680  2164 W WindowManager: 	at android.view.IWindow$Stub$Proxy.dispatchAppVisibility(IWindow.java:602)
05-05 07:16:48.432   680  2164 W WindowManager: 	at com.android.server.wm.WindowState.sendAppVisibilityToClients(WindowState.java:3388)
05-05 07:16:48.432   680  2164 W WindowManager: 	at com.android.server.wm.WindowContainer.sendAppVisibilityToClients(WindowContainer.java:1245)
05-05 07:16:48.432   680  2164 W WindowManager: 	at com.android.server.wm.WindowToken.setClientVisible(WindowToken.java:392)
05-05 07:16:48.432   680  2164 W WindowManager: 	at com.android.server.wm.ActivityRecord.commitVisibility(ActivityRecord.java:5654)
05-05 07:16:48.432   680  2164 W WindowManager: 	at com.android.server.wm.Transition.finishTransition(Transition.java:1629)
05-05 07:16:48.432   680  2164 W WindowManager: 	at com.android.server.wm.TransitionController.finishTransition(TransitionController.java:1220)
05-05 07:16:48.432   680  2164 W WindowManager: 	at com.android.server.wm.WindowOrganizerController.finishTransition(WindowOrganizerController.java:533)
05-05 07:16:48.432   680  2164 W WindowManager: 	at android.window.IWindowOrganizerController$Stub.onTransact(IWindowOrganizerController.java:265)
05-05 07:16:48.432   680  2164 W WindowManager: 	at com.android.server.wm.WindowOrganizerController.onTransact(WindowOrganizerController.java:239)
05-05 07:16:48.432   680  2164 W WindowManager: 	at android.os.Binder.execTransactInternal(Binder.java:1364)
05-05 07:16:48.432   680  2164 W WindowManager: 	at android.os.Binder.execTransact(Binder.java:1323)
05-05 07:16:48.432   680  2164 W Process : Unable to open /proc/11837/status
05-05 07:16:48.444 11432 11432 I Surface : Creating surface for consumer VRI[InputMethod]#1(BLAST Consumer)1 with slotExpansion=1 for 64 slots
05-05 07:16:48.445 11432 11557 I SpeechFactory: SpeechRecognitionFactory.maybeScheduleAutoPackDownloadForFallback():217 maybeScheduleAutoPackDownloadForFallback()
05-05 07:16:48.446 11432 11557 I FallbackOnDeviceRecognitionProvider: FallbackOnDeviceRecognitionProvider.maybeScheduleAutoPackDownload():213 maybeScheduleAutoPackDownload() for language tag en-US
05-05 07:16:48.447 10764 10764 D RecentsView: onTaskRemoved: 12, not handling task stack changes
05-05 07:16:48.448 10764 10764 D RecentsView: onTaskRemoved: 12, not handling task stack changes
05-05 07:16:48.455   930   978 V WindowManagerShell: Track 0 became idle
05-05 07:16:48.455   930   978 V WindowManagerShell: All active transition animations finished
05-05 07:16:48.455   680   901 D WindowManager: setClientSurface Surface(name=VRI-InputMethod#379)/@0x2e9ba04 for 72aae04 InputMethod
05-05 07:16:48.456   930   978 V ShellTaskOrganizer: Task vanished taskId=12
05-05 07:16:48.456   930   978 V ShellTaskOrganizer: Fullscreen Task Vanished: #12
05-05 07:16:48.456   930   978 V ShellDesktopMode: Task Vanished: #12 closed=true
05-05 07:16:48.456   930   978 V RecentTasksController: Notify recent tasks changed
05-05 07:16:48.456   930   978 D ShellDesktopMode: AppToWebRepository: Task 12 is vanishing. Removing task data from repository
05-05 07:16:48.464 10764 10764 D RecentTasksList: invalidateLoadedTasks - previous requestLoadId: -1
05-05 07:16:48.464 11432 11448 I ManifestedDataDownloader: ManifestedDataDownloader.checkVersionAndDownload():98 filegroup __KLP_delight__en-840 with version 2026011600 is already downloaded
05-05 07:16:48.465   930   978 V AppCompat: SingleSurfaceLetterboxController: []
05-05 07:16:48.465   930   978 V AppCompat: MultiSurfaceLetterboxController: []
05-05 07:16:48.465   930   978 V AppCompat: LetterboxInputController: []
05-05 07:16:48.465 11432 11448 I DelightKLPDownloader: DelightKLPDownloader$2.onSuccess():233 klp en_840 downloaded with version 2026011600
05-05 07:16:48.466   930   978 V AppCompat: RoundedCornersLetterboxController: {}
05-05 07:16:48.472 11227 11227 I bouv    : Custom Tabs Service connected
05-05 07:16:48.475  8198  8211 I FontLog : (REDACTED) Received query %s, URI %s
05-05 07:16:48.476  8198  8211 I FontLog : (REDACTED) Query [%s] resolved to %s
05-05 07:16:48.493   680   904 I Surface : Creating surface for consumer unnamed-680-9 with slotExpansion=1 for 64 slots
05-05 07:16:48.493   680   904 I Surface : Creating surface for consumer ImageReader-864x1920f1m1-680-5 with slotExpansion=1 for 64 slots
05-05 07:16:48.494   680   904 W ImageReader_JNI: Unable to acquire a buffer item, very likely client tried to acquire more than maxImages buffers
05-05 07:16:48.497  8198  8211 I FontLog : (REDACTED) Font PFD returned from cache for %s
05-05 07:16:48.497  8198  8211 I FontLog : (REDACTED) Fetch %s end status %s
05-05 07:16:48.515 11943 11969 W DynamiteModule: Local module descriptor class for com.google.android.gms.googlecertificates not found.
05-05 07:16:48.520  8198  8251 I FontLog : (REDACTED) Pulling font file for id = %d, cache size = %d
05-05 07:16:48.522  8673  9169 W ContentCaptureEvent: Text is not a SpannableString.
05-05 07:16:48.522 11432 11457 E MDDMetricsProcessor: MDDMetricsProcessor.processDownloadSuccess():133 __KLP_manifest_delight__en-840 is not requested/started
05-05 07:16:48.537  8673  8673 W AiAiVC  : Unexpected capture event type: 11
05-05 07:16:48.554   526   526 E BpTransactionCompletedListener: Failed to transact (-32)
05-05 07:16:48.601 11943 11969 I DynamiteModule: Considering local module com.google.android.gms.googlecertificates:0 and remote module com.google.android.gms.googlecertificates:7
05-05 07:16:48.608 11943 11969 I DynamiteModule: Selected remote version of com.google.android.gms.googlecertificates, version >= 7
05-05 07:16:48.625  8198  8211 I FontLog : (REDACTED) Received query %s, URI %s
05-05 07:16:48.628 11432 11432 W TextView: onProvideContentCaptureStructure(): calling assumeLayout()
05-05 07:16:48.628 11432 11432 W TextView: onProvideContentCaptureStructure(): calling assumeLayout()
05-05 07:16:48.628 11432 11432 W TextView: onProvideContentCaptureStructure(): calling assumeLayout()
05-05 07:16:48.628 11432 11432 W TextView: onProvideContentCaptureStructure(): calling assumeLayout()
05-05 07:16:48.628 11432 11432 W TextView: onProvideContentCaptureStructure(): calling assumeLayout()
05-05 07:16:48.628 11432 11432 W TextView: onProvideContentCaptureStructure(): calling assumeLayout()
05-05 07:16:48.628 11432 11432 W TextView: onProvideContentCaptureStructure(): calling assumeLayout()
05-05 07:16:48.628 11432 11432 W TextView: onProvideContentCaptureStructure(): calling assumeLayout()
05-05 07:16:48.629 11432 11432 W TextView: onProvideContentCaptureStructure(): calling assumeLayout()
05-05 07:16:48.629 11432 11432 W TextView: onProvideContentCaptureStructure(): calling assumeLayout()
05-05 07:16:48.629 11432 11432 W TextView: onProvideContentCaptureStructure(): calling assumeLayout()
05-05 07:16:48.629 11432 11432 W TextView: onProvideContentCaptureStructure(): calling assumeLayout()
05-05 07:16:48.629 11432 11432 W TextView: onProvideContentCaptureStructure(): calling assumeLayout()
05-05 07:16:48.629 11432 11432 W TextView: onProvideContentCaptureStructure(): calling assumeLayout()
05-05 07:16:48.629 11432 11432 W TextView: onProvideContentCaptureStructure(): calling assumeLayout()
05-05 07:16:48.629 11432 11432 W TextView: onProvideContentCaptureStructure(): calling assumeLayout()
05-05 07:16:48.629 11432 11432 W TextView: onProvideContentCaptureStructure(): calling assumeLayout()
05-05 07:16:48.629 11432 11432 W TextView: onProvideContentCaptureStructure(): calling assumeLayout()
05-05 07:16:48.631  8198  8211 I FontLog : (REDACTED) Query [%s] resolved to %s
05-05 07:16:48.632   680   904 E ConsumerBase: [ImageReader-864x1920f1m1-680-5] abandonLocked: ConsumerBase is abandoned!
05-05 07:16:48.635  8198  8211 I FontLog : (REDACTED) Font PFD returned from cache for %s
05-05 07:16:48.638 11432 11486 W native  : W0000 00:00:1777990608.638351   11486 fst-model-loader.cc:866] The section id=0x4000000000 is not recognized. Skipping.
05-05 07:16:48.644 11943 11967 D nativeloader: Load /data/app/~~nL-EQJyGxbgotSABf0oObw==/com.google.android.trichromelibrary_763221838-mZM_xyY7md9ZLcz1SVzfsw==/TrichromeLibrary.apk!/lib/x86_64/libmonochrome_64.so using class loader ns clns-10 (caller=/data/app/~~Bjk_xWSNRsJIYhbFO602HQ==/com.android.chrome-2lgezf6DKRuDdD7B1cCxsQ==/Chrome.apk): ok
05-05 07:16:48.644  8198  8211 I FontLog : (REDACTED) Fetch %s end status %s
05-05 07:16:48.644 11432 11486 I Delight5Decoder: Delight5DecoderWrapper.loadLanguageModel():825 Loaded main LM 1.en
05-05 07:16:48.646 11432 11486 I Delight5Decoder: Delight5DecoderWrapper.loadLanguageModel():799 loadLanguageModel() : 7, version [n/a]
05-05 07:16:48.647 11432 11486 I native  : I0000 00:00:1777990608.647495   11486 blocklist-assembly.cc:126] LoadBlocklist en
05-05 07:16:48.647 11432 11486 I Delight5Decoder: Delight5DecoderWrapper.loadLanguageModel():844 Loaded dynamic LM 7.en
05-05 07:16:48.648 11432 11486 I Delight5Decoder: Delight5DecoderWrapper.loadLanguageModel():799 loadLanguageModel() : 4, version [n/a]
05-05 07:16:48.649 11432 11486 I Delight5Decoder: Delight5DecoderWrapper.loadLanguageModel():844 Loaded dynamic LM 4.en
05-05 07:16:48.649 11432 11486 I Delight5Decoder: Delight5DecoderWrapper.loadLanguageModel():799 loadLanguageModel() : 3, version [n/a]
05-05 07:16:48.653 11432 11486 I Delight5Decoder: Delight5DecoderWrapper.loadLanguageModel():844 Loaded dynamic LM 3.en
05-05 07:16:48.654 11432 11432 I GoogleInputMethodService: GoogleInputMethodService.onFinishInputView():1648 onFinishInputView(true)
05-05 07:16:48.660  8198  8251 I FontLog : (REDACTED) Pulling font file for id = %d, cache size = %d
05-05 07:16:48.665 11432 11432 I GlobeKeyExtension: GlobeKeyExtension.onDeactivate():153 
05-05 07:16:48.666 11432 11432 W TooltipLifecycleManager: TooltipLifecycleManager.dismissTooltips():153 Tooltip with id spell_check_add_to_dictionary not found in tooltipManager.
05-05 07:16:48.666 11432 11432 I VoiceInputManagerWrapper: VoiceInputManagerWrapper.shutdown():131 shutdown()
05-05 07:16:48.667 11432 11432 I InputBundle: InputBundle.consumeEvent():1041 Skip consuming an event as keyboard status is INACTIVE
05-05 07:16:48.669 11432 11432 E native  : E0000 00:00:1777990608.669149   11432 key-correction-manager.cc:356] User feature cache is not ready for key correction!
05-05 07:16:48.669 11432 11432 I AndroidIME: AbstractIme.onDeactivate():213 LatinIme.onDeactivate()
05-05 07:16:48.670 11432 11432 I StylusEducationPopupDialog: StylusEducationPopupDialog.cancelShowFirstTimeEducationFuture():118 First time education future cancelled
05-05 07:16:48.670 11432 11432 I PrimesLoggerHolder: FrameMetricServiceImpl.stopAsFuture():213 Measurement not found: OnConfigurationChanged
05-05 07:16:48.670 11432 11432 I GoogleInputMethodService: GoogleInputMethodService.onFinishInput():2159 
05-05 07:16:48.671   930   978 D WindowManagerShell: PipDesktopState: isPipInDesktopMode isAnyDeskActive=false isDisplayDesktopFirst=false
05-05 07:16:48.675 11432 11457 W ModuleManager: ModuleManager.loadModule():634 Module pte is not available
05-05 07:16:48.675 11432 11457 I NebulaeTrainingCacheMetricsProcessor: NebulaeTrainingCacheMetricsProcessor.processEndSession():659 End training cache session: com.google.android.googlequicksearchbox_2131435932/
05-05 07:16:48.682 11227 11227 W RemoteInputConnectionImpl: requestCursorUpdates on inactive InputConnection
05-05 07:16:48.727 11943 11969 D DesktopExperienceFlags: Toggle override initialized to: false
05-05 07:16:48.728   526   552 W skia    : AGTM parsing failed flags.readFromStream(s) at 159
05-05 07:16:48.729 11432 11432 I Module  : DeviceLockedStatusModuleProvider$Module.updateDeviceLockedStatus():103 repeatCheckTimes = 0, locked = false
05-05 07:16:48.729 11432 11432 W NotificationCenter: NotificationCenter$NotificationQueue.notifyPendingNotificationsOnExecutor():877 Heavy notify work detected on UI thread: [nhm->hst, nhm->gqd, nhm->kxt, nhm->kxt, nhm->gtb, nhm->kxt, nhm->mgr, nhm->pnx, nhm->nge, nhm->kxt, nhm->eoz, nhm->ilb, nhm->ngn, nhm->kux, nhm->lak, nhm->kxt, nhm->kxt, nhm->kxt, nhm->kxt, nhm->kxt, nhm->mrv, nhm->kxt, nhm->kxt, nhm->oyt, nhm->kxt, nhm->kxt, nhm->kxt] takes 59ms
05-05 07:16:48.729 11432 11432 D ImeBackCallbackSender: Unregister OnBackInvokedCallback at app window (packageName=com.google.android.googlequicksearchbox)
05-05 07:16:48.730 11432 11432 I GoogleInputMethodService: GoogleInputMethodService.onStartInput():1434 onStartInput(EditorInfo{EditorInfo{packageName=com.google.android.googlequicksearchbox, inputType=2a0001, inputTypeString=Normal[NoSuggestion|MultiLine], enableLearning=true, autoCorrection=true, autoComplete=true, imeOptions=10000003, privateImeOptions=null, actionName=SEARCH, actionLabel=null, initialSelStart=2, initialSelEnd=2, initialCapsMode=0, label=null, fieldId=2131435932, fieldName=null, extras=Bundle[mParcelledData.dataSize=168], hintText=non-empty, hintLocales=[]}}, false)
05-05 07:16:48.730 11432 11432 I AndroidIME: LatinIMEBase.updateInputViewCoverNavigation():312 Update input view padding, isNavbarOverInputWindow=true, bottom inset=126
05-05 07:16:48.732 11227 11227 D WindowOnBackDispatcher: setTopOnBackInvokedCallback (unwrapped): muo@e2e8d00
05-05 07:16:48.732   680  1854 D CoreBackPreview: Window{b030962 u0 com.google.android.googlequicksearchbox/com.google.android.googlequicksearchbox.InternalGoogleAppActivityEntrypoint}: Setting back callback OnBackInvokedCallbackInfo{mCallback=android.window.IOnBackInvokedCallback$Stub$Proxy@d385307, mPriority=0, mIsAnimationCallback=true, mOverrideBehavior=0}
05-05 07:16:48.763 11432 11432 I Module  : DeviceLockedStatusModuleProvider$Module.updateDeviceLockedStatus():103 repeatCheckTimes = 1, locked = false
05-05 07:16:48.764 11432 11432 W NotificationCenter: NotificationCenter$NotificationQueue.notifyPendingNotificationsOnExecutor():877 Heavy notify work detected on UI thread: [nhm->hst, nhm->gqd, nhm->kxt, nhm->kxt, nhm->gtb, nhm->kxt, nhm->mgr, nhm->pnx, nhm->nge, nhm->kxt, nhm->eoz, nhm->ilb, nhm->ngn, nhm->kux, nhm->lak, nhm->kxt, nhm->kxt, nhm->kxt, nhm->kxt, nhm->kxt, nhm->mrv, nhm->kxt, nhm->kxt, nhm->oyt, nhm->kxt, nhm->kxt, nhm->kxt] takes 34ms
05-05 07:16:48.765 11432 11432 I GoogleInputMethodService: GoogleInputMethodService.onStartInputView():1519 onStartInputView(EditorInfo{EditorInfo{packageName=com.google.android.googlequicksearchbox, inputType=2a0001, inputTypeString=Normal[NoSuggestion|MultiLine], enableLearning=true, autoCorrection=true, autoComplete=true, imeOptions=10000003, privateImeOptions=null, actionName=SEARCH, actionLabel=null, initialSelStart=2, initialSelEnd=2, initialCapsMode=0, label=null, fieldId=2131435932, fieldName=null, extras=Bundle[{androidx.core.view.inputmethod.EditorInfoCompat.STYLUS_HANDWRITING_ENABLED=true}], hintText=non-empty, hintLocales=[]}}, false)
05-05 07:16:48.767   680  1854 W PackageConfigPersister: App-specific configuration not found for packageName: com.google.android.googlequicksearchbox and userId: 0
05-05 07:16:48.768 11432 11432 I StylusEducationPopupDialog: StylusEducationPopupDialog.onEditorTappedWithStylus():71 Schedule to show first time education
05-05 07:16:48.768 11432 11432 I KeyboardHeightUtil: KeyboardHeightUtil.getOemKeyboardHeightRatio():81 systemKeyboardHeightRatio:1.000000.
05-05 07:16:48.769 11432 11432 I AndroidIME: InputBundleManager.loadActiveInputBundleId():531 loadActiveInputBundleId: en-US, ime_english_united_states
05-05 07:16:48.770 11432 11487 I EmojiShortcutsLoader: EmojiShortcutsLoader.getEmojiShortcuts():156 Read en_US emoji shortcuts successfully.
05-05 07:16:48.772 11432 11432 I AndroidIME: AbstractIme.onActivate():95 LatinIme.onActivate() : EditorInfo = EditorInfo{packageName=com.google.android.googlequicksearchbox, inputType=2a0001, inputTypeString=Normal[NoSuggestion|MultiLine], enableLearning=true, autoCorrection=true, autoComplete=true, imeOptions=10000003, privateImeOptions=null, actionName=SEARCH, actionLabel=null, initialSelStart=2, initialSelEnd=2, initialCapsMode=0, label=null, fieldId=2131435932, fieldName=null, extras=Bundle[{androidx.core.view.inputmethod.EditorInfoCompat.STYLUS_HANDWRITING_ENABLED=true}], hintText=non-empty, hintLocales=[]}, IncognitoMode = false, DeviceLocked = false
05-05 07:16:48.773 11432 11432 I InputBundle: InputBundle.consumeEvent():1041 Skip consuming an event as keyboard status is INACTIVE
05-05 07:16:48.773 11432 11432 I Delight5Facilitator: Delight5Facilitator.initializeForIme():745 initializeForIme() : Locale = [en_US], layout = qwerty
05-05 07:16:48.774 11432 11432 I LatinIme: LatinIme.updateEnableInlineSuggestionsOnDecoderSideFlags():1271 inline flag updated to:false
05-05 07:16:48.780 11227 11227 D VRI[InternalGoogleAppActivityEntrypoint]: WindowInsets changed: ime:[0,0,0,883] 
05-05 07:16:48.794 11432 11437 W putmethod.latin: Suspending all threads took: 18.744ms
05-05 07:16:48.795  8673  8673 W AiAiVC  : Unexpected capture event type: 11
05-05 07:16:48.805   526   552 W skia    : AGTM parsing failed flags.readFromStream(s) at 159
05-05 07:16:48.855 11432 11457 W ModuleManager: ModuleManager.loadModule():634 Module pte is not available
05-05 07:16:48.855 11432 11432 I LatinIme: LatinIme.updateEnableInlineSuggestionsOnDecoderSideFlags():1271 inline flag updated to:false
05-05 07:16:48.875 11432 11432 I InputBundle: InputBundle.consumeEvent():1041 Skip consuming an event as keyboard status is INACTIVE
05-05 07:16:48.876 11432 11457 I NebulaeTrainingCacheMetricsProcessor: NebulaeTrainingCacheMetricsProcessor.processBeginSession():293 Begin training cache session: com.google.android.googlequicksearchbox_2131435932/
05-05 07:16:48.876 11432 11432 I LatinIme: LatinIme.resetInputContext():2263 resetInputContext(): reason=1, externalEditsInfo=ExternalEditsInfo{action=0, offset=-1, text=null, originalText=null, edits=null}
05-05 07:16:48.877 11432 11432 I InputBundle: InputBundle.consumeEvent():1041 Skip consuming an event as keyboard status is INACTIVE
05-05 07:16:48.880 11432 11432 I KeyboardWrapper: KeyboardWrapper.activateKeyboard():582 activateKeyboard(): type=prime, status=INACTIVE, imeDef=nxy{stringId=ime_english_united_states, language=en-US, languageTag=en-US, processedConditions={writing_helper_enable_by_word_revert=false, true=true, enable_number_row=false, device=phone, enable_pk_simulator=false}, className=com.google.android.apps.inputmethod.libs.latin5.LatinIme, label=0, keyEventInterpreter=null, inlineComposing=true, autoCapital=true, announceAutoSelectedCandidate=true, statusIcon=0, indicatorIcon=0, indicatorLabel=US, displayAppCompletions=true, extraValues=nxr{#0x7f0b02e3=TypedValue{t=0x3/d=0x0 "com.google.android.apps.inputmethod.libs.latin5.LatinIme"}}, processors=nzr@8ed344, unacceptableMetaKeys=4098, languageSpecificSettings=0, asciiCapable=true, alwaysShowSuggestions=false, useAsciiPasswordKeyboard=false, keyboardGroupDef=nza@a58f953, phenotypeFlagId=0, localizationLanguageTag=null, supportsInlineSuggestion=true}
05-05 07:16:48.880 11943 11967 I cr_LibraryLoader: Successfully loaded native library
05-05 07:16:48.881 11432 11432 I KeyboardManager: KeyboardManager.requestKeyboard():249 Creating keyboard prime, imeId=ime_english_united_states, cacheKey=theme,!gsf,!pgsans,!pgsf,!use_system_font,BORDER,FLAVOR_DPI=XXHDPI,IS_LIGHT,KEYBOARD_WIDTH_CATEGORY=NORMAL,KEY_BORDER_SHAPE=1,LIGHT_THEME=true,PHYSICAL_DIAGONAL=6.1297245,POPUP,SCREEN_SHORTEST_WIDTH=411,SCREEN_SHORTEST_WIDTH_NO_SCALE=411,SW400DP,XXHDPI,bottom4dp,enable_popup_on_keypress=true,keyboard_redesign_google_sans=true,non_linear_scale,noshadow,overlay_builtin_dynamic_color_light_base.binarypb:gm3-light-fffaf8fe-ff4e5e8b-4fee5571778e92b08ff4c2d3d15b9d3f,silkpopup
05-05 07:16:48.883 11432 11432 I KeyboardWrapper: KeyboardWrapper.onKeyboardReady():224 onKeyboardReady(): type=prime(prime), kb=com.google.android.apps.inputmethod.latin.keyboard.LatinPrimeKeyboard@bb8d345
05-05 07:16:48.883 11432 11432 I KeyboardWrapper: KeyboardWrapper.doActivateKeyboard():612 doActivateKeyboard(): prime
05-05 07:16:48.883 11432 11432 I GoogleInputMethodService: GoogleInputMethodService$1.onKeyboardViewShown():338 onKeyboardViewShown: keyboardType=prime, keyboardViewType=HEADER keyboardView=com.google.android.libraries.inputmethod.widgets.SoftKeyboardView{d692549 V.E...... ......ID 0,0-1080,116 aid=20}
05-05 07:16:48.884 11432 11432 I BaseKeyboardSizeHelper: BaseKeyboardSizeHelper.calculateMaxKeyboardBodyHeight():73 leave 281 height for app when ime window height:2211, header height:116 and isFullscreenMode:false, so the max keyboard body height is:1814
05-05 07:16:48.888 11432 11432 I BaseKeyboardSizeHelper: BaseKeyboardSizeHelper.calculateMaxKeyboardBodyHeight():73 leave 281 height for app when ime window height:2211, header height:116 and isFullscreenMode:false, so the max keyboard body height is:1814
05-05 07:16:48.888 11432 11432 I GoogleInputMethodService: GoogleInputMethodService$1.onKeyboardViewShown():338 onKeyboardViewShown: keyboardType=prime, keyboardViewType=BODY keyboardView=com.google.android.libraries.inputmethod.widgets.SoftKeyboardView{a98c5b1 V.E...... ........ 0,0-1080,641 aid=102}
05-05 07:16:48.889 11432 11432 I BaseKeyboardSizeHelper: BaseKeyboardSizeHelper.calculateMaxKeyboardBodyHeight():73 leave 281 height for app when ime window height:2211, header height:116 and isFullscreenMode:false, so the max keyboard body height is:1814
05-05 07:16:48.889 11432 11432 I GlobeKeyExtension: GlobeKeyExtension$1.onKeyboardViewShown():76 maybeDisableLanguageSwitchKeyPref when the keyboard is shown
05-05 07:16:48.889 11432 11432 I GlobeKeyExtension: GlobeKeyExtension.maybeDisableLanguageSwitchKeyPref():210 maybeDisableLanguageSwitchKeyPref hasGlobeKeyBeenDisabled: true, shouldDisableLanguageSwitchKey: true
05-05 07:16:48.889 11432 11432 I NewLanguagePromptExtension: NewLanguagePromptExtension$1.onKeyboardViewShown():88 Not show new language banner: not prime keyboard, or the extension not activated.
05-05 07:16:48.889 11432 11432 W TooltipLifecycleManager: TooltipLifecycleManager.dismissTooltips():153 Tooltip with id undo_access_point_promotion_banner not found in tooltipManager.
05-05 07:16:48.890 11432 11432 I GlobeKeyExtension: GlobeKeyExtension.getKeyboardInitialStates():185 
05-05 07:16:48.891 11432 11432 W Keyboard: Keyboard.getKeyboardViewHelper():607 null helper is returned: keyboardDef=nyt{processedConditions={show_comma_key=true, enable_more_candidates_view_for_multilingual=false, layout_9key_split=false, enable_secondary_symbols=false, pref_enable_flick_symbols=false, enable_scrub_move=true, language=en-US, deprecate_long_press_space_for_ime_picker=false, expressions=normal, android_software_xr_api_spatial=false, variant=qwerty, free_cursor=false, show_period_key=true, device=phone, keyboard_mode=normal, show_secondary_digits=true, enable_pk_simulator=false, enable_preemptive_decode=true}, globalConditions={global_theme_key=theme,!gsf,!pgsans,!pgsf,!use_system_font,BORDER,FLAVOR_DPI=XXHDPI,IS_LIGHT,KEYBOARD_WIDTH_CATEGORY=NORMAL,KEY_BORDER_SHAPE=1,LIGHT_THEME=true,PHYSICAL_DIAGONAL=6.1297245,POPUP,SCREEN_SHORTEST_WIDTH=411,SCREEN_SHORTEST_WIDTH_NO_SCALE=411,SW400DP,XXHDPI,bottom4dp,enable_popup_on_keypress=true,keyboard_redesign_google_sans=true,non_linear_scale,noshadow,overlay_builtin_dynamic_color_light_base.binarypb:gm3-light-fffaf8fe-ff4e5e8b-4fee5571778e92b08ff4c2d3d15b9d3f,silkpopup, global_locale=en_US, global_density_dpi=420, global_orientation=1}, className=.latin.keyboard.LatinPrimeKeyboard, resourceIds=[#0x7f1705f9, #0x7f17088d], initialStates=0, keyboardViewDefs=[nzi{direction=null, id=#0x7f0b0226, isScalable=true, layoutId=#0x7f0e037b, type=BODY, touchable=true, defaultShow=true}, nzi{direction=null, id=#0x7f0b0226, isScalable=false, layoutId=#0x7f0e0210, type=FLOATING_CANDIDATES, touchable=false, defaultShow=false}, nzi{direction=LOCALE, id=#0x7f0b0226, isScalable=false, layoutId=#0x7f0e0518, type=HEADER, touchable=true, defaultShow=true}], persistentStates=0, persistentStatesPrefKey=null, popupBubbleLayoutId=#0x7f0e0609, recentKeyLayoutId=#0x0, recentKeyPopupLayoutId=#0x0, recentKeyType=null, rememberRecentKey=NONE, sessionStates=17592186044419}, type=WIDGET, helpersCreated={HEADER=njq@fb042, BODY=njq@36e5853, FLOATING_CANDIDATES=njq@8171590}, context.getResources().getConfiguration(): {1.0 310mcc260mnc [en_US] ldltr sw411dp w411dp h914dp 420dpi nrml long compactNeeded port finger qwerty/v/v dpad/v winConfig={ mBounds=Rect(0, 0 - 1080, 2400) mAppBounds=Rect(0, 0 - 1080, 2400) mMaxBounds=Rect(0, 0 - 1080, 2400) mDisplayRotation=ROTATION_0 mWindowingMode=fullscreen mActivityType=undefined mAlwaysOnTop=undefined mRotation=ROTATION_0} s.9 fontWeightAdjustment=0}
05-05 07:16:48.891 11432 11432 I BaseKeyboardSizeHelper: BaseKeyboardSizeHelper.calculateMaxKeyboardBodyHeight():73 leave 281 height for app when ime window height:2211, header height:116 and isFullscreenMode:false, so the max keyboard body height is:1814
05-05 07:16:48.894 11432 11432 I AndroidIME: InputBundleManager.startInput():361 startInput() with nze[keyboardType=prime, payload=null]
05-05 07:16:48.895 11432 11432 I PkModeUpdater: PkModeUpdater.onActivate():76 onActivate false true
05-05 07:16:48.895 11432 11432 I AccessoryInputModeManager: AccessoryInputModeManager.onModeStarted():346 Accessory input mode started: null
05-05 07:16:48.896 11432 11432 W SupplementaryKeyboardsWrapper: SupplementaryKeyboardsWrapper.deactivateKeyboard():162 keyboard accessory_candidates_consumer is not activated before!
05-05 07:16:48.897 11432 11432 I GlobeKeyExtension: GlobeKeyExtension.onActivate():129 
05-05 07:16:48.899 11432 11432 I KeyboardModeUtils: KeyboardModeUtils.getKeyboardBottomOffset():432 inch: 0.000000 ydpi: 420.000000 adjustKeyboardBottomByDisplaySize: false currentDensityDpi: 420 defaultDensityDpi: 420 keyboardBottomToScreenPx: 0 keyboardBottomToNavBarPx: -126 navBarHeight: 126
05-05 07:16:48.901 11432 11432 I BaseKeyboardSizeHelper: BaseKeyboardSizeHelper.calculateMaxKeyboardBodyHeight():73 leave 281 height for app when ime window height:2211, header height:116 and isFullscreenMode:false, so the max keyboard body height is:1814
05-05 07:16:48.901 11432 11432 I BaseKeyboardSizeHelper: BaseKeyboardSizeHelper.calculateMaxKeyboardBodyHeight():73 leave 281 height for app when ime window height:2211, header height:116 and isFullscreenMode:false, so the max keyboard body height is:1814
05-05 07:16:48.901 11432 11432 I BaseKeyboardSizeHelper: BaseKeyboardSizeHelper.calculateMaxKeyboardBodyHeight():73 leave 281 height for app when ime window height:2211, header height:116 and isFullscreenMode:false, so the max keyboard body height is:1814
05-05 07:16:48.902 11432 11432 I BaseKeyboardSizeHelper: BaseKeyboardSizeHelper.calculateMaxKeyboardBodyHeight():73 leave 281 height for app when ime window height:2211, header height:116 and isFullscreenMode:false, so the max keyboard body height is:1814
05-05 07:16:48.902 11432 11432 W ExtensionWrapper: ExtensionWrapper.setExtensionViewVisibility():878 interface nni is not activate
05-05 07:16:48.905 11432 11432 I VoiceInputManagerWrapper: VoiceInputManagerWrapper.cancelShutdown():109 cancelShutdown()
05-05 07:16:48.905 11432 11432 I VoiceInputManagerWrapper: VoiceInputManagerWrapper.syncLanguagePacks():121 syncLanguagePacks()
05-05 07:16:48.905 11432 11432 I VoiceInputManager: VoiceInputManager.onKeyboardActivated():1191 onKeyboardActivated() [UD]
05-05 07:16:48.905 11943 11967 I cr_CachingUmaRecorder: Flushed 9 samples from 8 histograms, 0 samples were dropped.
05-05 07:16:48.906 11432 11557 I SpeechFactory: SpeechRecognitionFactory.maybeScheduleAutoPackDownloadForFallback():217 maybeScheduleAutoPackDownloadForFallback()
05-05 07:16:48.910 11432 11557 I FallbackOnDeviceRecognitionProvider: FallbackOnDeviceRecognitionProvider.maybeScheduleAutoPackDownload():213 maybeScheduleAutoPackDownload() for language tag en-US
05-05 07:16:48.919 11432 11432 I Module  : DeviceLockedStatusModuleProvider$Module.updateDeviceLockedStatus():103 repeatCheckTimes = 1, locked = false
05-05 07:16:48.919 11432 11432 I ContactNoticeModule: ContactNoticeModule.shouldPostContactPermissionNotice():148 Not post contact permission notice: not exceed waiting period since installation.
05-05 07:16:48.921 11432 11432 I VoiceImeExtension: VoiceImeExtension.shouldStartVoiceInputAutomaticallyInCurrentInputBox():384 No private IME option set to start voice input.
05-05 07:16:48.921 11432 11432 D ImeBackCallbackSender: Register OnBackInvokedCallback with priority=-1 at app window (packageName=com.google.android.googlequicksearchbox)
05-05 07:16:48.926 11432 11432 I StylusModule: StylusModule.onUpdateToolType():774 Update tool type = 0
05-05 07:16:48.926 11432 11452 I SystemHapticSettings: SystemHapticSettings.updateSystemVibrationState():61 update vibration state: true
05-05 07:16:48.927 11432 11432 I StylusModule: StylusModule.onUpdateToolType():774 Update tool type = 0
05-05 07:16:48.935 11432 11458 I SP      : GC for 'bundled_delight' (10) with ttl of 0 ms took 0 ms (0/0/0)
05-05 07:16:48.943 11432 11458 I LmManager: LmManager$1.onFailure():89 Bundled delight sync failed
05-05 07:16:48.943 11432 11458 I LmManager: java.util.concurrent.CancellationException: Task was cancelled.
05-05 07:16:48.943 11432 11458 I LmManager: 	at uun.i(PG:33)
05-05 07:16:48.943 11432 11458 I LmManager: 	at uuv.r(PG:24)
05-05 07:16:48.943 11432 11458 I LmManager: 	at uun.get(PG:1)
05-05 07:16:48.943 11432 11458 I LmManager: 	at a.n(PG:2)
05-05 07:16:48.943 11432 11458 I LmManager: 	at uwm.run(PG:32)
05-05 07:16:48.943 11432 11458 I LmManager: 	at uvu.execute(PG:1)
05-05 07:16:48.943 11432 11458 I LmManager: 	at uun.g(PG:1)
05-05 07:16:48.943 11432 11458 I LmManager: 	at uun.l(PG:101)
05-05 07:16:48.943 11432 11458 I LmManager: 	at uun.q(PG:28)
05-05 07:16:48.943 11432 11458 I LmManager: 	at uvq.c(PG:5)
05-05 07:16:48.943 11432 11458 I LmManager: 	at uvs.e(PG:6)
05-05 07:16:48.943 11432 11458 I LmManager: 	at uwx.run(PG:73)
05-05 07:16:48.943 11432 11458 I LmManager: 	at java.util.concurrent.Executors$RunnableAdapter.call(Executors.java:520)
05-05 07:16:48.943 11432 11458 I LmManager: 	at java.util.concurrent.FutureTask.run(FutureTask.java:328)
05-05 07:16:48.943 11432 11458 I LmManager: 	at lqo.run(PG:8)
05-05 07:16:48.943 11432 11458 I LmManager: 	at java.util.concurrent.ThreadPoolExecutor.runWorker(ThreadPoolExecutor.java:1100)
05-05 07:16:48.943 11432 11458 I LmManager: 	at java.util.concurrent.ThreadPoolExecutor$Worker.run(ThreadPoolExecutor.java:624)
05-05 07:16:48.943 11432 11458 I LmManager: 	at java.lang.Thread.run(Thread.java:1572)
05-05 07:16:48.943 11432 11458 I LmManager: 	at lpy.run(PG:8)
05-05 07:16:48.962 11432 11432 I DynamicLayoutHandler: DynamicLayoutHandler.loadDynamicKeys():92 This isn't a dynamic layout.
05-05 07:16:48.977 11432 11432 W TooltipLifecycleManager: TooltipLifecycleManager.dismissTooltips():153 Tooltip with id spell_check_add_to_dictionary not found in tooltipManager.
05-05 07:16:48.979 11432 11432 I KeyboardModeUtils: KeyboardModeUtils.getKeyboardBottomOffset():432 inch: 0.000000 ydpi: 420.000000 adjustKeyboardBottomByDisplaySize: false currentDensityDpi: 420 defaultDensityDpi: 420 keyboardBottomToScreenPx: 0 keyboardBottomToNavBarPx: -126 navBarHeight: 126
05-05 07:16:48.979 11432 11432 I BaseKeyboardSizeHelper: BaseKeyboardSizeHelper.calculateMaxKeyboardBodyHeight():73 leave 281 height for app when ime window height:2211, header height:116 and isFullscreenMode:false, so the max keyboard body height is:1814
05-05 07:16:48.979 11432 11432 I BaseKeyboardSizeHelper: BaseKeyboardSizeHelper.calculateMaxKeyboardBodyHeight():73 leave 281 height for app when ime window height:2211, header height:116 and isFullscreenMode:false, so the max keyboard body height is:1814
05-05 07:16:49.015 11432 11458 I AbstractSyncResultCallback: AbstractSyncResultCallback.onFailure():38 onFailure(): bundled_delight.sync cancelled; expected if new request supersedes pending one.
05-05 07:16:49.016 11432 11455 I SuperDelight: SuperDelightManager$2.onSuccess():522 bundled_delight sync success, adding to data file manager
05-05 07:16:49.033 11432 11455 I DataFileManager: DataFileManager.addDataWithoutNotify():184 data en-US already exists
05-05 07:16:49.055 11432 11458 I SP      : Sync for bundled_delight succeeded in 727 ms: no changes
05-05 07:16:49.056 11432 11458 I SP      : GC for 'bundled_delight' (10) with ttl of 0 ms took 0 ms (0/0/0)
05-05 07:16:49.056 11432 11458 I LmManager: LmManager$1.onSuccess():84 Bundled delight sync success
05-05 07:16:49.057   680   827 I HalDevMgr: bestIfaceCreationProposal is null, requestIface=STA, existingIface=[name=wlan0 type=STA]
05-05 07:16:49.065 11227 11227 D WindowOnBackDispatcher: setTopOnBackInvokedCallback (unwrapped): android.view.ImeBackAnimationController@cadfae4
05-05 07:16:49.065   680   695 D CoreBackPreview: Window{b030962 u0 com.google.android.googlequicksearchbox/com.google.android.googlequicksearchbox.InternalGoogleAppActivityEntrypoint}: Setting back callback OnBackInvokedCallbackInfo{mCallback=android.window.IOnBackInvokedCallback$Stub$Proxy@3f7815, mPriority=0, mIsAnimationCallback=true, mOverrideBehavior=0}
05-05 07:16:49.068  1019  1147 D IpClient/wlan0: interfaceLinkStateChanged: ifindex 16 up
05-05 07:16:49.070  1019  1147 D IpClient/wlan0: interfaceLinkStateChanged: ifindex 16 up
05-05 07:16:49.072 11432 11432 I GoogleInputMethodService: GoogleInputMethodService$1.onKeyboardViewShown():338 onKeyboardViewShown: keyboardType=prime, keyboardViewType=HEADER keyboardView=com.google.android.libraries.inputmethod.widgets.SoftKeyboardView{d692549 V.E...... ........ 0,0-1080,116 aid=20}
