05-05 07:17:08.582 11432 11432 W Keyboard: Keyboard.getKeyboardViewHelper():607 null helper is returned: keyboardDef=nyt{processedConditions={show_comma_key=true, enable_more_candidates_view_for_multilingual=false, layout_9key_split=false, enable_secondary_symbols=false, pref_enable_flick_symbols=false, enable_scrub_move=true, language=en-US, deprecate_long_press_space_for_ime_picker=false, expressions=normal, android_software_xr_api_spatial=false, variant=qwerty, free_cursor=false, show_period_key=true, device=phone, keyboard_mode=normal, show_secondary_digits=true, enable_pk_simulator=false, enable_preemptive_decode=true}, globalConditions={global_theme_key=theme,!gsf,!pgsans,!pgsf,!use_system_font,BORDER,FLAVOR_DPI=XXHDPI,IS_LIGHT,KEYBOARD_WIDTH_CATEGORY=NORMAL,KEY_BORDER_SHAPE=1,LIGHT_THEME=true,PHYSICAL_DIAGONAL=6.1297245,POPUP,SCREEN_SHORTEST_WIDTH=411,SCREEN_SHORTEST_WIDTH_NO_SCALE=411,SW400DP,XXHDPI,bottom4dp,enable_popup_on_keypress=true,keyboard_redesign_google_sans=true,non_linear_scale,noshadow,overlay_builtin_dynamic_color_light_base.binarypb:gm3-light-fffaf8fe-ff4e5e8b-4fee5571778e92b08ff4c2d3d15b9d3f,silkpopup, global_locale=en_US, global_density_dpi=420, global_orientation=1}, className=.latin.keyboard.LatinPrimeKeyboard, resourceIds=[#0x7f1705f9, #0x7f17088d], initialStates=0, keyboardViewDefs=[nzi{direction=null, id=#0x7f0b0226, isScalable=true, layoutId=#0x7f0e037b, type=BODY, touchable=true, defaultShow=true}, nzi{direction=null, id=#0x7f0b0226, isScalable=false, layoutId=#0x7f0e0210, type=FLOATING_CANDIDATES, touchable=false, defaultShow=false}, nzi{direction=LOCALE, id=#0x7f0b0226, isScalable=false, layoutId=#0x7f0e0518, type=HEADER, touchable=true, defaultShow=true}], persistentStates=0, persistentStatesPrefKey=null, popupBubbleLayoutId=#0x7f0e0609, recentKeyLayoutId=#0x0, recentKeyPopupLayoutId=#0x0, recentKeyType=null, rememberRecentKey=NONE, sessionStates=17592186044419}, type=WIDGET, helpersCreated={HEADER=njq@fb042, BODY=njq@36e5853, FLOATING_CANDIDATES=njq@8171590}, context.getResources().getConfiguration(): {1.0 310mcc260mnc [en_US] ldltr sw411dp w411dp h914dp 420dpi nrml long compactNeeded port finger qwerty/v/v dpad/v winConfig={ mBounds=Rect(0, 0 - 1080, 2400) mAppBounds=Rect(0, 0 - 1080, 2400) mMaxBounds=Rect(0, 0 - 1080, 2400) mDisplayRotation=ROTATION_0 mWindowingMode=fullscreen mActivityType=undefined mAlwaysOnTop=undefined mRotation=ROTATION_0} s.9 fontWeightAdjustment=0}
05-05 07:17:08.584 11432 11432 I BaseKeyboardSizeHelper: BaseKeyboardSizeHelper.calculateMaxKeyboardBodyHeight():73 leave 281 height for app when ime window height:2211, header height:116 and isFullscreenMode:false, so the max keyboard body height is:1814
05-05 07:17:08.609 11432 11432 I AndroidIME: InputBundleManager.startInput():361 startInput() with nze[keyboardType=prime, payload=null]
05-05 07:17:08.610 11432 11432 I PkModeUpdater: PkModeUpdater.onActivate():76 onActivate false true
05-05 07:17:08.610 11432 11432 I AccessoryInputModeManager: AccessoryInputModeManager.onModeStarted():346 Accessory input mode started: null
05-05 07:17:08.611 11432 11432 W SupplementaryKeyboardsWrapper: SupplementaryKeyboardsWrapper.deactivateKeyboard():162 keyboard accessory_candidates_consumer is not activated before!
05-05 07:17:08.614 11432 11432 I GlobeKeyExtension: GlobeKeyExtension.onActivate():129 
05-05 07:17:08.616 11432 11432 I KeyboardModeUtils: KeyboardModeUtils.getKeyboardBottomOffset():432 inch: 0.000000 ydpi: 420.000000 adjustKeyboardBottomByDisplaySize: false currentDensityDpi: 420 defaultDensityDpi: 420 keyboardBottomToScreenPx: 0 keyboardBottomToNavBarPx: -126 navBarHeight: 126
05-05 07:17:08.616 11432 11432 I BaseKeyboardSizeHelper: BaseKeyboardSizeHelper.calculateMaxKeyboardBodyHeight():73 leave 281 height for app when ime window height:2211, header height:116 and isFullscreenMode:false, so the max keyboard body height is:1814
05-05 07:17:08.617 11432 11432 I BaseKeyboardSizeHelper: BaseKeyboardSizeHelper.calculateMaxKeyboardBodyHeight():73 leave 281 height for app when ime window height:2211, header height:116 and isFullscreenMode:false, so the max keyboard body height is:1814
05-05 07:17:08.617 11432 11432 I BaseKeyboardSizeHelper: BaseKeyboardSizeHelper.calculateMaxKeyboardBodyHeight():73 leave 281 height for app when ime window height:2211, header height:116 and isFullscreenMode:false, so the max keyboard body height is:1814
05-05 07:17:08.617 11432 11432 I BaseKeyboardSizeHelper: BaseKeyboardSizeHelper.calculateMaxKeyboardBodyHeight():73 leave 281 height for app when ime window height:2211, header height:116 and isFullscreenMode:false, so the max keyboard body height is:1814
05-05 07:17:08.617 11432 11432 W ExtensionWrapper: ExtensionWrapper.setExtensionViewVisibility():878 interface nni is not activate
05-05 07:17:08.618 11432 11432 I VoiceInputManagerWrapper: VoiceInputManagerWrapper.cancelShutdown():109 cancelShutdown()
05-05 07:17:08.619 11432 11432 I VoiceInputManagerWrapper: VoiceInputManagerWrapper.syncLanguagePacks():121 syncLanguagePacks()
05-05 07:17:08.619 11432 11432 I VoiceInputManager: VoiceInputManager.onKeyboardActivated():1191 onKeyboardActivated() [UD]
05-05 07:17:08.619 11432 11432 I HardKeyTracker: HardKeyTracker.unregisterKeySequence():238 Unregister key sequence owi{labelResId=2132020508, callback=fdr@f926384, lastModifier=2, keyCodes=[56], actions=[0]}
05-05 07:17:08.619 11432 11432 I HardKeyTracker: HardKeyTracker.unregisterKeySequence():238 Unregister key sequence owi{labelResId=2132020508, callback=fdr@7bec76d, lastModifier=0, keyCodes=[317], actions=[0]}
05-05 07:17:08.620 11432 11432 I HardKeyTracker: HardKeyTracker.registerKeySequence():187 Register key sequence owi{labelResId=2132020508, callback=fdr@449c5c2, lastModifier=2, keyCodes=[56], actions=[0]}
05-05 07:17:08.620 11432 11432 I HardKeyTracker: HardKeyTracker.registerKeySequence():187 Register key sequence owi{labelResId=2132020508, callback=fdr@3b67fd3, lastModifier=0, keyCodes=[317], actions=[0]}
05-05 07:17:08.620 11432 11432 W AccessPointsManager: AccessPointsManager.addAccessPoint():1088 The holder controller #0x7f0b2478 is not registered
05-05 07:17:08.621 11432 11557 I SpeechFactory: SpeechRecognitionFactory.maybeScheduleAutoPackDownloadForFallback():217 maybeScheduleAutoPackDownloadForFallback()
05-05 07:17:08.621 11432 11557 I FallbackOnDeviceRecognitionProvider: FallbackOnDeviceRecognitionProvider.maybeScheduleAutoPackDownload():213 maybeScheduleAutoPackDownload() for language tag en-US
05-05 07:17:08.627 11432 11432 I Module  : DeviceLockedStatusModuleProvider$Module.updateDeviceLockedStatus():103 repeatCheckTimes = 1, locked = false
05-05 07:17:08.627 11432 11432 I ContactNoticeModule: ContactNoticeModule.shouldPostContactPermissionNotice():148 Not post contact permission notice: not exceed waiting period since installation.
05-05 07:17:08.628 11432 11432 I HardKeyTracker: HardKeyTracker.unregisterKeySequence():238 Unregister key sequence owi{labelResId=2132020508, callback=fdr@b9433f0, lastModifier=2, keyCodes=[56], actions=[0]}
05-05 07:17:08.628 11432 11432 I HardKeyTracker: HardKeyTracker.unregisterKeySequence():238 Unregister key sequence owi{labelResId=2132020508, callback=fdr@18d6d69, lastModifier=0, keyCodes=[317], actions=[0]}
05-05 07:17:08.628 11432 11432 I HardKeyTracker: HardKeyTracker.registerKeySequence():187 Register key sequence owi{labelResId=2132020508, callback=fdr@7df462f, lastModifier=2, keyCodes=[56], actions=[0]}
05-05 07:17:08.629 11432 11432 I HardKeyTracker: HardKeyTracker.registerKeySequence():187 Register key sequence owi{labelResId=2132020508, callback=fdr@8cd643c, lastModifier=0, keyCodes=[317], actions=[0]}
05-05 07:17:08.630 11432 11432 I VoiceImeExtension: VoiceImeExtension.shouldStartVoiceInputAutomaticallyInCurrentInputBox():384 No private IME option set to start voice input.
05-05 07:17:08.635 11432 11432 D ImeBackCallbackSender: Register OnBackInvokedCallback with priority=-1 at app window (packageName=com.google.android.googlequicksearchbox)
05-05 07:17:08.637 11432 11432 I StylusModule: StylusModule.onUpdateToolType():774 Update tool type = 0
05-05 07:17:08.637 11432 11432 I GoogleInputMethodService: GoogleInputMethodService.onFinishInputView():1648 onFinishInputView(true)
05-05 07:17:08.637 11227 11227 D WindowOnBackDispatcher: setTopOnBackInvokedCallback (unwrapped): android.view.ImeBackAnimationController@cadfae4
05-05 07:17:08.638 11432 11432 I GlobeKeyExtension: GlobeKeyExtension.onDeactivate():153 
05-05 07:17:08.639   680  1720 D CoreBackPreview: Window{b030962 u0 com.google.android.googlequicksearchbox/com.google.android.googlequicksearchbox.InternalGoogleAppActivityEntrypoint}: Setting back callback OnBackInvokedCallbackInfo{mCallback=android.window.IOnBackInvokedCallback$Stub$Proxy@ac20899, mPriority=0, mIsAnimationCallback=true, mOverrideBehavior=0}
05-05 07:17:08.639 11432 11432 W TooltipLifecycleManager: TooltipLifecycleManager.dismissTooltips():153 Tooltip with id spell_check_add_to_dictionary not found in tooltipManager.
05-05 07:17:08.639 11432 11432 I VoiceInputManagerWrapper: VoiceInputManagerWrapper.shutdown():131 shutdown()
05-05 07:17:08.640 11432 11432 I InputBundle: InputBundle.consumeEvent():1041 Skip consuming an event as keyboard status is INACTIVE
05-05 07:17:08.641 11432 11432 I AndroidIME: AbstractIme.onDeactivate():213 LatinIme.onDeactivate()
05-05 07:17:08.642 11432 11432 I StylusEducationPopupDialog: StylusEducationPopupDialog.cancelShowFirstTimeEducationFuture():118 First time education future cancelled
05-05 07:17:08.643 11432 11432 I PrimesLoggerHolder: FrameMetricServiceImpl.stopAsFuture():213 Measurement not found: OnConfigurationChanged
05-05 07:17:08.643 11432 11432 I GoogleInputMethodService: GoogleInputMethodService.onFinishInput():2159 
05-05 07:17:08.656 11432 11432 I Module  : DeviceLockedStatusModuleProvider$Module.updateDeviceLockedStatus():103 repeatCheckTimes = 0, locked = false
05-05 07:17:08.657 11432 11432 D ImeBackCallbackSender: Unregister OnBackInvokedCallback at app window (packageName=com.google.android.googlequicksearchbox)
05-05 07:17:08.659 11432 11432 I GoogleInputMethodService: GoogleInputMethodService.onStartInput():1434 onStartInput(EditorInfo{EditorInfo{packageName=com.google.android.googlequicksearchbox, inputType=2a0001, inputTypeString=Normal[NoSuggestion|MultiLine], enableLearning=true, autoCorrection=true, autoComplete=true, imeOptions=10000003, privateImeOptions=null, actionName=SEARCH, actionLabel=null, initialSelStart=2, initialSelEnd=2, initialCapsMode=0, label=null, fieldId=2131435932, fieldName=null, extras=Bundle[mParcelledData.dataSize=168], hintText=non-empty, hintLocales=[]}}, false)
05-05 07:17:08.660 11432 11432 I AndroidIME: LatinIMEBase.updateInputViewCoverNavigation():312 Update input view padding, isNavbarOverInputWindow=true, bottom inset=126
05-05 07:17:08.661 11227 11227 D WindowOnBackDispatcher: setTopOnBackInvokedCallback (unwrapped): muo@e2e8d00
05-05 07:17:08.661 11227 11227 W RemoteInputConnectionImpl: requestCursorUpdates on inactive InputConnection
05-05 07:17:08.661   680  1879 D CoreBackPreview: Window{b030962 u0 com.google.android.googlequicksearchbox/com.google.android.googlequicksearchbox.InternalGoogleAppActivityEntrypoint}: Setting back callback OnBackInvokedCallbackInfo{mCallback=android.window.IOnBackInvokedCallback$Stub$Proxy@292775e, mPriority=0, mIsAnimationCallback=true, mOverrideBehavior=0}
05-05 07:17:08.662 11432 11432 I Module  : DeviceLockedStatusModuleProvider$Module.updateDeviceLockedStatus():103 repeatCheckTimes = 1, locked = false
05-05 07:17:08.662 11432 11457 W ModuleManager: ModuleManager.loadModule():634 Module pte is not available
05-05 07:17:08.662 11432 11457 I NebulaeTrainingCacheMetricsProcessor: NebulaeTrainingCacheMetricsProcessor.processEndSession():659 End training cache session: com.google.android.googlequicksearchbox_2131435932/
05-05 07:17:08.663 11432 11432 I GoogleInputMethodService: GoogleInputMethodService.onStartInputView():1519 onStartInputView(EditorInfo{EditorInfo{packageName=com.google.android.googlequicksearchbox, inputType=2a0001, inputTypeString=Normal[NoSuggestion|MultiLine], enableLearning=true, autoCorrection=true, autoComplete=true, imeOptions=10000003, privateImeOptions=null, actionName=SEARCH, actionLabel=null, initialSelStart=2, initialSelEnd=2, initialCapsMode=0, label=null, fieldId=2131435932, fieldName=null, extras=Bundle[{androidx.core.view.inputmethod.EditorInfoCompat.STYLUS_HANDWRITING_ENABLED=true}], hintText=non-empty, hintLocales=[]}}, false)
05-05 07:17:08.664 11432 11432 I StylusEducationPopupDialog: StylusEducationPopupDialog.onEditorTappedWithStylus():71 Schedule to show first time education
05-05 07:17:08.664 11432 11432 I KeyboardHeightUtil: KeyboardHeightUtil.getOemKeyboardHeightRatio():81 systemKeyboardHeightRatio:1.000000.
05-05 07:17:08.664   680  1878 W PackageConfigPersister: App-specific configuration not found for packageName: com.google.android.googlequicksearchbox and userId: 0
05-05 07:17:08.665 11432 11432 I AndroidIME: InputBundleManager.loadActiveInputBundleId():531 loadActiveInputBundleId: en-US, ime_english_united_states
05-05 07:17:08.665 11432 11432 I AndroidIME: AbstractIme.onActivate():95 LatinIme.onActivate() : EditorInfo = EditorInfo{packageName=com.google.android.googlequicksearchbox, inputType=2a0001, inputTypeString=Normal[NoSuggestion|MultiLine], enableLearning=true, autoCorrection=true, autoComplete=true, imeOptions=10000003, privateImeOptions=null, actionName=SEARCH, actionLabel=null, initialSelStart=2, initialSelEnd=2, initialCapsMode=0, label=null, fieldId=2131435932, fieldName=null, extras=Bundle[{androidx.core.view.inputmethod.EditorInfoCompat.STYLUS_HANDWRITING_ENABLED=true}], hintText=non-empty, hintLocales=[]}, IncognitoMode = false, DeviceLocked = false
05-05 07:17:08.666 11432 11432 I InputBundle: InputBundle.consumeEvent():1041 Skip consuming an event as keyboard status is INACTIVE
05-05 07:17:08.667 11432 11432 I Delight5Facilitator: Delight5Facilitator.initializeForIme():745 initializeForIme() : Locale = [en_US], layout = qwerty
05-05 07:17:08.667 11432 11454 I SystemHapticSettings: SystemHapticSettings.updateSystemVibrationState():61 update vibration state: true
05-05 07:17:08.668 11432 11432 I LatinIme: LatinIme.updateEnableInlineSuggestionsOnDecoderSideFlags():1271 inline flag updated to:false
05-05 07:17:08.670 11432 11432 I LatinIme: LatinIme.updateEnableInlineSuggestionsOnDecoderSideFlags():1271 inline flag updated to:false
05-05 07:17:08.675   930   978 V WindowManagerShell: Transition animation finished (aborted=false), notifying core (#45) android.os.BinderProxy@8e68f5a@0
05-05 07:17:08.677 11432 11432 I InputBundle: InputBundle.consumeEvent():1041 Skip consuming an event as keyboard status is INACTIVE
05-05 07:17:08.677 11432 11432 I LatinIme: LatinIme.resetInputContext():2263 resetInputContext(): reason=1, externalEditsInfo=ExternalEditsInfo{action=0, offset=-1, text=null, originalText=null, edits=null}
05-05 07:17:08.677 11432 11432 I InputBundle: InputBundle.consumeEvent():1041 Skip consuming an event as keyboard status is INACTIVE
05-05 07:17:08.678 11432 11432 I KeyboardWrapper: KeyboardWrapper.activateKeyboard():582 activateKeyboard(): type=prime, status=INACTIVE, imeDef=nxy{stringId=ime_english_united_states, language=en-US, languageTag=en-US, processedConditions={writing_helper_enable_by_word_revert=false, true=true, enable_number_row=false, device=phone, enable_pk_simulator=false}, className=com.google.android.apps.inputmethod.libs.latin5.LatinIme, label=0, keyEventInterpreter=null, inlineComposing=true, autoCapital=true, announceAutoSelectedCandidate=true, statusIcon=0, indicatorIcon=0, indicatorLabel=US, displayAppCompletions=true, extraValues=nxr{#0x7f0b02e3=TypedValue{t=0x3/d=0x0 "com.google.android.apps.inputmethod.libs.latin5.LatinIme"}}, processors=nzr@8ed344, unacceptableMetaKeys=4098, languageSpecificSettings=0, asciiCapable=true, alwaysShowSuggestions=false, useAsciiPasswordKeyboard=false, keyboardGroupDef=nza@a58f953, phenotypeFlagId=0, localizationLanguageTag=null, supportsInlineSuggestion=true}
05-05 07:17:08.678 11432 11432 I KeyboardManager: KeyboardManager.requestKeyboard():249 Creating keyboard prime, imeId=ime_english_united_states, cacheKey=theme,!gsf,!pgsans,!pgsf,!use_system_font,BORDER,FLAVOR_DPI=XXHDPI,IS_LIGHT,KEYBOARD_WIDTH_CATEGORY=NORMAL,KEY_BORDER_SHAPE=1,LIGHT_THEME=true,PHYSICAL_DIAGONAL=6.1297245,POPUP,SCREEN_SHORTEST_WIDTH=411,SCREEN_SHORTEST_WIDTH_NO_SCALE=411,SW400DP,XXHDPI,bottom4dp,enable_popup_on_keypress=true,keyboard_redesign_google_sans=true,non_linear_scale,noshadow,overlay_builtin_dynamic_color_light_base.binarypb:gm3-light-fffaf8fe-ff4e5e8b-4fee5571778e92b08ff4c2d3d15b9d3f,silkpopup
05-05 07:17:08.679 11432 11432 I KeyboardWrapper: KeyboardWrapper.onKeyboardReady():224 onKeyboardReady(): type=prime(prime), kb=com.google.android.apps.inputmethod.latin.keyboard.LatinPrimeKeyboard@bb8d345
05-05 07:17:08.679 11432 11432 I KeyboardWrapper: KeyboardWrapper.doActivateKeyboard():612 doActivateKeyboard(): prime
05-05 07:17:08.680 11432 11432 I GoogleInputMethodService: GoogleInputMethodService$1.onKeyboardViewShown():338 onKeyboardViewShown: keyboardType=prime, keyboardViewType=HEADER keyboardView=com.google.android.libraries.inputmethod.widgets.SoftKeyboardView{d692549 V.E...... ......ID 0,0-1080,116 aid=20}
05-05 07:17:08.680 11432 11432 I BaseKeyboardSizeHelper: BaseKeyboardSizeHelper.calculateMaxKeyboardBodyHeight():73 leave 281 height for app when ime window height:2211, header height:116 and isFullscreenMode:false, so the max keyboard body height is:1814
05-05 07:17:08.701 11432 11432 I BaseKeyboardSizeHelper: BaseKeyboardSizeHelper.calculateMaxKeyboardBodyHeight():73 leave 281 height for app when ime window height:2211, header height:116 and isFullscreenMode:false, so the max keyboard body height is:1814
05-05 07:17:08.702 11432 11432 I GoogleInputMethodService: GoogleInputMethodService$1.onKeyboardViewShown():338 onKeyboardViewShown: keyboardType=prime, keyboardViewType=BODY keyboardView=com.google.android.libraries.inputmethod.widgets.SoftKeyboardView{a98c5b1 V.E...... ......ID 0,0-1080,641 aid=102}
05-05 07:17:08.702   680   700 V WindowManager: Finish Transition (#45): created at 05-05 07:17:07.926 collect-started=0.134ms request-sent=0.402ms started=25.769ms ready=25.737ms sent=209.318ms commit=21.667ms finished=775.271ms
05-05 07:17:08.702 11432 11432 I BaseKeyboardSizeHelper: BaseKeyboardSizeHelper.calculateMaxKeyboardBodyHeight():73 leave 281 height for app when ime window height:2211, header height:116 and isFullscreenMode:false, so the max keyboard body height is:1814
05-05 07:17:08.703 11432 11432 I GlobeKeyExtension: GlobeKeyExtension$1.onKeyboardViewShown():76 maybeDisableLanguageSwitchKeyPref when the keyboard is shown
05-05 07:17:08.704 11432 11432 I GlobeKeyExtension: GlobeKeyExtension.maybeDisableLanguageSwitchKeyPref():210 maybeDisableLanguageSwitchKeyPref hasGlobeKeyBeenDisabled: true, shouldDisableLanguageSwitchKey: true
05-05 07:17:08.704 11432 11432 I NewLanguagePromptExtension: NewLanguagePromptExtension$1.onKeyboardViewShown():88 Not show new language banner: not prime keyboard, or the extension not activated.
05-05 07:17:08.705 11432 11432 W TooltipLifecycleManager: TooltipLifecycleManager.dismissTooltips():153 Tooltip with id undo_access_point_promotion_banner not found in tooltipManager.
05-05 07:17:08.705 11432 11432 I GlobeKeyExtension: GlobeKeyExtension.getKeyboardInitialStates():185 
05-05 07:17:08.707 11432 11432 W Keyboard: Keyboard.getKeyboardViewHelper():607 null helper is returned: keyboardDef=nyt{processedConditions={show_comma_key=true, enable_more_candidates_view_for_multilingual=false, layout_9key_split=false, enable_secondary_symbols=false, pref_enable_flick_symbols=false, enable_scrub_move=true, language=en-US, deprecate_long_press_space_for_ime_picker=false, expressions=normal, android_software_xr_api_spatial=false, variant=qwerty, free_cursor=false, show_period_key=true, device=phone, keyboard_mode=normal, show_secondary_digits=true, enable_pk_simulator=false, enable_preemptive_decode=true}, globalConditions={global_theme_key=theme,!gsf,!pgsans,!pgsf,!use_system_font,BORDER,FLAVOR_DPI=XXHDPI,IS_LIGHT,KEYBOARD_WIDTH_CATEGORY=NORMAL,KEY_BORDER_SHAPE=1,LIGHT_THEME=true,PHYSICAL_DIAGONAL=6.1297245,POPUP,SCREEN_SHORTEST_WIDTH=411,SCREEN_SHORTEST_WIDTH_NO_SCALE=411,SW400DP,XXHDPI,bottom4dp,enable_popup_on_keypress=true,keyboard_redesign_google_sans=true,non_linear_scale,noshadow,overlay_builtin_dynamic_color_light_base.binarypb:gm3-light-fffaf8fe-ff4e5e8b-4fee5571778e92b08ff4c2d3d15b9d3f,silkpopup, global_locale=en_US, global_density_dpi=420, global_orientation=1}, className=.latin.keyboard.LatinPrimeKeyboard, resourceIds=[#0x7f1705f9, #0x7f17088d], initialStates=0, keyboardViewDefs=[nzi{direction=null, id=#0x7f0b0226, isScalable=true, layoutId=#0x7f0e037b, type=BODY, touchable=true, defaultShow=true}, nzi{direction=null, id=#0x7f0b0226, isScalable=false, layoutId=#0x7f0e0210, type=FLOATING_CANDIDATES, touchable=false, defaultShow=false}, nzi{direction=LOCALE, id=#0x7f0b0226, isScalable=false, layoutId=#0x7f0e0518, type=HEADER, touchable=true, defaultShow=true}], persistentStates=0, persistentStatesPrefKey=null, popupBubbleLayoutId=#0x7f0e0609, recentKeyLayoutId=#0x0, recentKeyPopupLayoutId=#0x0, recentKeyType=null, rememberRecentKey=NONE, sessionStates=17592186044419}, type=WIDGET, helpersCreated={HEADER=njq@fb042, BODY=njq@36e5853, FLOATING_CANDIDATES=njq@8171590}, context.getResources().getConfiguration(): {1.0 310mcc260mnc [en_US] ldltr sw411dp w411dp h914dp 420dpi nrml long compactNeeded port finger qwerty/v/v dpad/v winConfig={ mBounds=Rect(0, 0 - 1080, 2400) mAppBounds=Rect(0, 0 - 1080, 2400) mMaxBounds=Rect(0, 0 - 1080, 2400) mDisplayRotation=ROTATION_0 mWindowingMode=fullscreen mActivityType=undefined mAlwaysOnTop=undefined mRotation=ROTATION_0} s.9 fontWeightAdjustment=0}
05-05 07:17:08.707 11432 11432 I BaseKeyboardSizeHelper: BaseKeyboardSizeHelper.calculateMaxKeyboardBodyHeight():73 leave 281 height for app when ime window height:2211, header height:116 and isFullscreenMode:false, so the max keyboard body height is:1814
05-05 07:17:08.708   680  1879 E libbinder.IPCThreadState: Binder transaction failure. id: 327419, cmd: BR_DEAD_REPLY (29189), error: -22 (Invalid argument)
05-05 07:17:08.709   680  1879 W ActivityManager: pid 680 system sent binder code 7 with flags 1 and got error -32
05-05 07:17:08.709   680  1879 W WindowManager: Exception thrown during dispatchAppVisibility Window{912d2c0 u0 com.senthapps.slagrimarket/com.senthapps.slagrimarket.MainActivity EXITING}
05-05 07:17:08.709   680  1879 W WindowManager: android.os.DeadObjectException
05-05 07:17:08.709   680  1879 W WindowManager: 	at android.os.BinderProxy.transactNative(Native Method)
05-05 07:17:08.709   680  1879 W WindowManager: 	at android.os.BinderProxy.transact(BinderProxy.java:626)
05-05 07:17:08.709   680  1879 W WindowManager: 	at android.view.IWindow$Stub$Proxy.dispatchAppVisibility(IWindow.java:602)
05-05 07:17:08.709   680  1879 W WindowManager: 	at com.android.server.wm.WindowState.sendAppVisibilityToClients(WindowState.java:3388)
05-05 07:17:08.709   680  1879 W WindowManager: 	at com.android.server.wm.WindowContainer.sendAppVisibilityToClients(WindowContainer.java:1245)
05-05 07:17:08.709   680  1879 W WindowManager: 	at com.android.server.wm.WindowToken.setClientVisible(WindowToken.java:392)
05-05 07:17:08.709   680  1879 W WindowManager: 	at com.android.server.wm.ActivityRecord.commitVisibility(ActivityRecord.java:5654)
05-05 07:17:08.709   680  1879 W WindowManager: 	at com.android.server.wm.Transition.finishTransition(Transition.java:1629)
05-05 07:17:08.709   680  1879 W WindowManager: 	at com.android.server.wm.TransitionController.finishTransition(TransitionController.java:1220)
05-05 07:17:08.709   680  1879 W WindowManager: 	at com.android.server.wm.WindowOrganizerController.finishTransition(WindowOrganizerController.java:533)
05-05 07:17:08.709   680  1879 W WindowManager: 	at android.window.IWindowOrganizerController$Stub.onTransact(IWindowOrganizerController.java:265)
05-05 07:17:08.709   680  1879 W WindowManager: 	at com.android.server.wm.WindowOrganizerController.onTransact(WindowOrganizerController.java:239)
05-05 07:17:08.709   680  1879 W WindowManager: 	at android.os.Binder.execTransactInternal(Binder.java:1364)
05-05 07:17:08.709   680  1879 W WindowManager: 	at android.os.Binder.execTransact(Binder.java:1323)
05-05 07:17:08.710   680  1879 W Process : Unable to open /proc/11981/status
05-05 07:17:08.711 11432 11432 I AndroidIME: InputBundleManager.startInput():361 startInput() with nze[keyboardType=prime, payload=null]
05-05 07:17:08.712 11432 11432 I PkModeUpdater: PkModeUpdater.onActivate():76 onActivate false true
05-05 07:17:08.712 11432 11432 I AccessoryInputModeManager: AccessoryInputModeManager.onModeStarted():346 Accessory input mode started: null
05-05 07:17:08.712 11432 11432 W SupplementaryKeyboardsWrapper: SupplementaryKeyboardsWrapper.deactivateKeyboard():162 keyboard accessory_candidates_consumer is not activated before!
05-05 07:17:08.714 11432 11432 I GlobeKeyExtension: GlobeKeyExtension.onActivate():129 
05-05 07:17:08.715 11432 11432 I KeyboardModeUtils: KeyboardModeUtils.getKeyboardBottomOffset():432 inch: 0.000000 ydpi: 420.000000 adjustKeyboardBottomByDisplaySize: false currentDensityDpi: 420 defaultDensityDpi: 420 keyboardBottomToScreenPx: 0 keyboardBottomToNavBarPx: -126 navBarHeight: 126
05-05 07:17:08.716 11432 11432 I BaseKeyboardSizeHelper: BaseKeyboardSizeHelper.calculateMaxKeyboardBodyHeight():73 leave 281 height for app when ime window height:2211, header height:116 and isFullscreenMode:false, so the max keyboard body height is:1814
05-05 07:17:08.716 11432 11432 I BaseKeyboardSizeHelper: BaseKeyboardSizeHelper.calculateMaxKeyboardBodyHeight():73 leave 281 height for app when ime window height:2211, header height:116 and isFullscreenMode:false, so the max keyboard body height is:1814
05-05 07:17:08.716 11432 11432 I BaseKeyboardSizeHelper: BaseKeyboardSizeHelper.calculateMaxKeyboardBodyHeight():73 leave 281 height for app when ime window height:2211, header height:116 and isFullscreenMode:false, so the max keyboard body height is:1814
05-05 07:17:08.716 11432 11432 I BaseKeyboardSizeHelper: BaseKeyboardSizeHelper.calculateMaxKeyboardBodyHeight():73 leave 281 height for app when ime window height:2211, header height:116 and isFullscreenMode:false, so the max keyboard body height is:1814
05-05 07:17:08.716 11432 11432 W ExtensionWrapper: ExtensionWrapper.setExtensionViewVisibility():878 interface nni is not activate
05-05 07:17:08.718 11432 11432 I VoiceInputManagerWrapper: VoiceInputManagerWrapper.cancelShutdown():109 cancelShutdown()
05-05 07:17:08.718 11432 11432 I VoiceInputManagerWrapper: VoiceInputManagerWrapper.syncLanguagePacks():121 syncLanguagePacks()
05-05 07:17:08.718   930   978 V WindowManagerShell: Track 0 became idle
05-05 07:17:08.719   930   978 V WindowManagerShell: All active transition animations finished
05-05 07:17:08.719 11432 11432 I VoiceInputManager: VoiceInputManager.onKeyboardActivated():1191 onKeyboardActivated() [UD]
05-05 07:17:08.720 11432 11557 I SpeechFactory: SpeechRecognitionFactory.maybeScheduleAutoPackDownloadForFallback():217 maybeScheduleAutoPackDownloadForFallback()
05-05 07:17:08.721 10764 10764 D RecentsView: onTaskRemoved: 13, not handling task stack changes
05-05 07:17:08.721 10764 10764 D RecentsView: onTaskRemoved: 13, not handling task stack changes
05-05 07:17:08.723 11432 11557 I FallbackOnDeviceRecognitionProvider: FallbackOnDeviceRecognitionProvider.maybeScheduleAutoPackDownload():213 maybeScheduleAutoPackDownload() for language tag en-US
05-05 07:17:08.726 11432 11432 I Module  : DeviceLockedStatusModuleProvider$Module.updateDeviceLockedStatus():103 repeatCheckTimes = 1, locked = false
05-05 07:17:08.726 11432 11432 I ContactNoticeModule: ContactNoticeModule.shouldPostContactPermissionNotice():148 Not post contact permission notice: not exceed waiting period since installation.
05-05 07:17:08.727 11432 11432 I VoiceImeExtension: VoiceImeExtension.shouldStartVoiceInputAutomaticallyInCurrentInputBox():384 No private IME option set to start voice input.
05-05 07:17:08.727 11432 11432 D ImeBackCallbackSender: Register OnBackInvokedCallback with priority=-1 at app window (packageName=com.google.android.googlequicksearchbox)
05-05 07:17:08.728 11432 11432 I StylusModule: StylusModule.onUpdateToolType():774 Update tool type = 0
05-05 07:17:08.728   680  1428 D ImeInsetsSourceProvider: showImePostLayout cancelled, serverVisible: false, frozen: false, mWin is: non-null, isDrawn: false, mGivenInsetsPending: false, imeLayeringTarget: Window{b030962 u0 com.google.android.googlequicksearchbox/com.google.android.googlequicksearchbox.InternalGoogleAppActivityEntrypoint}, controlTarget: Window{b030962 u0 com.google.android.googlequicksearchbox/com.google.android.googlequicksearchbox.InternalGoogleAppActivityEntrypoint}
05-05 07:17:08.728   680  1428 D ImeInsetsSourceProvider: controlTarget == DisplayContent.imeControlTarget: true, hasPendingControls: false, leash is: non-null
05-05 07:17:08.729   680  1428 I ImeTracker: com.google.android.googlequicksearchbox:11477b25: onCancelled at PHASE_SERVER_ABORT_SHOW_IME_POST_LAYOUT
05-05 07:17:08.732   680   904 I Surface : Creating surface for consumer unnamed-680-11 with slotExpansion=1 for 64 slots
05-05 07:17:08.732   680   904 I Surface : Creating surface for consumer ImageReader-864x1920f1m1-680-7 with slotExpansion=1 for 64 slots
05-05 07:17:08.733   680   904 W ImageReader_JNI: Unable to acquire a buffer item, very likely client tried to acquire more than maxImages buffers
05-05 07:17:08.764   680   904 E ConsumerBase: [ImageReader-864x1920f1m1-680-7] abandonLocked: ConsumerBase is abandoned!
05-05 07:17:08.772 11432 11432 I Surface : Creating surface for consumer unnamed-11432-2 with slotExpansion=1 for 64 slots
05-05 07:17:08.773 11432 11432 I Surface : Creating surface for consumer VRI[InputMethod]#2(BLAST Consumer)2 with slotExpansion=1 for 64 slots
05-05 07:17:08.793  8673  9169 W ContentCaptureEvent: Text is not a SpannableString.
05-05 07:17:08.815  8673  8673 W AiAiVC  : Unexpected capture event type: 11
05-05 07:17:08.815   680  1428 D WindowManager: setClientSurface Surface(name=VRI-InputMethod#406)/@0x6201436 for 72aae04 InputMethod
05-05 07:17:08.821 11227 11227 D WindowOnBackDispatcher: setTopOnBackInvokedCallback (unwrapped): android.view.ImeBackAnimationController@cadfae4
05-05 07:17:08.837   526   552 W skia    : AGTM parsing failed flags.readFromStream(s) at 159
05-05 07:17:08.841   930   978 V ShellTaskOrganizer: Task vanished taskId=13
05-05 07:17:08.841   930   978 V ShellTaskOrganizer: Fullscreen Task Vanished: #13
05-05 07:17:08.841   930   978 V ShellDesktopMode: Task Vanished: #13 closed=true
05-05 07:17:08.849   930   978 V RecentTasksController: Notify recent tasks changed
05-05 07:17:08.849   930   978 D ShellDesktopMode: AppToWebRepository: Task 13 is vanishing. Removing task data from repository
05-05 07:17:08.850 10764 10764 D RecentTasksList: invalidateLoadedTasks - previous requestLoadId: -1
05-05 07:17:08.850   930   978 V AppCompat: SingleSurfaceLetterboxController: []
05-05 07:17:08.850   930   978 V AppCompat: MultiSurfaceLetterboxController: []
05-05 07:17:08.850   930   978 V AppCompat: LetterboxInputController: []
05-05 07:17:08.850   930   978 V AppCompat: RoundedCornersLetterboxController: {}
05-05 07:17:08.864   680  1879 D CoreBackPreview: Window{b030962 u0 com.google.android.googlequicksearchbox/com.google.android.googlequicksearchbox.InternalGoogleAppActivityEntrypoint}: Setting back callback OnBackInvokedCallbackInfo{mCallback=android.window.IOnBackInvokedCallback$Stub$Proxy@e991f10, mPriority=0, mIsAnimationCallback=true, mOverrideBehavior=0}
05-05 07:17:08.907 11432 11457 W ModuleManager: ModuleManager.loadModule():634 Module pte is not available
05-05 07:17:08.912 11432 11457 I NebulaeTrainingCacheMetricsProcessor: NebulaeTrainingCacheMetricsProcessor.processBeginSession():293 Begin training cache session: com.google.android.googlequicksearchbox_2131435932/
05-05 07:17:08.931 11432 11452 I SystemHapticSettings: SystemHapticSettings.updateSystemVibrationState():61 update vibration state: true
05-05 07:17:08.947   526   526 E BpTransactionCompletedListener: Failed to transact (-32)
05-05 07:17:08.961 11432 11486 I native  : I0000 00:00:1777990628.961193   11486 input-context-store.cc:340] Ignoring stale client request for FetchSuggestions
05-05 07:17:08.992 11432 11432 I DynamicLayoutHandler: DynamicLayoutHandler.loadDynamicKeys():92 This isn't a dynamic layout.
05-05 07:17:08.997   930   978 D WindowManagerShell: PipDesktopState: isPipInDesktopMode isAnyDeskActive=false isDisplayDesktopFirst=false
05-05 07:17:08.998 11432 11432 W TooltipLifecycleManager: TooltipLifecycleManager.dismissTooltips():153 Tooltip with id spell_check_add_to_dictionary not found in tooltipManager.
05-05 07:17:08.999 11432 11432 I GoogleInputMethodService: GoogleInputMethodService$1.onKeyboardViewShown():338 onKeyboardViewShown: keyboardType=prime, keyboardViewType=HEADER keyboardView=com.google.android.libraries.inputmethod.widgets.SoftKeyboardView{d692549 V.E...... ........ 0,0-1080,116 aid=20}
05-05 07:17:09.000 11432 11432 I BaseKeyboardSizeHelper: BaseKeyboardSizeHelper.calculateMaxKeyboardBodyHeight():73 leave 281 height for app when ime window height:2211, header height:116 and isFullscreenMode:false, so the max keyboard body height is:1814
05-05 07:17:09.000 11432 11432 I GoogleInputMethodService: GoogleInputMethodService$1.onKeyboardViewShown():338 onKeyboardViewShown: keyboardType=prime, keyboardViewType=BODY keyboardView=com.google.android.libraries.inputmethod.widgets.SoftKeyboardView{a98c5b1 V.E...... ........ 0,0-1080,641 aid=102}
05-05 07:17:09.001 11432 11432 I BaseKeyboardSizeHelper: BaseKeyboardSizeHelper.calculateMaxKeyboardBodyHeight():73 leave 281 height for app when ime window height:2211, header height:116 and isFullscreenMode:false, so the max keyboard body height is:1814
05-05 07:17:09.001 11432 11432 I GlobeKeyExtension: GlobeKeyExtension$1.onKeyboardViewShown():76 maybeDisableLanguageSwitchKeyPref when the keyboard is shown
05-05 07:17:09.001 11432 11432 I GlobeKeyExtension: GlobeKeyExtension.maybeDisableLanguageSwitchKeyPref():210 maybeDisableLanguageSwitchKeyPref hasGlobeKeyBeenDisabled: true, shouldDisableLanguageSwitchKey: true
05-05 07:17:09.002 11432 11432 I NewLanguagePromptExtension: NewLanguagePromptExtension$1.onKeyboardViewShown():98 Not show new language banner: no change in enabled input method entries
05-05 07:17:09.002 11432 11432 I DynamicLayoutHandler: DynamicLayoutHandler.loadDynamicKeys():92 This isn't a dynamic layout.
05-05 07:17:09.003  8198  8201 W .gms.persistent: Missing inline cache for iqce bgaj.b(android.content.Context, byte[], int[], java.lang.String[], int[], byte[][], com.google.android.gms.phenotype.ExperimentTokens[], boolean, java.lang.String[], java.lang.String, boolean, java.lang.String, double, ewyk, bfzt)
05-05 07:17:09.004 11432 11432 I KeyboardModeUtils: KeyboardModeUtils.getKeyboardBottomOffset():432 inch: 0.000000 ydpi: 420.000000 adjustKeyboardBottomByDisplaySize: false currentDensityDpi: 420 defaultDensityDpi: 420 keyboardBottomToScreenPx: 0 keyboardBottomToNavBarPx: -126 navBarHeight: 126
05-05 07:17:09.004 11432 11432 I BaseKeyboardSizeHelper: BaseKeyboardSizeHelper.calculateMaxKeyboardBodyHeight():73 leave 281 height for app when ime window height:2211, header height:116 and isFullscreenMode:false, so the max keyboard body height is:1814
05-05 07:17:09.004  8198  8201 W .gms.persistent: Missing inline cache for iqce bgaj.b(android.content.Context, byte[], int[], java.lang.String[], int[], byte[][], com.google.android.gms.phenotype.ExperimentTokens[], boolean, java.lang.String[], java.lang.String, boolean, java.lang.String, double, ewyk, bfzt)
05-05 07:17:09.004  8198  8201 W .gms.persistent: Missing inline cache for iqce bgaj.b(android.content.Context, byte[], int[], java.lang.String[], int[], byte[][], com.google.android.gms.phenotype.ExperimentTokens[], boolean, java.lang.String[], java.lang.String, boolean, java.lang.String, double, ewyk, bfzt)
05-05 07:17:09.004 11432 11432 I BaseKeyboardSizeHelper: BaseKeyboardSizeHelper.calculateMaxKeyboardBodyHeight():73 leave 281 height for app when ime window height:2211, header height:116 and isFullscreenMode:false, so the max keyboard body height is:1814
05-05 07:17:09.005  8198  8201 W .gms.persistent: Missing inline cache for iqce bgaj.b(android.content.Context, byte[], int[], java.lang.String[], int[], byte[][], com.google.android.gms.phenotype.ExperimentTokens[], boolean, java.lang.String[], java.lang.String, boolean, java.lang.String, double, ewyk, bfzt)
05-05 07:17:09.005  8198  8201 W .gms.persistent: Missing inline cache for iqce bgaj.b(android.content.Context, byte[], int[], java.lang.String[], int[], byte[][], com.google.android.gms.phenotype.ExperimentTokens[], boolean, java.lang.String[], java.lang.String, boolean, java.lang.String, double, ewyk, bfzt)
05-05 07:17:09.005  8198  8201 W .gms.persistent: Missing inline cache for iqce bgaj.b(android.content.Context, byte[], int[], java.lang.String[], int[], byte[][], com.google.android.gms.phenotype.ExperimentTokens[], boolean, java.lang.String[], java.lang.String, boolean, java.lang.String, double, ewyk, bfzt)
05-05 07:17:09.008 11432 11432 W TooltipLifecycleManager: TooltipLifecycleManager.dismissTooltips():153 Tooltip with id spell_check_add_to_dictionary not found in tooltipManager.
05-05 07:17:09.009 11432 11432 W InputContextProxy: InputContextProxy.applyClientDiffInternal():933 Ignore [FetchSuggestions] diff due to stale request: 21<25, inputStateId=8, lastInputStateId=8
05-05 07:17:09.017 11432 11432 I StylusEducationPopupDialog: StylusEducationPopupDialog.showFirstTimeEducation():91 First time education not shown for null
05-05 07:17:09.025 11432 11486 I Delight5Decoder: Delight5DecoderWrapper.setKeyboardLayout():552 setKeyboardLayout()
05-05 07:17:09.043   526   552 W skia    : AGTM parsing failed flags.readFromStream(s) at 159
05-05 07:17:09.043 11432 11486 I Delight5Decoder: Delight5DecoderWrapper.setKeyboardLayout():552 setKeyboardLayout()
05-05 07:17:09.048 11432 11432 I KeyboardModeUtils: KeyboardModeUtils.getKeyboardBottomOffset():432 inch: 0.000000 ydpi: 420.000000 adjustKeyboardBottomByDisplaySize: false currentDensityDpi: 420 defaultDensityDpi: 420 keyboardBottomToScreenPx: 0 keyboardBottomToNavBarPx: -126 navBarHeight: 126
05-05 07:17:09.048 11432 11432 I BaseKeyboardSizeHelper: BaseKeyboardSizeHelper.calculateMaxKeyboardBodyHeight():73 leave 281 height for app when ime window height:2211, header height:116 and isFullscreenMode:false, so the max keyboard body height is:1814
05-05 07:17:09.048 11432 11432 I BaseKeyboardSizeHelper: BaseKeyboardSizeHelper.calculateMaxKeyboardBodyHeight():73 leave 281 height for app when ime window height:2211, header height:116 and isFullscreenMode:false, so the max keyboard body height is:1814
05-05 07:17:09.063 11227 11227 D VRI[InternalGoogleAppActivityEntrypoint]: WindowInsets changed: ime:[0,0,0,883] 
05-05 07:17:09.076  8673  9169 W ContentCaptureEvent: Text is not a SpannableString.
05-05 07:17:09.077  8673  8673 W AiAiVC  : Unexpected capture event type: 11
05-05 07:17:09.308   526   552 W skia    : AGTM parsing failed flags.readFromStream(s) at 159
05-05 07:17:09.419 11227 11227 I ImeTracker: com.google.android.googlequicksearchbox:a26b3a83: onShown
05-05 07:17:09.634   526   552 W skia    : AGTM parsing failed flags.readFromStream(s) at 159
05-05 07:17:09.634   526   552 W skia    : AGTM parsing failed flags.readFromStream(s) at 159
05-05 07:17:09.669   526   552 W skia    : AGTM parsing failed flags.readFromStream(s) at 159
05-05 07:17:09.669   526   552 W skia    : AGTM parsing failed flags.readFromStream(s) at 159
05-05 07:17:09.774  1058  1199 D SatelliteController: isInCarrierRoamingNbIotNtn: satellite is disabled
05-05 07:17:09.774  1058  1199 D SatelliteController: getCarrierRoamingNtnConnectType: Checking connect type from PLMN config for subId: 1
05-05 07:17:09.774  1058  1199 D TelephonyConfigUpdateInstallReceiver: getConfigParser: domain=satellite
05-05 07:17:09.774  1058  1199 V SatelliteController: satelliteConfigParser is not ready
05-05 07:17:09.774  1058  1199 D SatelliteController: isSatelliteAttachSupportedViaConfigupdater: return null (satelliteConfig is null)
05-05 07:17:09.777  1058  1199 D SatelliteController: getSatellitePerPlmnConfiguration: invalid subId or not supported via carrier.
05-05 07:17:09.777  1058  1199 D SatelliteController: getCarrierRoamingNtnConnectType: config: null
05-05 07:17:09.777  1058  1199 D TelephonyConfigUpdateInstallReceiver: getConfigParser: domain=satellite
05-05 07:17:09.777  1058  1199 V SatelliteController: satelliteConfigParser is not ready
05-05 07:17:09.777  1058  1199 D SatelliteController: getCarrierRoamingNtnConnectTypeViaConfigUpdater: return null (satelliteConfig is null)
05-05 07:17:09.777  1058  1199 D SatelliteController: getCarrierRoamingNtnConnectType: Falling back to global carrier config connect type: 0
05-05 07:17:09.777  1058  1199 D TelephonyConfigUpdateInstallReceiver: getConfigParser: domain=satellite
05-05 07:17:09.777  1058  1199 V SatelliteController: satelliteConfigParser is not ready
05-05 07:17:09.777  1058  1199 D SatelliteController: isSatelliteAttachSupportedViaConfigupdater: return null (satelliteConfig is null)
05-05 07:17:09.778  1058  1199 D SatelliteController: getCarrierRoamingNtnConnectType: Checking connect type from PLMN config for subId: 1
05-05 07:17:09.778  1058  1199 D TelephonyConfigUpdateInstallReceiver: getConfigParser: domain=satellite
05-05 07:17:09.803  1058  1199 V SatelliteController: satelliteConfigParser is not ready
05-05 07:17:09.803  1058  1199 D SatelliteController: isSatelliteAttachSupportedViaConfigupdater: return null (satelliteConfig is null)
05-05 07:17:09.804  1058  1199 D SatelliteController: getSatellitePerPlmnConfiguration: invalid subId or not supported via carrier.
05-05 07:17:09.804  1058  1199 D SatelliteController: getCarrierRoamingNtnConnectType: config: null
05-05 07:17:09.804  1058  1199 D TelephonyConfigUpdateInstallReceiver: getConfigParser: domain=satellite
05-05 07:17:09.804  1058  1199 V SatelliteController: satelliteConfigParser is not ready
05-05 07:17:09.804  1058  1199 D SatelliteController: getCarrierRoamingNtnConnectTypeViaConfigUpdater: return null (satelliteConfig is null)
05-05 07:17:09.804  1058  1199 D SatelliteController: getCarrierRoamingNtnConnectType: Falling back to global carrier config connect type: 0
05-05 07:17:09.804  1058  1199 D TelephonyConfigUpdateInstallReceiver: getConfigParser: domain=satellite
05-05 07:17:09.804  1058  1199 V SatelliteController: satelliteConfigParser is not ready
05-05 07:17:09.805  1058  1199 D SatelliteController: isSatelliteAttachSupportedViaConfigupdater: return null (satelliteConfig is null)
05-05 07:17:09.862   526   552 W skia    : AGTM parsing failed flags.readFromStream(s) at 159
05-05 07:17:09.863   526   552 W skia    : AGTM parsing failed flags.readFromStream(s) at 159
05-05 07:17:10.121   680   827 I HalDevMgr: bestIfaceCreationProposal is null, requestIface=STA, existingIface=[name=wlan0 type=STA]
05-05 07:17:10.401   526   552 W skia    : AGTM parsing failed flags.readFromStream(s) at 159
05-05 07:17:10.401   526   552 W skia    : AGTM parsing failed flags.readFromStream(s) at 159
05-05 07:17:10.920   526   552 W skia    : AGTM parsing failed flags.readFromStream(s) at 159
05-05 07:17:10.920   526   552 W skia    : AGTM parsing failed flags.readFromStream(s) at 159
05-05 07:17:11.407   526   552 W skia    : AGTM parsing failed flags.readFromStream(s) at 159
05-05 07:17:11.407   526   552 W skia    : AGTM parsing failed flags.readFromStream(s) at 159
05-05 07:17:11.454   680  1645 E TaskPersister: File error accessing recents directory (directory doesn't exist?).
05-05 07:17:11.867   526   552 W skia    : AGTM parsing failed flags.readFromStream(s) at 159
05-05 07:17:11.867   526   552 W skia    : AGTM parsing failed flags.readFromStream(s) at 159
05-05 07:17:12.036   538   538 I adbd    : adbd service requested 'shell,v2,raw:am start -n com.senthapps.slagrimarket/.MainActivity'
05-05 07:17:12.086   680  1606 W ActivityTaskManager: callingPackage for (uid=2000, pid=12081) has no WPC
05-05 07:17:12.088   680  1606 V GrammaticalInflectionUtils: AttributionSource: android.content.AttributionSource@86dea802 does not have READ_SYSTEM_GRAMMATICAL_GENDER permission.
05-05 07:17:12.094 10764 10764 D RecentsView: onTaskDisplayChanged: 14, new displayId = 0
05-05 07:17:12.098   526  1205 I libbinder.BpBinder: onLastStrongRef automatically unlinking death recipients for binder (0x78275186b3b0) with descriptor: '(not cached)'
05-05 07:17:12.107   680  1878 D CompatChangeReporter: Compat change id reported: 377864165; UID 10228; state: ENABLED
05-05 07:17:12.109   680  1606 V ActivityTaskManager: TaskLaunchParamsModifier: phase=3 task=Task{1b9c028 #14 type=standard A=10228:com.senthapps.slagrimarket} activity=ActivityRecord{185413195 u0 com.senthapps.slagrimarket/.MainActivity t-1} display-from-task=0 display-id=0 task-display-area-windowing-mode=1 suggested-display-area=DefaultTaskDisplayArea@116191686 inherit-from-task=fullscreen non-freeform-task-display-area display-area=DefaultTaskDisplayArea@116191686 skip-bounds-fullscreen
05-05 07:17:12.109   680  1606 I ActivityTaskManager: START u0 {flg=0x10000000 xflg=0x5 cmp=com.senthapps.slagrimarket/.MainActivity} with LAUNCH_MULTIPLE from uid 2000 (com.android.shell) (BAL_ALLOW_PERMISSION) result code=0
05-05 07:17:12.110   680   703 V GrammaticalInflectionUtils: AttributionSource: android.content.AttributionSource@86dea802 does not have READ_SYSTEM_GRAMMATICAL_GENDER permission.
05-05 07:17:12.135   930   978 V WindowManagerShell: Transition requested (#46): android.os.BinderProxy@9be077b TransitionRequestInfo { type = OPEN, triggerTask = TaskInfo{userId=0 taskId=14 effectiveUid=10228 displayId=0 isRunning=true baseIntent=Intent { flg=0x10000000 cmp=com.senthapps.slagrimarket/.MainActivity } baseActivity=ComponentInfo{com.senthapps.slagrimarket/com.senthapps.slagrimarket.MainActivity} topActivity=ComponentInfo{com.senthapps.slagrimarket/com.senthapps.slagrimarket.MainActivity} origActivity=null realActivity=ComponentInfo{com.senthapps.slagrimarket/com.senthapps.slagrimarket.MainActivity} realActivityIsAppLockEnabled=false numActivities=1 lastActiveTime=739301 supportsMultiWindow=true supportsMultiWindowWithoutConstraints=true resizeMode=1 isResizeable=true minWidth=-1 minHeight=-1 defaultMinSize=220 token=WCT{android.os.BinderProxy@52d998} topActivityType=1 pictureInPictureParams=null shouldDockBigOverlays=false launchIntoPipHostTaskId=-1 lastParentTaskIdBeforePip=-1 displayCutoutSafeInsets=Rect(0, 0 - 0, 0) topActivityInfo=ActivityInfo{52325f1 com.senthapps.slagrimarket.MainActivity} launchCookies=[] positionInParent=Point(0, 0) parentTaskId=-1 isFocused=false isInteractive=false isVisible=false isVisibleRequested=false isTopActivityNoDisplay=false isSleeping=false locusId=null displayAreaFeatureId=1 isTopActivityTransparent=false isActivityStackTransparent=false lastNonFullscreenBounds=null leafTaskBoundsFromOptions= false capturedLink=null capturedLinkTimestamp=0 requestedVisibleTypes=503 topActivityRequestOpenInBrowserEducationTimestamp=0 appCompatTaskInfo=AppCompatTaskInfo { topActivityInSizeCompat=false isLeafTask= true eligibleForLetterboxEducation= false isLetterboxEducationEnabled= true isLetterboxDoubleTapEnabled= false eligibleForUserAspectRatioButton= false topActivityBoundsLetterboxed= false isFromLetterboxDoubleTap= false topActivityLetterboxVerticalPosition= -1 topActivityLetterboxHorizontalPosition= -1 topActivityLetterboxWidth=-1 topActivityLetterboxHeight=-1 topActivityAppBounds=Rect(0, 0 - 1080, 2400) isUserFullscreenOverrideEnabled=false isSystemFullscreenOverrideEnabled=false hasMinAspectRatioOverride=false topActivityLetterboxBounds=null topNonResizableActivityAspectRatio=-1.0} topActivityMainWindowFrame=null isAppBubble=false}, pipChange = null, remoteTransitionInfo = null, displayChanges = null, requestedLocation = null, userChange = null, windowingLayerChange = null, fullscreenRequestChange = null, flags = 0, debugId = 46 }
05-05 07:17:12.137   930   978 W DisconnectHandler: No disconnect change found in the transition, not handling request.
05-05 07:17:12.137   930   978 V ShellDesktopMode: DesktopTasksController: skipping handleRequest reason=triggerTask's display doesn't support desktop mode
05-05 07:17:12.137   930   978 D ShellSplitScreen: logExit: no-op, mLoggerSessionId is null
05-05 07:17:12.149   460   460 D Zygote  : Forked child process 12084
05-05 07:17:12.152   680  1878 D CompatChangeReporter: Compat change id reported: 463899193; UID 10228; state: ENABLED
05-05 07:17:12.154   680  1878 W InputChannel-JNI: Channel already disposed.
05-05 07:17:12.162   680   711 W ActivityManager: Slow operation: 52ms so far, now at startProcess: done updating battery stats
05-05 07:17:12.162   680   711 W ActivityManager: Slow operation: 53ms so far, now at startProcess: building log message
05-05 07:17:12.162   680   711 I ActivityManager: Start proc 12084:com.senthapps.slagrimarket/u0a228 for next-top-activity {com.senthapps.slagrimarket/com.senthapps.slagrimarket.MainActivity}
05-05 07:17:12.163   680   711 W ActivityManager: Slow operation: 53ms so far, now at startProcess: starting to update pids map
