05-05 07:16:53.803 11981 12023 D WM-ForceStopRunnable: Application was force-stopped, rescheduling.
05-05 07:16:53.839 11981 12017 D LeakCanary: LeakCanary is running and ready to detect memory leaks.
05-05 07:16:53.846 11981 12023 D WM-SystemJobScheduler: Scheduling work ID 4e67fdd3-8689-422b-b6e7-e49f21742df0Job ID 0
05-05 07:16:53.861   680   901 I BroadcastQueue: BOOT_COMPLETED_BROADCAST_COMPLETION_LATENCY_REPORTED action:android.intent.action.BOOT_COMPLETED dispatchLatency:4 completeLatency:3211 dispatchRealLatency:4 completeRealLatency:3211 receiversSize:1 userId:0 userType:android.os.usertype.full.SYSTEM
05-05 07:16:53.942 11981 12033 D WM-PackageManagerHelper: Skipping component enablement for androidx.work.impl.background.systemalarm.RescheduleReceiver
05-05 07:16:53.947 11981 11981 D CompatChangeReporter: Compat change id reported: 377864165; UID 10228; state: ENABLED
05-05 07:16:54.013 11981 12024 I GFXSTREAM: [eglDisplay.cpp(297)] Opening libGLESv1_CM_emulation.so
05-05 07:16:54.020 11981 12024 I GFXSTREAM: [eglDisplay.cpp(297)] Opening libGLESv2_emulation.so
05-05 07:16:54.072 11981 12024 W libc    : Access denied finding property "vendor.mesa.virtgpu.kumquat"
05-05 07:16:54.077 11981 12014 I FA      : Tag Manager is not found and thus will not be used
05-05 07:16:54.081   680   901 D FileUtils: Rounded bytes from 2061815808 to 4000000000
05-05 07:16:54.091 11981 12024 W HWUI    : Failed to initialize 101010-2 format, error = EGL_SUCCESS
05-05 07:16:54.124 11981 11981 I ps.slagrimarket: hiddenapi: Accessing hidden field Lcom/android/internal/policy/DecorView;->mWindow:Lcom/android/internal/policy/PhoneWindow; (runtime_flags=0, domain=platform, api=unsupported) from Lcurtains/internal/WindowSpy$windowField$2; (domain=app, TargetSdkVersion=36) using reflection: allowed
05-05 07:16:54.127 11981 11981 W HWUI    : Unknown dataspace 0
05-05 07:16:54.159   680   695 W InputChannel-JNI: Channel already disposed.
05-05 07:16:54.211 11981 11981 D WindowOnBackDispatcher: setTopOnBackInvokedCallback (unwrapped): android.app.Activity$$ExternalSyntheticLambda0@12c42ec
05-05 07:16:54.211   680   901 D CoreBackPreview: Window{912d2c0 u0 com.senthapps.slagrimarket/com.senthapps.slagrimarket.MainActivity}: Setting back callback OnBackInvokedCallbackInfo{mCallback=android.window.IOnBackInvokedCallback$Stub$Proxy@bd8299f, mPriority=-1, mIsAnimationCallback=false, mOverrideBehavior=0}
05-05 07:16:54.213 11981 12043 W libc    : Access denied finding property "vendor.mesa.virtgpu.kumquat"
05-05 07:16:54.243   526   552 W skia    : AGTM parsing failed flags.readFromStream(s) at 159
05-05 07:16:54.671 11981 11981 D ComposableSingletons$MainActivityKt$lambda-1: ⚠️  Auth bypassed in debug build
05-05 07:16:55.072   680   827 I HalDevMgr: bestIfaceCreationProposal is null, requestIface=STA, existingIface=[name=wlan0 type=STA]
05-05 07:16:55.082  1019  1147 D IpClient/wlan0: interfaceLinkStateChanged: ifindex 16 up
05-05 07:16:55.092  1019  1147 D IpClient/wlan0: interfaceLinkStateChanged: ifindex 16 up
05-05 07:16:55.215   332  7245 I keystore2: system/security/keystore2/src/database.rs:1206 - Setting synchronous=EXTRA
05-05 07:16:55.621 11981 12020 D AuthRepository$logAuthenticationState: ⚠️ No authenticated user - login required
05-05 07:16:55.641 11981 12020 D AuthRepository: 🔧 DEBUG: Persisted debug user to database for FK constraints
05-05 07:16:55.757 11981 11981 D SyncManager: Periodic sync work enqueued
05-05 07:16:55.939 11981 11981 D VRI[MainActivity]: WindowInsets changed: 1080x2400 statusBars:[0,63,0,0] navigationBars:[0,0,0,63] ime:[0,0,0,883] mandatorySystemGestures:[0,63,0,84] 
05-05 07:16:55.996 11981 11981 I HWUI    : Using FreeType backend (prop=Auto)
05-05 07:16:56.143   680   901 D WindowManager: setClientSurface Surface(name=VRI-com.senthapps.slagrimarket/com.senthapps.slagrimarket.MainActivity#392)/@0xd2cceb5 for 912d2c0 com.senthapps.slagrimarket/com.senthapps.slagrimarket.MainActivity
05-05 07:16:56.153 11981 11981 I Surface : Creating surface for consumer unnamed-11981-0 with slotExpansion=1 for 64 slots
05-05 07:16:56.157 11981 11981 I Surface : Creating surface for consumer VRI[MainActivity]#0(BLAST Consumer)0 with slotExpansion=1 for 64 slots
05-05 07:16:56.410   526   552 W skia    : AGTM parsing failed flags.readFromStream(s) at 159
05-05 07:16:57.271 11981 12051 E SurfaceSyncGroup: Failed to receive transaction ready in 1000ms. Marking SurfaceSyncGroup(wmsSync-VRI[MainActivity]#0) as ready
05-05 07:16:57.274 11981 12051 E SurfaceSyncGroup: Failed to receive transaction ready in 1000ms. Marking SurfaceSyncGroup(VRI[MainActivity]#1) as ready
05-05 07:16:57.282   680   700 I ActivityTaskManager: Displayed com.senthapps.slagrimarket/.MainActivity for user 0: +6s951ms
05-05 07:16:57.640   526   552 W skia    : AGTM parsing failed flags.readFromStream(s) at 159
05-05 07:16:58.032 11981 11981 D JaffnaMarketplaceApplication: 🔧 DEBUG: Firebase anonymous auth not available (enable in Firebase Console if needed): An internal error has occurred. [ CONFIGURATION_NOT_FOUND ]
05-05 07:16:58.080 11981 11981 I Choreographer: Skipped 227 frames!  The application may be doing too much work on its main thread.
05-05 07:16:58.090   680   827 I HalDevMgr: bestIfaceCreationProposal is null, requestIface=STA, existingIface=[name=wlan0 type=STA]
05-05 07:16:58.111   930  1047 W FrameTracker: Missed App frame:jankTypeLegacy: UNKNOWN: 3, jankTypeExperimental: UNKNOWN: 3, vsyncId: 32855, totalDuration: 60022984, CUJ=J<SPLASHSCREEN_EXIT_ANIM>
05-05 07:16:58.111   930  1047 W FrameTracker: Missed SF frame:jankTypeLegacy: UNKNOWN: 3, jankTypeExperimental: UNKNOWN: 3, vsyncId: 32855, totalDuration: 60022984, CUJ=J<SPLASHSCREEN_EXIT_ANIM>
05-05 07:16:58.112   930  1047 W FrameTracker: Missed App frame:jankTypeLegacy: UNKNOWN: 3, jankTypeExperimental: UNKNOWN: 3, vsyncId: 32870, totalDuration: 170059420, CUJ=J<SPLASHSCREEN_EXIT_ANIM>
05-05 07:16:58.112   930  1047 W FrameTracker: Missed SF frame:jankTypeLegacy: UNKNOWN: 3, jankTypeExperimental: UNKNOWN: 3, vsyncId: 32870, totalDuration: 170059420, CUJ=J<SPLASHSCREEN_EXIT_ANIM>
05-05 07:16:58.112   930  1047 W FrameTracker: Missed App frame:jankTypeLegacy: UNKNOWN: 3, jankTypeExperimental: JANK_COMPOSER, vsyncId: 32877, totalDuration: 215066984, CUJ=J<SPLASHSCREEN_EXIT_ANIM>
05-05 07:16:58.112   930  1047 W FrameTracker: Missed SF frame:jankTypeLegacy: UNKNOWN: 3, jankTypeExperimental: JANK_COMPOSER, vsyncId: 32877, totalDuration: 215066984, CUJ=J<SPLASHSCREEN_EXIT_ANIM>
05-05 07:16:58.112   930  1047 W FrameTracker: Missed App frame:jankTypeLegacy: UNKNOWN: 3, jankTypeExperimental: JANK_COMPOSER, vsyncId: 32892, totalDuration: 113102438, CUJ=J<SPLASHSCREEN_EXIT_ANIM>
05-05 07:16:58.112   930  1047 W FrameTracker: Missed SF frame:jankTypeLegacy: UNKNOWN: 3, jankTypeExperimental: JANK_COMPOSER, vsyncId: 32892, totalDuration: 113102438, CUJ=J<SPLASHSCREEN_EXIT_ANIM>
05-05 07:16:58.112   930  1047 W FrameTracker: Missed App frame:jankTypeLegacy: UNKNOWN: 3, jankTypeExperimental: UNKNOWN: 3, vsyncId: 32900, totalDuration: 230376392, CUJ=J<SPLASHSCREEN_EXIT_ANIM>
05-05 07:16:58.112   930  1047 W FrameTracker: Missed SF frame:jankTypeLegacy: UNKNOWN: 3, jankTypeExperimental: UNKNOWN: 3, vsyncId: 32900, totalDuration: 230376392, CUJ=J<SPLASHSCREEN_EXIT_ANIM>
05-05 07:16:58.112   930  1047 W FrameTracker: Missed App frame:jankTypeLegacy: UNKNOWN: 3, jankTypeExperimental: UNKNOWN: 3, vsyncId: 32907, totalDuration: 255142435, CUJ=J<SPLASHSCREEN_EXIT_ANIM>
05-05 07:16:58.112   930  1047 W FrameTracker: Missed SF frame:jankTypeLegacy: UNKNOWN: 3, jankTypeExperimental: UNKNOWN: 3, vsyncId: 32907, totalDuration: 255142435, CUJ=J<SPLASHSCREEN_EXIT_ANIM>
05-05 07:16:58.163   526   552 W skia    : AGTM parsing failed flags.readFromStream(s) at 159
05-05 07:16:58.163   526   552 W skia    : AGTM parsing failed flags.readFromStream(s) at 159
05-05 07:16:58.185 11981 11991 I HWUI    : Davey! duration=3847ms; Flags=1, FrameTimelineVsyncId=32809, IntendedVsync=721350251560, Vsync=721400251555, InputEventId=0, HandleInputStart=721401317251, AnimationStart=721401328050, PerformTraversalsStart=721401336057, DrawStart=723465098416, FrameDeadline=721366918226, FrameStartTime=721400901350, FrameInterval=16666665, WorkloadTarget=16666666, AnimationTime=721400251555, SyncQueued=723500390374, SyncStart=723501530847, IssueDrawCommandsStart=723501820375, SwapBuffers=724814422140, FrameCompleted=725199149072, DequeueBufferDuration=8670, QueueBufferDuration=970318, GpuCompleted=725199004620, SwapBuffersCompleted=725199149072, DisplayPresentTime=0, CommandSubmissionCompleted=724814422140, 
05-05 07:16:58.199   680   795 I ImeTracker: com.senthapps.slagrimarket:7530c049: onRequestHide at ORIGIN_SERVER reason HIDE_UNSPECIFIED_WINDOW fromUser false userId 0 displayId 0
05-05 07:16:58.212   680   901 D InputMethodManagerService: Attach new input but force hide
05-05 07:16:58.212   680   901 I ImeTracker: com.senthapps.slagrimarket:26f4c605: onRequestHide at ORIGIN_SERVER reason HIDE_SOFT_INPUT fromUser false userId 0 displayId 0
05-05 07:16:58.214   680   901 W ProcessStats: Tracking association SourceState{e4d5d52 com.senthapps.slagrimarket/10228 BTop #3987} whose proc state 2 is better than process ProcessState{a4b5db2 com.google.android.gms/10225 pkg=com.google.android.gms} proc state 6 (37 skipped)
05-05 07:16:58.215   680   901 W InputChannel-JNI: Channel already disposed.
05-05 07:16:58.217   680   901 I ImeTracker: system_server:22d8c4ea: onRequestHide at ORIGIN_SERVER reason IME_REQUESTED_CHANGED_LISTENER fromUser false displayId 0
05-05 07:16:58.217 11432 11432 I GoogleInputMethodService: GoogleInputMethodService.onFinishInputView():1648 onFinishInputView(true)
05-05 07:16:58.219 11432 11432 I GlobeKeyExtension: GlobeKeyExtension.onDeactivate():153 
05-05 07:16:58.220 11432 11432 W TooltipLifecycleManager: TooltipLifecycleManager.dismissTooltips():153 Tooltip with id spell_check_add_to_dictionary not found in tooltipManager.
05-05 07:16:58.221 11432 11432 I VoiceInputManagerWrapper: VoiceInputManagerWrapper.shutdown():131 shutdown()
05-05 07:16:58.224 11227 11227 I bxth    : (REDACTED) maxRoundTripTimeMs: %s, totalRoundTripTimeMs: %s
05-05 07:16:58.226 11432 11432 I InputBundle: InputBundle.consumeEvent():1041 Skip consuming an event as keyboard status is INACTIVE
05-05 07:16:58.234 11432 11432 E native  : E0000 00:00:1777990618.234319   11432 key-correction-manager.cc:356] User feature cache is not ready for key correction!
05-05 07:16:58.234 11432 11432 I AndroidIME: AbstractIme.onDeactivate():213 LatinIme.onDeactivate()
05-05 07:16:58.237 11432 11432 I PrimesLoggerHolder: FrameMetricServiceImpl.stopAsFuture():213 Measurement not found: OnConfigurationChanged
05-05 07:16:58.237 11432 11432 I GoogleInputMethodService: GoogleInputMethodService.onFinishInput():2159 
05-05 07:16:58.246 11432 11432 I Module  : DeviceLockedStatusModuleProvider$Module.updateDeviceLockedStatus():103 repeatCheckTimes = 0, locked = false
05-05 07:16:58.247 11432 11432 D ImeBackCallbackSender: Unregister OnBackInvokedCallback at app window (packageName=com.google.android.googlequicksearchbox)
05-05 07:16:58.248 11432 11432 I GoogleInputMethodService: GoogleInputMethodService.onStartInput():1434 onStartInput(EditorInfo{EditorInfo{packageName=com.senthapps.slagrimarket, inputType=0, inputTypeString=NULL, enableLearning=false, autoCorrection=false, autoComplete=false, imeOptions=0, privateImeOptions=null, actionName=UNSPECIFIED, actionLabel=null, initialSelStart=-1, initialSelEnd=-1, initialCapsMode=0, label=null, fieldId=0, fieldName=null, extras=null, hintText=null, hintLocales=[]}}, false)
05-05 07:16:58.249 11432 11432 I AndroidIME: LatinIMEBase.updateInputViewCoverNavigation():312 Update input view padding, isNavbarOverInputWindow=true, bottom inset=126
05-05 07:16:58.252   930   978 D WindowManagerShell: PipDesktopState: isPipInDesktopMode isAnyDeskActive=false isDisplayDesktopFirst=false
05-05 07:16:58.256 11227 11227 D WindowOnBackDispatcher: setTopOnBackInvokedCallback (unwrapped): android.app.Activity$$ExternalSyntheticLambda0@b71eb58
05-05 07:16:58.259 11432 11432 I Module  : DeviceLockedStatusModuleProvider$Module.updateDeviceLockedStatus():103 repeatCheckTimes = 1, locked = false
05-05 07:16:58.260   680   901 D CoreBackPreview: Window{b030962 u0 com.google.android.googlequicksearchbox/com.google.android.googlequicksearchbox.InternalGoogleAppActivityEntrypoint}: Setting back callback OnBackInvokedCallbackInfo{mCallback=android.window.IOnBackInvokedCallback$Stub$Proxy@eeae37f, mPriority=-1, mIsAnimationCallback=false, mOverrideBehavior=0}
05-05 07:16:58.261 11432 11432 I GoogleInputMethodService: GoogleInputMethodService.onStartInputView():1519 onStartInputView(EditorInfo{EditorInfo{packageName=com.senthapps.slagrimarket, inputType=0, inputTypeString=NULL, enableLearning=false, autoCorrection=false, autoComplete=false, imeOptions=0, privateImeOptions=null, actionName=UNSPECIFIED, actionLabel=null, initialSelStart=-1, initialSelEnd=-1, initialCapsMode=0, label=null, fieldId=0, fieldName=null, extras=null, hintText=null, hintLocales=[]}}, false)
05-05 07:16:58.266 10600 11913 D AdvertisingIdClient: AdvertisingIdClient already created.
05-05 07:16:58.276 11227 11246 I dzra    : (REDACTED) AppFlow %s is about to be transmitted
05-05 07:16:58.278 11227 11262 I dzve    : onMoveToBackground
05-05 07:16:58.282 11432 11432 I KeyboardHeightUtil: KeyboardHeightUtil.getOemKeyboardHeightRatio():81 systemKeyboardHeightRatio:1.000000.
05-05 07:16:58.294  8198  8211 I FontLog : (REDACTED) Received query %s, URI %s
05-05 07:16:58.296  8198  8211 I FontLog : (REDACTED) Query [%s] resolved to %s
05-05 07:16:58.300  8198  8211 I FontLog : (REDACTED) Fetch %s end status %s
05-05 07:16:58.301   680   695 W PackageConfigPersister: App-specific configuration not found for packageName: com.senthapps.slagrimarket and userId: 0
05-05 07:16:58.302   680   704 I ImeTracker: system_server:64e7725: onRequestShow at ORIGIN_SERVER reason CONTROLS_CHANGED fromUser false displayId 0
05-05 07:16:58.304 11432 11457 W ModuleManager: ModuleManager.loadModule():634 Module pte is not available
05-05 07:16:58.304 11432 11457 I NebulaeTrainingCacheMetricsProcessor: NebulaeTrainingCacheMetricsProcessor.processEndSession():659 End training cache session: com.google.android.googlequicksearchbox_2131435932/
05-05 07:16:58.314 10600 11913 I AdvertisingIdClient: shouldSendLog 634411
05-05 07:16:58.314 10600 11913 I AdvertisingIdClient: GetInfoInternal elapse 48ms
05-05 07:16:58.321  8198  8211 I FontLog : (REDACTED) Pulling font file for id = %d, cache size = %d
05-05 07:16:58.365 11981 11992 I HWUI    : Davey! duration=3977ms; Flags=0, FrameTimelineVsyncId=32823, IntendedVsync=721483580352, Vsync=725266913534, InputEventId=0, HandleInputStart=725275135062, AnimationStart=725275136578, PerformTraversalsStart=725310418265, DrawStart=725310783674, FrameDeadline=725216917841, FrameStartTime=725274841168, FrameInterval=16666666, WorkloadTarget=16666666, AnimationTime=725266913534, SyncQueued=725347839806, SyncStart=725348076149, IssueDrawCommandsStart=725348276016, SwapBuffers=725403537309, FrameCompleted=725461188076, DequeueBufferDuration=6342, QueueBufferDuration=4346672, GpuCompleted=725461065270, SwapBuffersCompleted=725461188076, DisplayPresentTime=0, CommandSubmissionCompleted=725403537309, 
05-05 07:16:58.368   526   552 W skia    : AGTM parsing failed flags.readFromStream(s) at 159
05-05 07:16:58.404 11432 11457 W ModuleManager: ModuleManager.loadModule():634 Module pte is not available
05-05 07:16:58.415  8198  8211 I FontLog : (REDACTED) Pulling font file for id = %d, cache size = %d
05-05 07:16:58.439   526   552 W skia    : AGTM parsing failed flags.readFromStream(s) at 159
05-05 07:16:58.501  8198  8198 D BoundBrokerSvc: onRebind: Intent { act=com.google.android.gms.common.telemetry.service.START dat=chimera-action:/... xflg=0x4 cmp=com.google.android.gms/.chimera.PersistentApiService }
05-05 07:16:58.540   526   552 W skia    : AGTM parsing failed flags.readFromStream(s) at 159
05-05 07:16:58.763 11981 11981 D InsetsController: hide(ime())
05-05 07:16:58.764 11981 11981 I ImeTracker: com.senthapps.slagrimarket:7530c049: onCancelled at PHASE_CLIENT_ALREADY_HIDDEN
05-05 07:16:58.789 11432 11432 E InputConnectionWrapper: InputConnectionWrapper.waitForInputConnectionFutureInternal():1768 Failed to get the input connection call's result.
05-05 07:16:58.789 11432 11432 E InputConnectionWrapper: java.util.concurrent.TimeoutException: Waited 500 milliseconds (plus 4 milliseconds, 296062 nanoseconds delay) for uxu@1b67144[status=PENDING, info=[task=[running=[RUNNING ON ICWrapper-1], nak@fc9222d]]]
05-05 07:16:58.789 11432 11432 E InputConnectionWrapper: 	at uuv.s(PG:366)
05-05 07:16:58.789 11432 11432 E InputConnectionWrapper: 	at uun.get(PG:6)
05-05 07:16:58.789 11432 11432 E InputConnectionWrapper: 	at naz.f(PG:10)
05-05 07:16:58.789 11432 11432 E InputConnectionWrapper: 	at naz.u(PG:84)
05-05 07:16:58.789 11432 11432 E InputConnectionWrapper: 	at nbj.a(PG:86)
05-05 07:16:58.789 11432 11432 E InputConnectionWrapper: 	at nbm.j(PG:9)
05-05 07:16:58.789 11432 11432 E InputConnectionWrapper: 	at nbm.x(PG:4)
05-05 07:16:58.789 11432 11432 E InputConnectionWrapper: 	at naz.p(PG:27)
05-05 07:16:58.789 11432 11432 E InputConnectionWrapper: 	at nfl.ap(PG:3)
05-05 07:16:58.789 11432 11432 E InputConnectionWrapper: 	at ecd.u(PG:61)
05-05 07:16:58.789 11432 11432 E InputConnectionWrapper: 	at nfl.onStartInputView(PG:335)
05-05 07:16:58.789 11432 11432 E InputConnectionWrapper: 	at android.inputmethodservice.InputMethodService.doStartInput(InputMethodService.java:3409)
05-05 07:16:58.789 11432 11432 E InputConnectionWrapper: 	at android.inputmethodservice.InputMethodService$InputMethodImpl.startInput(InputMethodService.java:821)
05-05 07:16:58.789 11432 11432 E InputConnectionWrapper: 	at android.inputmethodservice.InputMethodService$InputMethodImpl.dispatchStartInput(InputMethodService.java:852)
05-05 07:16:58.789 11432 11432 E InputConnectionWrapper: 	at android.inputmethodservice.IInputMethodWrapper.executeMessage(IInputMethodWrapper.java:200)
05-05 07:16:58.789 11432 11432 E InputConnectionWrapper: 	at com.android.internal.os.HandlerCaller$MyHandler.handleMessage(HandlerCaller.java:44)
05-05 07:16:58.789 11432 11432 E InputConnectionWrapper: 	at android.os.Handler.dispatchMessageImpl(Handler.java:142)
05-05 07:16:58.789 11432 11432 E InputConnectionWrapper: 	at android.os.Handler.dispatchMessage(Handler.java:125)
05-05 07:16:58.789 11432 11432 E InputConnectionWrapper: 	at android.os.Looper.loopOnce(Looper.java:296)
05-05 07:16:58.789 11432 11432 E InputConnectionWrapper: 	at android.os.Looper.loop(Looper.java:397)
05-05 07:16:58.789 11432 11432 E InputConnectionWrapper: 	at android.app.ActivityThread.main(ActivityThread.java:9523)
05-05 07:16:58.789 11432 11432 E InputConnectionWrapper: 	at java.lang.reflect.Method.invoke(Native Method)
05-05 07:16:58.789 11432 11432 E InputConnectionWrapper: 	at com.android.internal.os.RuntimeInit$MethodAndArgsCaller.run(RuntimeInit.java:575)
05-05 07:16:58.789 11432 11432 E InputConnectionWrapper: 	at com.android.internal.os.ZygoteInit.main(ZygoteInit.java:939)
05-05 07:16:58.789 11432 11432 W InputConnectionWrapper: InputConnectionWrapper.recordDuration():1689 IPC IC_GET_SURROUNDING_TEXT took 506 ms
05-05 07:16:58.789 11432 11432 I InputContextChangeTracker: InputContextChangeTracker.fixLyingSelectionRangeFromSurroundingText():1678 fixLyingSelectionRangeFromSurroundingText(): [-1, -1]([-1, -1]) -> [0, 0]([0, 0])
05-05 07:16:58.790 11432 11432 I AndroidIME: InputBundleManager.loadActiveInputBundleId():531 loadActiveInputBundleId: und-Latn-x-password, password
05-05 07:16:58.791 11432 11432 I AndroidIME: AbstractIme.onActivate():95 PasswordIme.onActivate() : EditorInfo = EditorInfo{packageName=com.senthapps.slagrimarket, inputType=0, inputTypeString=NULL, enableLearning=false, autoCorrection=false, autoComplete=false, imeOptions=0, privateImeOptions=null, actionName=UNSPECIFIED, actionLabel=null, initialSelStart=-1, initialSelEnd=-1, initialCapsMode=0, label=null, fieldId=0, fieldName=null, extras=null, hintText=null, hintLocales=[]}, IncognitoMode = false, DeviceLocked = false
05-05 07:16:58.791 11432 11432 I KeyboardWrapper: KeyboardWrapper.activateKeyboard():582 activateKeyboard(): type=prime, status=INACTIVE, imeDef=nxy{stringId=password, language=und-Latn-x-password, languageTag=und-Latn-x-password, processedConditions={writing_helper_enable_by_word_revert=false, variant=qwerty, true=true, language=en-US, enable_number_row=true, device=phone, enable_number_row_in_password=true, enable_pk_simulator=false}, className=com.google.android.libraries.inputmethod.ime.password.PasswordIme, label=2132019337, keyEventInterpreter=null, inlineComposing=true, autoCapital=true, announceAutoSelectedCandidate=true, statusIcon=0, indicatorIcon=0, indicatorLabel=null, displayAppCompletions=false, extraValues=nxr{}, processors=nzr@8ed344, unacceptableMetaKeys=4098, languageSpecificSettings=0, asciiCapable=false, alwaysShowSuggestions=false, useAsciiPasswordKeyboard=false, keyboardGroupDef=nza@bc6dc2d, phenotypeFlagId=0, localizationLanguageTag=null, supportsInlineSuggestion=false}
05-05 07:16:58.791 11432 11432 I KeyboardManager: KeyboardManager.requestKeyboard():249 Creating keyboard prime, imeId=password, cacheKey=theme,!gsf,!pgsans,!pgsf,!use_system_font,BORDER,FLAVOR_DPI=XXHDPI,IS_LIGHT,KEYBOARD_WIDTH_CATEGORY=NORMAL,KEY_BORDER_SHAPE=1,LIGHT_THEME=true,PHYSICAL_DIAGONAL=6.1297245,POPUP,SCREEN_SHORTEST_WIDTH=411,SCREEN_SHORTEST_WIDTH_NO_SCALE=411,SW400DP,XXHDPI,bottom4dp,enable_popup_on_keypress=true,keyboard_redesign_google_sans=true,non_linear_scale,noshadow,overlay_builtin_dynamic_color_light_base.binarypb:gm3-light-fffaf8fe-ff4e5e8b-4fee5571778e92b08ff4c2d3d15b9d3f,silkpopup
05-05 07:16:58.792 11432 11432 I KeyboardWrapper: KeyboardWrapper.onKeyboardReady():224 onKeyboardReady(): type=null(prime), kb=com.google.android.apps.inputmethod.latin.keyboard.LatinPasswordKeyboard@dc2b429
05-05 07:16:58.792 11432 11432 I KeyboardWrapper: KeyboardWrapper.doActivateKeyboard():612 doActivateKeyboard(): prime
05-05 07:16:58.821 11981 11981 I ImeTracker: system_server:64e7725: onCancelled at PHASE_CLIENT_ON_CONTROLS_CHANGED
05-05 07:16:58.825 11981 12057 W AuthInterceptor: No access token available for request: http://10.0.2.2:3000/api/v1/activities?userId=debug_user_123&page=1&limit=50&sortBy=timestamp&sortOrder=desc&language=en
05-05 07:16:58.827 11981 11981 D VRI[MainActivity]: WindowInsets changed: ime:null 
05-05 07:16:58.837 11981 12057 I okhttp.OkHttpClient: --> GET http://10.0.2.2:3000/api/v1/activities?userId=debug_user_123&page=1&limit=50&sortBy=timestamp&sortOrder=desc&language=en
05-05 07:16:58.891 11981 12057 I okhttp.OkHttpClient: --> END GET
05-05 07:16:58.910 11432 11432 I KeyboardViewHelper: KeyboardViewHelper.getView():180 Get view with height ratio:1.000000
05-05 07:16:58.914   526   552 W skia    : AGTM parsing failed flags.readFromStream(s) at 159
05-05 07:16:59.003 11432 11432 I BaseKeyboardSizeHelper: BaseKeyboardSizeHelper.calculateMaxKeyboardBodyHeight():73 leave 281 height for app when ime window height:2211, header height:116 and isFullscreenMode:false, so the max keyboard body height is:1814
05-05 07:16:59.003 11432 11432 I SoftKeyboardView: SoftKeyboardView.setMaxHeight():1102 Set max keyboard height:1814.
05-05 07:16:59.004 11432 11432 W TooltipLifecycleManager: TooltipLifecycleManager.dismissTooltips():153 Tooltip with id undo_access_point_promotion_banner not found in tooltipManager.
05-05 07:16:59.007 11432 11432 I KeyboardModeUtils: KeyboardModeUtils.getKeyboardBottomOffset():432 inch: 0.000000 ydpi: 420.000000 adjustKeyboardBottomByDisplaySize: false currentDensityDpi: 420 defaultDensityDpi: 420 keyboardBottomToScreenPx: 0 keyboardBottomToNavBarPx: -126 navBarHeight: 126
05-05 07:16:59.007 11432 11432 I BaseKeyboardSizeHelper: BaseKeyboardSizeHelper.calculateMaxKeyboardBodyHeight():73 leave 281 height for app when ime window height:2211, header height:116 and isFullscreenMode:false, so the max keyboard body height is:1814
05-05 07:16:59.008 11432 11432 I BaseKeyboardSizeHelper: BaseKeyboardSizeHelper.calculateMaxKeyboardBodyHeight():73 leave 281 height for app when ime window height:2211, header height:116 and isFullscreenMode:false, so the max keyboard body height is:1814
05-05 07:16:59.008 11432 11432 I BaseKeyboardSizeHelper: BaseKeyboardSizeHelper.calculateMaxKeyboardBodyHeight():73 leave 281 height for app when ime window height:2211, header height:116 and isFullscreenMode:false, so the max keyboard body height is:1814
05-05 07:16:59.008 11432 11432 I BaseKeyboardSizeHelper: BaseKeyboardSizeHelper.calculateMaxKeyboardBodyHeight():73 leave 281 height for app when ime window height:2211, header height:116 and isFullscreenMode:false, so the max keyboard body height is:1814
05-05 07:16:59.009 11432 11432 I GlobeKeyExtension: GlobeKeyExtension.getKeyboardInitialStates():185 
05-05 07:16:59.009 11432 11432 W KeyboardDef: KeyboardDef.getKeyboardViewDef():739 KeyboardViewDef is not found: keyboardDef=nyt{processedConditions={show_comma_key=true, enable_more_candidates_view_for_multilingual=false, layout_9key_split=false, enable_secondary_symbols=false, pref_enable_flick_symbols=false, enable_scrub_move=true, language=en-US, deprecate_long_press_space_for_ime_picker=false, show_suggestion_strip=true, expressions=normal, android_software_xr_api_spatial=false, variant=qwerty, free_cursor=false, show_period_key=true, enable_number_row=true, device=phone, keyboard_mode=normal, show_secondary_digits=false, enable_pk_simulator=false, enable_preemptive_decode=true}, globalConditions={global_theme_key=theme,!gsf,!pgsans,!pgsf,!use_system_font,BORDER,FLAVOR_DPI=XXHDPI,IS_LIGHT,KEYBOARD_WIDTH_CATEGORY=NORMAL,KEY_BORDER_SHAPE=1,LIGHT_THEME=true,PHYSICAL_DIAGONAL=6.1297245,POPUP,SCREEN_SHORTEST_WIDTH=411,SCREEN_SHORTEST_WIDTH_NO_SCALE=411,SW400DP,XXHDPI,bottom4dp,enable_popup_on_keypress=true,keyboard_redesign_google_sans=true,non_linear_scale,noshadow,overlay_builtin_dynamic_color_light_base.binarypb:gm3-light-fffaf8fe-ff4e5e8b-4fee5571778e92b08ff4c2d3d15b9d3f,silkpopup, global_locale=en_US, global_density_dpi=420, global_orientation=1}, className=.latin.keyboard.LatinPasswordKeyboard, resourceIds=[#0x7f1705f9, #0x7f17088d, #0x7f1706b9], initialStates=0, keyboardViewDefs=[nzi{direction=null, id=#0x7f0b0226, isScalable=true, layoutId=#0x7f0e02b5, type=BODY, touchable=true, defaultShow=true}, nzi{direction=null, id=#0x7f0b0226, isScalable=false, layoutId=#0x7f0e0210, type=FLOATING_CANDIDATES, touchable=false, defaultShow=false}, nzi{direction=LOCALE, id=#0x7f0b0226, isScalable=false, layoutId=#0x7f0e0518, type=HEADER, touchable=true, defaultShow=true}], persistentStates=0, persistentStatesPrefKey=null, popupBubbleLayoutId=#0x7f0e0609, recentKeyLayoutId=#0x0, recentKeyPopupLayoutId=#0x0, recentKeyType=null, rememberRecentKey=NONE, sessionStates=17592186044419}, type=WIDGET, id=2131427878
05-05 07:16:59.010 11432 11432 W Keyboard: Keyboard.getKeyboardViewHelper():607 null helper is returned: keyboardDef=nyt{processedConditions={show_comma_key=true, enable_more_candidates_view_for_multilingual=false, layout_9key_split=false, enable_secondary_symbols=false, pref_enable_flick_symbols=false, enable_scrub_move=true, language=en-US, deprecate_long_press_space_for_ime_picker=false, show_suggestion_strip=true, expressions=normal, android_software_xr_api_spatial=false, variant=qwerty, free_cursor=false, show_period_key=true, enable_number_row=true, device=phone, keyboard_mode=normal, show_secondary_digits=false, enable_pk_simulator=false, enable_preemptive_decode=true}, globalConditions={global_theme_key=theme,!gsf,!pgsans,!pgsf,!use_system_font,BORDER,FLAVOR_DPI=XXHDPI,IS_LIGHT,KEYBOARD_WIDTH_CATEGORY=NORMAL,KEY_BORDER_SHAPE=1,LIGHT_THEME=true,PHYSICAL_DIAGONAL=6.1297245,POPUP,SCREEN_SHORTEST_WIDTH=411,SCREEN_SHORTEST_WIDTH_NO_SCALE=411,SW400DP,XXHDPI,bottom4dp,enable_popup_on_keypress=true,keyboard_redesign_google_sans=true,non_linear_scale,noshadow,overlay_builtin_dynamic_color_light_base.binarypb:gm3-light-fffaf8fe-ff4e5e8b-4fee5571778e92b08ff4c2d3d15b9d3f,silkpopup, global_locale=en_US, global_density_dpi=420, global_orientation=1}, className=.latin.keyboard.LatinPasswordKeyboard, resourceIds=[#0x7f1705f9, #0x7f17088d, #0x7f1706b9], initialStates=0, keyboardViewDefs=[nzi{direction=null, id=#0x7f0b0226, isScalable=true, layoutId=#0x7f0e02b5, type=BODY, touchable=true, defaultShow=true}, nzi{direction=null, id=#0x7f0b0226, isScalable=false, layoutId=#0x7f0e0210, type=FLOATING_CANDIDATES, touchable=false, defaultShow=false}, nzi{direction=LOCALE, id=#0x7f0b0226, isScalable=false, layoutId=#0x7f0e0518, type=HEADER, touchable=true, defaultShow=true}], persistentStates=0, persistentStatesPrefKey=null, popupBubbleLayoutId=#0x7f0e0609, recentKeyLayoutId=#0x0, recentKeyPopupLayoutId=#0x0, recentKeyType=null, rememberRecentKey=NONE, sessionStates=17592186044419}, type=WIDGET, helpersCreated={HEADER=njq@6ad12bc, BODY=njq@cce7245, FLOATING_CANDIDATES=njq@115dd9a}, context.getResources().getConfiguration(): {1.0 310mcc260mnc [en_US] ldltr sw411dp w411dp h914dp 420dpi nrml long compactNeeded port finger qwerty/v/v dpad/v winConfig={ mBounds=Rect(0, 0 - 1080, 2400) mAppBounds=Rect(0, 0 - 1080, 2400) mMaxBounds=Rect(0, 0 - 1080, 2400) mDisplayRotation=ROTATION_0 mWindowingMode=fullscreen mActivityType=undefined mAlwaysOnTop=undefined mRotation=ROTATION_0} s.9 fontWeightAdjustment=0}
05-05 07:16:59.010 11432 11432 I MotionEventHandlerManager: MotionEventHandlerManager.newHandlerInstance():562 Created handler instance from HiltMotionEventHandlerFactory com.google.android.libraries.inputmethod.motioneventhandler.BasicMotionEventHandler
05-05 07:16:59.010 11432 11432 I MotionEventHandlerManager: MotionEventHandlerManager.newHandlerInstance():562 Created handler instance from HiltMotionEventHandlerFactory .motioneventhandler.BasicMotionEventHandler
05-05 07:16:59.011 11432 11432 I MotionEventHandlerManager: MotionEventHandlerManager.newHandlerInstance():562 Created handler instance from HiltMotionEventHandlerFactory .motioneventhandler.scrubmove.ScrubDeleteMotionEventHandler
05-05 07:16:59.011 11432 11432 I MotionEventHandlerManager: MotionEventHandlerManager.newHandlerInstance():562 Created handler instance from HiltMotionEventHandlerFactory .motioneventhandler.scrubmove.ScrubMoveMotionEventHandler
05-05 07:16:59.011 11432 11432 I MotionEventHandlerManager: MotionEventHandlerManager.newHandlerInstance():562 Created handler instance from HiltMotionEventHandlerFactory com.google.android.libraries.inputmethod.motioneventhandler.BasicMotionEventHandler
05-05 07:16:59.011 11432 11432 I BaseKeyboardSizeHelper: BaseKeyboardSizeHelper.calculateMaxKeyboardBodyHeight():73 leave 281 height for app when ime window height:2211, header height:116 and isFullscreenMode:false, so the max keyboard body height is:1814
05-05 07:16:59.015 11432 11432 I KeyboardInterfacePrivate: IKeyboard.createKeyboard():67 Keyboard created from HiltKeyboardFactory: com.google.android.apps.inputmethod.latin.keyboard.LatinSymbolsKeyboard
05-05 07:16:59.017 11432 11432 I KeyboardInterfacePrivate: IKeyboard.createKeyboard():67 Keyboard created from HiltKeyboardFactory: com.google.android.apps.inputmethod.latin.keyboard.LatinDigitsKeyboard
05-05 07:16:59.018 11432 11432 I AndroidIME: InputBundleManager.startInput():361 startInput() with nze[keyboardType=prime, payload=null]
05-05 07:16:59.019 11432 11432 I PkModeUpdater: PkModeUpdater.onActivate():76 onActivate false true
05-05 07:16:59.019 11432 11432 I AccessoryInputModeManager: AccessoryInputModeManager.onModeStarted():346 Accessory input mode started: null
05-05 07:16:59.019 11432 11432 W SupplementaryKeyboardsWrapper: SupplementaryKeyboardsWrapper.deactivateKeyboard():162 keyboard accessory_candidates_consumer is not activated before!
05-05 07:16:59.021 11432 11432 I GlobeKeyExtension: GlobeKeyExtension.onActivate():129 
05-05 07:16:59.024 11432 11432 I KeyboardModeUtils: KeyboardModeUtils.getKeyboardBottomOffset():432 inch: 0.000000 ydpi: 420.000000 adjustKeyboardBottomByDisplaySize: false currentDensityDpi: 420 defaultDensityDpi: 420 keyboardBottomToScreenPx: 0 keyboardBottomToNavBarPx: -126 navBarHeight: 126
05-05 07:16:59.024 11432 11432 I BaseKeyboardSizeHelper: BaseKeyboardSizeHelper.calculateMaxKeyboardBodyHeight():73 leave 281 height for app when ime window height:2211, header height:116 and isFullscreenMode:false, so the max keyboard body height is:1814
05-05 07:16:59.024 11432 11432 I BaseKeyboardSizeHelper: BaseKeyboardSizeHelper.calculateMaxKeyboardBodyHeight():73 leave 281 height for app when ime window height:2211, header height:116 and isFullscreenMode:false, so the max keyboard body height is:1814
05-05 07:16:59.024 11432 11432 I BaseKeyboardSizeHelper: BaseKeyboardSizeHelper.calculateMaxKeyboardBodyHeight():73 leave 281 height for app when ime window height:2211, header height:116 and isFullscreenMode:false, so the max keyboard body height is:1814
05-05 07:16:59.025 11432 11432 I BaseKeyboardSizeHelper: BaseKeyboardSizeHelper.calculateMaxKeyboardBodyHeight():73 leave 281 height for app when ime window height:2211, header height:116 and isFullscreenMode:false, so the max keyboard body height is:1814
05-05 07:16:59.025 11432 11432 W ExtensionWrapper: ExtensionWrapper.setExtensionViewVisibility():878 interface nni is not activate
05-05 07:16:59.026 11432 11432 I NewLanguagePromptExtension: NewLanguagePromptExtension.onActivate():189 Not activated NewLanguagePromptExtension: not a normal text input box.
05-05 07:16:59.027 11432 11432 I VoiceInputManagerWrapper: VoiceInputManagerWrapper.cancelShutdown():109 cancelShutdown()
05-05 07:16:59.028 11432 11432 I VoiceInputManagerWrapper: VoiceInputManagerWrapper.syncLanguagePacks():121 syncLanguagePacks()
05-05 07:16:59.028 11432 11432 I VoiceInputManager: VoiceInputManager.onKeyboardActivated():1191 onKeyboardActivated() [UD]
05-05 07:16:59.029 11432 11432 I HardKeyTracker: HardKeyTracker.unregisterKeySequence():238 Unregister key sequence owi{labelResId=2132020508, callback=fdr@78e37cb, lastModifier=2, keyCodes=[56], actions=[0]}
05-05 07:16:59.029 11432 11432 I HardKeyTracker: HardKeyTracker.unregisterKeySequence():238 Unregister key sequence owi{labelResId=2132020508, callback=fdr@e8fcba8, lastModifier=0, keyCodes=[317], actions=[0]}
05-05 07:16:59.029 11432 11432 I HardKeyTracker: HardKeyTracker.registerKeySequence():187 Register key sequence owi{labelResId=2132020508, callback=fdr@f926384, lastModifier=2, keyCodes=[56], actions=[0]}
05-05 07:16:59.029 11432 11432 I HardKeyTracker: HardKeyTracker.registerKeySequence():187 Register key sequence owi{labelResId=2132020508, callback=fdr@7bec76d, lastModifier=0, keyCodes=[317], actions=[0]}
05-05 07:16:59.030 11432 11432 W AccessPointsManager: AccessPointsManager.addAccessPoint():1088 The holder controller #0x7f0b2478 is not registered
05-05 07:16:59.036 11432 11432 I Module  : DeviceLockedStatusModuleProvider$Module.updateDeviceLockedStatus():103 repeatCheckTimes = 1, locked = false
05-05 07:16:59.037 11432 11432 I ContactNoticeModule: ContactNoticeModule.shouldPostContactPermissionNotice():142 Not post contact permission notice: not a normal text input box.
05-05 07:16:59.038 11432 11432 I HardKeyTracker: HardKeyTracker.unregisterKeySequence():238 Unregister key sequence owi{labelResId=2132020508, callback=fdr@3a6dcf9, lastModifier=2, keyCodes=[56], actions=[0]}
05-05 07:16:59.038 11432 11432 I HardKeyTracker: HardKeyTracker.unregisterKeySequence():238 Unregister key sequence owi{labelResId=2132020508, callback=fdr@bcc829f, lastModifier=0, keyCodes=[317], actions=[0]}
05-05 07:16:59.038 11432 11432 I HardKeyTracker: HardKeyTracker.registerKeySequence():187 Register key sequence owi{labelResId=2132020508, callback=fdr@b9433f0, lastModifier=2, keyCodes=[56], actions=[0]}
05-05 07:16:59.039 11432 11432 I HardKeyTracker: HardKeyTracker.registerKeySequence():187 Register key sequence owi{labelResId=2132020508, callback=fdr@18d6d69, lastModifier=0, keyCodes=[317], actions=[0]}
05-05 07:16:59.042 11432 11432 I VoiceImeExtension: VoiceImeExtension.shouldStartVoiceInputAutomaticallyInCurrentInputBox():384 No private IME option set to start voice input.
05-05 07:16:59.043 11432 11432 D ImeBackCallbackSender: Register OnBackInvokedCallback with priority=-1 at app window (packageName=com.senthapps.slagrimarket)
05-05 07:16:59.043 11432 11432 I Choreographer: Skipped 50 frames!  The application may be doing too much work on its main thread.
05-05 07:16:59.044 11432 11454 I SystemHapticSettings: SystemHapticSettings.updateSystemVibrationState():61 update vibration state: true
05-05 07:16:59.059 11981 11981 D WindowOnBackDispatcher: setTopOnBackInvokedCallback (unwrapped): android.view.ImeBackAnimationController@36f0f6e
05-05 07:16:59.059   680   901 D CoreBackPreview: Window{912d2c0 u0 com.senthapps.slagrimarket/com.senthapps.slagrimarket.MainActivity}: Setting back callback OnBackInvokedCallbackInfo{mCallback=android.window.IOnBackInvokedCallback$Stub$Proxy@e29ac49, mPriority=0, mIsAnimationCallback=true, mOverrideBehavior=0}
05-05 07:16:59.062 11432 11557 I SpeechFactory: SpeechRecognitionFactory.maybeScheduleAutoPackDownloadForFallback():217 maybeScheduleAutoPackDownloadForFallback()
05-05 07:16:59.063 11432 11557 I FallbackOnDeviceRecognitionProvider: FallbackOnDeviceRecognitionProvider.maybeScheduleAutoPackDownload():213 maybeScheduleAutoPackDownload() for language tag en-US
05-05 07:16:59.082 11432 11432 W View    : requestLayout() improperly called by com.google.android.libraries.inputmethod.widgets.SoftKeyView{31a126f VFE...C.. ......ID 5,0-115,116 #7f0b04f7 app:id/key_pos_header_access_points_menu} during layout: running second layout pass
05-05 07:16:59.082 11432 11432 W View    : requestLayout() improperly called by com.google.android.libraries.inputmethod.widgets.CopyImageSourceView{491db7c V.ED..... ......ID 5,0-1075,116 #7f0b01e3 app:id/0_resource_name_obfuscated} during layout: running second layout pass
05-05 07:16:59.082 11432 11432 W View    : requestLayout() improperly called by android.widget.LinearLayout{e26c05 V.E...... ......ID 115,0-965,116 #7f0b0397 app:id/0_resource_name_obfuscated} during layout: running second layout pass
05-05 07:16:59.082 11432 11432 W View    : requestLayout() improperly called by com.google.android.libraries.inputmethod.widgets.SoftKeyView{e2fb45a VFE...C.. ......ID 965,0-1075,116 #7f0b04ff app:id/key_pos_header_power_key} during layout: running second layout pass
05-05 07:16:59.107 11432 11432 W TextView: onProvideContentCaptureStructure(): calling assumeLayout()
05-05 07:16:59.108 11432 11432 W TextView: onProvideContentCaptureStructure(): calling assumeLayout()
05-05 07:16:59.109 11432 11432 W TextView: onProvideContentCaptureStructure(): calling assumeLayout()
05-05 07:16:59.109 11432 11432 W TextView: onProvideContentCaptureStructure(): calling assumeLayout()
05-05 07:16:59.109 11432 11432 W TextView: onProvideContentCaptureStructure(): calling assumeLayout()
05-05 07:16:59.109 11432 11432 W TextView: onProvideContentCaptureStructure(): calling assumeLayout()
05-05 07:16:59.110 11432 11432 W TextView: onProvideContentCaptureStructure(): calling assumeLayout()
05-05 07:16:59.110 11432 11432 W TextView: onProvideContentCaptureStructure(): calling assumeLayout()
05-05 07:16:59.110 11432 11432 W TextView: onProvideContentCaptureStructure(): calling assumeLayout()
05-05 07:16:59.110 11432 11432 W TextView: onProvideContentCaptureStructure(): calling assumeLayout()
05-05 07:16:59.111 11432 11432 W TextView: onProvideContentCaptureStructure(): calling assumeLayout()
05-05 07:16:59.113 11432 11432 W TextView: onProvideContentCaptureStructure(): calling assumeLayout()
05-05 07:16:59.113 11432 11432 W TextView: onProvideContentCaptureStructure(): calling assumeLayout()
05-05 07:16:59.113 11432 11432 W TextView: onProvideContentCaptureStructure(): calling assumeLayout()
05-05 07:16:59.114 11432 11432 W TextView: onProvideContentCaptureStructure(): calling assumeLayout()
05-05 07:16:59.114 11432 11432 W TextView: onProvideContentCaptureStructure(): calling assumeLayout()
05-05 07:16:59.114 11432 11432 W TextView: onProvideContentCaptureStructure(): calling assumeLayout()
05-05 07:16:59.115 11432 11432 W TextView: onProvideContentCaptureStructure(): calling assumeLayout()
05-05 07:16:59.116 11432 11432 W TextView: onProvideContentCaptureStructure(): calling assumeLayout()
05-05 07:16:59.116 11432 11432 W TextView: onProvideContentCaptureStructure(): calling assumeLayout()
05-05 07:16:59.117 11432 11432 W TextView: onProvideContentCaptureStructure(): calling assumeLayout()
05-05 07:16:59.118 11432 11432 W TextView: onProvideContentCaptureStructure(): calling assumeLayout()
05-05 07:16:59.118 11432 11432 W TextView: onProvideContentCaptureStructure(): calling assumeLayout()
05-05 07:16:59.118 11432 11432 W TextView: onProvideContentCaptureStructure(): calling assumeLayout()
05-05 07:16:59.118 11432 11432 W TextView: onProvideContentCaptureStructure(): calling assumeLayout()
05-05 07:16:59.118 11432 11432 W TextView: onProvideContentCaptureStructure(): calling assumeLayout()
05-05 07:16:59.118 11432 11432 W TextView: onProvideContentCaptureStructure(): calling assumeLayout()
05-05 07:16:59.119 11432 11432 W TextView: onProvideContentCaptureStructure(): calling assumeLayout()
05-05 07:16:59.119 11432 11432 W TextView: onProvideContentCaptureStructure(): calling assumeLayout()
05-05 07:16:59.121 11432 11432 W TextView: onProvideContentCaptureStructure(): calling assumeLayout()
05-05 07:16:59.121 11432 11432 W TextView: onProvideContentCaptureStructure(): calling assumeLayout()
05-05 07:16:59.122 11432 11432 W TextView: onProvideContentCaptureStructure(): calling assumeLayout()
05-05 07:16:59.122 11432 11432 W TextView: onProvideContentCaptureStructure(): calling assumeLayout()
05-05 07:16:59.122 11432 11432 W TextView: onProvideContentCaptureStructure(): calling assumeLayout()
05-05 07:16:59.122 11432 11432 W TextView: onProvideContentCaptureStructure(): calling assumeLayout()
05-05 07:16:59.123 11432 11432 W TextView: onProvideContentCaptureStructure(): calling assumeLayout()
05-05 07:16:59.124 11432 11432 W TextView: onProvideContentCaptureStructure(): calling assumeLayout()
05-05 07:16:59.124 11432 11432 W TextView: onProvideContentCaptureStructure(): calling assumeLayout()
05-05 07:16:59.124 11432 11432 W TextView: onProvideContentCaptureStructure(): calling assumeLayout()
05-05 07:16:59.125 11432 11432 W TextView: onProvideContentCaptureStructure(): calling assumeLayout()
05-05 07:16:59.139   680   704 I ImeTracker: system_server:d7badfc: onRequestShow at ORIGIN_SERVER reason CONTROLS_CHANGED fromUser false displayId 0
05-05 07:16:59.168 11981 11981 I ImeTracker: system_server:d7badfc: onCancelled at PHASE_CLIENT_ON_CONTROLS_CHANGED
05-05 07:16:59.190 11432 11432 I GoogleInputMethodService: GoogleInputMethodService.onFinishInputView():1648 onFinishInputView(false)
05-05 07:16:59.192 11432 11432 I GlobeKeyExtension: GlobeKeyExtension.onDeactivate():153 
05-05 07:16:59.192 11432 11432 W TooltipLifecycleManager: TooltipLifecycleManager.dismissTooltips():153 Tooltip with id spell_check_add_to_dictionary not found in tooltipManager.
05-05 07:16:59.193 11432 11432 I VoiceInputManagerWrapper: VoiceInputManagerWrapper.shutdown():131 shutdown()
05-05 07:16:59.194 11432 11432 I AndroidIME: AbstractIme.onDeactivate():213 PasswordIme.onDeactivate()
05-05 07:16:59.206 11432 11432 I PrimesLoggerHolder: FrameMetricServiceImpl.stopAsFuture():213 Measurement not found: OnConfigurationChanged
05-05 07:16:59.207 11432 11432 D ImeBackCallbackSender: Unregister OnBackInvokedCallback at app window (packageName=com.senthapps.slagrimarket)
05-05 07:16:59.213 11432 11432 I ImeTracker: com.senthapps.slagrimarket:26f4c605: onHidden
05-05 07:16:59.215 11432 11432 I ImeTracker: system_server:22d8c4ea: onHidden
05-05 07:16:59.220 11981 11981 D WindowOnBackDispatcher: setTopOnBackInvokedCallback (unwrapped): android.app.Activity$$ExternalSyntheticLambda0@12c42ec
05-05 07:16:59.228   680  2164 D CoreBackPreview: Window{912d2c0 u0 com.senthapps.slagrimarket/com.senthapps.slagrimarket.MainActivity}: Setting back callback OnBackInvokedCallbackInfo{mCallback=android.window.IOnBackInvokedCallback$Stub$Proxy@3b2c94e, mPriority=-1, mIsAnimationCallback=false, mOverrideBehavior=0}
05-05 07:16:59.241 11432 11432 I GoogleInputMethodService: GoogleInputMethodService$1.onKeyboardViewShown():338 onKeyboardViewShown: keyboardType=prime, keyboardViewType=HEADER keyboardView=com.google.android.libraries.inputmethod.widgets.SoftKeyboardView{2473b0d V.E...... ......ID 0,0-1080,116 aid=404}
05-05 07:16:59.243 11432 11432 I BaseKeyboardSizeHelper: BaseKeyboardSizeHelper.calculateMaxKeyboardBodyHeight():73 leave 281 height for app when ime window height:2211, header height:116 and isFullscreenMode:false, so the max keyboard body height is:1814
05-05 07:16:59.245 11432 11432 I GoogleInputMethodService: GoogleInputMethodService$1.onKeyboardViewShown():338 onKeyboardViewShown: keyboardType=prime, keyboardViewType=BODY keyboardView=com.google.android.libraries.inputmethod.widgets.SoftKeyboardView{de0bbce V.E...... ........ 0,0-1080,730 aid=606}
05-05 07:16:59.246 11432 11432 I BaseKeyboardSizeHelper: BaseKeyboardSizeHelper.calculateMaxKeyboardBodyHeight():73 leave 281 height for app when ime window height:2211, header height:116 and isFullscreenMode:false, so the max keyboard body height is:1814
05-05 07:16:59.250 11432 11432 I GlobeKeyExtension: GlobeKeyExtension$1.onKeyboardViewShown():76 maybeDisableLanguageSwitchKeyPref when the keyboard is shown
05-05 07:16:59.250 11432 11432 I GlobeKeyExtension: GlobeKeyExtension.maybeDisableLanguageSwitchKeyPref():210 maybeDisableLanguageSwitchKeyPref hasGlobeKeyBeenDisabled: true, shouldDisableLanguageSwitchKey: true
05-05 07:16:59.250 11432 11432 I NewLanguagePromptExtension: NewLanguagePromptExtension$1.onKeyboardViewShown():88 Not show new language banner: not prime keyboard, or the extension not activated.
05-05 07:16:59.251 11432 11432 I KeyboardModeUtils: KeyboardModeUtils.getKeyboardBottomOffset():432 inch: 0.000000 ydpi: 420.000000 adjustKeyboardBottomByDisplaySize: false currentDensityDpi: 420 defaultDensityDpi: 420 keyboardBottomToScreenPx: 0 keyboardBottomToNavBarPx: -126 navBarHeight: 126
05-05 07:16:59.252 11432 11432 I BaseKeyboardSizeHelper: BaseKeyboardSizeHelper.calculateMaxKeyboardBodyHeight():73 leave 281 height for app when ime window height:2211, header height:116 and isFullscreenMode:false, so the max keyboard body height is:1814
05-05 07:16:59.252 11432 11432 I BaseKeyboardSizeHelper: BaseKeyboardSizeHelper.calculateMaxKeyboardBodyHeight():73 leave 281 height for app when ime window height:2211, header height:116 and isFullscreenMode:false, so the max keyboard body height is:1814
05-05 07:16:59.252 11432 11432 I KeyboardModeUtils: KeyboardModeUtils.getKeyboardBottomOffset():432 inch: 0.000000 ydpi: 420.000000 adjustKeyboardBottomByDisplaySize: false currentDensityDpi: 420 defaultDensityDpi: 420 keyboardBottomToScreenPx: 0 keyboardBottomToNavBarPx: -126 navBarHeight: 126
05-05 07:16:59.252 11432 11432 I BaseKeyboardSizeHelper: BaseKeyboardSizeHelper.calculateMaxKeyboardBodyHeight():73 leave 281 height for app when ime window height:2211, header height:116 and isFullscreenMode:false, so the max keyboard body height is:1814
05-05 07:16:59.252 11432 11432 I BaseKeyboardSizeHelper: BaseKeyboardSizeHelper.calculateMaxKeyboardBodyHeight():73 leave 281 height for app when ime window height:2211, header height:116 and isFullscreenMode:false, so the max keyboard body height is:1814
05-05 07:16:59.274 11432 11432 I KeyboardModeUtils: KeyboardModeUtils.getKeyboardBottomOffset():432 inch: 0.000000 ydpi: 420.000000 adjustKeyboardBottomByDisplaySize: false currentDensityDpi: 420 defaultDensityDpi: 420 keyboardBottomToScreenPx: 0 keyboardBottomToNavBarPx: -126 navBarHeight: 126
05-05 07:16:59.275 11432 11432 I BaseKeyboardSizeHelper: BaseKeyboardSizeHelper.calculateMaxKeyboardBodyHeight():73 leave 281 height for app when ime window height:2211, header height:116 and isFullscreenMode:false, so the max keyboard body height is:1814
05-05 07:16:59.276 11432 11432 I BaseKeyboardSizeHelper: BaseKeyboardSizeHelper.calculateMaxKeyboardBodyHeight():73 leave 281 height for app when ime window height:2211, header height:116 and isFullscreenMode:false, so the max keyboard body height is:1814
05-05 07:16:59.292 11432 11468 I HWUI    : Davey! duration=1007ms; Flags=0, FrameTimelineVsyncId=33068, IntendedVsync=725400246862, Vsync=726233580112, InputEventId=0, HandleInputStart=726238593237, AnimationStart=726238598739, PerformTraversalsStart=726238599688, DrawStart=726278611495, FrameDeadline=725416913528, FrameStartTime=726237856824, FrameInterval=16666665, WorkloadTarget=16666666, AnimationTime=726233580112, SyncQueued=726284071693, SyncStart=726284832120, IssueDrawCommandsStart=726290070873, SwapBuffers=726324617954, FrameCompleted=726408142215, DequeueBufferDuration=4689, QueueBufferDuration=383613, GpuCompleted=726408142215, SwapBuffersCompleted=726357179948, DisplayPresentTime=0, CommandSubmissionCompleted=726324617954, 
05-05 07:16:59.294   526   552 W skia    : AGTM parsing failed flags.readFromStream(s) at 159
05-05 07:16:59.318   526   552 W skia    : AGTM parsing failed flags.readFromStream(s) at 159
05-05 07:16:59.593 11981 12059 D ProfileInstaller: Installing profile for com.senthapps.slagrimarket
05-05 07:16:59.657 11981 11985 I ps.slagrimarket: Compiler allocated 5239KB to compile void android.view.ViewRootImpl.performTraversals(long)
