05-05 07:17:12.163   930   978 V RecentTasksController: Notify recent tasks changed
05-05 07:17:12.163   680   711 W ActivityManager: Slow operation: 53ms so far, now at startProcess: done updating pids map
05-05 07:17:12.163   930   978 D ShellDesktopMode: DesktopRepository(0): Removes freeform task: taskId=13
05-05 07:17:12.163   930   978 W ShellDesktopMode: DesktopRepository(0): No display id found for task: taskId=13
05-05 07:17:12.163   930   978 V RecentTasksController: Notify recent tasks changed
05-05 07:17:12.163 10764 10764 D RecentTasksList: invalidateLoadedTasks - previous requestLoadId: -1
05-05 07:17:12.164 10764 10764 D RecentTasksList: invalidateLoadedTasks - previous requestLoadId: -1
05-05 07:17:12.178   680  1879 D WindowManager: setClientSurface Surface(name=VRI-Splash Screen com.senthapps.slagrimarket#411)/@0xefa6c40 for 620a07d Splash Screen com.senthapps.slagrimarket
05-05 07:17:12.178 12084 12084 I libprocessgroup: Created cgroup /sys/fs/cgroup/apps/uid_10228/pid_12084
05-05 07:17:12.189 12084 12084 I Zygote  : Process 12084 created for com.senthapps.slagrimarket
05-05 07:17:12.190 12084 12084 I ps.slagrimarket: Late-enabling -Xcheck:jni
05-05 07:17:12.204 11227 11306 V ClearcutMetricXmitter: Transmission is done.
05-05 07:17:12.225 12084 12084 I ps.slagrimarket: Using generational CollectorTypeCMC GC.
05-05 07:17:12.228 12084 12084 W ps.slagrimarket: Unexpected CPU variant for x86: x86_64.
05-05 07:17:12.228 12084 12084 W ps.slagrimarket: Known variants: atom, sandybridge, silvermont, goldmont, goldmont-plus, goldmont-without-sha-xsaves, tremont, kabylake, alderlake, pantherlake, default
05-05 07:17:12.240   538   562 I adbd    : jdwp connection from 12084
05-05 07:17:12.285   930   978 V RecentTasksController: Notify recent tasks changed
05-05 07:17:12.285 10764 10764 D RecentTasksList: invalidateLoadedTasks - previous requestLoadId: -1
05-05 07:17:12.315 12084 12084 D nativeloader: Load libframework-connectivity-tiramisu-jni.so using APEX ns com_android_tethering for caller /apex/com.android.tethering/javalib/framework-connectivity-t.jar: ok
05-05 07:17:12.347   526   552 W skia    : AGTM parsing failed flags.readFromStream(s) at 159
05-05 07:17:12.386   930  1047 I Surface : Creating surface for consumer unnamed-930-10 with slotExpansion=1 for 64 slots
05-05 07:17:12.386   930   978 V RecentTasksController: generateList(getRecentTasks)
05-05 07:17:12.387   930   978 V RecentTasksController: initializeDesksMap - allDeskIds: []
05-05 07:17:12.387   930   978 V RecentTasksController: Task 14 is not an active desktop task
05-05 07:17:12.387   930   978 V RecentTasksController: Added fullscreen task: 14
05-05 07:17:12.387   930   978 V RecentTasksController: Task 11 is not an active desktop task
05-05 07:17:12.388   930   978 V RecentTasksController: Added fullscreen task: 11
05-05 07:17:12.388   930   978 V RecentTasksController: generateList - complete
05-05 07:17:12.389 10764 10799 D PreloadThumbnailUseCase: Preloading thumbnails for task ids: [[id=11 windowingMode=1 user=0 lastActiveTime=739297] null, [id=14 windowingMode=1 user=0 lastActiveTime=739301] null]
05-05 07:17:12.393   930  1047 I Surface : Creating surface for consumer VRI[slagrimarket]#10(BLAST Consumer)10 with slotExpansion=1 for 64 slots
05-05 07:17:12.528   680  1606 W ActivityManager: Slow operation: 58ms so far, now at attachApplicationLocked: before bindApplication
05-05 07:17:12.529   680  1606 W ActivityManager: Slow operation: 58ms so far, now at attachApplicationLocked: immediately before bindApplication
05-05 07:17:12.537   930  1426 V WindowManagerShell: onTransitionReady(transaction=2920577764644)
05-05 07:17:12.538   930   978 V WindowManagerShell: onTransitionReady (#46) android.os.BinderProxy@9be077b: {id=46 t=OPEN f=0x0 trk=0 r=[0@Point(0, 0)] c=[
05-05 07:17:12.538   930   978 V WindowManagerShell:         {m=OPEN f=MOVE_TO_TOP|FLAG_CHANGED_INTERACTIVE leash=Surface(name=Task=14#408)/@0xd9b974 sb=Rect(0, 0 - 1080, 2400) eb=Rect(0, 0 - 1080, 2400) epz=Point(1080, 2400) d=0 taskParent=-1 winMode=1 userId=0},
05-05 07:17:12.538   930   978 V WindowManagerShell:         {m=TO_BACK f=FLAG_CHANGED_INTERACTIVE leash=Surface(name=Task=11#330)/@0x6ed7e9d sb=Rect(0, 0 - 1080, 2400) eb=Rect(0, 0 - 1080, 2400) epz=Point(1080, 2400) d=0 taskParent=-1 winMode=1 userId=0}
05-05 07:17:12.538   930   978 V WindowManagerShell:     ]}
05-05 07:17:12.539   930   978 V WindowManagerShell: Playing animation for (#46) android.os.BinderProxy@9be077b@0
05-05 07:17:12.540   930   978 D ShellSplitScreen: startAnimation: transition=46 isSplitActive=false
05-05 07:17:12.540   930   978 V ShellRecents: RecentsTransitionHandler.startAnimation: no controller found
05-05 07:17:12.540   930   978 V ShellDesktopMode: DesktopMixedTransitionHandler: No pending desktop transition
05-05 07:17:12.540   930   978 V WindowManagerShell: Transition doesn't have explicit remote, search filters for match for {id=46 t=OPEN f=0x0 trk=0 r=[0@Point(0, 0)] c=[{m=OPEN f=MOVE_TO_TOP|FLAG_CHANGED_INTERACTIVE leash=Surface(name=Task=14#408)/@0xd9b974 sb=Rect(0, 0 - 1080, 2400) eb=Rect(0, 0 - 1080, 2400) epz=Point(1080, 2400) d=0 taskParent=-1 winMode=1 userId=0},{m=TO_BACK f=FLAG_CHANGED_INTERACTIVE leash=Surface(name=Task=11#330)/@0x6ed7e9d sb=Rect(0, 0 - 1080, 2400) eb=Rect(0, 0 - 1080, 2400) epz=Point(1080, 2400) d=0 taskParent=-1 winMode=1 userId=0}]}
05-05 07:17:12.541   930   978 V WindowManagerShell:  Checking filter Pair{{types=[OPEN,TO_FRONT] flags=0x0 notFlags=0x0 checks=[{atype=standard independent=true modes=[OPEN,TO_FRONT] flags=NONE mustBeTask=true order=ANY topActivity=null launchCookie=null windowingMode=freeform isCrossDisplayMove=false}]} RemoteTransition { remoteTransition = android.window.IRemoteTransition$Stub$Proxy@fd423d0, appThread = null, debugName = DesktopWindowLimitUnminimize, filter = {types=[OPEN,TO_FRONT] flags=0x0 notFlags=0x0 checks=[{atype=standard independent=true modes=[OPEN,TO_FRONT] flags=NONE mustBeTask=true order=ANY topActivity=null launchCookie=null windowingMode=freeform isCrossDisplayMove=false}]} }}
05-05 07:17:12.541   930   978 V WindowManagerShell:  Checking filter Pair{{types=[] flags=0x0 notFlags=0x0 checks=[{atype=undefined independent=true modes=[CLOSE,TO_BACK] flags=IN_TASK_WITH_EMBEDDED_ACTIVITY mustBeTask=false order=ANY topActivity=null launchCookie=null taskFragmentToken=android.os.BinderProxy@31ccfc9 windowingMode=undefined isCrossDisplayMove=false}]} RemoteTransition { remoteTransition = android.window.IRemoteTransition$Stub$Proxy@909e6ce, appThread = android.app.IApplicationThread$Stub$Proxy@ede39ef, debugName = overlayBackTransition, filter = {types=[] flags=0x0 notFlags=0x0 checks=[{atype=undefined independent=true modes=[CLOSE,TO_BACK] flags=IN_TASK_WITH_EMBEDDED_ACTIVITY mustBeTask=false order=ANY topActivity=null launchCookie=null taskFragmentToken=android.os.BinderProxy@31ccfc9 windowingMode=undefined isCrossDisplayMove=false}]} }}
05-05 07:17:12.541   930   978 V WindowManagerShell:  Checking filter Pair{{types=[] flags=0x0 notFlags=0x0 checks=[{atype=dream independent=true modes=[OPEN,TO_FRONT] flags=NONE mustBeTask=false order=ANY topActivity=null launchCookie=null windowingMode=undefined isCrossDisplayMove=false},{atype=home independent=true modes=[CLOSE,TO_BACK] flags=NONE mustBeTask=false order=ANY topActivity=null launchCookie=null windowingMode=undefined isCrossDisplayMove=false}]} RemoteTransition { remoteTransition = android.window.IRemoteTransition$Stub$Proxy@81facfc, appThread = android.app.IApplicationThread$Stub$Proxy@3199f85, debugName = LauncherToDream, filter = {types=[] flags=0x0 notFlags=0x0 checks=[{atype=dream independent=true modes=[OPEN,TO_FRONT] flags=NONE mustBeTask=false order=ANY topActivity=null launchCookie=null windowingMode=undefined isCrossDisplayMove=false},{atype=home independent=true modes=[CLOSE,TO_BACK] flags=NONE mustBeTask=false order=ANY topActivity=null launchCookie=null windowingMode=undefined isCrossDisplayMove=false}]} }}
05-05 07:17:12.541   930   978 V WindowManagerShell:  Checking filter Pair{{types=[] flags=0x0 notFlags=0x0 checks=[{atype=standard independent=false modes=[CHANGE] flags=NONE mustBeTask=true order=ANY topActivity=null launchCookie=null windowingMode=undefined isCrossDisplayMove=true}]} RemoteTransition { remoteTransition = android.window.IRemoteTransition$Stub$Proxy@661a1da, appThread = android.app.IApplicationThread$Stub$Proxy@f7e860b, debugName = QuickstepDisplayMove, filter = {types=[] flags=0x0 notFlags=0x0 checks=[{atype=standard independent=false modes=[CHANGE] flags=NONE mustBeTask=true order=ANY topActivity=null launchCookie=null windowingMode=undefined isCrossDisplayMove=true}]} }}
05-05 07:17:12.541   930   978 V WindowManagerShell:  Checking filter Pair{{types=[] flags=0x0 notFlags=0x100 checks=[{atype=home independent=true modes=[OPEN,TO_FRONT] flags=NONE mustBeTask=false order=ANY topActivity=ComponentInfo{com.google.android.apps.nexuslauncher/com.google.android.apps.nexuslauncher.NexusLauncherActivity} launchCookie=null windowingMode=undefined isCrossDisplayMove=false},{atype=standard independent=true modes=[CLOSE,TO_BACK] flags=NONE mustBeTask=false order=ANY topActivity=null launchCookie=null windowingMode=undefined isCrossDisplayMove=false},{NOT atype=undefined independent=true modes=[] flags=NONE mustBeTask=true order=ANY topActivity=null launchCookie=null customAnim=true windowingMode=undefined isCrossDisplayMove=false}]} RemoteTransition { remoteTransition = android.window.IRemoteTransition$Stub$Proxy@d389ce8, appThread = android.app.IApplicationThread$Stub$Proxy@459af01, debugName = QuickstepLaunchHome, filter = {types=[] flags=0x0 notFlags=0x100 checks=[{atype=home independent=true modes=[OPEN,TO_FRONT] flags=NONE mustBeTask=false order=ANY topActivity=ComponentInfo{com.google.android.apps.nexuslauncher/com.google.android.apps.nexuslauncher.NexusLauncherActivity} launchCookie=null windowingMode=undefined isCrossDisplayMove=false},{atype=standard independent=true modes=[CLOSE,TO_BACK] flags=NONE mustBeTask=false order=ANY topActivity=null launchCookie=null windowingMode=undefined isCrossDisplayMove=false},{NOT atype=undefined independent=true modes=[] flags=NONE mustBeTask=true order=ANY topActivity=null launchCookie=null customAnim=true windowingMode=undefined isCrossDisplayMove=false}]} }}
05-05 07:17:12.541   930   978 V WindowManagerShell:  Checking filter Pair{{types=[] flags=0x0 notFlags=0x0 checks=[{atype=undefined independent=true modes=[CLOSE,TO_BACK] flags=IN_TASK_WITH_EMBEDDED_ACTIVITY mustBeTask=false order=ANY topActivity=null launchCookie=null taskFragmentToken=android.os.BinderProxy@31ccfc9 windowingMode=undefined isCrossDisplayMove=false}]} RemoteTransition { remoteTransition = android.window.IRemoteTransition$Stub$Proxy@94801a6, appThread = android.app.IApplicationThread$Stub$Proxy@8d77e7, debugName = overlayBackTransition, filter = {types=[] flags=0x0 notFlags=0x0 checks=[{atype=undefined independent=true modes=[CLOSE,TO_BACK] flags=IN_TASK_WITH_EMBEDDED_ACTIVITY mustBeTask=false order=ANY topActivity=null launchCookie=null taskFragmentToken=android.os.BinderProxy@31ccfc9 windowingMode=undefined isCrossDisplayMove=false}]} }}
05-05 07:17:12.541   930   978 V WindowManagerShell:  Checking filter Pair{{types=[] flags=0x0 notFlags=0x0 checks=[{atype=dream independent=true modes=[OPEN,TO_FRONT] flags=NONE mustBeTask=false order=ANY topActivity=null launchCookie=null windowingMode=undefined isCrossDisplayMove=false},{atype=home independent=true modes=[CLOSE,TO_BACK] flags=NONE mustBeTask=false order=ANY topActivity=null launchCookie=null windowingMode=undefined isCrossDisplayMove=false}]} RemoteTransition { remoteTransition = android.window.IRemoteTransition$Stub$Proxy@a6e9f94, appThread = android.app.IApplicationThread$Stub$Proxy@6313a3d, debugName = LauncherToDream, filter = {types=[] flags=0x0 notFlags=0x0 checks=[{atype=dream independent=true modes=[OPEN,TO_FRONT] flags=NONE mustBeTask=false order=ANY topActivity=null launchCookie=null windowingMode=undefined isCrossDisplayMove=false},{atype=home independent=true modes=[CLOSE,TO_BACK] flags=NONE mustBeTask=false order=ANY topActivity=null launchCookie=null windowingMode=undefined isCrossDisplayMove=false}]} }}
05-05 07:17:12.541   930   978 V WindowManagerShell:  Checking filter Pair{{types=[] flags=0x0 notFlags=0x0 checks=[{atype=standard independent=false modes=[CHANGE] flags=NONE mustBeTask=true order=ANY topActivity=null launchCookie=null windowingMode=undefined isCrossDisplayMove=true}]} RemoteTransition { remoteTransition = android.window.IRemoteTransition$Stub$Proxy@ae29232, appThread = android.app.IApplicationThread$Stub$Proxy@fafab83, debugName = QuickstepDisplayMove, filter = {types=[] flags=0x0 notFlags=0x0 checks=[{atype=standard independent=false modes=[CHANGE] flags=NONE mustBeTask=true order=ANY topActivity=null launchCookie=null windowingMode=undefined isCrossDisplayMove=true}]} }}
05-05 07:17:12.542   930   978 V WindowManagerShell:  Checking filter Pair{{types=[] flags=0x0 notFlags=0x100 checks=[{atype=home independent=true modes=[OPEN,TO_FRONT] flags=NONE mustBeTask=false order=ANY topActivity=ComponentInfo{com.google.android.apps.nexuslauncher/com.google.android.apps.nexuslauncher.NexusLauncherActivity} launchCookie=null windowingMode=undefined isCrossDisplayMove=false},{atype=standard independent=true modes=[CLOSE,TO_BACK] flags=NONE mustBeTask=false order=ANY topActivity=null launchCookie=null windowingMode=undefined isCrossDisplayMove=false},{NOT atype=undefined independent=true modes=[] flags=NONE mustBeTask=true order=ANY topActivity=null launchCookie=null customAnim=true windowingMode=undefined isCrossDisplayMove=false}]} RemoteTransition { remoteTransition = android.window.IRemoteTransition$Stub$Proxy@e602100, appThread = android.app.IApplicationThread$Stub$Proxy@efc3d39, debugName = QuickstepLaunchHome, filter = {types=[] flags=0x0 notFlags=0x100 checks=[{atype=home independent=true modes=[OPEN,TO_FRONT] flags=NONE mustBeTask=false order=ANY topActivity=ComponentInfo{com.google.android.apps.nexuslauncher/com.google.android.apps.nexuslauncher.NexusLauncherActivity} launchCookie=null windowingMode=undefined isCrossDisplayMove=false},{atype=standard independent=true modes=[CLOSE,TO_BACK] flags=NONE mustBeTask=false order=ANY topActivity=null launchCookie=null windowingMode=undefined isCrossDisplayMove=false},{NOT atype=undefined independent=true modes=[] flags=NONE mustBeTask=true order=ANY topActivity=null launchCookie=null customAnim=true windowingMode=undefined isCrossDisplayMove=false}]} }}
05-05 07:17:12.542   930   978 V WindowManagerShell:  Checking filter Pair{{types=[OPEN,TO_FRONT] flags=0x0 notFlags=0x0 checks=[{atype=standard independent=true modes=[OPEN,TO_FRONT] flags=NONE mustBeTask=true order=ANY topActivity=null launchCookie=null windowingMode=freeform isCrossDisplayMove=false}]} RemoteTransition { remoteTransition = android.window.IRemoteTransition$Stub$Proxy@f239f7e, appThread = null, debugName = DesktopWindowLimitUnminimize, filter = {types=[OPEN,TO_FRONT] flags=0x0 notFlags=0x0 checks=[{atype=standard independent=true modes=[OPEN,TO_FRONT] flags=NONE mustBeTask=true order=ANY topActivity=null launchCookie=null windowingMode=freeform isCrossDisplayMove=false}]} }}
05-05 07:17:12.542   930   978 V WindowManagerShell:  Delegate animation for (#46) to null
05-05 07:17:12.542   930   978 V WindowManagerShell: start default transition animation, info = {id=46 t=OPEN f=0x0 trk=0 r=[0@Point(0, 0)] c=[{m=OPEN f=MOVE_TO_TOP|FLAG_CHANGED_INTERACTIVE leash=Surface(name=Task=14#408)/@0xd9b974 sb=Rect(0, 0 - 1080, 2400) eb=Rect(0, 0 - 1080, 2400) epz=Point(1080, 2400) d=0 taskParent=-1 winMode=1 userId=0},{m=TO_BACK f=FLAG_CHANGED_INTERACTIVE leash=Surface(name=Task=11#330)/@0x6ed7e9d sb=Rect(0, 0 - 1080, 2400) eb=Rect(0, 0 - 1080, 2400) epz=Point(1080, 2400) d=0 taskParent=-1 winMode=1 userId=0}]}
05-05 07:17:12.543   930   978 V WindowManagerShell: loadAnimation: anim=android.view.animation.AnimationSet@ba86799 animAttr=0x9 type=OPEN isEntrance=false
05-05 07:17:12.544   930   978 V WindowManagerShell: loadAnimation: anim=android.view.animation.AnimationSet@b129e3f animAttr=0x8 type=OPEN isEntrance=true
05-05 07:17:12.545   930   978 V WindowManagerShell:  animated by com.android.wm.shell.transition.DefaultTransitionHandler@af48408
05-05 07:17:12.756   526   552 W skia    : AGTM parsing failed flags.readFromStream(s) at 159
05-05 07:17:12.757   526   552 W skia    : AGTM parsing failed flags.readFromStream(s) at 159
05-05 07:17:12.757   526   552 W skia    : AGTM parsing failed flags.readFromStream(s) at 159
05-05 07:17:12.797   526   552 W skia    : AGTM parsing failed flags.readFromStream(s) at 159
05-05 07:17:12.797   526   552 W skia    : AGTM parsing failed flags.readFromStream(s) at 159
05-05 07:17:12.797   526   552 W skia    : AGTM parsing failed flags.readFromStream(s) at 159
05-05 07:17:12.841   680   700 V WindowManager: Sent Transition (#46) createdAt=05-05 07:17:12.091 via request=TransitionRequestInfo { type = OPEN, triggerTask = TaskInfo{userId=0 taskId=14 effectiveUid=10228 displayId=0 isRunning=true baseIntent=Intent { flg=0x10000000 cmp=com.senthapps.slagrimarket/.MainActivity } baseActivity=ComponentInfo{com.senthapps.slagrimarket/com.senthapps.slagrimarket.MainActivity} topActivity=ComponentInfo{com.senthapps.slagrimarket/com.senthapps.slagrimarket.MainActivity} origActivity=null realActivity=ComponentInfo{com.senthapps.slagrimarket/com.senthapps.slagrimarket.MainActivity} realActivityIsAppLockEnabled=false numActivities=1 lastActiveTime=739301 supportsMultiWindow=true supportsMultiWindowWithoutConstraints=true resizeMode=1 isResizeable=true minWidth=-1 minHeight=-1 defaultMinSize=220 token=WCT{RemoteToken{4327bb3 Task{1b9c028 #14 type=standard A=10228:com.senthapps.slagrimarket}}} topActivityType=1 pictureInPictureParams=null shouldDockBigOverlays=false launchIntoPipHostTaskId=-1 lastParentTaskIdBeforePip=-1 displayCutoutSafeInsets=Rect(0, 0 - 0, 0) topActivityInfo=ActivityInfo{aa16570 com.senthapps.slagrimarket.MainActivity} launchCookies=[] positionInParent=Point(0, 0) parentTaskId=-1 isFocused=false isInteractive=false isVisible=false isVisibleRequested=false isTopActivityNoDisplay=false isSleeping=false locusId=null displayAreaFeatureId=1 isTopActivityTransparent=false isActivityStackTransparent=false lastNonFullscreenBounds=null leafTaskBoundsFromOptions= false capturedLink=null capturedLinkTimestamp=0 requestedVisibleTypes=503 topActivityRequestOpenInBrowserEducationTimestamp=0 appCompatTaskInfo=AppCompatTaskInfo { topActivityInSizeCompat=false isLeafTask= true eligibleForLetterboxEducation= false isLetterboxEducationEnabled= true isLetterboxDoubleTapEnabled= false eligibleForUserAspectRatioButton= false topActivityBoundsLetterboxed= false isFromLetterboxDoubleTap= false topActivityLetterboxVerticalPosition= -1 topActivityLetterboxHorizontalPosition= -1 topActivityLetterboxWidth=-1 topActivityLetterboxHeight=-1 topActivityAppBounds=Rect(0, 0 - 1080, 2400) isUserFullscreenOverrideEnabled=false isSystemFullscreenOverrideEnabled=false hasMinAspectRatioOverride=false topActivityLetterboxBounds=null topNonResizableActivityAspectRatio=-1.0} topActivityMainWindowFrame=null isAppBubble=false}, pipChange = null, remoteTransitionInfo = null, displayChanges = null, requestedLocation = null, userChange = null, windowingLayerChange = null, fullscreenRequestChange = null, flags = 0, debugId = 46 }
05-05 07:17:12.841   680   700 V WindowManager:     startWCT=WindowContainerTransaction { changes= {} hops= [] flags= 0 errorCallbackToken=null taskFragmentOrganizer=null }
05-05 07:17:12.841   680   700 V WindowManager:     info={id=46 t=OPEN f=0x0 trk=0 r=[0@Point(0, 0)] c=[
05-05 07:17:12.841   680   700 V WindowManager:         {WCT{RemoteToken{4327bb3 Task{1b9c028 #14 type=standard A=10228:com.senthapps.slagrimarket}}} m=OPEN f=MOVE_TO_TOP|FLAG_CHANGED_INTERACTIVE leash=Surface(name=Task=14#408)/@0xa32a517 sb=Rect(0, 0 - 1080, 2400) eb=Rect(0, 0 - 1080, 2400) epz=Point(1080, 2400) d=0 taskParent=-1 winMode=1 userId=0},
05-05 07:17:12.841   680   700 V WindowManager:         {WCT{RemoteToken{f0c684 Task{21feb7 #11 type=standard A=10158:com.google.android.googlequicksearchbox.googleapp}}} m=TO_BACK f=FLAG_CHANGED_INTERACTIVE leash=Surface(name=Task=11#330)/@0xb84b316 sb=Rect(0, 0 - 1080, 2400) eb=Rect(0, 0 - 1080, 2400) epz=Point(1080, 2400) d=0 taskParent=-1 winMode=1 userId=0}
05-05 07:17:12.841   680   700 V WindowManager:     ]}
05-05 07:17:12.845   930   978 V ShellTaskOrganizer: Task appeared taskId=14 listener=FullscreenTaskListener
05-05 07:17:12.845   930   978 V ShellTaskOrganizer: Fullscreen Task Appeared: #14
05-05 07:17:12.846   930   978 V RecentTasksController: Notify recent tasks changed
05-05 07:17:12.848 10764 10764 D RecentTasksList: invalidateLoadedTasks - previous requestLoadId: -1
05-05 07:17:12.849   680  1606 W ActivityManager: Slow operation: 379ms so far, now at attachApplicationLocked: immediately after bindApplication
05-05 07:17:12.849   680  1606 W ActivityManager: Slow operation: 379ms so far, now at attachApplicationLocked: after updateLruProcessLocked
05-05 07:17:12.856   680  1606 W ActivityManager: Slow operation: 385ms so far, now at attachApplicationLocked: after updateOomAdjLocked
05-05 07:17:12.874   680   704 I ImeTracker: system_server:10118a9d: onRequestShow at ORIGIN_SERVER reason CONTROLS_CHANGED fromUser false displayId 0
05-05 07:17:12.927 12084 12084 D ApplicationLoaders: Returning zygote-cached class loader: /system/framework/org.apache.http.legacy.jar
05-05 07:17:12.931   680  1879 D FileUtils: Rounded bytes from 2061815808 to 4000000000
05-05 07:17:12.962   526   552 W skia    : AGTM parsing failed flags.readFromStream(s) at 159
05-05 07:17:12.963 11227 11227 I ImeTracker: system_server:10118a9d: onCancelled at PHASE_CLIENT_ON_CONTROLS_CHANGED
05-05 07:17:13.023 11227 11306 V ClearcutMetricXmitter: Transmission is done.
05-05 07:17:13.074   930   978 V WindowManagerShell: Transition animation finished (aborted=false), notifying core (#46) android.os.BinderProxy@9be077b@0
05-05 07:17:13.081   930   978 V WindowManagerShell: Track 0 became idle
05-05 07:17:13.081   680   700 V WindowManager: Finish Transition (#46): created at 05-05 07:17:12.091 collect-started=0.038ms request-sent=16.559ms started=59.059ms ready=438.996ms sent=443.583ms commit=81.277ms finished=986.403ms
05-05 07:17:13.083   930   978 V WindowManagerShell: All active transition animations finished
05-05 07:17:13.089 11227 11227 D VRI[InternalGoogleAppActivityEntrypoint]: visibilityChanged oldVisibility=true newVisibility=false
05-05 07:17:13.095   680   904 I Surface : Creating surface for consumer unnamed-680-12 with slotExpansion=1 for 64 slots
05-05 07:17:13.095   680   904 I Surface : Creating surface for consumer ImageReader-864x1920f1m1-680-8 with slotExpansion=1 for 64 slots
05-05 07:17:13.095   680   904 W ImageReader_JNI: Unable to acquire a buffer item, very likely client tried to acquire more than maxImages buffers
05-05 07:17:13.128   680   827 I HalDevMgr: bestIfaceCreationProposal is null, requestIface=STA, existingIface=[name=wlan0 type=STA]
05-05 07:17:13.135  1019  1147 D IpClient/wlan0: interfaceLinkStateChanged: ifindex 16 up
05-05 07:17:13.173  1019  1147 D IpClient/wlan0: interfaceLinkStateChanged: ifindex 16 up
05-05 07:17:13.192  8673  8673 W AiAiVC  : Unexpected capture event type: 11
05-05 07:17:13.239   680   904 E ConsumerBase: [ImageReader-864x1920f1m1-680-8] abandonLocked: ConsumerBase is abandoned!
05-05 07:17:13.336   526   552 W skia    : AGTM parsing failed flags.readFromStream(s) at 159
05-05 07:17:13.384   526   552 W skia    : AGTM parsing failed flags.readFromStream(s) at 159
05-05 07:17:13.487   526   552 W skia    : AGTM parsing failed flags.readFromStream(s) at 159
05-05 07:17:14.707 12084 12084 D nativeloader: Configuring clns-9 for other apk /data/app/~~wI-VOf4gn-hhyA_y5O_zKQ==/com.senthapps.slagrimarket-Bc2ktfTVpmdq1DBQgLtMbQ==/base.apk. target_sdk_version=36, uses_libraries=, library_path=/data/app/~~wI-VOf4gn-hhyA_y5O_zKQ==/com.senthapps.slagrimarket-Bc2ktfTVpmdq1DBQgLtMbQ==/lib/x86_64:/data/app/~~wI-VOf4gn-hhyA_y5O_zKQ==/com.senthapps.slagrimarket-Bc2ktfTVpmdq1DBQgLtMbQ==/base.apk!/lib/x86_64, permitted_path=/data:/mnt/expand:/data/user/0/com.senthapps.slagrimarket
05-05 07:17:14.748 12084 12084 V GraphicsEnvironment: Currently set values for:
05-05 07:17:14.748 12084 12084 V GraphicsEnvironment:   angle_gl_driver_selection_pkgs=[]
05-05 07:17:14.748 12084 12084 V GraphicsEnvironment:   angle_gl_driver_selection_values=[]
05-05 07:17:14.748 12084 12084 V GraphicsEnvironment: com.senthapps.slagrimarket is not listed in per-application setting
05-05 07:17:14.749 12084 12084 V GraphicsEnvironment: No special selections for ANGLE, returning default driver choice
05-05 07:17:14.754 12084 12084 V GraphicsEnvironment: Neither updatable production driver nor prerelease driver is supported.
05-05 07:17:14.911 12084 12084 D SessionsDependencies: Dependency to CRASHLYTICS added.
05-05 07:17:14.931 12084 12084 I FirebaseApp: Device unlocked: initializing all Firebase APIs for app [DEFAULT]
05-05 07:17:15.079 12084 12084 D FirebaseSessions: Initializing Firebase Sessions SDK.
05-05 07:17:15.099 12084 12084 I FirebaseCrashlytics: Initializing Firebase Crashlytics 19.3.0 for com.senthapps.slagrimarket
05-05 07:17:15.166 12084 12084 D SessionsDependencies: Subscriber CRASHLYTICS registered.
05-05 07:17:15.173 12084 12101 D FirebaseSessions: No Sessions subscribers. Not listening to lifecycle events.
05-05 07:17:15.211 12084 12100 I DynamiteModule: Considering local module com.google.android.gms.measurement.dynamite:127 and remote module com.google.android.gms.measurement.dynamite:182
05-05 07:17:15.212 12084 12100 I DynamiteModule: Selected remote version of com.google.android.gms.measurement.dynamite, version >= 182
05-05 07:17:15.212 12084 12100 V DynamiteModule: Dynamite loader version >= 2, using loadModule2NoCrashUtils
05-05 07:17:15.304 12084 12100 D DesktopExperienceFlags: Toggle override initialized to: false
05-05 07:17:15.368   680  1879 D FileUtils: Rounded bytes from 2061815808 to 4000000000
05-05 07:17:15.385   680  1879 D FileUtils: Rounded bytes from 2061815808 to 4000000000
05-05 07:17:15.460 12084 12084 I FirebaseInitProvider: FirebaseApp initialization successful
05-05 07:17:15.481 12084 12109 I FirebaseCrashlytics: No version control information found
05-05 07:17:15.501  8198  8645 I PhenotypeResourceReader: unable to find any Phenotype resource metadata for com.senthapps.slagrimarket
05-05 07:17:15.541 12084 12084 I ps.slagrimarket: hiddenapi: Accessing hidden method Landroid/view/WindowManagerGlobal;->getInstance()Landroid/view/WindowManagerGlobal; (runtime_flags=0, domain=platform, api=unsupported) from Lcurtains/internal/WindowManagerSpy$windowManagerInstance$2; (domain=app, TargetSdkVersion=36) using reflection: allowed
05-05 07:17:15.542 12084 12084 I ps.slagrimarket: hiddenapi: Accessing hidden field Landroid/view/WindowManagerGlobal;->mViews:Ljava/util/ArrayList; (runtime_flags=0, domain=platform, api=unsupported) from Lcurtains/internal/WindowManagerSpy$mViewsField$2; (domain=app, TargetSdkVersion=36) using reflection: allowed
05-05 07:17:15.547 12084 12084 I ps.slagrimarket: hiddenapi: Accessing hidden field Landroid/app/ActivityThread;->mH:Landroid/app/ActivityThread$H; (runtime_flags=0, domain=platform, api=unsupported) from Lleakcanary/ServiceWatcher; (domain=app, TargetSdkVersion=36) using reflection: allowed
05-05 07:17:15.553 12084 12118 I ps.slagrimarket: hiddenapi: Accessing hidden method Ldalvik/system/VMStack;->getStackClass2()Ljava/lang/Class; (runtime_flags=0, domain=core-platform, api=unsupported) from Lm7/ape; (domain=app, TargetSdkVersion=36) using reflection: allowed
05-05 07:17:15.555 12084 12084 I ps.slagrimarket: hiddenapi: Accessing hidden method Landroid/app/ActivityThread;->currentActivityThread()Landroid/app/ActivityThread; (runtime_flags=0, domain=platform, api=unsupported) from Lleakcanary/ServiceWatcher$activityThreadInstance$2; (domain=app, TargetSdkVersion=36) using reflection: allowed
05-05 07:17:15.558 12084 12084 I ps.slagrimarket: hiddenapi: Accessing hidden field Landroid/os/Handler;->mCallback:Landroid/os/Handler$Callback; (runtime_flags=0, domain=platform, api=unsupported) from Lleakcanary/ServiceWatcher; (domain=app, TargetSdkVersion=36) using reflection: allowed
05-05 07:17:15.560 12084 12084 I ps.slagrimarket: hiddenapi: Accessing hidden field Landroid/util/Singleton;->mInstance:Ljava/lang/Object; (runtime_flags=0, domain=platform, api=unsupported) from Lleakcanary/ServiceWatcher; (domain=app, TargetSdkVersion=36) using reflection: allowed
05-05 07:17:15.561 12084 12084 I ps.slagrimarket: hiddenapi: Accessing hidden method Landroid/util/Singleton;->get()Ljava/lang/Object; (runtime_flags=0, domain=platform, api=unsupported) from Lleakcanary/ServiceWatcher; (domain=app, TargetSdkVersion=36) using reflection: allowed
05-05 07:17:15.564 12084 12084 I ps.slagrimarket: hiddenapi: Accessing hidden field Landroid/app/ActivityManager;->IActivityManagerSingleton:Landroid/util/Singleton; (runtime_flags=0, domain=platform, api=unsupported) from Lleakcanary/ServiceWatcher; (domain=app, TargetSdkVersion=36) using reflection: allowed
05-05 07:17:15.605 12084 12118 I PhClient: Shared storage file not found for com.google.android.gms.measurement#com.senthapps.slagrimarket
05-05 07:17:15.607 12084 12118 I PhClient: Unable to retrieve flag snapshot for com.google.android.gms.measurement#com.senthapps.slagrimarket, using defaults.
05-05 07:17:15.625   680  1645 E TaskPersister: File error accessing recents directory (directory doesn't exist?).
05-05 07:17:15.628 12084 12114 I FA      : App measurement initialized, version: 158007
05-05 07:17:15.629 12084 12114 I FA      : To enable debug logging run: adb shell setprop log.tag.FA VERBOSE
05-05 07:17:15.629 12084 12114 I FA      : To enable faster debug mode event logging run:
05-05 07:17:15.629 12084 12114 I FA      :   adb shell setprop debug.firebase.analytics.app com.senthapps.slagrimarket
05-05 07:17:15.653 12084 12084 D JaffnaMarketplaceApplication: Notification channels created
05-05 07:17:15.654 12084 12084 D JaffnaMarketplaceApplication: Jaffna Marketplace Application started
05-05 07:17:15.669 12084 12084 D WM-RescheduleReceiver: Received intent Intent { act=android.intent.action.BOOT_COMPLETED flg=0x9000030 pkg=com.senthapps.slagrimarket cmp=com.senthapps.slagrimarket/androidx.work.impl.background.systemalarm.RescheduleReceiver (has extras) }
05-05 07:17:15.729 12084 12121 D JaffnaMarketplaceApplication: ⚠️ Firebase Crashlytics disabled in debug build
05-05 07:17:15.744 12084 12084 D WM-PackageManagerHelper: Skipping component enablement for androidx.work.impl.background.systemjob.SystemJobService
05-05 07:17:15.745 12084 12084 D WM-Schedulers: Created SystemJobScheduler and enabled SystemJobService
05-05 07:17:15.756 10600 10600 D BoundBrokerSvc: onBind: Intent { act=com.google.android.gms.measurement.START xflg=0x4 pkg=com.google.android.gms }
05-05 07:17:15.756 10600 10600 D BoundBrokerSvc: Loading bound service for intent: Intent { act=com.google.android.gms.measurement.START xflg=0x4 pkg=com.google.android.gms }
05-05 07:17:15.777 12084 12122 D WM-ForceStopRunnable: The default process name was not specified.
05-05 07:17:15.781 12084 12122 D WM-ForceStopRunnable: Performing cleanup operations.
05-05 07:17:15.791 12084 12103 W System  : Ignoring header X-Firebase-Locale because its value was null.
05-05 07:17:15.818 12084 12123 I DisplayManager: Choreographer implicitly registered for the refresh rate.
05-05 07:17:15.845 12084 12122 D WM-SystemJobScheduler: Reconciling jobs
05-05 07:17:15.882 12084 12103 W LocalRequestInterceptor: Error getting App Check token; using placeholder token instead. Error: com.google.firebase.FirebaseException: No AppCheckProvider installed.
05-05 07:17:15.883 12084 12122 D WM-ForceStopRunnable: Application was force-stopped, rescheduling.
05-05 07:17:15.931 12084 12117 D LeakCanary: LeakCanary is running and ready to detect memory leaks.
05-05 07:17:15.951 12084 12122 D WM-SystemJobScheduler: Scheduling work ID 4e67fdd3-8689-422b-b6e7-e49f21742df0Job ID 0
05-05 07:17:15.965   680  1879 I BroadcastQueue: BOOT_COMPLETED_BROADCAST_COMPLETION_LATENCY_REPORTED action:android.intent.action.BOOT_COMPLETED dispatchLatency:6 completeLatency:3108 dispatchRealLatency:6 completeRealLatency:3108 receiversSize:1 userId:0 userType:android.os.usertype.full.SYSTEM
05-05 07:17:15.988 12084 12084 D CompatChangeReporter: Compat change id reported: 377864165; UID 10228; state: ENABLED
05-05 07:17:16.024 12084 12132 D WM-PackageManagerHelper: Skipping component enablement for androidx.work.impl.background.systemalarm.RescheduleReceiver
05-05 07:17:16.069 12084 12123 I GFXSTREAM: [eglDisplay.cpp(297)] Opening libGLESv1_CM_emulation.so
05-05 07:17:16.078 12084 12123 I GFXSTREAM: [eglDisplay.cpp(297)] Opening libGLESv2_emulation.so
05-05 07:17:16.079 12084 12114 I FA      : Tag Manager is not found and thus will not be used
05-05 07:17:16.088 12084 12123 W libc    : Access denied finding property "vendor.mesa.virtgpu.kumquat"
05-05 07:17:16.093   680  1428 D FileUtils: Rounded bytes from 2061815808 to 4000000000
05-05 07:17:16.136 12084 12123 W HWUI    : Failed to initialize 101010-2 format, error = EGL_SUCCESS
05-05 07:17:16.137   680   827 I HalDevMgr: bestIfaceCreationProposal is null, requestIface=STA, existingIface=[name=wlan0 type=STA]
05-05 07:17:16.150 12084 12084 I ps.slagrimarket: hiddenapi: Accessing hidden field Lcom/android/internal/policy/DecorView;->mWindow:Lcom/android/internal/policy/PhoneWindow; (runtime_flags=0, domain=platform, api=unsupported) from Lcurtains/internal/WindowSpy$windowField$2; (domain=app, TargetSdkVersion=36) using reflection: allowed
05-05 07:17:16.153 12084 12084 W HWUI    : Unknown dataspace 0
05-05 07:17:16.252 12084 12140 W libc    : Access denied finding property "vendor.mesa.virtgpu.kumquat"
05-05 07:17:16.286   680  1428 W InputChannel-JNI: Channel already disposed.
05-05 07:17:16.373 12084 12084 D WindowOnBackDispatcher: setTopOnBackInvokedCallback (unwrapped): android.app.Activity$$ExternalSyntheticLambda0@12c42ec
05-05 07:17:16.424   680  1879 D CoreBackPreview: Window{23cdc4 u0 com.senthapps.slagrimarket/com.senthapps.slagrimarket.MainActivity}: Setting back callback OnBackInvokedCallbackInfo{mCallback=android.window.IOnBackInvokedCallback$Stub$Proxy@6720230, mPriority=-1, mIsAnimationCallback=false, mOverrideBehavior=0}
05-05 07:17:16.429   680   691 I system_server: Background young concurrent mark compact GC freed 22MB AllocSpace bytes, 20(832KB) LOS objects, 42% free, 31MB/55MB, paused 1.371ms,81.773ms total 158.960ms
05-05 07:17:16.436   526   552 W skia    : AGTM parsing failed flags.readFromStream(s) at 159
05-05 07:17:16.444   680   693 W System  : A resource failed to call HardwareBuffer.close. 
05-05 07:17:16.446   680   693 W System  : A resource failed to call HardwareBuffer.close. 
05-05 07:17:16.813 12084 12084 D ComposableSingletons$MainActivityKt$lambda-1: ⚠️  Auth bypassed in debug build
05-05 07:17:17.673 12084 12120 D AuthRepository$logAuthenticationState: ⚠️ No authenticated user - login required
05-05 07:17:17.729 12084 12149 W ps.slagrimarket: JNI critical lock held for 17.164ms on Thread[54,tid=12149,Runnable,Thread*=0x78bd682c3920,peer=0x25432d0,"arch_disk_io_0"]
05-05 07:17:17.752 12084 12120 D AuthRepository: 🔧 DEBUG: Persisted debug user to database for FK constraints
05-05 07:17:17.811 12084 12084 D SyncManager: Periodic sync work enqueued
05-05 07:17:17.996 12084 12084 D VRI[MainActivity]: WindowInsets changed: 1080x2400 statusBars:[0,63,0,0] navigationBars:[0,0,0,63] ime:[0,0,0,883] mandatorySystemGestures:[0,63,0,84] 
05-05 07:17:18.043 12084 12084 I HWUI    : Using FreeType backend (prop=Auto)
05-05 07:17:18.183   680  1878 D WindowManager: setClientSurface Surface(name=VRI-com.senthapps.slagrimarket/com.senthapps.slagrimarket.MainActivity#418)/@0x98cfdeb for 23cdc4 com.senthapps.slagrimarket/com.senthapps.slagrimarket.MainActivity
05-05 07:17:18.208 12084 12084 I Surface : Creating surface for consumer unnamed-12084-0 with slotExpansion=1 for 64 slots
05-05 07:17:18.210 12084 12084 I Surface : Creating surface for consumer VRI[MainActivity]#0(BLAST Consumer)0 with slotExpansion=1 for 64 slots
05-05 07:17:18.548   526   552 W skia    : AGTM parsing failed flags.readFromStream(s) at 159
05-05 07:17:18.560   526   552 W skia    : AGTM parsing failed flags.readFromStream(s) at 159
05-05 07:17:19.146   680   856 I AdbWifiNetworkMonitor: Wi-Fi network available
05-05 07:17:19.147   680   856 I AdbWifiNetworkMonitor: Received the same Wi-Fi SSID. Ignoring.
05-05 07:17:19.147   680   827 I HalDevMgr: bestIfaceCreationProposal is null, requestIface=STA, existingIface=[name=wlan0 type=STA]
05-05 07:17:19.159  1019  1147 D IpClient/wlan0: interfaceLinkStateChanged: ifindex 16 up
05-05 07:17:19.162  1019  1147 D IpClient/wlan0: interfaceLinkStateChanged: ifindex 16 up
05-05 07:17:19.173  8198  8207 I NullBinder: NullBinder for android.net.action.RECOMMEND_NETWORKS triggering remote TransactionTooLargeException due to Service without Chimera impl, calling uid: 1000, calling pid: 0
05-05 07:17:19.173  8198  8207 W libbinder.Binder: Large reply transaction of 1056768 bytes, interface descriptor , function: UNKNOWN_FUNCTION_NAME, code: 1, flags: 17
05-05 07:17:19.303 12084 12156 E SurfaceSyncGroup: Failed to receive transaction ready in 1000ms. Marking SurfaceSyncGroup(wmsSync-VRI[MainActivity]#0) as ready
05-05 07:17:19.305 12084 12156 E SurfaceSyncGroup: Failed to receive transaction ready in 1000ms. Marking SurfaceSyncGroup(VRI[MainActivity]#1) as ready
05-05 07:17:19.312   680   700 I ActivityTaskManager: Displayed com.senthapps.slagrimarket/.MainActivity for user 0: +7s225ms
05-05 07:17:19.665   526   552 W skia    : AGTM parsing failed flags.readFromStream(s) at 159
05-05 07:17:19.813  1058  1199 D SatelliteController: isInCarrierRoamingNbIotNtn: satellite is disabled
05-05 07:17:19.813  1058  1199 D SatelliteController: getCarrierRoamingNtnConnectType: Checking connect type from PLMN config for subId: 1
05-05 07:17:19.813  1058  1199 D TelephonyConfigUpdateInstallReceiver: getConfigParser: domain=satellite
05-05 07:17:19.813  1058  1199 V SatelliteController: satelliteConfigParser is not ready
05-05 07:17:19.813  1058  1199 D SatelliteController: isSatelliteAttachSupportedViaConfigupdater: return null (satelliteConfig is null)
05-05 07:17:19.816   526   552 W skia    : AGTM parsing failed flags.readFromStream(s) at 159
05-05 07:17:19.837  1058  1199 D SatelliteController: getSatellitePerPlmnConfiguration: invalid subId or not supported via carrier.
05-05 07:17:19.837  1058  1199 D SatelliteController: getCarrierRoamingNtnConnectType: config: null
05-05 07:17:19.837  1058  1199 D TelephonyConfigUpdateInstallReceiver: getConfigParser: domain=satellite
05-05 07:17:19.837  1058  1199 V SatelliteController: satelliteConfigParser is not ready
05-05 07:17:19.837  1058  1199 D SatelliteController: getCarrierRoamingNtnConnectTypeViaConfigUpdater: return null (satelliteConfig is null)
05-05 07:17:19.837  1058  1199 D SatelliteController: getCarrierRoamingNtnConnectType: Falling back to global carrier config connect type: 0
05-05 07:17:19.837  1058  1199 D TelephonyConfigUpdateInstallReceiver: getConfigParser: domain=satellite
05-05 07:17:19.837  1058  1199 V SatelliteController: satelliteConfigParser is not ready
05-05 07:17:19.837  1058  1199 D SatelliteController: isSatelliteAttachSupportedViaConfigupdater: return null (satelliteConfig is null)
05-05 07:17:19.838  1058  1199 D SatelliteController: getCarrierRoamingNtnConnectType: Checking connect type from PLMN config for subId: 1
05-05 07:17:19.838  1058  1199 D TelephonyConfigUpdateInstallReceiver: getConfigParser: domain=satellite
05-05 07:17:19.838  1058  1199 V SatelliteController: satelliteConfigParser is not ready
05-05 07:17:19.838  1058  1199 D SatelliteController: isSatelliteAttachSupportedViaConfigupdater: return null (satelliteConfig is null)
05-05 07:17:19.838  1058  1199 D SatelliteController: getSatellitePerPlmnConfiguration: invalid subId or not supported via carrier.
05-05 07:17:19.860  1058  1199 D SatelliteController: getCarrierRoamingNtnConnectType: config: null
05-05 07:17:19.860  1058  1199 D TelephonyConfigUpdateInstallReceiver: getConfigParser: domain=satellite
05-05 07:17:19.860  1058  1199 V SatelliteController: satelliteConfigParser is not ready
05-05 07:17:19.860  1058  1199 D SatelliteController: getCarrierRoamingNtnConnectTypeViaConfigUpdater: return null (satelliteConfig is null)
05-05 07:17:19.862  1058  1199 D SatelliteController: getCarrierRoamingNtnConnectType: Falling back to global carrier config connect type: 0
05-05 07:17:19.863  1058  1199 D TelephonyConfigUpdateInstallReceiver: getConfigParser: domain=satellite
05-05 07:17:19.864  1058  1199 V SatelliteController: satelliteConfigParser is not ready
05-05 07:17:19.864  1058  1199 D SatelliteController: isSatelliteAttachSupportedViaConfigupdater: return null (satelliteConfig is null)
05-05 07:17:19.977 11227 11246 I dzve    : onMoveToBackground
05-05 07:17:20.036 11227 11227 I bxth    : (REDACTED) maxRoundTripTimeMs: %s, totalRoundTripTimeMs: %s
05-05 07:17:20.041 11227 11249 I dzra    : (REDACTED) AppFlow %s is about to be transmitted
05-05 07:17:20.065   680  1879 W ProcessStats: Tracking association SourceState{7ff0f9d com.google.android.inputmethod.latin/10167 BFgs #4036} whose proc state 4 is better than process ProcessState{a4b5db2 com.google.android.gms/10225 pkg=com.google.android.gms} proc state 6 (21 skipped)
05-05 07:17:20.533   680   738 I SharedLibrariesImpl: Start pruneUnusedStaticSharedLibraries for neededSpace: 9223372036854775807 maxCachePeriod: 604800000
05-05 07:17:20.779 12084 12084 D JaffnaMarketplaceApplication: 🔧 DEBUG: Firebase anonymous auth not available (enable in Firebase Console if needed): An internal error has occurred. [ CONFIGURATION_NOT_FOUND ]
05-05 07:17:20.828 12084 12084 I Choreographer: Skipped 262 frames!  The application may be doing too much work on its main thread.
05-05 07:17:20.865 12084 12096 I HWUI    : Davey! duration=4477ms; Flags=1, FrameTimelineVsyncId=34712, IntendedVsync=743483579472, Vsync=743550246136, InputEventId=0, HandleInputStart=743551156155, AnimationStart=743551166978, PerformTraversalsStart=743551174594, DrawStart=745522705987, FrameDeadline=743500246138, FrameStartTime=743550952461, FrameInterval=16666666, WorkloadTarget=16666666, AnimationTime=743550246136, SyncQueued=745555470414, SyncStart=745556072534, IssueDrawCommandsStart=745556230828, SwapBuffers=747567276926, FrameCompleted=747962079108, DequeueBufferDuration=6605, QueueBufferDuration=8384092, GpuCompleted=747961954123, SwapBuffersCompleted=747962079108, DisplayPresentTime=0, CommandSubmissionCompleted=747567276926, 
05-05 07:17:20.865   526   552 W skia    : AGTM parsing failed flags.readFromStream(s) at 159
05-05 07:17:20.898   680   795 I ImeTracker: com.senthapps.slagrimarket:fb6e4f5: onRequestHide at ORIGIN_SERVER reason HIDE_UNSPECIFIED_WINDOW fromUser false userId 0 displayId 0
05-05 07:17:20.903 11227 11227 D WindowOnBackDispatcher: setTopOnBackInvokedCallback (unwrapped): android.app.Activity$$ExternalSyntheticLambda0@b71eb58
05-05 07:17:20.903   680  1879 D CoreBackPreview: Window{b030962 u0 com.google.android.googlequicksearchbox/com.google.android.googlequicksearchbox.InternalGoogleAppActivityEntrypoint}: Setting back callback OnBackInvokedCallbackInfo{mCallback=android.window.IOnBackInvokedCallback$Stub$Proxy@3b7bd51, mPriority=-1, mIsAnimationCallback=false, mOverrideBehavior=0}
05-05 07:17:20.907  8198  8207 I FontLog : (REDACTED) Received query %s, URI %s
05-05 07:17:20.907  8198  8207 I FontLog : (REDACTED) Query [%s] resolved to %s
05-05 07:17:20.925  8198  8207 I FontLog : (REDACTED) Fetch %s end status %s
05-05 07:17:20.928 10600 11913 D AdvertisingIdClient: AdvertisingIdClient already created.
05-05 07:17:20.931 10600 11913 I AdvertisingIdClient: shouldSendLog 634411
05-05 07:17:20.931 10600 11913 I AdvertisingIdClient: GetInfoInternal elapse 2ms
05-05 07:17:20.963 12084 12088 I ps.slagrimarket: Compiler allocated 5239KB to compile void android.view.ViewRootImpl.performTraversals(long)
05-05 07:17:20.972   680  1879 W InputChannel-JNI: Channel already disposed.
05-05 07:17:20.979 11432 11432 I GoogleInputMethodService: GoogleInputMethodService.onFinishInputView():1648 onFinishInputView(true)
05-05 07:17:20.980 11432 11432 I GlobeKeyExtension: GlobeKeyExtension.onDeactivate():153 
05-05 07:17:20.981   680  1879 I ImeTracker: system_server:3406aa98: onRequestHide at ORIGIN_SERVER reason IME_REQUESTED_CHANGED_LISTENER fromUser false displayId 0
05-05 07:17:20.981 11432 11432 W TooltipLifecycleManager: TooltipLifecycleManager.dismissTooltips():153 Tooltip with id spell_check_add_to_dictionary not found in tooltipManager.
05-05 07:17:20.987 11432 11432 I VoiceInputManagerWrapper: VoiceInputManagerWrapper.shutdown():131 shutdown()
05-05 07:17:20.989 11432 11432 I InputBundle: InputBundle.consumeEvent():1041 Skip consuming an event as keyboard status is INACTIVE
05-05 07:17:20.991 11432 11432 I AndroidIME: AbstractIme.onDeactivate():213 LatinIme.onDeactivate()
05-05 07:17:21.000   930   978 D WindowManagerShell: PipDesktopState: isPipInDesktopMode isAnyDeskActive=false isDisplayDesktopFirst=false
05-05 07:17:21.000   680   704 I ImeTracker: system_server:dc12a159: onRequestShow at ORIGIN_SERVER reason CONTROLS_CHANGED fromUser false displayId 0
05-05 07:17:21.008 11432 11432 I PrimesLoggerHolder: FrameMetricServiceImpl.stopAsFuture():213 Measurement not found: OnConfigurationChanged
05-05 07:17:21.008 11432 11432 I GoogleInputMethodService: GoogleInputMethodService.onFinishInput():2159 
05-05 07:17:21.012 11432 11432 I Module  : DeviceLockedStatusModuleProvider$Module.updateDeviceLockedStatus():103 repeatCheckTimes = 0, locked = false
05-05 07:17:21.013 11432 11432 D ImeBackCallbackSender: Unregister OnBackInvokedCallback at app window (packageName=com.google.android.googlequicksearchbox)
05-05 07:17:21.013 11432 11432 I GoogleInputMethodService: GoogleInputMethodService.onStartInput():1434 onStartInput(EditorInfo{EditorInfo{packageName=com.senthapps.slagrimarket, inputType=0, inputTypeString=NULL, enableLearning=false, autoCorrection=false, autoComplete=false, imeOptions=0, privateImeOptions=null, actionName=UNSPECIFIED, actionLabel=null, initialSelStart=-1, initialSelEnd=-1, initialCapsMode=0, label=null, fieldId=0, fieldName=null, extras=null, hintText=null, hintLocales=[]}}, false)
05-05 07:17:21.013 11432 11432 I AndroidIME: LatinIMEBase.updateInputViewCoverNavigation():312 Update input view padding, isNavbarOverInputWindow=true, bottom inset=126
05-05 07:17:21.019 11432 11432 I Module  : DeviceLockedStatusModuleProvider$Module.updateDeviceLockedStatus():103 repeatCheckTimes = 1, locked = false
05-05 07:17:21.021 11432 11432 I GoogleInputMethodService: GoogleInputMethodService.onStartInputView():1519 onStartInputView(EditorInfo{EditorInfo{packageName=com.senthapps.slagrimarket, inputType=0, inputTypeString=NULL, enableLearning=false, autoCorrection=false, autoComplete=false, imeOptions=0, privateImeOptions=null, actionName=UNSPECIFIED, actionLabel=null, initialSelStart=-1, initialSelEnd=-1, initialCapsMode=0, label=null, fieldId=0, fieldName=null, extras=null, hintText=null, hintLocales=[]}}, false)
05-05 07:17:21.021 11432 11432 I KeyboardHeightUtil: KeyboardHeightUtil.getOemKeyboardHeightRatio():81 systemKeyboardHeightRatio:1.000000.
05-05 07:17:21.036   680  1879 W PackageConfigPersister: App-specific configuration not found for packageName: com.senthapps.slagrimarket and userId: 0
05-05 07:17:21.039  8198  8207 I FontLog : (REDACTED) Pulling font file for id = %d, cache size = %d
05-05 07:17:21.040 11432 11457 W ModuleManager: ModuleManager.loadModule():634 Module pte is not available
05-05 07:17:21.040 11432 11457 I NebulaeTrainingCacheMetricsProcessor: NebulaeTrainingCacheMetricsProcessor.processEndSession():659 End training cache session: com.google.android.googlequicksearchbox_2131435932/
05-05 07:17:21.075 11432 11457 W ModuleManager: ModuleManager.loadModule():634 Module pte is not available
05-05 07:17:21.083  8198 10107 I FontLog : (REDACTED) Pulling font file for id = %d, cache size = %d
05-05 07:17:21.166  8198  8198 D BoundBrokerSvc: onRebind: Intent { act=com.google.android.gms.common.telemetry.service.START dat=chimera-action:/... xflg=0x4 cmp=com.google.android.gms/.chimera.PersistentApiService }
05-05 07:17:21.269   526   552 W skia    : AGTM parsing failed flags.readFromStream(s) at 159
05-05 07:17:21.269 12084 12163 I HWUI    : Davey! duration=4736ms; Flags=0, FrameTimelineVsyncId=34728, IntendedVsync=743650246132, Vsync=748016912624, InputEventId=0, HandleInputStart=748023171819, AnimationStart=748023173351, PerformTraversalsStart=748050451752, DrawStart=748050682617, FrameDeadline=747983579292, FrameStartTime=748022532304, FrameInterval=16666666, WorkloadTarget=16666666, AnimationTime=748016912624, SyncQueued=748072953595, SyncStart=748074075292, IssueDrawCommandsStart=748074310799, SwapBuffers=748166942741, FrameCompleted=748387989864, DequeueBufferDuration=4793, QueueBufferDuration=152080, GpuCompleted=748387989864, SwapBuffersCompleted=748288111236, DisplayPresentTime=0, CommandSubmissionCompleted=748166942741, 
05-05 07:17:21.304   526   552 W skia    : AGTM parsing failed flags.readFromStream(s) at 159
