02-16 23:52:33.121  2094  2895 E GcmPushIntentOperation: 	at com.google.android.gms.phenotype.gcmpush.GcmPushIntentOperation.a(:com.google.android.gms@11743470:15)
02-16 23:52:33.121  2094  2895 E GcmPushIntentOperation: 	at com.google.android.gms.phenotype.gcmpush.GcmPushIntentOperation.onHandleIntent(:com.google.android.gms@11743470:7)
02-16 23:52:33.121  2094  2895 E GcmPushIntentOperation: 	at com.google.android.chimera.IntentOperation.onHandleIntent(:com.google.android.gms@11743470:2)
02-16 23:52:33.121  2094  2895 E GcmPushIntentOperation: 	at bwo.run(:com.google.android.gms@11743470:10)
02-16 23:52:33.121  2094  2895 E GcmPushIntentOperation: 	at bwl.run(:com.google.android.gms@11743470:14)
02-16 23:52:33.121  2094  2895 E GcmPushIntentOperation: 	at java.util.concurrent.ThreadPoolExecutor.runWorker(ThreadPoolExecutor.java:1133)
02-16 23:52:33.121  2094  2895 E GcmPushIntentOperation: 	at java.util.concurrent.ThreadPoolExecutor$Worker.run(ThreadPoolExecutor.java:607)
02-16 23:52:33.121  2094  2895 E GcmPushIntentOperation: 	at java.lang.Thread.run(Thread.java:761)
02-16 23:52:33.123  1403  1670 V EmulatedCamera_Camera: getCameraInfo
02-16 23:52:33.123  1403  1670 V EmulatedCamera_BaseCamera: getCameraInfo
02-16 23:52:33.138  2276  2660 W MdnsClient_Cast: #acquireLock. Multicast lock not held. Acquiring. Subtypes:"233637DE"
02-16 23:52:33.141  2094  2529 E GCM     : Missing checkin config file
02-16 23:52:33.142  2094  2529 W GCM     : GCM FAILED TO INITIALIZE - missing checkin
02-16 23:52:33.142  2094  2895 E GcmPushIntentOperation: Failed to subscribe to GCM: com.google.android.gms.auth.api.credentials
02-16 23:52:33.142  2094  2895 E GcmPushIntentOperation: java.io.IOException: AUTHENTICATION_FAILED
02-16 23:52:33.142  2094  2895 E GcmPushIntentOperation: 	at vfm.b(:com.google.android.gms@11743470:39)
02-16 23:52:33.142  2094  2895 E GcmPushIntentOperation: 	at vfm.a(:com.google.android.gms@11743470:46)
02-16 23:52:33.142  2094  2895 E GcmPushIntentOperation: 	at vfj.b(:com.google.android.gms@11743470:11)
02-16 23:52:33.142  2094  2895 E GcmPushIntentOperation: 	at vfj.a(:com.google.android.gms@11743470:29)
02-16 23:52:33.142  2094  2895 E GcmPushIntentOperation: 	at com.google.android.gms.phenotype.gcmpush.GcmPushIntentOperation.a(:com.google.android.gms@11743470:15)
02-16 23:52:33.142  2094  2895 E GcmPushIntentOperation: 	at com.google.android.gms.phenotype.gcmpush.GcmPushIntentOperation.onHandleIntent(:com.google.android.gms@11743470:7)
02-16 23:52:33.142  2094  2895 E GcmPushIntentOperation: 	at com.google.android.chimera.IntentOperation.onHandleIntent(:com.google.android.gms@11743470:2)
02-16 23:52:33.142  2094  2895 E GcmPushIntentOperation: 	at bwo.run(:com.google.android.gms@11743470:10)
02-16 23:52:33.142  2094  2895 E GcmPushIntentOperation: 	at bwl.run(:com.google.android.gms@11743470:14)
02-16 23:52:33.142  2094  2895 E GcmPushIntentOperation: 	at java.util.concurrent.ThreadPoolExecutor.runWorker(ThreadPoolExecutor.java:1133)
02-16 23:52:33.142  2094  2895 E GcmPushIntentOperation: 	at java.util.concurrent.ThreadPoolExecutor$Worker.run(ThreadPoolExecutor.java:607)
02-16 23:52:33.142  2094  2895 E GcmPushIntentOperation: 	at java.lang.Thread.run(Thread.java:761)
02-16 23:52:33.172  2094  2529 E GCM     : Missing checkin config file
02-16 23:52:33.172  2094  2529 W GCM     : GCM FAILED TO INITIALIZE - missing checkin
02-16 23:52:33.173  2094  2895 E GcmPushIntentOperation: Failed to subscribe to GCM: com.google.android.gms.smartdevice
02-16 23:52:33.173  2094  2895 E GcmPushIntentOperation: java.io.IOException: AUTHENTICATION_FAILED
02-16 23:52:33.173  2094  2895 E GcmPushIntentOperation: 	at vfm.b(:com.google.android.gms@11743470:39)
02-16 23:52:33.173  2094  2895 E GcmPushIntentOperation: 	at vfm.a(:com.google.android.gms@11743470:46)
02-16 23:52:33.173  2094  2895 E GcmPushIntentOperation: 	at vfj.b(:com.google.android.gms@11743470:11)
02-16 23:52:33.173  2094  2895 E GcmPushIntentOperation: 	at vfj.a(:com.google.android.gms@11743470:29)
02-16 23:52:33.173  2094  2895 E GcmPushIntentOperation: 	at com.google.android.gms.phenotype.gcmpush.GcmPushIntentOperation.a(:com.google.android.gms@11743470:15)
02-16 23:52:33.173  2094  2895 E GcmPushIntentOperation: 	at com.google.android.gms.phenotype.gcmpush.GcmPushIntentOperation.onHandleIntent(:com.google.android.gms@11743470:7)
02-16 23:52:33.173  2094  2895 E GcmPushIntentOperation: 	at com.google.android.chimera.IntentOperation.onHandleIntent(:com.google.android.gms@11743470:2)
02-16 23:52:33.173  2094  2895 E GcmPushIntentOperation: 	at bwo.run(:com.google.android.gms@11743470:10)
02-16 23:52:33.173  2094  2895 E GcmPushIntentOperation: 	at bwl.run(:com.google.android.gms@11743470:14)
02-16 23:52:33.173  2094  2895 E GcmPushIntentOperation: 	at java.util.concurrent.ThreadPoolExecutor.runWorker(ThreadPoolExecutor.java:1133)
02-16 23:52:33.173  2094  2895 E GcmPushIntentOperation: 	at java.util.concurrent.ThreadPoolExecutor$Worker.run(ThreadPoolExecutor.java:607)
02-16 23:52:33.173  2094  2895 E GcmPushIntentOperation: 	at java.lang.Thread.run(Thread.java:761)
02-16 23:52:33.225  3227  3227 W art     : Unexpected CPU variant for X86 using defaults: x86
02-16 23:52:33.231  1644  1729 I ActivityManager: Start proc 3227:com.google.android.apps.maps/u0a58 for broadcast com.google.android.apps.maps/com.google.android.apps.gmm.navigation.service.detection.StartDetectionReceiver
02-16 23:52:33.248  3227  3227 W System  : ClassLoader referenced unknown path: /system/app/Maps/lib/x86
02-16 23:52:33.325  2276  2660 I Icing   : Indexing F4F297C0F7051C08AE157D16B42E2EC4398DBD54 from com.google.android.googlequicksearchbox
02-16 23:52:33.326  2335  3212 I MediaProvider: Upgrading media database from version 0 to 800, which will destroy all old data
02-16 23:52:33.380  2276  2660 I Icing   : Indexing done F4F297C0F7051C08AE157D16B42E2EC4398DBD54
02-16 23:52:33.528  2335  3212 D MediaProvider: Adjusting external storage paths to: /storage/emulated/0
02-16 23:52:33.538  2793  2793 I CAR.SERVICE: Skip, no clients bound.
02-16 23:52:33.541  1644  2536 W ActivityManager: Unbind failed: could not find connection for android.os.BinderProxy@79d6a5
02-16 23:52:33.552  2335  3212 E SQLiteLog: (1) no such table: files
02-16 23:52:33.724  2335  3212 W MediaScanner: forcing rescan of /system/media/audio/alarms/Alarm_Classic.oggsince ringtone setting didn't finish
02-16 23:52:33.742  2335  3212 W MediaProvider: Missing volume for /system; assuming invalid
02-16 23:52:33.744  2335  3212 W MediaProvider: Missing volume for /system/media; assuming invalid
02-16 23:52:33.745  2335  3212 W MediaProvider: Missing volume for /system/media/audio; assuming invalid
02-16 23:52:33.748  2335  3212 W MediaProvider: Missing volume for /system/media/audio/alarms; assuming invalid
02-16 23:52:33.800  2748  2827 E Volley  : [147] axb.a: Unexpected response code 400 for https://www.googleapis.com/youtubei/v1/browse?key=AIzaSyA8eiZmM1FaDVjRy-df2KTyQ_vz_yYM39w
02-16 23:52:33.833  2335  3212 W MediaProvider: Missing volume for /system/media/audio/alarms/Alarm_Beep_01.ogg; assuming invalid
02-16 23:52:33.835  2335  3212 W MediaProvider: Missing volume for /system/media/audio/alarms/Alarm_Beep_02.ogg; assuming invalid
02-16 23:52:33.839  2335  3212 W MediaProvider: Missing volume for /system/media/audio/alarms/Alarm_Beep_03.ogg; assuming invalid
02-16 23:52:33.841  2335  3212 W MediaProvider: Missing volume for /system/media/audio/alarms/Alarm_Buzzer.ogg; assuming invalid
02-16 23:52:33.847  1644  2534 D VoldConnector: SND -> {32 volume mkdirs /storage/emulated/0/Android/data/com.google.android.apps.maps/files/}
02-16 23:52:33.848  1644  1681 D VoldConnector: RCV <- {200 32 Command succeeded}
02-16 23:52:33.851  2335  3212 W MediaProvider: Missing volume for /system/media/audio/alarms/Alarm_Classic.ogg; assuming invalid
02-16 23:52:33.851  2921  2921 I dex2oat : dex2oat took 5.830s (threads: 4) arena alloc=8MB (8403960B) java alloc=2MB (2735680B) native alloc=10MB (11396576B) free=10MB (10623520B)
02-16 23:52:33.883  1410  1807 E MetadataRetrieverClient: failed to extract an album art
02-16 23:52:33.890  2748  3192 E YouTube : Failed to fetch settings
02-16 23:52:33.890  2748  3192 E YouTube : nix: java.util.concurrent.ExecutionException: awv
02-16 23:52:33.890  2748  3192 E YouTube : 	at nif.b(SourceFile:102)
02-16 23:52:33.890  2748  3192 E YouTube : 	at nih.c(SourceFile:171)
02-16 23:52:33.890  2748  3192 E YouTube : 	at dre.a(SourceFile:3113)
02-16 23:52:33.890  2748  3192 E YouTube : 	at com.google.android.libraries.youtube.net.gcm.service.YouTubeGcmTaskService.a(SourceFile:1163)
02-16 23:52:33.890  2748  3192 E YouTube : 	at com.google.android.libraries.youtube.common.gcore.gcoreclient.gcm.impl.GcmTaskServiceDelegator.a(SourceFile:65)
02-16 23:52:33.890  2748  3192 E YouTube : 	at hct.run(Unknown Source)
02-16 23:52:33.890  2748  3192 E YouTube : Caused by: java.util.concurrent.ExecutionException: awv
02-16 23:52:33.890  2748  3192 E YouTube : 	at axp.a(SourceFile:117)
02-16 23:52:33.890  2748  3192 E YouTube : 	at axp.get(SourceFile:88)
02-16 23:52:33.890  2748  3192 E YouTube : 	at peq.get(SourceFile:64)
02-16 23:52:33.890  2748  3192 E YouTube : 	at nif.b(SourceFile:100)
02-16 23:52:33.890  2748  3192 E YouTube : 	... 5 more
02-16 23:52:33.890  2748  3192 E YouTube : Caused by: awv
02-16 23:52:33.890  2748  3192 E YouTube : 	at axb.a(SourceFile:163)
02-16 23:52:33.890  2748  3192 E YouTube : 	at kzz.a(SourceFile:202)
02-16 23:52:33.890  2748  3192 E YouTube : 	at kzz.a(SourceFile:190)
02-16 23:52:33.890  2748  3192 E YouTube : 	at lac.a(SourceFile:168)
02-16 23:52:33.890  2748  3192 E YouTube : 	at lac.a(SourceFile:161)
02-16 23:52:33.890  2748  3192 E YouTube : 	at awh.run(SourceFile:112)
02-16 23:52:33.915  1644  2536 I ActivityManager: Killing 2176:com.android.keychain/1000 (adj 906): empty #17
02-16 23:52:33.919  1644  2015 D ActivityManager: cleanUpApplicationRecord -- 2176
02-16 23:52:33.948  3250  3250 W dex2oat : Unexpected CPU variant for X86 using defaults: x86
02-16 23:52:33.948  3250  3250 W dex2oat : Mismatch between dex2oat instruction set features (ISA: X86 Feature string: smp,-ssse3,-sse4.1,-sse4.2,-avx,-avx2,-lock_add,-popcnt) and those of dex2oat executable (ISA: X86 Feature string: smp,ssse3,-sse4.1,-sse4.2,-avx,-avx2,-lock_add,-popcnt) for the command line:
02-16 23:52:33.948  3250  3250 W dex2oat : /system/bin/dex2oat --runtime-arg -classpath --runtime-arg & --instruction-set=x86 --instruction-set-features=smp,ssse3,-sse4.1,-sse4.2,-avx,-avx2,-lock_add,-popcnt --runtime-arg -Xrelocate --boot-image=/system/framework/boot.art --runtime-arg -Xms64m --runtime-arg -Xmx512m --instruction-set-variant=x86 --instruction-set-features=default --dex-file=/data/user_de/0/com.google.android.gms/app_chimera/m/00000003/DynamiteModulesB_GmsCore_prodmnc_alldpi_release.apk --oat-fd=87 --oat-location=/data/user_de/0/com.google.android.gms/app_chimera/m/00000003/oat/x86/DynamiteModulesB_GmsCore_prodmnc_alldpi_release.dex --compiler-filter=speed
02-16 23:52:33.949  3250  3250 I dex2oat : /system/bin/dex2oat --dex-file=/data/user_de/0/com.google.android.gms/app_chimera/m/00000003/DynamiteModulesB_GmsCore_prodmnc_alldpi_release.apk --oat-fd=87 --oat-location=/data/user_de/0/com.google.android.gms/app_chimera/m/00000003/oat/x86/DynamiteModulesB_GmsCore_prodmnc_alldpi_release.dex --compiler-filter=speed
02-16 23:52:33.962  2035  2035 I AlarmClock: Detected change to system default alarm ringtone; clearing caches
02-16 23:52:34.289  2094  2094 I GoogleURLConnFactory: Using platform SSLCertificateSocketFactory
02-16 23:52:34.476  2094  2992 I HeterodyneSyncScheduler: Scheduling Phenotype for a PhenotypeSyncImmediately(6, com.google.android.gms.settings.platform) one off with window [1, 2] in seconds
02-16 23:52:34.491  3269  3269 W art     : Unexpected CPU variant for X86 using defaults: x86
02-16 23:52:34.497  1644  1902 I ActivityManager: Start proc 3269:com.google.android.apps.photos/u0a63 for broadcast com.google.android.apps.photos/.camerashortcut.CameraShortcutBroadcastReceiver
02-16 23:52:34.502  3227  3241 W com.google.a.a.b.d.a: Application name is not set. Call Builder#setApplicationName.
02-16 23:52:34.534  1644  2539 I ActivityManager: Killing 2150:com.android.carrierconfig/u0a3 (adj 906): empty #17
02-16 23:52:34.539  1644  2534 D ActivityManager: cleanUpApplicationRecord -- 2150
02-16 23:52:34.550  2094  2550 E GCM     : Missing checkin config file
02-16 23:52:34.550  2094  2550 W GCM     : GCM FAILED TO INITIALIZE - missing checkin
02-16 23:52:34.552  2094  2895 E GcmPushIntentOperation: Failed to subscribe to GCM: com.google.android.gms.settings.platform
02-16 23:52:34.552  2094  2895 E GcmPushIntentOperation: java.io.IOException: AUTHENTICATION_FAILED
02-16 23:52:34.552  2094  2895 E GcmPushIntentOperation: 	at vfm.b(:com.google.android.gms@11743470:39)
02-16 23:52:34.552  2094  2895 E GcmPushIntentOperation: 	at vfm.a(:com.google.android.gms@11743470:46)
02-16 23:52:34.552  2094  2895 E GcmPushIntentOperation: 	at vfj.b(:com.google.android.gms@11743470:11)
02-16 23:52:34.552  2094  2895 E GcmPushIntentOperation: 	at vfj.a(:com.google.android.gms@11743470:29)
02-16 23:52:34.552  2094  2895 E GcmPushIntentOperation: 	at com.google.android.gms.phenotype.gcmpush.GcmPushIntentOperation.a(:com.google.android.gms@11743470:15)
02-16 23:52:34.552  2094  2895 E GcmPushIntentOperation: 	at com.google.android.gms.phenotype.gcmpush.GcmPushIntentOperation.onHandleIntent(:com.google.android.gms@11743470:7)
02-16 23:52:34.552  2094  2895 E GcmPushIntentOperation: 	at com.google.android.chimera.IntentOperation.onHandleIntent(:com.google.android.gms@11743470:2)
02-16 23:52:34.552  2094  2895 E GcmPushIntentOperation: 	at bwo.run(:com.google.android.gms@11743470:10)
02-16 23:52:34.552  2094  2895 E GcmPushIntentOperation: 	at bwl.run(:com.google.android.gms@11743470:14)
02-16 23:52:34.552  2094  2895 E GcmPushIntentOperation: 	at java.util.concurrent.ThreadPoolExecutor.runWorker(ThreadPoolExecutor.java:1133)
02-16 23:52:34.552  2094  2895 E GcmPushIntentOperation: 	at java.util.concurrent.ThreadPoolExecutor$Worker.run(ThreadPoolExecutor.java:607)
02-16 23:52:34.552  2094  2895 E GcmPushIntentOperation: 	at java.lang.Thread.run(Thread.java:761)
02-16 23:52:34.558  3269  3269 W System  : ClassLoader referenced unknown path: /system/app/Photos/lib/x86
02-16 23:52:34.594  2094  2992 I HeterodyneSyncScheduler: Scheduling Phenotype for a PhenotypeSyncImmediately(6, com.google.android.gms.phenotype) one off with window [1, 2] in seconds
02-16 23:52:34.633  2094  2550 E GCM     : Missing checkin config file
02-16 23:52:34.634  2094  2550 W GCM     : GCM FAILED TO INITIALIZE - missing checkin
02-16 23:52:34.694  2094  2895 E GcmPushIntentOperation: Failed to subscribe to GCM: com.google.android.gms.phenotype
02-16 23:52:34.694  2094  2895 E GcmPushIntentOperation: java.io.IOException: AUTHENTICATION_FAILED
02-16 23:52:34.694  2094  2895 E GcmPushIntentOperation: 	at vfm.b(:com.google.android.gms@11743470:39)
02-16 23:52:34.694  2094  2895 E GcmPushIntentOperation: 	at vfm.a(:com.google.android.gms@11743470:46)
02-16 23:52:34.694  2094  2895 E GcmPushIntentOperation: 	at vfj.b(:com.google.android.gms@11743470:11)
02-16 23:52:34.694  2094  2895 E GcmPushIntentOperation: 	at vfj.a(:com.google.android.gms@11743470:29)
02-16 23:52:34.694  2094  2895 E GcmPushIntentOperation: 	at com.google.android.gms.phenotype.gcmpush.GcmPushIntentOperation.a(:com.google.android.gms@11743470:15)
02-16 23:52:34.694  2094  2895 E GcmPushIntentOperation: 	at com.google.android.gms.phenotype.gcmpush.GcmPushIntentOperation.onHandleIntent(:com.google.android.gms@11743470:7)
02-16 23:52:34.694  2094  2895 E GcmPushIntentOperation: 	at com.google.android.chimera.IntentOperation.onHandleIntent(:com.google.android.gms@11743470:2)
02-16 23:52:34.694  2094  2895 E GcmPushIntentOperation: 	at bwo.run(:com.google.android.gms@11743470:10)
02-16 23:52:34.694  2094  2895 E GcmPushIntentOperation: 	at bwl.run(:com.google.android.gms@11743470:14)
02-16 23:52:34.694  2094  2895 E GcmPushIntentOperation: 	at java.util.concurrent.ThreadPoolExecutor.runWorker(ThreadPoolExecutor.java:1133)
02-16 23:52:34.694  2094  2895 E GcmPushIntentOperation: 	at java.util.concurrent.ThreadPoolExecutor$Worker.run(ThreadPoolExecutor.java:607)
02-16 23:52:34.694  2094  2895 E GcmPushIntentOperation: 	at java.lang.Thread.run(Thread.java:761)
02-16 23:52:34.702  2110  3291 I BugleDataModel: ExpireWapPushSiMessageAction
02-16 23:52:34.771  2110  3291 V BugleDataModel: getOrCreateThreadId uri: content://mms-sms/threadID?recipient=%CA%BCWAP_PUSH_SI!%CA%BC
02-16 23:52:34.817  1644  2532 I ActivityManager: Killing 2289:com.android.sdksetup/u0a23 (adj 906): empty #17
02-16 23:52:34.845  1874  2090 D MmsSmsDatabaseHelper: [MmsSmsDb] tableName: threads hasAutoIncrement: CREATE TABLE threads (_id INTEGER PRIMARY KEY AUTOINCREMENT,date INTEGER DEFAULT 0,message_count INTEGER DEFAULT 0,recipient_ids TEXT,snippet TEXT,snippet_cs INTEGER DEFAULT 0,read INTEGER DEFAULT 1,archived INTEGER DEFAULT 0,type INTEGER DEFAULT 0,error INTEGER DEFAULT 0,has_attachment INTEGER DEFAULT 0) result: true
02-16 23:52:34.846  1874  2090 D MmsSmsDatabaseHelper: [MmsSmsDb] tableName: canonical_addresses hasAutoIncrement: CREATE TABLE canonical_addresses (_id INTEGER PRIMARY KEY AUTOINCREMENT,address TEXT) result: true
02-16 23:52:34.846  1874  2090 D MmsSmsDatabaseHelper: [MmsSmsDb] tableName: part hasAutoIncrement: CREATE TABLE part (_id INTEGER PRIMARY KEY AUTOINCREMENT,mid INTEGER,seq INTEGER DEFAULT 0,ct TEXT,name TEXT,chset INTEGER,cd TEXT,fn TEXT,cid TEXT,cl TEXT,ctt_s INTEGER,ctt_t TEXT,_data TEXT,text TEXT) result: true
02-16 23:52:34.847  1874  2090 D MmsSmsDatabaseHelper: [MmsSmsDb] tableName: pdu hasAutoIncrement: CREATE TABLE pdu (_id INTEGER PRIMARY KEY AUTOINCREMENT,thread_id INTEGER,date INTEGER,date_sent INTEGER DEFAULT 0,msg_box INTEGER,read INTEGER DEFAULT 0,m_id TEXT,sub TEXT,sub_cs INTEGER,ct_t TEXT,ct_l TEXT,exp INTEGER,m_cls TEXT,m_type INTEGER,v INTEGER,m_size INTEGER,pri INTEGER,rr INTEGER,rpt_a INTEGER,resp_st INTEGER,st INTEGER,tr_id TEXT,retr_st INTEGER,retr_txt TEXT,retr_txt_cs INTEGER,read_status INTEGER,ct_cls INTEGER,resp_txt TEXT,d_tm INTEGER,d_rpt INTEGER,locked INTEGER DEFAULT 0,sub_id INTEGER DEFAULT -1, seen INTEGER DEFAULT 0,creator TEXT,text_only INTEGER DEFAULT 0) result: true
02-16 23:52:34.847  1874  2090 D MmsSmsDatabaseHelper: [getWritableDatabase] hasAutoIncrementThreads: true hasAutoIncrementAddresses: true hasAutoIncrementPart: true hasAutoIncrementPdu: true
02-16 23:52:34.858  1644  2536 D ActivityManager: cleanUpApplicationRecord -- 2289
02-16 23:52:34.869  1874  2090 D MmsSmsProvider: getSingleAddressId: insert new canonical_address for xxxxxx, _id=1
02-16 23:52:34.873  1874  2090 D MmsSmsProvider: getThreadId: create new thread_id for recipients xxxxxxxx
02-16 23:52:34.875  1874  2090 D MmsSmsProvider: insertThread: created new thread_id 1 for recipientIds xxxxxxx
02-16 23:52:34.888  2110  3291 W BugleDataModel: ExpireWapPushSiMessageAction: no WAP Push SI messages
02-16 23:52:35.036  2094  3267 I HeterodyneSyncScheduler: Scheduling a periodic sync task every 14400 seconds, with flex of 1800 seconds
02-16 23:52:35.066  2094  3267 I HeterodyneSyncScheduler: Scheduling adaptive one off task with window [14400, 604800] in seconds
02-16 23:52:35.129  1405  1405 I         : free_cache(25172071) avail 6144446464
02-16 23:52:35.219  2335  3212 W MediaScanner: forcing rescan of /system/media/audio/notifications/OnTheHunt.oggsince ringtone setting didn't finish
02-16 23:52:35.229  2335  3212 W MediaProvider: Missing volume for /system/media/audio/notifications; assuming invalid
02-16 23:52:35.254  2335  3212 W MediaProvider: Missing volume for /system/media/audio/alarms/Alarm_Rooster_02.ogg; assuming invalid
02-16 23:52:35.256  2335  3212 W MediaProvider: Missing volume for /system/media/audio/alarms/Argon.ogg; assuming invalid
02-16 23:52:35.258  2335  3212 W MediaProvider: Missing volume for /system/media/audio/alarms/Barium.ogg; assuming invalid
02-16 23:52:35.261  2335  3212 W MediaProvider: Missing volume for /system/media/audio/alarms/Carbon.ogg; assuming invalid
02-16 23:52:35.264  2335  3212 W MediaProvider: Missing volume for /system/media/audio/alarms/Cesium.ogg; assuming invalid
02-16 23:52:35.266  2335  3212 W MediaProvider: Missing volume for /system/media/audio/alarms/Fermium.ogg; assuming invalid
02-16 23:52:35.269  2335  3212 W MediaProvider: Missing volume for /system/media/audio/alarms/Hassium.ogg; assuming invalid
02-16 23:52:35.271  2335  3212 W MediaProvider: Missing volume for /system/media/audio/alarms/Helium.ogg; assuming invalid
02-16 23:52:35.274  2335  3212 W MediaProvider: Missing volume for /system/media/audio/alarms/Krypton.ogg; assuming invalid
02-16 23:52:35.277  2335  3212 W MediaProvider: Missing volume for /system/media/audio/alarms/Neon.ogg; assuming invalid
02-16 23:52:35.280  2335  3212 W MediaProvider: Missing volume for /system/media/audio/alarms/Neptunium.ogg; assuming invalid
02-16 23:52:35.283  2335  3212 W MediaProvider: Missing volume for /system/media/audio/alarms/Nobelium.ogg; assuming invalid
02-16 23:52:35.286  2335  3212 W MediaProvider: Missing volume for /system/media/audio/alarms/Osmium.ogg; assuming invalid
02-16 23:52:35.289  2335  3212 W MediaProvider: Missing volume for /system/media/audio/alarms/Oxygen.ogg; assuming invalid
02-16 23:52:35.290  2335  3212 W MediaProvider: Missing volume for /system/media/audio/alarms/Platinum.ogg; assuming invalid
02-16 23:52:35.293  2335  3212 W MediaProvider: Missing volume for /system/media/audio/alarms/Plutonium.ogg; assuming invalid
02-16 23:52:35.297  2335  3212 W MediaProvider: Missing volume for /system/media/audio/alarms/Promethium.ogg; assuming invalid
02-16 23:52:35.300  2335  3212 W MediaProvider: Missing volume for /system/media/audio/alarms/Scandium.ogg; assuming invalid
02-16 23:52:35.306  2335  3212 W MediaProvider: Missing volume for /system/media/audio/notifications/Adara.ogg; assuming invalid
02-16 23:52:35.315  1410  1807 E MetadataRetrieverClient: failed to extract an album art
02-16 23:52:35.315  2335  3212 W MediaProvider: Missing volume for /system/media/audio/notifications/Aldebaran.ogg; assuming invalid
02-16 23:52:35.321  2335  3212 W MediaProvider: Missing volume for /system/media/audio/notifications/Altair.ogg; assuming invalid
02-16 23:52:35.327  2335  3212 W MediaProvider: Missing volume for /system/media/audio/notifications/Alya.ogg; assuming invalid
02-16 23:52:35.339  2335  3212 W MediaProvider: Missing volume for /system/media/audio/notifications/Antares.ogg; assuming invalid
02-16 23:52:35.344  2335  3212 W MediaProvider: Missing volume for /system/media/audio/notifications/Antimony.ogg; assuming invalid
02-16 23:52:35.392  2335  3212 W MediaProvider: Missing volume for /system/media/audio/notifications/Arcturus.ogg; assuming invalid
02-16 23:52:35.395  2335  3212 W MediaProvider: Missing volume for /system/media/audio/notifications/Argon.ogg; assuming invalid
02-16 23:52:35.410  2335  3212 W MediaProvider: Missing volume for /system/media/audio/notifications/Beat_Box_Android.ogg; assuming invalid
02-16 23:52:35.419  2335  3212 W MediaProvider: Missing volume for /system/media/audio/notifications/Bellatrix.ogg; assuming invalid
02-16 23:52:35.428  2335  3212 W MediaProvider: Missing volume for /system/media/audio/notifications/Beryllium.ogg; assuming invalid
02-16 23:52:35.430  2335  3212 W MediaProvider: Missing volume for /system/media/audio/notifications/Betelgeuse.ogg; assuming invalid
02-16 23:52:35.432  2335  3212 W MediaProvider: Missing volume for /system/media/audio/notifications/CaffeineSnake.ogg; assuming invalid
02-16 23:52:35.435  2335  3212 W MediaProvider: Missing volume for /system/media/audio/notifications/Canopus.ogg; assuming invalid
02-16 23:52:35.444  2335  3212 W MediaProvider: Missing volume for /system/media/audio/notifications/Capella.ogg; assuming invalid
02-16 23:52:35.446  2335  3212 W MediaProvider: Missing volume for /system/media/audio/notifications/Castor.ogg; assuming invalid
02-16 23:52:35.450  2335  3212 W MediaProvider: Missing volume for /system/media/audio/notifications/CetiAlpha.ogg; assuming invalid
02-16 23:52:35.455  2335  3212 W MediaProvider: Missing volume for /system/media/audio/notifications/Cobalt.ogg; assuming invalid
02-16 23:52:35.461  2335  3212 W MediaProvider: Missing volume for /system/media/audio/notifications/Cricket.ogg; assuming invalid
02-16 23:52:35.464  2335  3212 W MediaProvider: Missing volume for /system/media/audio/notifications/DearDeer.ogg; assuming invalid
02-16 23:52:35.469  2335  3212 W MediaProvider: Missing volume for /system/media/audio/notifications/Deneb.ogg; assuming invalid
02-16 23:52:35.471  2335  3212 W MediaProvider: Missing volume for /system/media/audio/notifications/Doink.ogg; assuming invalid
02-16 23:52:35.474  2335  3212 W MediaProvider: Missing volume for /system/media/audio/notifications/DontPanic.ogg; assuming invalid
02-16 23:52:35.476  2335  3212 W MediaProvider: Missing volume for /system/media/audio/notifications/Drip.ogg; assuming invalid
02-16 23:52:35.479  2335  3212 W MediaProvider: Missing volume for /system/media/audio/notifications/Electra.ogg; assuming invalid
02-16 23:52:35.482  2335  3212 W MediaProvider: Missing volume for /system/media/audio/notifications/F1_MissedCall.ogg; assuming invalid
02-16 23:52:35.488  2335  3212 W MediaProvider: Missing volume for /system/media/audio/notifications/F1_New_MMS.ogg; assuming invalid
02-16 23:52:35.495  2335  3212 W MediaProvider: Missing volume for /system/media/audio/notifications/F1_New_SMS.ogg; assuming invalid
02-16 23:52:35.499  2335  3212 W MediaProvider: Missing volume for /system/media/audio/notifications/Fluorine.ogg; assuming invalid
02-16 23:52:35.502  2335  3212 W MediaProvider: Missing volume for /system/media/audio/notifications/Fomalhaut.ogg; assuming invalid
02-16 23:52:35.505  2335  3212 W MediaProvider: Missing volume for /system/media/audio/notifications/Gallium.ogg; assuming invalid
02-16 23:52:35.507  2335  3212 W MediaProvider: Missing volume for /system/media/audio/notifications/Heaven.ogg; assuming invalid
02-16 23:52:35.510  2335  3212 W MediaProvider: Missing volume for /system/media/audio/notifications/Helium.ogg; assuming invalid
02-16 23:52:35.512  2335  3212 W MediaProvider: Missing volume for /system/media/audio/notifications/Highwire.ogg; assuming invalid
02-16 23:52:35.517  2335  3212 W MediaProvider: Missing volume for /system/media/audio/notifications/Hojus.ogg; assuming invalid
02-16 23:52:35.521  2335  3212 W MediaProvider: Missing volume for /system/media/audio/notifications/Iridium.ogg; assuming invalid
02-16 23:52:35.523  2335  3212 W MediaProvider: Missing volume for /system/media/audio/notifications/Krypton.ogg; assuming invalid
02-16 23:52:35.524  2335  3212 W MediaProvider: Missing volume for /system/media/audio/notifications/KzurbSonar.ogg; assuming invalid
02-16 23:52:35.527  2335  3212 W MediaProvider: Missing volume for /system/media/audio/notifications/Lalande.ogg; assuming invalid
02-16 23:52:35.533  2335  3212 W MediaProvider: Missing volume for /system/media/audio/notifications/Merope.ogg; assuming invalid
02-16 23:52:35.541  2335  3212 W MediaProvider: Missing volume for /system/media/audio/notifications/Mira.ogg; assuming invalid
02-16 23:52:35.567  2335  3212 W MediaProvider: Missing volume for /system/media/audio/notifications/OnTheHunt.ogg; assuming invalid
02-16 23:52:35.615  3269  3269 W TrustedPartners: no provider found for com.motorola.camera.provider.bestshotprovider.BestShotProvider; do not trust
02-16 23:52:35.615  3269  3269 W TrustedPartners: no provider found for com.google.android.apps.photos.api.SpecialTypesProvider; do not trust
02-16 23:52:35.638  3269  3269 W TrustedPartners: no provider found for com.lge.photos.specialtypeprovider; do not trust
02-16 23:52:35.739  1644  2122 W ActivityManager: Unable to start service Intent { act=com.google.android.gms.analytics.service.START cmp=com.google.android.gms/.analytics.service.AnalyticsService (has extras) } U=0: not found
02-16 23:52:35.741  2570  3002 W GAV2    : Thread[Service Reconnect,5,main]: Service unavailable (code=1), using local store.
02-16 23:52:35.810  3315  3315 W art     : Unexpected CPU variant for X86 using defaults: x86
02-16 23:52:35.817  1644  1655 I ActivityManager: Start proc 3315:com.google.android.configupdater/u0a5 for broadcast com.google.android.configupdater/.CertPin.CertPinUpdateRequestReceiver
02-16 23:52:35.857  3315  3315 W System  : ClassLoader referenced unknown path: /system/priv-app/ConfigUpdater/lib/x86
02-16 23:52:35.981  3315  3315 E ConfigUpdater: ignoring update request
02-16 23:52:35.988  3315  3315 E ConfigUpdater: ignoring update request
02-16 23:52:35.999  3315  3315 E ConfigUpdater: ignoring update request
02-16 23:52:36.049  3315  3315 E ConfigUpdater: ignoring update request
02-16 23:52:36.058  3315  3315 E ConfigUpdater: ignoring update request
02-16 23:52:36.067  3315  3315 E ConfigUpdater: ignoring update request
02-16 23:52:36.074  3315  3315 E ConfigUpdater: ignoring update request
02-16 23:52:36.145  2960  2960 D Babel   : RefCountedService(com.google.android.apps.hangouts.requestwriter.RequestWriter) onDestroy (count=0, startId=1 stopped=true)
02-16 23:52:36.148  1644  2532 I ActivityManager: Killing 2163:com.google.android.setupwizard/u0a24 (adj 906): empty #17
02-16 23:52:36.151  1644  2537 D ActivityManager: cleanUpApplicationRecord -- 2163
02-16 23:52:36.231  2570  2570 W EasBundling: Gmail: isExchangeLegacy=false action=android.intent.action.BOOT_COMPLETED data=null
02-16 23:52:36.233  2094  2094 W ChimeraUtils: Non Chimera context
02-16 23:52:36.238  1644  1669 I ActivityManager: Killing 2570:com.google.android.gm/u0a66 (adj 500): change com.google.android.gm
02-16 23:52:36.239  1644  1669 D ActivityManager: cleanUpApplicationRecord -- 2570
02-16 23:52:36.269  1644  1669 W ActivityManager: Scheduling restart of crashed service com.google.android.gm/.GmailIntentService in 1000ms
02-16 23:52:36.269  1644  1669 W ActivityManager: Scheduling restart of crashed service com.google.android.gm/com.android.email.service.EmailBroadcastProcessorService in 1000ms
02-16 23:52:36.284  1644  1644 E JavaBinder: !!! FAILED BINDER TRANSACTION !!!  (parcel size = 140)
02-16 23:52:36.295  1874  1874 D CarrierSvcBindHelper: No carrier app for: 0
02-16 23:52:36.303  1644  1729 W ActivityManager: Permission Denial: Accessing service ComponentInfo{com.google.android.music/com.google.android.music.dial.DialMediaRouteProviderService} from pid=2748, uid=10073 that is not exported from uid 10059
02-16 23:52:36.318  1644  1678 I InputReader: Reconfiguring input devices.  changes=0x00000010
02-16 23:52:36.333  2276  2276 W System  : ClassLoader referenced unknown path: /system/app/PlayGames/lib/x86
02-16 23:52:36.384  3043  3053 W art     : Suspending all threads took: 6.577ms
02-16 23:52:36.433  3347  3347 W art     : Unexpected CPU variant for X86 using defaults: x86
02-16 23:52:36.435  1644  1669 I ActivityManager: Start proc 3347:com.android.defcontainer/u0a8 for service com.android.defcontainer/.DefaultContainerService
02-16 23:52:36.454  2335  3212 W MediaProvider: Missing volume for /system/media/audio/ringtones; assuming invalid
02-16 23:52:36.491  2335  3212 W MediaProvider: Missing volume for /system/media/audio/notifications/Palladium.ogg; assuming invalid
02-16 23:52:36.517  2335  3212 W MediaProvider: Missing volume for /system/media/audio/notifications/Plastic_Pipe.ogg; assuming invalid
02-16 23:52:36.527  2335  3212 W MediaProvider: Missing volume for /system/media/audio/notifications/Polaris.ogg; assuming invalid
02-16 23:52:36.532  1410  1807 E MetadataRetrieverClient: failed to extract an album art
02-16 23:52:36.533  2335  3212 W MediaProvider: Missing volume for /system/media/audio/notifications/Pollux.ogg; assuming invalid
02-16 23:52:36.536  2335  3212 W MediaProvider: Missing volume for /system/media/audio/notifications/Procyon.ogg; assuming invalid
02-16 23:52:36.538  2335  3212 W MediaProvider: Missing volume for /system/media/audio/notifications/Proxima.ogg; assuming invalid
02-16 23:52:36.541  2335  3212 W MediaProvider: Missing volume for /system/media/audio/notifications/Radon.ogg; assuming invalid
02-16 23:52:36.543  2335  3212 W MediaProvider: Missing volume for /system/media/audio/notifications/Rubidium.ogg; assuming invalid
02-16 23:52:36.545  2335  3212 W MediaProvider: Missing volume for /system/media/audio/notifications/Selenium.ogg; assuming invalid
02-16 23:52:36.548  2335  3212 W MediaProvider: Missing volume for /system/media/audio/notifications/Shaula.ogg; assuming invalid
02-16 23:52:36.554  2335  3212 W MediaProvider: Missing volume for /system/media/audio/notifications/Sirrah.ogg; assuming invalid
02-16 23:52:36.556  2335  3212 W MediaProvider: Missing volume for /system/media/audio/notifications/SpaceSeed.ogg; assuming invalid
02-16 23:52:36.563  2335  3212 W MediaProvider: Missing volume for /system/media/audio/notifications/Spica.ogg; assuming invalid
02-16 23:52:36.563  2094  2094 I WearableService: Wearable Services stopping
02-16 23:52:36.578  2335  3212 W MediaProvider: Missing volume for /system/media/audio/notifications/Strontium.ogg; assuming invalid
02-16 23:52:36.580  2335  3212 W MediaProvider: Missing volume for /system/media/audio/notifications/Syrma.ogg; assuming invalid
02-16 23:52:36.587  2335  3212 W MediaProvider: Missing volume for /system/media/audio/notifications/TaDa.ogg; assuming invalid
02-16 23:52:36.594  2335  3212 W MediaProvider: Missing volume for /system/media/audio/notifications/Talitha.ogg; assuming invalid
02-16 23:52:36.607  2335  3212 W MediaProvider: Missing volume for /system/media/audio/notifications/Tejat.ogg; assuming invalid
02-16 23:52:36.614  2335  3212 W MediaProvider: Missing volume for /system/media/audio/notifications/Thallium.ogg; assuming invalid
02-16 23:52:36.616  2335  3212 W MediaProvider: Missing volume for /system/media/audio/notifications/Tinkerbell.ogg; assuming invalid
02-16 23:52:36.633  2335  3212 W MediaProvider: Missing volume for /system/media/audio/notifications/Upsilon.ogg; assuming invalid
02-16 23:52:36.637  2335  3212 W MediaProvider: Missing volume for /system/media/audio/notifications/Vega.ogg; assuming invalid
02-16 23:52:36.640  2335  3212 W MediaProvider: Missing volume for /system/media/audio/notifications/Voila.ogg; assuming invalid
02-16 23:52:36.657  2310  2322 I art     : Background sticky concurrent mark sweep GC freed 3751(500KB) AllocSpace objects, 20(2MB) LOS objects, 18% free, 10MB/13MB, paused 10.804ms total 43.313ms
02-16 23:52:36.664  2335  3212 W MediaProvider: Missing volume for /system/media/audio/notifications/Xenon.ogg; assuming invalid
02-16 23:52:36.703  1644  1902 W BackupManagerService: dataChanged but no participant pkg='com.android.launcher3' uid=10019
02-16 23:52:36.711  1644  1669 W PackageParser: Unknown element under <manifest>: queries at /data/app/vmdl1497055412.tmp/base.apk Binary XML file line #35
02-16 23:52:36.719  2335  3212 W MediaProvider: Missing volume for /system/media/audio/notifications/Zirconium.ogg; assuming invalid
02-16 23:52:36.719  2276  3361 I Auth    : [WorkAccount] update authenticator enabled for boot or update
02-16 23:52:36.724  2335  3212 W MediaProvider: Missing volume for /system/media/audio/notifications/arcturus.ogg; assuming invalid
02-16 23:52:36.727  2335  3212 W MediaProvider: Missing volume for /system/media/audio/notifications/moonbeam.ogg; assuming invalid
02-16 23:52:36.735  1644  1654 W ActivityManager: Unable to start service Intent { act=com.google.android.gms.analytics.service.START cmp=com.google.android.gms/.analytics.service.AnalyticsService (has extras) } U=0: not found
02-16 23:52:36.736  3043  3068 W GAV2    : Thread[GAThread,5,main]: Service unavailable (code=1), will retry.
02-16 23:52:36.739  2094  3364 W WakefulBroadcastReceiv.: No active wake lock id #2
02-16 23:52:36.740  2335  3212 W MediaProvider: Missing volume for /system/media/audio/notifications/pixiedust.ogg; assuming invalid
02-16 23:52:36.753  2335  3212 W MediaProvider: Missing volume for /system/media/audio/notifications/pizzicato.ogg; assuming invalid
02-16 23:52:36.754  3043  3068 I GAV2    : Thread[GAThread,5,main]: No campaign data found.
02-16 23:52:36.770  2094  3367 W ConfigurationChimeraPro: Got null configs for com.google.android.gms.auth.account.base
02-16 23:52:36.778  1644  1669 W PackageParser: Unknown element under <application>: property at /data/app/vmdl1497055412.tmp/base.apk Binary XML file line #273
02-16 23:52:36.790  2335  3212 W MediaProvider: Missing volume for /system/media/audio/notifications/regulus.ogg; assuming invalid
02-16 23:52:36.794  2276  3362 I Ads     : Initialized AdMob from dev at 172403884 in container 11.7.43 (470-172403884)
02-16 23:52:36.822  2094  2094 E BluetoothAdapter: Bluetooth binder is null
02-16 23:52:36.823  2276  2524 W ChimeraUtils: Non Chimera context
02-16 23:52:36.825  1644  1669 W PackageManager: Package com.senthapps.slagrimarket desires unavailable shared library android.ext.adservices; ignoring!
02-16 23:52:36.827  2335  3212 W MediaProvider: Missing volume for /system/media/audio/notifications/sirius.ogg; assuming invalid
02-16 23:52:36.831  2276  3371 I Auth    : [FRP,FrpUpdateIntentOperation] Frp is not supported for this device / user
02-16 23:52:36.832  2276  3376 I SystemUpdate: [Installation,ReceiverIntentOperation] Received intent: Intent { act=com.google.android.gms.update.BASE_MODULE_INIT cat=[targeted_intent_op_prefix:.update.control.ReceiverIntentOperation] cmp=com.google.android.gms/.chimera.GmsIntentOperationService }.
02-16 23:52:36.833  2276  3375 I Authzen : [AuthZenEventHandler] Handling event: android.intent.action.BOOT_COMPLETED
02-16 23:52:36.849  2276  3368 I Backup  : [ComponentEnabler] Setting target components to enabled = false
02-16 23:52:36.850  2276  3368 I Backup  : [ComponentEnabler] Setting source components to enabled = true
02-16 23:52:36.852  1644  1669 I PackageManager.DexOptimizer: Running dexopt (dex2oat) on: /data/app/vmdl1497055412.tmp/base.apk pkg=com.senthapps.slagrimarket isa=x86 vmSafeMode=false debuggable=true target-filter=interpret-only oatDir = /data/app/vmdl1497055412.tmp/oat sharedLibraries=null
02-16 23:52:36.853  2335  3212 W MediaProvider: Missing volume for /system/media/audio/notifications/tweeters.ogg; assuming invalid
02-16 23:52:36.859  2335  3212 W MediaProvider: Missing volume for /system/media/audio/notifications/vega.ogg; assuming invalid
02-16 23:52:36.894  2276  3376 W ChimeraUtils: Non Chimera context
02-16 23:52:36.951  2276  3375 I Authzen : [TransactionCache] Clearing transaction cache
02-16 23:52:36.965  2276  2286 I art     : Background partial concurrent mark sweep GC freed 38806(2MB) AllocSpace objects, 13(260KB) LOS objects, 33% free, 8MB/12MB, paused 2.537ms total 120.605ms
02-16 23:52:36.985  2335  3212 W MediaProvider: Missing volume for /system/media/audio/ringtones/ANDROMEDA.ogg; assuming invalid
02-16 23:52:36.989  1410  1833 E MetadataRetrieverClient: failed to extract an album art
02-16 23:52:36.994  3380  3380 W art     : Unexpected CPU variant for X86 using defaults: x86
02-16 23:52:36.996  1644  2122 I ActivityManager: Start proc 3380:com.google.android.onetimeinitializer/u0a16 for broadcast com.google.android.onetimeinitializer/.OneTimeInitializerReceiver
02-16 23:52:37.005  3378  3378 W dex2oat : Unexpected CPU variant for X86 using defaults: x86
02-16 23:52:37.005  3378  3378 W dex2oat : Mismatch between dex2oat instruction set features (ISA: X86 Feature string: smp,-ssse3,-sse4.1,-sse4.2,-avx,-avx2,-lock_add,-popcnt) and those of dex2oat executable (ISA: X86 Feature string: smp,ssse3,-sse4.1,-sse4.2,-avx,-avx2,-lock_add,-popcnt) for the command line:
02-16 23:52:37.005  3378  3378 W dex2oat : /system/bin/dex2oat --zip-fd=6 --zip-location=base.apk --oat-fd=7 --oat-location=/data/app/vmdl1497055412.tmp/oat/x86/base.odex --instruction-set=x86 --instruction-set-variant=x86 --instruction-set-features=default --runtime-arg -Xms64m --runtime-arg -Xmx512m --compiler-filter=interpret-only --swap-fd=9 --debuggable
02-16 23:52:37.006  3378  3378 I dex2oat : /system/bin/dex2oat --compiler-filter=interpret-only --debuggable
02-16 23:52:37.019  3380  3380 W System  : ClassLoader referenced unknown path: /system/priv-app/GoogleOneTimeInitializer/lib/x86
02-16 23:52:37.031  3380  3380 V OneTimeInitializerReceiver: OneTimeInitializerReceiver.onReceive
02-16 23:52:37.041  2276  3376 I Backup  : [PreLComponentEnabler] Disabling pre-L components
02-16 23:52:37.057  2276  2552 I Authzen : [PermitStore] Getting all permits...
02-16 23:52:37.067  1644  1655 I BroadcastQueue: Delay finish: com.google.android.partnersetup/.GooglePartnerSetup
02-16 23:52:37.067  3380  3394 V OneTimeService: OneTimeService.onHandleIntent
02-16 23:52:37.108  2276  3376 I CheckinChimeraService: android.os.VintfObject class not found : android.os.VintfObject
02-16 23:52:37.153  2094  2094 I GeofencerStateMachine: sendQueryLocationOptIn
02-16 23:52:37.159  3380  3394 V OneTimeService: Device Policy is not installed, doing nothing.
02-16 23:52:37.164  1644  2532 I BroadcastQueue: Resuming delayed broadcast
02-16 23:52:37.179  2094  2094 I GeofencerStateMachine: sendQueryLocationOptIn
02-16 23:52:37.209  1644  1653 I art     : Background partial concurrent mark sweep GC freed 38577(2MB) AllocSpace objects, 12(336KB) LOS objects, 24% free, 12MB/16MB, paused 3.449ms total 125.416ms
02-16 23:52:37.236  2094  2094 I GeofencerStateMachine: sendQueryLocationOptIn
02-16 23:52:37.263  2094  2895 I BootCount: Successfully migrate boot count SharedPreferences from CE to DE.
02-16 23:52:37.264  2094  2895 I BootCount: Device boot count in clearcut increased.
02-16 23:52:37.283  3403  3403 W art     : Unexpected CPU variant for X86 using defaults: x86
02-16 23:52:37.288  1644  1657 I ActivityManager: Start proc 3403:com.google.android.gm/u0a66 for service com.google.android.gm/com.android.email.service.EmailBroadcastProcessorService
02-16 23:52:37.289  2094  2094 I GeofencerStateMachine: sendQueryLocationOptIn
02-16 23:52:37.316  2094  2094 I GeofencerStateMachine: sendQueryLocationOptIn
02-16 23:52:37.317  2276  3362 W constellation: [reboot_checker] disabled by gservice flag
02-16 23:52:37.333  3250  3262 W dex2oat : Compilation of void com.google.maps.api.android.lib6.lite.r.a(wj, wj, int, com.google.maps.api.android.lib6.impl.fj) took 147.727ms
02-16 23:52:37.346  2276  2660 I CheckinCompat: Disabling old GoogleServicesFramework version
02-16 23:52:37.368  2094  2094 I GeofencerStateMachine: sendQueryLocationOptIn
02-16 23:52:37.371  2094  2094 I GeofencerStateMachine: sendQueryLocationOptIn
02-16 23:52:37.372  3403  3403 W System  : ClassLoader referenced unknown path: /system/app/PrebuiltGmail/lib/x86
02-16 23:52:37.382  2276  3362 I ApiChimeraService: Scheduling reset intent
02-16 23:52:37.401  2094  2677 W ConfigurationChimeraPro: Got null configs for com.google.android.gms.drive
02-16 23:52:37.412  2276  3362 I Fido    : [FidoInitIntentOperation] Initializing Fido module, InitRuntimeState=2
02-16 23:52:37.455  3250  3264 W dex2oat : Compilation of boolean com.google.maps.api.android.lib6.rocket.gl.j.a() took 128.221ms
02-16 23:52:37.483  2960  2960 W Babel   : On boot, found 0 ready accounts
02-16 23:52:37.501  2094  2094 W ConfigurationChimeraPro: Got null configs for com.google.android.gms.fitness
02-16 23:52:37.505  3422  3422 W art     : Unexpected CPU variant for X86 using defaults: x86
02-16 23:52:37.508  1644  2539 I ActivityManager: Start proc 3422:com.google.android.videos/u0a70 for broadcast com.google.android.videos/.service.pinning.TransferService$Receiver
02-16 23:52:37.514  2960  2960 D Babel   : onCreate: Shutdown runnable posted in onCreate with a delay of 5000 ms.
02-16 23:52:37.540  2960  3435 D Babel   : Idle: Shutdown runnable posted in release with a delay of 5000 ms.
02-16 23:52:37.545  3438  3438 W art     : Unexpected CPU variant for X86 using defaults: x86
02-16 23:52:37.551  1644  2535 I ActivityManager: Start proc 3438:com.google.android.gms.unstable/u0a13 for service com.google.android.gms/.droidguard.DroidGuardService
02-16 23:52:37.553  2960  3435 D Babel   : Idle: Shutdown runnable posted in release with a delay of 5000 ms.
02-16 23:52:37.599  2423  3401 I RlzPingService: Setting next ping for 1771919557527
02-16 23:52:37.622  3250  3262 W dex2oat : Compilation of void com.google.maps.api.android.lib6.rocket.gl.n.b(com.google.maps.api.android.lib6.rocket.model.d) took 187.999ms
02-16 23:52:37.640  3422  3422 W System  : ClassLoader referenced unknown path: /system/app/Videos/lib/x86
02-16 23:52:37.641  2276  3362 I GCM-GMS : Scheduling task to register GMS
02-16 23:52:37.655  3438  3438 W System  : ClassLoader referenced unknown path: /system/priv-app/PrebuiltGmsCore/lib/x86
02-16 23:52:37.776  3250  3262 W dex2oat : Compilation of uw com.google.maps.api.android.lib6.rocket.renderer.r.a(com.google.maps.api.android.lib6.rocket.model.b) took 140.113ms
02-16 23:52:37.856  2276  2557 I Icing   : MaintenanceDriver: Registering all GCM Tasks.
02-16 23:52:37.873  3438  3438 I LoadedApk: No resource references to update in package FFFFFFFFFFFFFFFFFFFFFF
02-16 23:52:37.898  2276  2552 I EventLogChimeraService: Accumulating logs since 0
02-16 23:52:38.014  2094  2105 I art     : Background sticky concurrent mark sweep GC freed 19071(1508KB) AllocSpace objects, 3(60KB) LOS objects, 17% free, 10MB/12MB, paused 11.595ms total 56.326ms
02-16 23:52:38.019  2276  2504 W Herrevad: [103] tvy.c: Looking up Wifi info on a non-wifi device
02-16 23:52:38.066  3250  3265 W dex2oat : Compilation of com.google.maps.api.mobile.logging.c com.google.maps.api.mobile.logging.c.a(int) took 236.797ms
02-16 23:52:38.075  3438  3438 W System  : ClassLoader referenced unknown path: /system/priv-app/PrebuiltGmsCore/lib/x86
02-16 23:52:38.075  3438  3438 W System  : ClassLoader referenced unknown path: /system/priv-app/PrebuiltGmsCore/lib/x86
02-16 23:52:38.083  3438  3438 W System  : ClassLoader referenced unknown path: /system/priv-app/PrebuiltGmsCore/lib/x86
02-16 23:52:38.083  3438  3438 W System  : ClassLoader referenced unknown path: /system/priv-app/PrebuiltGmsCore/lib/x86
02-16 23:52:38.090  2960  3468 I Babel   : BAM created 0
02-16 23:52:38.129  3438  3438 W linker  : /data/user_de/0/com.google.android.gms/app_extracted_libs/x86/libconscrypt_gmscore_jni.so: unused DT entry: type 0xf arg 0x91
02-16 23:52:38.148  3438  3438 V NativeCrypto: Registering com/google/android/gms/org/conscrypt/NativeCrypto's 276 native methods...
02-16 23:52:38.160  2748  2758 W art     : Suspending all threads took: 13.403ms
02-16 23:52:38.185  2190  2200 I art     : Background partial concurrent mark sweep GC freed 4185(160KB) AllocSpace objects, 0(0B) LOS objects, 39% free, 4MB/6MB, paused 9.066ms total 21.531ms
02-16 23:52:38.193  2960  3468 I Babel   : BAM#account updated: 0
02-16 23:52:38.200  2960  3468 I Babel_StickerModule: Account change update: 0
02-16 23:52:38.201  2960  3468 W Babel_StickerModule: Null account update.
02-16 23:52:38.221  3438  3438 D NetworkSecurityConfig: No Network Security Config specified, using platform default
02-16 23:52:38.229  3403  3403 W EasBundling: in EasBundling.init, isBundlingEnabled=true
02-16 23:52:38.235  2960  3468 D BabelGcmRegistration: requestGcmRegistrationId
02-16 23:52:38.242  3438  3438 I ProviderInstaller: Installed default security provider GmsCore_OpenSSL
02-16 23:52:38.280  2960  2960 D Babel   : Idle: Shutdown runnable posted in release with a delay of 5000 ms.
02-16 23:52:38.361  2276  2286 W art     : Suspending all threads took: 32.070ms
02-16 23:52:38.367  3250  3250 W dex2oat : Compilation of org.apache.http.HttpResponse fp.a(ex, java.util.Map) took 132.786ms
02-16 23:52:38.367  2810  3474 I MagicTether: [HostValidator] InvalidHost. MobileData: true, Tethering: false, whitelist: false, ble: false
02-16 23:52:38.369  2276  2286 I art     : Background sticky concurrent mark sweep GC freed 27463(3MB) AllocSpace objects, 16(316KB) LOS objects, 29% free, 8MB/12MB, paused 34.235ms total 101.949ms
02-16 23:52:38.400  2276  3362 W NetRec  : [206] NetrecModuleInitIntentOperation.a: Device does not support scoring, exiting
02-16 23:52:38.404  3403  3485 I Gmail   : getAccountsCursor
02-16 23:52:38.405  3403  3486 D ActivityThread: Loading provider com.google.android.gmail.provider;com.android.mail.notifier;com.google.android.gm.email.provider;com.google.android.gm.email.notifier: com.android.email.provider.EmailProvider
02-16 23:52:38.406  2094  2550 I MagicTether: [HostValidator] InvalidHost. MobileData: true, Tethering: false, whitelist: false, ble: false
02-16 23:52:38.441  2276  3476 I FA-SVC  : App measurement is starting up, version: 11743
02-16 23:52:38.441  2094  2992 I HeterodyneSyncScheduler: Scheduling Phenotype for a PhenotypeSyncImmediately(6, com.google.android.gms.lockbox) one off with window [1, 2] in seconds
02-16 23:52:38.451  2276  2552 I ProcessCheckinRequest: Get token from PseudonymousIdApi: null
02-16 23:52:38.457  2276  3476 I FA-SVC  : This instance being marked as an uploader
02-16 23:52:38.490  2276  2552 I CheckinRequestBuilder: Checkin reason type: 5 attempt count: 1
02-16 23:52:38.535  2276  2552 E ActivityThread: Failed to find provider info for com.google.android.wearable.settings
02-16 23:52:38.541  2276  3362 E DeviceContactImportDelegate: Device contact import is disabled.
02-16 23:52:38.561  2276  3362 E DeviceContactImportDelegate: Data layer device contacts import is disabled.
