--------- beginning of main
02-16 23:52:57.406  2094  2895 E GcmPushIntentOperation: Failed to subscribe to GCM: com.google.android.gms.gcm
02-16 23:52:57.406  2094  2895 E GcmPushIntentOperation: java.io.IOException: INVALID_SENDER
02-16 23:52:57.406  2094  2895 E GcmPushIntentOperation: 	at vfm.b(:com.google.android.gms@11743470:39)
02-16 23:52:57.406  2094  2895 E GcmPushIntentOperation: 	at vfm.a(:com.google.android.gms@11743470:46)
02-16 23:52:57.406  2094  2895 E GcmPushIntentOperation: 	at vfj.b(:com.google.android.gms@11743470:11)
02-16 23:52:57.406  2094  2895 E GcmPushIntentOperation: 	at vfj.a(:com.google.android.gms@11743470:29)
02-16 23:52:57.406  2094  2895 E GcmPushIntentOperation: 	at com.google.android.gms.phenotype.gcmpush.GcmPushIntentOperation.a(:com.google.android.gms@11743470:15)
02-16 23:52:57.406  2094  2895 E GcmPushIntentOperation: 	at com.google.android.gms.phenotype.gcmpush.GcmPushIntentOperation.onHandleIntent(:com.google.android.gms@11743470:7)
02-16 23:52:57.406  2094  2895 E GcmPushIntentOperation: 	at com.google.android.chimera.IntentOperation.onHandleIntent(:com.google.android.gms@11743470:2)
02-16 23:52:57.406  2094  2895 E GcmPushIntentOperation: 	at bwo.run(:com.google.android.gms@11743470:10)
02-16 23:52:57.406  2094  2895 E GcmPushIntentOperation: 	at bwl.run(:com.google.android.gms@11743470:14)
02-16 23:52:57.406  2094  2895 E GcmPushIntentOperation: 	at java.util.concurrent.ThreadPoolExecutor.runWorker(ThreadPoolExecutor.java:1133)
02-16 23:52:57.406  2094  2895 E GcmPushIntentOperation: 	at java.util.concurrent.ThreadPoolExecutor$Worker.run(ThreadPoolExecutor.java:607)
02-16 23:52:57.406  2094  2895 E GcmPushIntentOperation: 	at java.lang.Thread.run(Thread.java:761)
02-16 23:52:57.412  2094  2094 W Nearby  : Bind call too late - someone already tried to get: interface axfw
02-16 23:52:57.454  1403  1670 V EmulatedCamera_Camera: getCameraInfo
02-16 23:52:57.454  1403  1670 V EmulatedCamera_BaseCamera: getCameraInfo
02-16 23:52:57.456  2094  2547 W Conscrypt: Could not set socket write timeout:
02-16 23:52:57.457  2094  2547 W Conscrypt:    java.lang.reflect.Method.invoke(Native Method)
02-16 23:52:57.457  2094  2547 W Conscrypt:    com.google.android.gms.org.conscrypt.Platform.setSocketWriteTimeout(:com.google.android.gms@11743470:13)
02-16 23:52:57.457  2276  3361 I SystemUpdate: [Installation,ReceiverIntentOperation] Received intent: Intent { act=com.google.android.gms.update.BASE_MODULE_INIT cat=[targeted_intent_op_prefix:.update.control.ReceiverIntentOperation] cmp=com.google.android.gms/.chimera.GmsIntentOperationService }.
02-16 23:52:57.474  2276  3377 I OcrModelUpStIntentOp: Updating ocr activity enabled=true (phenotypeFlag=true, lowRamDevice=false, prereqCheck=true)
02-16 23:52:57.477  2094  2677 W ConfigurationChimeraPro: Got null configs for com.google.android.gms.update
02-16 23:52:57.482  2276  3361 W ChimeraUtils: Non Chimera context
02-16 23:52:57.483  2276  2527 I SystemUpdate: [Execution,InstallationEventIntentOperation] Received intent with event 1.
02-16 23:52:57.554  2276  2527 I SystemUpdate: [Execution,InstallationIntentOperation] Received intent: Intent { act=com.google.android.gms.update.INSTALL_UPDATE cat=[targeted_intent_op_prefix:.update.execution.InstallationIntentOperation] cmp=com.google.android.gms/.chimera.GmsIntentOperationService }.
02-16 23:52:57.556  2276  2527 I SystemUpdate: [Execution,ExecutionManager] Action finished-execution executed for 0.00 seconds.
02-16 23:52:57.648  3378  3378 W dex2oat : Verification of android.app.PendingIntent androidx.navigation.NavDeepLinkBuilder.createPendingIntent() took 101.425ms
02-16 23:52:57.663  2276  3377 I OcrModelUpStIntentOp: Downloading text recognizer
02-16 23:52:57.720  2094  2895 E GcmPushIntentOperation: Failed to subscribe to GCM: com.google.android.gms.ocr
02-16 23:52:57.720  2094  2895 E GcmPushIntentOperation: java.io.IOException: INVALID_SENDER
02-16 23:52:57.720  2094  2895 E GcmPushIntentOperation: 	at vfm.b(:com.google.android.gms@11743470:39)
02-16 23:52:57.720  2094  2895 E GcmPushIntentOperation: 	at vfm.a(:com.google.android.gms@11743470:46)
02-16 23:52:57.720  2094  2895 E GcmPushIntentOperation: 	at vfj.b(:com.google.android.gms@11743470:11)
02-16 23:52:57.720  2094  2895 E GcmPushIntentOperation: 	at vfj.a(:com.google.android.gms@11743470:29)
02-16 23:52:57.720  2094  2895 E GcmPushIntentOperation: 	at com.google.android.gms.phenotype.gcmpush.GcmPushIntentOperation.a(:com.google.android.gms@11743470:15)
02-16 23:52:57.720  2094  2895 E GcmPushIntentOperation: 	at com.google.android.gms.phenotype.gcmpush.GcmPushIntentOperation.onHandleIntent(:com.google.android.gms@11743470:7)
02-16 23:52:57.720  2094  2895 E GcmPushIntentOperation: 	at com.google.android.chimera.IntentOperation.onHandleIntent(:com.google.android.gms@11743470:2)
02-16 23:52:57.720  2094  2895 E GcmPushIntentOperation: 	at bwo.run(:com.google.android.gms@11743470:10)
02-16 23:52:57.720  2094  2895 E GcmPushIntentOperation: 	at bwl.run(:com.google.android.gms@11743470:14)
02-16 23:52:57.720  2094  2895 E GcmPushIntentOperation: 	at java.util.concurrent.ThreadPoolExecutor.runWorker(ThreadPoolExecutor.java:1133)
02-16 23:52:57.720  2094  2895 E GcmPushIntentOperation: 	at java.util.concurrent.ThreadPoolExecutor$Worker.run(ThreadPoolExecutor.java:607)
02-16 23:52:57.720  2094  2895 E GcmPushIntentOperation: 	at java.lang.Thread.run(Thread.java:761)
02-16 23:52:57.752  2276  3377 I Vision  : Engine already satisfied by existing download for ocr
02-16 23:52:57.763  3438  3450 D         : HostConnection::get() New Host Connection established 0xa3ef51c0, tid 3450
02-16 23:52:57.772  3378  3689 W dex2oat : Verification of void androidx.navigation.NavController.restoreState(android.os.Bundle) took 118.829ms
02-16 23:52:57.781  3438  3450 D EGL_emulation: eglCreateContext: 0xa220fd00: maj 2 min 0 rcv 2
02-16 23:52:57.786  3438  3450 D EGL_emulation: eglMakeCurrent: 0xa220fd00: ver 2 0 (tinfo 0xa3ef74f0)
02-16 23:52:57.781  3438  3438 W IntentService[D: type=1400 audit(0.0:12): avc: denied { read } for name="/" dev="tmpfs" ino=4012 scontext=u:r:priv_app:s0:c512,c768 tcontext=u:object_r:device:s0 tclass=dir permissive=0
02-16 23:52:57.818  2094  3721 W Conscrypt: Could not set socket write timeout:
02-16 23:52:57.818  2094  3721 W Conscrypt:    java.lang.reflect.Method.invoke(Native Method)
02-16 23:52:57.818  2094  3721 W Conscrypt:    com.google.android.gms.org.conscrypt.Platform.setSocketWriteTimeout(:com.google.android.gms@11743470:13)
02-16 23:52:57.844  2276  2549 I FontsSharedState: Updating from directory version 0 to 14 from disk
02-16 23:52:57.935  2094  3721 W Conscrypt: Could not set socket write timeout:
02-16 23:52:57.935  2094  3721 W Conscrypt:    java.lang.reflect.Method.invoke(Native Method)
02-16 23:52:57.935  2094  3721 W Conscrypt:    com.google.android.gms.org.conscrypt.Platform.setSocketWriteTimeout(:com.google.android.gms@11743470:13)
02-16 23:52:57.921  3438  3438 W Binder:3438_2: type=1400 audit(0.0:13): avc: denied { read } for name="/" dev="tmpfs" ino=4012 scontext=u:r:priv_app:s0:c512,c768 tcontext=u:object_r:device:s0 tclass=dir permissive=0
02-16 23:52:57.951  2094  2895 E GcmPushIntentOperation: Failed to subscribe to GCM: com.google.android.gms.udc
02-16 23:52:57.951  2094  2895 E GcmPushIntentOperation: java.io.IOException: INVALID_SENDER
02-16 23:52:57.951  2094  2895 E GcmPushIntentOperation: 	at vfm.b(:com.google.android.gms@11743470:39)
02-16 23:52:57.951  2094  2895 E GcmPushIntentOperation: 	at vfm.a(:com.google.android.gms@11743470:46)
02-16 23:52:57.951  2094  2895 E GcmPushIntentOperation: 	at vfj.b(:com.google.android.gms@11743470:11)
02-16 23:52:57.951  2094  2895 E GcmPushIntentOperation: 	at vfj.a(:com.google.android.gms@11743470:29)
02-16 23:52:57.951  2094  2895 E GcmPushIntentOperation: 	at com.google.android.gms.phenotype.gcmpush.GcmPushIntentOperation.a(:com.google.android.gms@11743470:15)
02-16 23:52:57.951  2094  2895 E GcmPushIntentOperation: 	at com.google.android.gms.phenotype.gcmpush.GcmPushIntentOperation.onHandleIntent(:com.google.android.gms@11743470:7)
02-16 23:52:57.951  2094  2895 E GcmPushIntentOperation: 	at com.google.android.chimera.IntentOperation.onHandleIntent(:com.google.android.gms@11743470:2)
02-16 23:52:57.951  2094  2895 E GcmPushIntentOperation: 	at bwo.run(:com.google.android.gms@11743470:10)
02-16 23:52:57.951  2094  2895 E GcmPushIntentOperation: 	at bwl.run(:com.google.android.gms@11743470:14)
02-16 23:52:57.951  2094  2895 E GcmPushIntentOperation: 	at java.util.concurrent.ThreadPoolExecutor.runWorker(ThreadPoolExecutor.java:1133)
02-16 23:52:57.951  2094  2895 E GcmPushIntentOperation: 	at java.util.concurrent.ThreadPoolExecutor$Worker.run(ThreadPoolExecutor.java:607)
02-16 23:52:57.951  2094  2895 E GcmPushIntentOperation: 	at java.lang.Thread.run(Thread.java:761)
02-16 23:52:57.992  2276  3727 E DeviceContactImportDelegate: Device contact import is disabled.
02-16 23:52:57.971  3438  3438 W Binder:3438_2: type=1400 audit(0.0:14): avc: denied { read } for name="/" dev="tmpfs" ino=4012 scontext=u:r:priv_app:s0:c512,c768 tcontext=u:object_r:device:s0 tclass=dir permissive=0
02-16 23:52:58.006  2276  3727 E DeviceContactImportDelegate: Data layer device contacts import is disabled.
02-16 23:52:58.007  2276  3727 E DeviceContactImportDelegate: Device contact import is disabled.
02-16 23:52:58.033  2276  3727 E DeviceContactImportDelegate: Data layer device contacts import is disabled.
02-16 23:52:58.035  2276  3727 E DeviceContactImportDelegate: Device contact import is disabled.
02-16 23:52:58.056  2276  3727 E DeviceContactImportDelegate: Data layer device contacts import is disabled.
02-16 23:52:58.061  2276  2504 I SystemFontIndexJob: Created system font index (/data/user/0/com.google.android.gms/files/fonts/system.directory.pb) in 1534 ms
02-16 23:52:58.001  3438  3438 W IntentService[D: type=1400 audit(0.0:15): avc: denied { read } for name="/" dev="tmpfs" ino=4012 scontext=u:r:priv_app:s0:c512,c768 tcontext=u:object_r:device:s0 tclass=dir permissive=0
02-16 23:52:58.141  2276  3727 I PerfProfCollectionSvc: Turn off PerfProfile Collection
02-16 23:52:58.144  2276  2554 I CheckinUtil: Classify the device as Phone.
02-16 23:52:58.165  2276  3727 I HeterodyneSyncScheduler: Clear all shared preferences
02-16 23:52:58.169  2276  3727 I HeterodyneSyncScheduler: Cancel all previously scheduled polling
02-16 23:52:58.187  2094  2895 E GcmPushIntentOperation: Failed to subscribe to GCM: com.google.android.gms.ulr
02-16 23:52:58.187  2094  2895 E GcmPushIntentOperation: java.io.IOException: INVALID_SENDER
02-16 23:52:58.187  2094  2895 E GcmPushIntentOperation: 	at vfm.b(:com.google.android.gms@11743470:39)
02-16 23:52:58.187  2094  2895 E GcmPushIntentOperation: 	at vfm.a(:com.google.android.gms@11743470:46)
02-16 23:52:58.187  2094  2895 E GcmPushIntentOperation: 	at vfj.b(:com.google.android.gms@11743470:11)
02-16 23:52:58.187  2094  2895 E GcmPushIntentOperation: 	at vfj.a(:com.google.android.gms@11743470:29)
02-16 23:52:58.187  2094  2895 E GcmPushIntentOperation: 	at com.google.android.gms.phenotype.gcmpush.GcmPushIntentOperation.a(:com.google.android.gms@11743470:15)
02-16 23:52:58.187  2094  2895 E GcmPushIntentOperation: 	at com.google.android.gms.phenotype.gcmpush.GcmPushIntentOperation.onHandleIntent(:com.google.android.gms@11743470:7)
02-16 23:52:58.187  2094  2895 E GcmPushIntentOperation: 	at com.google.android.chimera.IntentOperation.onHandleIntent(:com.google.android.gms@11743470:2)
02-16 23:52:58.187  2094  2895 E GcmPushIntentOperation: 	at bwo.run(:com.google.android.gms@11743470:10)
02-16 23:52:58.187  2094  2895 E GcmPushIntentOperation: 	at bwl.run(:com.google.android.gms@11743470:14)
02-16 23:52:58.187  2094  2895 E GcmPushIntentOperation: 	at java.util.concurrent.ThreadPoolExecutor.runWorker(ThreadPoolExecutor.java:1133)
02-16 23:52:58.187  2094  2895 E GcmPushIntentOperation: 	at java.util.concurrent.ThreadPoolExecutor$Worker.run(ThreadPoolExecutor.java:607)
02-16 23:52:58.187  2094  2895 E GcmPushIntentOperation: 	at java.lang.Thread.run(Thread.java:761)
02-16 23:52:58.241  2094  2105 I art     : Background sticky concurrent mark sweep GC freed 38727(2MB) AllocSpace objects, 6(224KB) LOS objects, 23% free, 10MB/13MB, paused 6.736ms total 53.831ms
02-16 23:52:58.247  2276  3727 I HeterodyneSyncScheduler: Scheduling Phenotype for first execution 7819 seconds from now (1771314778174)
02-16 23:52:58.272  2276  3829 I GCM-GMS : Got GMS registration
02-16 23:52:58.290  2276  2554 W System  : Ignoring header Cookie because its value was null.
02-16 23:52:58.306  2276  2554 I ProcessCheckinRequest: set cookie as: null
02-16 23:52:58.347  2094  2677 W ConfigurationChimeraPro: Got null configs for com.google.android.gms.mdm
02-16 23:52:58.348  2276  3853 I Authzen : [AuthZenEventHandler] Handling event: com.google.android.gms.gcm.REGISTERED
02-16 23:52:58.358  2094  2094 I GCoreUlr: GCM registration ID changed: Intent { act=com.google.android.gms.gcm.REGISTERED flg=0x10 pkg=com.google.android.gms cmp=com.google.android.gms/com.google.android.location.reporting.service.GcmRegistrationReceiver }
02-16 23:52:58.358  2094  2094 I GCoreUlr: Starting service, intent=Intent { act=com.google.android.location.reporting.GCM_ID_CHANGED cmp=com.google.android.gms/com.google.android.location.reporting.service.DispatchingService }, extras=null
02-16 23:52:58.366  1644  1653 I art     : Background partial concurrent mark sweep GC freed 50543(2MB) AllocSpace objects, 1(20KB) LOS objects, 24% free, 12MB/16MB, paused 5.933ms total 57.365ms
02-16 23:52:58.374  2276  2527 E MDM     : [110] SitrepChimeraService.a: No Google accounts; deferring server state update.
02-16 23:52:58.390  2094  2094 E BluetoothAdapter: Bluetooth binder is null
02-16 23:52:58.416  2276  2554 W Conscrypt: Could not set socket write timeout:
02-16 23:52:58.423  2276  2286 W art     : Suspending all threads took: 6.125ms
02-16 23:52:58.425  2276  2554 W Conscrypt:    java.lang.reflect.Method.invoke(Native Method)
02-16 23:52:58.425  2276  2554 W Conscrypt:    com.google.android.gms.org.conscrypt.Platform.setSocketWriteTimeout(:com.google.android.gms@11743470:13)
02-16 23:52:58.532  2276  2554 W Conscrypt: Could not set socket write timeout:
02-16 23:52:58.533  2276  2554 W Conscrypt:    java.lang.reflect.Method.invoke(Native Method)
02-16 23:52:58.534  2276  2554 W Conscrypt:    com.google.android.gms.org.conscrypt.Platform.setSocketWriteTimeout(:com.google.android.gms@11743470:13)
02-16 23:52:58.547  2094  2094 I GCoreUlr: Stopping handler for UlrDispSvcFast
02-16 23:52:58.554  2094  2094 I GCoreUlr: Unbound from all location providers
02-16 23:52:58.554  2094  2094 I GCoreUlr: Place inference reporting - stop
02-16 23:52:58.555  2094  3799 E GcmPushIntentOperation: Failed to subscribe to GCM: com.google.android.gms.feedback
02-16 23:52:58.555  2094  3799 E GcmPushIntentOperation: java.io.IOException: INVALID_SENDER
02-16 23:52:58.555  2094  3799 E GcmPushIntentOperation: 	at vfm.b(:com.google.android.gms@11743470:39)
02-16 23:52:58.555  2094  3799 E GcmPushIntentOperation: 	at vfm.a(:com.google.android.gms@11743470:46)
02-16 23:52:58.555  2094  3799 E GcmPushIntentOperation: 	at vfj.b(:com.google.android.gms@11743470:11)
02-16 23:52:58.555  2094  3799 E GcmPushIntentOperation: 	at vfj.a(:com.google.android.gms@11743470:29)
02-16 23:52:58.555  2094  3799 E GcmPushIntentOperation: 	at com.google.android.gms.phenotype.gcmpush.GcmPushIntentOperation.a(:com.google.android.gms@11743470:15)
02-16 23:52:58.555  2094  3799 E GcmPushIntentOperation: 	at com.google.android.gms.phenotype.gcmpush.GcmPushIntentOperation.onHandleIntent(:com.google.android.gms@11743470:7)
02-16 23:52:58.555  2094  3799 E GcmPushIntentOperation: 	at com.google.android.chimera.IntentOperation.onHandleIntent(:com.google.android.gms@11743470:2)
02-16 23:52:58.555  2094  3799 E GcmPushIntentOperation: 	at bwo.run(:com.google.android.gms@11743470:10)
02-16 23:52:58.555  2094  3799 E GcmPushIntentOperation: 	at bwl.run(:com.google.android.gms@11743470:14)
02-16 23:52:58.555  2094  3799 E GcmPushIntentOperation: 	at java.util.concurrent.ThreadPoolExecutor.runWorker(ThreadPoolExecutor.java:1133)
02-16 23:52:58.555  2094  3799 E GcmPushIntentOperation: 	at java.util.concurrent.ThreadPoolExecutor$Worker.run(ThreadPoolExecutor.java:607)
02-16 23:52:58.555  2094  3799 E GcmPushIntentOperation: 	at java.lang.Thread.run(Thread.java:761)
02-16 23:52:58.607  2276  2554 I ProcessCheckinRequest: REQUEST: b: "358240051111110"
02-16 23:52:58.607  2276  2554 I ProcessCheckinRequest: c: "020000000000"
02-16 23:52:58.607  2276  2554 I ProcessCheckinRequest: d: "wifi"
02-16 23:52:58.607  2276  2554 I ProcessCheckinRequest: e: "EMULATOR35X6X11X0"
02-16 23:52:58.607  2276  2554 I ProcessCheckinRequest: g: 3517452012422705527
02-16 23:52:58.607  2276  2554 I ProcessCheckinRequest: h: -5229452786553460185
02-16 23:52:58.607  2276  2554 I ProcessCheckinRequest: i: "1-5ab6b94b088b739a9aae4fe466c85591dbb78c8f"
02-16 23:52:58.607  2276  2554 I ProcessCheckinRequest: j: "en_US"
02-16 23:52:58.607  2276  2554 I ProcessCheckinRequest: k <
02-16 23:52:58.607  2276  2554 I ProcessCheckinRequest:   a <
02-16 23:52:58.607  2276  2554 I ProcessCheckinRequest:     a: "google/sdk_google_phone_x86/generic_x86:7.0/NYC/4409132:user/release-keys"
02-16 23:52:58.607  2276  2554 I ProcessCheckinRequest:     c: "unknown"
02-16 23:52:58.607  2276  2554 I ProcessCheckinRequest:     d: "ranchu"
02-16 23:52:58.607  2276  2554 I ProcessCheckinRequest:     e: "google"
02-16 23:52:58.607  2276  2554 I ProcessCheckinRequest:     f: "unknown"
02-16 23:52:58.607  2276  2554 I ProcessCheckinRequest:     g: 1508534163
02-16 23:52:58.607  2276  2554 I ProcessCheckinRequest:     h: 11743470
02-16 23:52:58.607  2276  2554 I ProcessCheckinRequest:     i: 24
02-16 23:52:58.607  2276  2554 I ProcessCheckinRequest:     j: "generic_x86"
02-16 23:52:58.607  2276  2554 I ProcessCheckinRequest:     k: "Android SDK built for x86"
02-16 23:52:58.607  2276  2554 I ProcessCheckinRequest:     l: "Google"
02-16 23:52:58.607  2276  2554 I ProcessCheckinRequest:     m: "sdk_google_phone_x86"
02-16 23:52:58.607  2276  2554 I ProcessCheckinRequest:     n: false
02-16 23:52:58.607  2276  2554 I ProcessCheckinRequest:     o <
02-16 23:52:58.607  2276  2554 I ProcessCheckinRequest:       a: 2
02-16 23:52:58.607  2276  2554 I ProcessCheckinRequest:       b: "ms-unknown"
02-16 23:52:58.607  2276  2554 I ProcessCheckinRequest:     >
02-16 23:52:58.607  2276  2554 I ProcessCheckinRequest:     o <
02-16 23:52:58.607  2276  2554 I ProcessCheckinRequest:       a: 1
02-16 23:52:58.607  2276  2554 I ProcessCheckinRequest:       b: "unknown"
02-16 23:52:58.607  2276  2554 I ProcessCheckinRequest:     >
02-16 23:52:58.607  2276  2554 I ProcessCheckinRequest:     o <
02-16 23:52:58.607  2276  2554 I ProcessCheckinRequest:       a: 4
02-16 23:52:58.607  2276  2554 I ProcessCheckinRequest:       b: "gmm-unknown"
02-16 23:52:58.607  2276  2554 I ProcessCheckinRequest:     >
02-16 23:52:58.607  2276  2554 I ProcessCheckinRequest:     o <
02-16 23:52:58.607  2276  2554 I ProcessCheckinRequest:       a: 5
02-16 23:52:58.607  2276  2554 I ProcessCheckinRequest:       b: "mvapp-unknown"
02-16 23:52:58.607  2276  2554 I ProcessCheckinRequest:     >
02-16 23:52:58.607  2276  2554 I ProcessCheckinRequest:     o <
02-16 23:52:58.607  2276  2554 I ProcessCheckinRequest:       a: 6
02-16 23:52:58.607  2276  2554 I ProcessCheckinRequest:       b: "am-unknown"
02-16 23:52:58.607  2276  2554 I ProcessCheckinRequest:     >
02-16 23:52:58.607  2276  2554 I ProcessCheckinRequest:     o <
02-16 23:52:58.607  2276  2554 I ProcessCheckinRequest:       a: 9
02-16 23:52:58.607  2276  2554 I ProcessCheckinRequest:       b: "ms-unknown"
02-16 23:52:58.607  2276  2554 I ProcessCheckinRequest:     >
02-16 23:52:58.607  2276  2554 I ProcessCheckinRequest:     q: "2017-10-05"
02-16 23:52:58.607  2276  2554 I ProcessCheckinRequest:   >
02-16 23:52:58.607  2276  2554 I ProcessCheckinRequest:   b: 1771314757946
02-16 23:52:58.607  2276  2554 I ProcessCheckinRequest:   e: "310260"
02-16 23:52:58.607  2276  2554 I ProcessCheckinRequest:   f: "310260"
02-16 23:52:58.607  2276  2554 I ProcessCheckinRequest:   g: "MOBILE:LTE:"
02-16 23:52:58.607  2276  2554 I ProcessCheckinRequest:   h: true
02-16 23:52:58.607  2276  2554 I ProcessCheckinRequest:   i: 0
02-16 23:52:58.607  2276  2554 I ProcessCheckinRequest:   j: 2
02-16 23:52:58.607  2276  2554 I ProcessCheckinRequest:   k <
02-16 23:52:58.607  2276  2554 I ProcessCheckinRequest:     a: 1
02-16 23:52:58.607  2276  2554 I ProcessCheckinRequest:     b: 1
02-16 23:52:58.607  2276  2554 I ProcessCheckinRequest:     c: "unspecified"
02-16 23:52:58.607  2276  2554 I ProcessCheckinRequest:     d: ""
02-16 23:52:58.607  2276  2554 I ProcessCheckinRequest:     e: false
02-16 23:52:58.607  2276  2554 I ProcessCheckinRequest:   >
02-16 23:52:58.607  2276  2554 I ProcessCheckinRequest:   l <
02-16 23:52:58.607  2276  2554 I ProcessCheckinRequest:     a: "310260"
02-16 23:52:58.607  2276  2554 I ProcessCheckinRequest:     b: "Android"
02-16 23:52:58.607  2276  2554 I ProcessCheckinRequest:     c: "0"
02-16 23:52:58.607  2276  2554 I ProcessCheckinRequest:     d: 0
02-16 23:52:58.607  2276  2554 I ProcessCheckinRequest:     d: 1
02-16 23:52:58.607  2276  2554 I ProcessCheckinRequest:     d: 2
02-16 23:52:58.607  2276  2554 I ProcessCheckinRequest:     e: "310260000000000"
02-16 23:52:58.607  2276  2554 I ProcessCheckinRequest:     g: "\027L"
02-16 23:52:58.607  2276  2554 I ProcessCheckinRequest:   >
02-16 23:52:58.607  2276  2554 I ProcessCheckinRequest: >
02-16 23:52:58.607  2276  2554 I ProcessCheckinRequest: l: ""
02-16 23:52:58.607  2276  2554 I ProcessCheckinRequest: m: "America/Los_Angeles"
02-16 23:52:58.607  2276  2554 I ProcessCheckinRequest: n: 455395626989750115
02-16 23:52:58.607  2276  2554 I ProcessCheckinRequest: o: 3
02-16 23:52:58.607  2276  2554 I ProcessCheckinRequest: p: "y5wIFYiBJJ1GbmKmqnQ2YIm1ovA="
02-16 23:52:58.607  2276  2554 I ProcessCheckinRequest: q <
02-16 23:52:58.607  2276  2554 I ProcessCheckinRequest:   a: 3
02-16 23:52:58.607  2276  2554 I ProcessCheckinRequest:   b: 1
02-16 23:52:58.607  2276  2554 I ProcessCheckinRequest:   c: 1
02-16 23:52:58.607  2276  2554 I ProcessCheckinRequest:   d: 2
02-16 23:52:58.607  2276  2554 I ProcessCheckinRequest:   e: false
02-16 23:52:58.607  2276  2554 I ProcessCheckinRequest:   f: false
02-16 23:52:58.607  2276  2554 I ProcessCheckinRequest:   g: 420
02-16 23:52:58.607  2276  2554 I ProcessCheckinRequest:   h: 1080
02-16 23:52:58.607  2276  2554 I ProcessCheckinRequest:   i: 1794
02-16 23:52:58.607  2276  2554 I ProcessCheckinRequest:   j: 131072
02-16 23:52:58.607  2276  2554 I ProcessCheckinRequest:   k: "android.ext.services"
02-16 23:52:58.607  2276  2554 I ProcessCheckinRequest:   k: "android.ext.shared"
02-16 23:52:58.607  2276  2554 I ProcessCheckinRequest:   k: "android.test.runner"
02-16 23:52:58.607  2276  2554 I ProcessCheckinRequest:   k: "com.android.location.provider"
02-16 23:52:58.607  2276  2554 I ProcessCheckinRequest:   k: "com.android.media.remotedisplay"
02-16 23:52:58.607  2276  2554 I ProcessCheckinRequest:   k: "com.android.mediadrm.signer"
02-16 23:52:58.607  2276  2554 I ProcessCheckinRequest:   k: "com.google.android.gms"
02-16 23:52:58.607  2276  2554 I ProcessCheckinRequest:   k: "com.google.android.maps"
02-16 23:52:58.607  2276  2554 I ProcessCheckinRequest:   k: "com.google.android.media.effects"
02-16 23:52:58.607  2276  2554 I ProcessCheckinRequest:   k: "javax.obex"
02-16 23:52:58.607  2276  2554 I ProcessCheckinRequest:   k: "org.apache.http.legacy"
02-16 23:52:58.607  2276  2554 I ProcessCheckinRequest:   l: "android.hardware.audio.output"
02-16 23:52:58.607  2276  2554 I ProcessCheckinRequest:   l: "android.hardware.camera"
02-16 23:52:58.607  2276  2554 I ProcessCheckinRequest:   l: "android.hardware.camera.any"
02-16 23:52:58.607  2276  2554 I ProcessCheckinRequest:   l: "android.hardware.faketouch"
02-16 23:52:58.607  2276  2554 I ProcessCheckinRequest:   l: "android.hardware.fingerprint"
02-16 23:52:58.607  2276  2554 I ProcessCheckinRequest:   l: "android.hardware.location"
02-16 23:52:58.607  2276  2554 I ProcessCheckinRequest:   l: "android.hardware.location.gps"
02-16 23:52:58.607  2276  2554 I ProcessCheckinRequest:   l: "android.hardware.location.network"
02-16 23:52:58.607  2276  2554 I ProcessCheckinRequest:   l: "android.hardware.microphone"
02-16 23:52:58.607  2276  2554 I ProcessCheckinRequest:   l: "android.hardware.screen.landscape"
02-16 23:52:58.607  2276  2554 I ProcessCheckinRequest:   l: "android.hardware.screen.portrait"
02-16 23:52:58.607  2276  2554 I ProcessCheckinRequest:   l: "android.hardware.sensor.accelerometer"
02-16 23:52:58.607  2276  2554 I ProcessCheckinRequest:   l: "android.hardware.sensor.ambient_temperature"
02-16 23:52:58.607  2276  2554 I ProcessCheckinRequest:   l: "android.hardware.sensor.barometer"
02-16 23:52:58.607  2276  2554 I ProcessCheckinRequest:   l: "android.hardware.sensor.compass"
02-16 23:52:58.607  2276  2554 I ProcessCheckinRequest:   l: "android.hardware.sensor.gyroscope"
02-16 23:52:58.607  2276  2554 I ProcessCheckinRequest:   l: "android.hardware.sensor.light"
02-16 23:52:58.607  2276  2554 I ProcessCheckinRequest:   l: "android.hardware.sensor.proximity"
02-16 23:52:58.607  2276  2554 I ProcessCheckinRequest:   l: "android.hardware.sensor.relative_humidity"
02-16 23:52:58.607  2276  2554 I ProcessCheckinRequest:   l: "android.hardware.telephony"
02-16 23:52:58.607  2276  2554 I ProcessCheckinRequest:   l: "android.hardware.telephony.gsm"
02-16 23:52:58.607  2276  2554 I ProcessCheckinRequest:   l: "android.hardware.touchscreen"
02-16 23:52:58.607  2276  2554 I ProcessCheckinRequest:   l: "android.hardware.touchscreen.multitouch"
02-16 23:52:58.607  2276  2554 I ProcessCheckinRequest:   l: "android.hardware.touchscreen.multitouch.distinct"
02-16 23:52:58.607  2276  2554 I ProcessCheckinRequest:   l: "android.hardware.touchscreen.multitouch.jazzhand"
02-16 23:52:58.607  2276  2554 I ProcessCheckinRequest:   l: "android.software.app_widgets"
02-16 23:52:58.607  2276  2554 I ProcessCheckinRequest:   l: "android.software.backup"
02-16 23:52:58.607  2276  2554 I ProcessCheckinRequest:   l: "android.software.connectionservice"
02-16 23:52:58.607  2276  2554 I ProcessCheckinRequest:   l: "android.software.device_admin"
02-16 23:52:58.607  2276  2554 I ProcessCheckinRequest:   l: "android.software.home_screen"
02-16 23:52:58.607  2276  2554 I ProcessCheckinRequest:   l: "android.software.input_methods"
02-16 23:52:58.607  2276  2554 I ProcessCheckinRequest:   l: "android.software.live_wallpaper"
02-16 23:52:58.607  2276  2554 I ProcessCheckinRequest:   l: "android.software.managed_users"
02-16 23:52:58.607  2276  2554 I ProcessCheckinRequest:   l: "android.software.midi"
02-16 23:52:58.607  2276  2554 I ProcessCheckinRequest:   l: "android.software.print"
02-16 23:52:58.607  2276  2554 I ProcessCheckinRequest:   l: "android.software.voice_recognizers"
02-16 23:52:58.607  2276  2554 I ProcessCheckinRequest:   l: "android.software.webview"
02-16 23:52:58.607  2276  2554 I ProcessCheckinRequest:   l: "com.google.android.feature.EXCHANGE_6_2"
02-16 23:52:58.607  2276  2554 I ProcessCheckinRequest:   l: "com.google.android.feature.GOOGLE_BUILD"
02-16 23:52:58.607  2276  2554 I ProcessCheckinRequest:   l: "com.google.android.feature.GOOGLE_EXPERIENCE"
02-16 23:52:58.607  2276  2554 I ProcessCheckinRequest:   m <
02-16 23:52:58.607  2276  2554 I ProcessCheckinRequest:     a: "android.hardware.audio.output"
02-16 23:52:58.607  2276  2554 I ProcessCheckinRequest:     b: 0
02-16 23:52:58.607  2276  2554 I ProcessCheckinRequest:   >
02-16 23:52:58.607  2276  2554 I ProcessCheckinRequest:   m <
02-16 23:52:58.607  2276  2554 I ProcessCheckinRequest:     a: "android.hardware.camera"
02-16 23:52:58.607  2276  2554 I ProcessCheckinRequest:     b: 0
02-16 23:52:58.607  2276  2554 I ProcessCheckinRequest:   >
02-16 23:52:58.607  2276  2554 I ProcessCheckinRequest:   m <
02-16 23:52:58.607  2276  2554 I ProcessCheckinRequest:     a: "android.hardware.camera.any"
02-16 23:52:58.607  2276  2554 I ProcessCheckinRequest:     b: 0
02-16 23:52:58.607  2276  2554 I ProcessCheckinRequest:   >
02-16 23:52:58.607  2276  2554 I ProcessCheckinRequest:   m <
02-16 23:52:58.607  2276  2554 I ProcessCheckinRequest:     a: "android.hardware.faketouch"
02-16 23:52:58.607  2276  2554 I ProcessCheckinRequest:     b: 0
02-16 23:52:58.607  2276  2554 I ProcessCheckinRequest:   >
02-16 23:52:58.607  2276  2554 I ProcessCheckinRequest:   m <
02-16 23:52:58.607  2276  2554 I ProcessCheckinRequest:     a: "android.hardware.fingerprint"
02-16 23:52:58.607  2276  2554 I ProcessCheckinRequest:     b: 0
02-16 23:52:58.607  2276  2554 I ProcessCheckinRequest:   >
02-16 23:52:58.607  2276  2554 I ProcessCheckinRequest:   m <
02-16 23:52:58.607  2276  2554 I ProcessCheckinRequest:     a: "android.hardware.location"
02-16 23:52:58.607  2276  2554 I ProcessCheckinRequest:     b: 0
02-16 23:52:58.607  2276  2554 I ProcessCheckinRequest:   >
02-16 23:52:58.607  2276  2554 I ProcessCheckinRequest:   m <
02-16 23:52:58.607  2276  2554 I ProcessCheckinRequest:     a: "android.hardware.location.gps"
02-16 23:52:58.607  2276  2554 I ProcessCheckinRequest:     b: 0
02-16 23:52:58.607  2276  2554 I ProcessCheckinRequest:   >
02-16 23:52:58.607  2276  2554 I ProcessCheckinRequest:   m <
02-16 23:52:58.607  2276  2554 I ProcessCheckinRequest:     a: "android.hardware.location.network"
02-16 23:52:58.607  2276  2554 I ProcessCheckinRequest:     b: 0
02-16 23:52:58.607  2276  2554 I ProcessCheckinRequest:   >
02-16 23:52:58.607  2276  2554 I ProcessCheckinRequest:   m <
02-16 23:52:58.607  2276  2554 I ProcessCheckinRequest:     a: "android.hardware.microphone"
02-16 23:52:58.607  2276  2554 I ProcessCheckinRequest:     b: 0
02-16 23:52:58.607  2276  2554 I ProcessCheckinRequest:   >
02-16 23:52:58.607  2276  2554 I ProcessCheckinRequest:   m <
02-16 23:52:58.607  2276  2554 I ProcessCheckinRequest:     a: "android.hardware.screen.landscape"
02-16 23:52:58.607  2276  2554 I ProcessCheckinRequest:     b: 0
02-16 23:52:58.607  2276  2554 I ProcessCheckinRequest:   >
02-16 23:52:58.607  2276  2554 I ProcessCheckinRequest:   m <
02-16 23:52:58.607  2276  2554 I ProcessCheckinRequest:     a: "android.hardware.screen.portrait"
02-16 23:52:58.607  2276  2554 I ProcessCheckinRequest:     b: 0
02-16 23:52:58.607  2276  2554 I ProcessCheckinRequest:   >
02-16 23:52:58.607  2276  2554 I ProcessCheckinRequest:   m <
02-16 23:52:58.607  2276  2554 I ProcessCheckinRequest:     a: "android.hardware.sensor.accelerometer"
02-16 23:52:58.607  2276  2554 I ProcessCheckinRequest:     b: 0
02-16 23:52:58.607  2276  2554 I ProcessCheckinRequest:   >
02-16 23:52:58.607  2276  2554 I ProcessCheckinRequest:   m <
02-16 23:52:58.607  2276  2554 I ProcessCheckinRequest:     a: "android.hardware.sensor.ambient_temperature"
02-16 23:52:58.607  2276  2554 I ProcessCheckinRequest:     b: 0
02-16 23:52:58.607  2276  2554 I ProcessCheckinRequest:   >
02-16 23:52:58.607  2276  2554 I ProcessCheckinRequest:   m <
02-16 23:52:58.607  2276  2554 I ProcessCheckinRequest:     a: "android.hardware.sensor.barometer"
02-16 23:52:58.607  2276  2554 I ProcessCheckinRequest:     b: 0
02-16 23:52:58.607  2276  2554 I ProcessCheckinRequest:   >
02-16 23:52:58.607  2276  2554 I ProcessCheckinRequest:  
02-16 23:52:58.620  2094  2094 I WearableService: Wearable Services not starting - Wear is not available on this device.
02-16 23:52:58.631  2276  2286 W art     : Suspending all threads took: 6.772ms
02-16 23:52:58.662  2276  3377 E MDM     : [216] SitrepChimeraService.a: No Google accounts; deferring server state update.
02-16 23:52:58.738  2276  2527 I PlatformStatsCollectorService: Start Batterystats in 8334 seconds.
02-16 23:52:58.751  2276  2527 I PlatformStatsCollectorService: Start Procstats in 8334 seconds.
02-16 23:52:58.765  2276  2527 I PlatformStatsCollectorService: Start UnifiedDumpsysTask in 8334 seconds.
02-16 23:52:58.787  2276  2527 I PlatformStatsCollectorService: Start Settingsstats in 8334 seconds.
02-16 23:52:58.801  2276  2527 I PlatformStatsCollectorService: Start Notificationstats in 8334 seconds.
02-16 23:52:58.809  2094  2809 E NetworkScheduler: ignoring stale queue check message
02-16 23:52:58.811  2276  2527 I PlatformStatsCollectorService: Start Fingerprintstats in 8334 seconds.
02-16 23:52:58.819  2276  2527 I PlatformStatsCollectorService: Start DropboxRealtime in 8334 seconds.
02-16 23:52:58.824  2276  2527 I PlatformStatsCollectorService: Start Graphicsstats in 8334 seconds.
02-16 23:52:58.838  2276  2527 I PlatformStatsCollectorService: Start Dropbox in 8334 seconds.
02-16 23:52:58.864  2094  2109 D WearableService: onGetService - Wear is not available on this device.
02-16 23:52:58.871  2276  2527 I PlatformStatsCollectorService: Start Diskstats in 8334 seconds.
02-16 23:52:58.872  2276  3856 E MDM     : [310] xet.run: Couldn't connect to Google API client: krr{statusCode=API_UNAVAILABLE, resolution=null, message=null}
02-16 23:52:58.925  2276  2527 I PlatformStatsCollectorService: Start Netstats in 8334 seconds.
02-16 23:52:58.944  2276  2554 I CheckinResponseProcess: From server: 1475 gservices [full]
02-16 23:52:58.973  2094  3799 E GcmPushIntentOperation: Failed to subscribe to GCM: com.google.android.gms.auth_cryptauth
02-16 23:52:58.973  2094  3799 E GcmPushIntentOperation: java.io.IOException: INVALID_SENDER
02-16 23:52:58.973  2094  3799 E GcmPushIntentOperation: 	at vfm.b(:com.google.android.gms@11743470:39)
02-16 23:52:58.973  2094  3799 E GcmPushIntentOperation: 	at vfm.a(:com.google.android.gms@11743470:46)
02-16 23:52:58.973  2094  3799 E GcmPushIntentOperation: 	at vfj.b(:com.google.android.gms@11743470:11)
02-16 23:52:58.973  2094  3799 E GcmPushIntentOperation: 	at vfj.a(:com.google.android.gms@11743470:29)
02-16 23:52:58.973  2094  3799 E GcmPushIntentOperation: 	at com.google.android.gms.phenotype.gcmpush.GcmPushIntentOperation.a(:com.google.android.gms@11743470:15)
02-16 23:52:58.973  2094  3799 E GcmPushIntentOperation: 	at com.google.android.gms.phenotype.gcmpush.GcmPushIntentOperation.onHandleIntent(:com.google.android.gms@11743470:7)
02-16 23:52:58.973  2094  3799 E GcmPushIntentOperation: 	at com.google.android.chimera.IntentOperation.onHandleIntent(:com.google.android.gms@11743470:2)
02-16 23:52:58.973  2094  3799 E GcmPushIntentOperation: 	at bwo.run(:com.google.android.gms@11743470:10)
02-16 23:52:58.973  2094  3799 E GcmPushIntentOperation: 	at bwl.run(:com.google.android.gms@11743470:14)
02-16 23:52:58.973  2094  3799 E GcmPushIntentOperation: 	at java.util.concurrent.ThreadPoolExecutor.runWorker(ThreadPoolExecutor.java:1133)
02-16 23:52:58.973  2094  3799 E GcmPushIntentOperation: 	at java.util.concurrent.ThreadPoolExecutor$Worker.run(ThreadPoolExecutor.java:607)
02-16 23:52:58.973  2094  3799 E GcmPushIntentOperation: 	at java.lang.Thread.run(Thread.java:761)
02-16 23:52:59.045  2276  2527 I TelephonySpamInit: onModuleUpdated TelephonySpam module initialized
02-16 23:52:59.045  2276  2527 I TelephonySpamInit: onModuleUpdated calling setComponentEnabled for com.google.android.gms.telephonyspam.sync.SpamListSyncTaskService
02-16 23:52:59.047  2276  2527 I TelephonySpamInit: onModuleUpdated completed setComponentEnabled for com.google.android.gms.telephonyspam.sync.SpamListSyncTaskService
02-16 23:52:59.047  2276  2527 I SpamListSync: scheduleSyncTasks
02-16 23:52:59.047  2276  2527 I SpamListSync: schedulePeriodicTask
02-16 23:52:59.053  2094  2895 W ConfigurationChimeraPro: Got null configs for com.google.android.gms.tapandpay_legacy_gservices
02-16 23:52:59.062  2276  2527 I SpamListSync: scheduleOneTimeTask
02-16 23:52:59.147  2276  3871 I TelephonySpamInit: Creating a looper to listen to call state changes.
02-16 23:52:59.169  2276  3871 I TelephonySpamInit: onCallStateChanged: state: 0, number: 
02-16 23:52:59.197  2094  2677 W ConfigurationChimeraPro: Got null configs for com.google.android.gms.trustagent.common
02-16 23:52:59.205  2094  2809 E NetworkScheduler: ignoring stale queue check message
02-16 23:52:59.266  2094  2106 W ConfigurationChimeraPro: Got null configs for com.google.android.gms.trustlet_voiceunlock
02-16 23:52:59.359  2276  3727 I Vision  : Engine already satisfied by existing download for ocr
02-16 23:52:59.409  2094  3799 E GcmPushIntentOperation: Failed to subscribe to GCM: com.google.android.gms.magictether
02-16 23:52:59.409  2094  3799 E GcmPushIntentOperation: java.io.IOException: INVALID_SENDER
02-16 23:52:59.409  2094  3799 E GcmPushIntentOperation: 	at vfm.b(:com.google.android.gms@11743470:39)
02-16 23:52:59.409  2094  3799 E GcmPushIntentOperation: 	at vfm.a(:com.google.android.gms@11743470:46)
02-16 23:52:59.409  2094  3799 E GcmPushIntentOperation: 	at vfj.b(:com.google.android.gms@11743470:11)
02-16 23:52:59.409  2094  3799 E GcmPushIntentOperation: 	at vfj.a(:com.google.android.gms@11743470:29)
02-16 23:52:59.409  2094  3799 E GcmPushIntentOperation: 	at com.google.android.gms.phenotype.gcmpush.GcmPushIntentOperation.a(:com.google.android.gms@11743470:15)
02-16 23:52:59.409  2094  3799 E GcmPushIntentOperation: 	at com.google.android.gms.phenotype.gcmpush.GcmPushIntentOperation.onHandleIntent(:com.google.android.gms@11743470:7)
02-16 23:52:59.409  2094  3799 E GcmPushIntentOperation: 	at com.google.android.chimera.IntentOperation.onHandleIntent(:com.google.android.gms@11743470:2)
02-16 23:52:59.409  2094  3799 E GcmPushIntentOperation: 	at bwo.run(:com.google.android.gms@11743470:10)
02-16 23:52:59.409  2094  3799 E GcmPushIntentOperation: 	at bwl.run(:com.google.android.gms@11743470:14)
02-16 23:52:59.409  2094  3799 E GcmPushIntentOperation: 	at java.util.concurrent.ThreadPoolExecutor.runWorker(ThreadPoolExecutor.java:1133)
02-16 23:52:59.409  2094  3799 E GcmPushIntentOperation: 	at java.util.concurrent.ThreadPoolExecutor$Worker.run(ThreadPoolExecutor.java:607)
02-16 23:52:59.409  2094  3799 E GcmPushIntentOperation: 	at java.lang.Thread.run(Thread.java:761)
02-16 23:52:59.429  2276  2527 I Wear_Controller: onStartup - Wear is not available on this device.
02-16 23:52:59.454  2335  3815 D DownloadManager: [5] Finished with status SUCCESS
02-16 23:52:59.611  2190  2245 I GservicesProvider: main update completed
02-16 23:52:59.625  2276  2286 W art     : Suspending all threads took: 7.279ms
02-16 23:52:59.683  2276  3726 I Vision  : Engine already satisfied by existing download for ocr
02-16 23:52:59.691  3315  3315 E ConfigUpdater: Received malformed URL while handling Gservices.CHANGED_ACTION intent_firewall: null null
02-16 23:52:59.712  3315  3315 E ConfigUpdater: Received malformed URL while handling Gservices.CHANGED_ACTION apn_db: null null
02-16 23:52:59.721  3315  3315 E ConfigUpdater: Received malformed URL while handling Gservices.CHANGED_ACTION tzdata: null null
02-16 23:52:59.725  3315  3315 E ConfigUpdater: Received malformed URL while handling Gservices.CHANGED_ACTION selinux: null null
02-16 23:52:59.730  2335  2987 V DownloadManager: Deleting /data/data/com.android.providers.downloads/cache/ocr_x86.zip via provider delete
02-16 23:52:59.732  2110  3875 I Bugle   : ApnsOta: OTA version -1
02-16 23:52:59.736  3315  3315 E ConfigUpdater: Received malformed URL while handling Gservices.CHANGED_ACTION carrier_provisioning_urls: null null
--------- beginning of system
02-16 23:52:59.745  1644  2122 I Telecom : PhoneAccountRegistrar: SimCallManager queried, returning: null: TSI.gSCM@AFE
02-16 23:52:59.748  2960  2960 I Babel_telephony: TeleModule.updateConnectionManagerRegistration, registration preference changed from false to false
02-16 23:52:59.748  2960  2960 W Babel   : BAM#gBA: invalid account id: -1
02-16 23:52:59.748  2960  2960 W Babel   : BAM#gBA: invalid account id: -1
02-16 23:52:59.748  2960  2960 I Babel_telephony: TeleModule.updateIncomingCallRegistration, preferred account for incoming calls changed from: null to null
02-16 23:52:59.749  2960  2960 D Babel   : onCreate: Shutdown runnable posted in onCreate with a delay of 5000 ms.
02-16 23:52:59.750  2276  2554 I CheckinRequestBuilder: Checkin reason type: 1 attempt count: 1
02-16 23:52:59.761  2094  3799 E GcmPushIntentOperation: Failed to subscribe to GCM: com.google.android.gms.walletp2p#config
02-16 23:52:59.761  2094  3799 E GcmPushIntentOperation: java.io.IOException: INVALID_SENDER
02-16 23:52:59.761  2094  3799 E GcmPushIntentOperation: 	at vfm.b(:com.google.android.gms@11743470:39)
02-16 23:52:59.761  2094  3799 E GcmPushIntentOperation: 	at vfm.a(:com.google.android.gms@11743470:46)
02-16 23:52:59.761  2094  3799 E GcmPushIntentOperation: 	at vfj.b(:com.google.android.gms@11743470:11)
02-16 23:52:59.761  2094  3799 E GcmPushIntentOperation: 	at vfj.a(:com.google.android.gms@11743470:29)
02-16 23:52:59.761  2094  3799 E GcmPushIntentOperation: 	at com.google.android.gms.phenotype.gcmpush.GcmPushIntentOperation.a(:com.google.android.gms@11743470:15)
02-16 23:52:59.761  2094  3799 E GcmPushIntentOperation: 	at com.google.android.gms.phenotype.gcmpush.GcmPushIntentOperation.onHandleIntent(:com.google.android.gms@11743470:7)
02-16 23:52:59.761  2094  3799 E GcmPushIntentOperation: 	at com.google.android.chimera.IntentOperation.onHandleIntent(:com.google.android.gms@11743470:2)
02-16 23:52:59.761  2094  3799 E GcmPushIntentOperation: 	at bwo.run(:com.google.android.gms@11743470:10)
02-16 23:52:59.761  2094  3799 E GcmPushIntentOperation: 	at bwl.run(:com.google.android.gms@11743470:14)
02-16 23:52:59.761  2094  3799 E GcmPushIntentOperation: 	at java.util.concurrent.ThreadPoolExecutor.runWorker(ThreadPoolExecutor.java:1133)
02-16 23:52:59.761  2094  3799 E GcmPushIntentOperation: 	at java.util.concurrent.ThreadPoolExecutor$Worker.run(ThreadPoolExecutor.java:607)
02-16 23:52:59.761  2094  3799 E GcmPushIntentOperation: 	at java.lang.Thread.run(Thread.java:761)
02-16 23:52:59.772  2960  2960 D Babel   : Idle: Shutdown runnable posted in release with a delay of 5000 ms.
02-16 23:52:59.775  2276  2554 E ActivityThread: Failed to find provider info for com.google.android.wearable.settings
02-16 23:52:59.776  2094  3876 W ConfigurationChimeraPro: Got null configs for com.google.android.gms.auth.account.base
02-16 23:52:59.869  2276  2554 I CheckinUtil: Classify the device as Phone.
02-16 23:52:59.914  2276  2276 E ChimeraProxyRslvr: Failed to instantiate com.google.android.gms.checkin.CheckinChimeraService$Receiver: java.lang.ClassNotFoundException: Didn't find class "com.google.android.gms.checkin.CheckinChimeraService$Receiver" on path: DexPathList[[zip file "/system/framework/com.android.location.provider.jar", zip file "/system/framework/com.android.media.remotedisplay.jar", zip file "/system/priv-app/PrebuiltGmsCore/PrebuiltGmsCore.apk"],nativeLibraryDirectories=[/data/user_de/0/com.google.android.gms/app_extracted_libs/x86, /system/priv-app/PrebuiltGmsCore/lib/x86, /system/fake-libs, /system/priv-app/PrebuiltGmsCore/PrebuiltGmsCore.apk!/lib/x86, /system/lib, /vendor/lib, /system/lib, /vendor/lib]]
02-16 23:52:59.914  2276  2276 E ChimeraRcvrProxy: com.google.android.gms.checkin.CheckinServiceReceiver dropping broadcast com.google.gservices.intent.action.GSERVICES_CHANGED
02-16 23:52:59.964  2094  3717 W NetRec  : [302] ConfigChangedIntentOperation.onHandleIntent: Device does not support scoring, exiting
02-16 23:52:59.972  2094  3797 I GCoreUlr: Starting service, intent=Intent { act=com.google.android.location.reporting.ACTION_UPDATE_WORLD cmp=com.google.android.gms/com.google.android.location.reporting.service.DispatchingService (has extras) }, extras=Bundle[{receiverAction=com.google.gservices.intent.action.GSERVICES_CHANGED}]
02-16 23:52:59.972  2094  2895 W ConfigurationChimeraPro: Got null configs for com.google.android.gms.chromesync
02-16 23:53:00.010  2094  2094 E BluetoothAdapter: Bluetooth binder is null
02-16 23:53:00.027  2211  2305 I GservicesUpdateTask: Updating Gservices keys
02-16 23:53:00.035  2276  2554 E ProcessCheckinRequest: CheckinNowTaskTag : Checkin Succeeded: https://android.clients.google.com/checkin (request #1): 
02-16 23:53:00.069  2094  3886 I GCoreUlr: WorldUpdater received intent Intent { act=com.google.android.location.reporting.ACTION_UPDATE_WORLD cmp=com.google.android.gms/com.google.android.location.reporting.service.DispatchingService (has extras) } with receiverAction com.google.gservices.intent.action.GSERVICES_CHANGED
02-16 23:53:00.079  2094  2109 W ConfigurationChimeraPro: Got null configs for com.google.android.gms.chromesync
02-16 23:53:00.100  2094  3799 E GcmPushIntentOperation: Failed to subscribe to GCM: com.google.android.gms.matchstick
02-16 23:53:00.100  2094  3799 E GcmPushIntentOperation: java.io.IOException: INVALID_SENDER
02-16 23:53:00.100  2094  3799 E GcmPushIntentOperation: 	at vfm.b(:com.google.android.gms@11743470:39)
02-16 23:53:00.100  2094  3799 E GcmPushIntentOperation: 	at vfm.a(:com.google.android.gms@11743470:46)
02-16 23:53:00.100  2094  3799 E GcmPushIntentOperation: 	at vfj.b(:com.google.android.gms@11743470:11)
02-16 23:53:00.100  2094  3799 E GcmPushIntentOperation: 	at vfj.a(:com.google.android.gms@11743470:29)
02-16 23:53:00.100  2094  3799 E GcmPushIntentOperation: 	at com.google.android.gms.phenotype.gcmpush.GcmPushIntentOperation.a(:com.google.android.gms@11743470:15)
02-16 23:53:00.100  2094  3799 E GcmPushIntentOperation: 	at com.google.android.gms.phenotype.gcmpush.GcmPushIntentOperation.onHandleIntent(:com.google.android.gms@11743470:7)
02-16 23:53:00.100  2094  3799 E GcmPushIntentOperation: 	at com.google.android.chimera.IntentOperation.onHandleIntent(:com.google.android.gms@11743470:2)
02-16 23:53:00.100  2094  3799 E GcmPushIntentOperation: 	at bwo.run(:com.google.android.gms@11743470:10)
02-16 23:53:00.100  2094  3799 E GcmPushIntentOperation: 	at bwl.run(:com.google.android.gms@11743470:14)
02-16 23:53:00.100  2094  3799 E GcmPushIntentOperation: 	at java.util.concurrent.ThreadPoolExecutor.runWorker(ThreadPoolExecutor.java:1133)
02-16 23:53:00.100  2094  3799 E GcmPushIntentOperation: 	at java.util.concurrent.ThreadPoolExecutor$Worker.run(ThreadPoolExecutor.java:607)
02-16 23:53:00.100  2094  3799 E GcmPushIntentOperation: 	at java.lang.Thread.run(Thread.java:761)
02-16 23:53:00.175  2094  2094 I GeofencerStateMachine: sendQueryLocationOptIn
02-16 23:53:00.189  2094  2094 I GeofencerStateMachine: sendQueryLocationOptIn
02-16 23:53:00.196  2094  2809 E NetworkScheduler: ignoring stale queue check message
02-16 23:53:00.201  2094  2094 I GeofencerStateMachine: sendQueryLocationOptIn
02-16 23:53:00.211  1644  1943 W ActivityManager: Unable to start service Intent { cmp=com.google.android.gms/.analytics.service.RefreshEnabledStateService } U=0: not found
02-16 23:53:00.219  2094  2109 W ConfigurationChimeraPro: Got null configs for com.google.android.gms.auth.api.phone
02-16 23:53:00.229  2094  2094 I GeofencerStateMachine: sendQueryLocationOptIn
02-16 23:53:00.254  2094  2094 I GeofencerStateMachine: sendQueryLocationOptIn
02-16 23:53:00.298  2094  2094 I GeofencerStateMachine: sendQueryLocationOptIn
02-16 23:53:00.311  2094  2677 W ConfigurationChimeraPro: Got null configs for com.google.android.gms.auth.account.base
02-16 23:53:00.322  2094  2094 I GeofencerStateMachine: sendQueryLocationOptIn
02-16 23:53:00.386  1403  1670 V EmulatedCamera_Camera: getCameraInfo
02-16 23:53:00.386  1403  1670 V EmulatedCamera_BaseCamera: getCameraInfo
02-16 23:53:00.386  2094  3886 I GCoreUlr: WorldUpdater:com.google.gservices.intent.action.GSERVICES_CHANGED: Ensuring that reporting is stopped because of reasons: (no Google accounts)
02-16 23:53:00.388  2276  3377 I OcrModelUpStIntentOp: Updating ocr activity enabled=true (phenotypeFlag=true, lowRamDevice=false, prereqCheck=true)
02-16 23:53:00.402  2094  3886 I GCoreUlr: Unbound from all location providers
02-16 23:53:00.402  2094  3886 I GCoreUlr: Place inference reporting - stop
02-16 23:53:00.438  2094  2094 I GCoreUlr: Stopping handler for UlrDispSvcFast
02-16 23:53:00.440  2094  2094 I GCoreUlr: Unbound from all location providers
02-16 23:53:00.440  2094  2094 I GCoreUlr: Place inference reporting - stop
02-16 23:53:00.535  2094  3799 E GcmPushIntentOperation: Failed to subscribe to GCM: com.google.android.gms.instantapps
02-16 23:53:00.535  2094  3799 E GcmPushIntentOperation: java.io.IOException: INVALID_SENDER
02-16 23:53:00.535  2094  3799 E GcmPushIntentOperation: 	at vfm.b(:com.google.android.gms@11743470:39)
02-16 23:53:00.535  2094  3799 E GcmPushIntentOperation: 	at vfm.a(:com.google.android.gms@11743470:46)
02-16 23:53:00.535  2094  3799 E GcmPushIntentOperation: 	at vfj.b(:com.google.android.gms@11743470:11)
02-16 23:53:00.535  2094  3799 E GcmPushIntentOperation: 	at vfj.a(:com.google.android.gms@11743470:29)
02-16 23:53:00.535  2094  3799 E GcmPushIntentOperation: 	at com.google.android.gms.phenotype.gcmpush.GcmPushIntentOperation.a(:com.google.android.gms@11743470:15)
02-16 23:53:00.535  2094  3799 E GcmPushIntentOperation: 	at com.google.android.gms.phenotype.gcmpush.GcmPushIntentOperation.onHandleIntent(:com.google.android.gms@11743470:7)
02-16 23:53:00.535  2094  3799 E GcmPushIntentOperation: 	at com.google.android.chimera.IntentOperation.onHandleIntent(:com.google.android.gms@11743470:2)
02-16 23:53:00.535  2094  3799 E GcmPushIntentOperation: 	at bwo.run(:com.google.android.gms@11743470:10)
02-16 23:53:00.535  2094  3799 E GcmPushIntentOperation: 	at bwl.run(:com.google.android.gms@11743470:14)
02-16 23:53:00.535  2094  3799 E GcmPushIntentOperation: 	at java.util.concurrent.ThreadPoolExecutor.runWorker(ThreadPoolExecutor.java:1133)
