02-16 23:53:33.714  4286  4286 E android.os.Debug: failed to load memtrack module: -2
02-16 23:53:33.715  4286  4286 I Radio-JNI: register_android_hardware_Radio DONE
02-16 23:53:33.723  4286  4286 D AndroidRuntime: Calling main entry com.android.commands.input.Input
02-16 23:53:33.726  4286  4286 I Input   : injectKeyEvent: KeyEvent { action=ACTION_DOWN, keyCode=KEYCODE_BACK, scanCode=0, metaState=0, flags=0x0, repeatCount=0, eventTime=112878, downTime=112878, deviceId=-1, source=0x101 }
02-16 23:53:33.778  4286  4286 I Input   : injectKeyEvent: KeyEvent { action=ACTION_UP, keyCode=KEYCODE_BACK, scanCode=0, metaState=0, flags=0x0, repeatCount=0, eventTime=112878, downTime=112878, deviceId=-1, source=0x101 }
02-16 23:53:33.788  4286  4286 D AndroidRuntime: Shutting down VM
02-16 23:53:33.867  3996  4001 I art     : Do partial code cache collection, code=216KB, data=212KB
02-16 23:53:33.868  3996  4001 I art     : After code cache collection, code=215KB, data=212KB
02-16 23:53:33.869  3996  4001 I art     : Increasing code cache capacity to 1024KB
02-16 23:53:33.881  3996  4001 I art     : Compiler allocated 5MB to compile void com.senthapps.slagrimarket.ui.home.IndustrialHomeScreenKt.IndustrialHomeScreen(kotlin.jvm.functions.Function0, kotlin.jvm.functions.Function0, kotlin.jvm.functions.Function0, kotlin.jvm.functions.Function0, kotlin.jvm.functions.Function0, com.senthapps.slagrimarket.ui.home.AppLanguage, androidx.compose.runtime.Composer, int, int)
02-16 23:53:35.216  4296  4296 D AndroidRuntime: >>>>>> START com.android.internal.os.RuntimeInit uid 2000 <<<<<<
02-16 23:53:35.218  4296  4296 D AndroidRuntime: CheckJNI is OFF
02-16 23:53:35.244  4296  4296 W art     : Unexpected CPU variant for X86 using defaults: x86
02-16 23:53:35.247  4296  4296 D ICU     : No timezone override file found: /data/misc/zoneinfo/current/icu/icu_tzdata.dat
02-16 23:53:35.265  4296  4296 E memtrack: Couldn't load memtrack module (No such file or directory)
02-16 23:53:35.265  4296  4296 E android.os.Debug: failed to load memtrack module: -2
02-16 23:53:35.266  4296  4296 I Radio-JNI: register_android_hardware_Radio DONE
02-16 23:53:35.273  4296  4296 D AndroidRuntime: Calling main entry com.android.commands.input.Input
02-16 23:53:35.280  4296  4296 I Input   : injectMotionEvent: MotionEvent { action=ACTION_DOWN, actionButton=0, id[0]=0, x[0]=540.0, y[0]=2200.0, toolType[0]=TOOL_TYPE_UNKNOWN, buttonState=0, metaState=0, flags=0x0, edgeFlags=0x0, pointerCount=1, historySize=0, eventTime=114428, downTime=114428, deviceId=0, source=0x1002 }
02-16 23:53:35.281  1644  1677 I InputDispatcher: Dropping event because there is no touchable window at (540, 2200).
02-16 23:53:35.284  1644  2015 W InputManager: Input event injection from pid 4296 failed.
02-16 23:53:35.284  4296  4296 I Input   : injectMotionEvent: MotionEvent { action=ACTION_UP, actionButton=0, id[0]=0, x[0]=540.0, y[0]=2200.0, toolType[0]=TOOL_TYPE_UNKNOWN, buttonState=0, metaState=0, flags=0x0, edgeFlags=0x0, pointerCount=1, historySize=0, eventTime=114428, downTime=114428, deviceId=0, source=0x1002 }
02-16 23:53:35.285  1644  1943 W InputManager: Input event injection from pid 4296 failed.
02-16 23:53:35.285  4296  4296 D AndroidRuntime: Shutting down VM
02-16 23:53:36.263  3950  3950 I dex2oat : dex2oat took 23.359s (threads: 4) arena alloc=626KB (641968B) java alloc=31MB (33013776B) native alloc=46MB (48820312B) free=4MB (4394920B) swap=16MB (16777216B)
02-16 23:53:36.289  1644  1657 I ActivityManager: Force stopping com.senthapps.slagrimarket appid=10078 user=-1: installPackageLI
02-16 23:53:36.291  1644  1657 I ActivityManager: Killing 3996:com.senthapps.slagrimarket/u0a78 (adj 0): stop com.senthapps.slagrimarket
02-16 23:53:36.292  1644  1657 D ActivityManager: cleanUpApplicationRecord -- 3996
02-16 23:53:36.296  1644  1657 W ActivityManager: Force removing ActivityRecord{cdfccca u0 com.senthapps.slagrimarket/.MainActivity t5}: app died, no saved state
02-16 23:53:36.303  1644  1657 E JavaBinder: !!! FAILED BINDER TRANSACTION !!!  (parcel size = 56)
02-16 23:53:36.347  1644  1657 I WindowManager: Destroying surface Surface(name=com.senthapps.slagrimarket/com.senthapps.slagrimarket.MainActivity) called by com.android.server.wm.WindowStateAnimator.destroySurface:2016 com.android.server.wm.WindowStateAnimator.destroySurfaceLocked:882 com.android.server.wm.WindowState.removeLocked:1456 com.android.server.wm.WindowManagerService.removeWindowInnerLocked:2484 com.android.server.wm.WindowManagerService.removeWindowLocked:2442 com.android.server.wm.WindowManagerService.removeWindowLocked:2311 com.android.server.wm.AppWindowToken.removeAllWindows:530 com.android.server.wm.AppWindowToken.removeAppFromTaskLocked:326 
02-16 23:53:36.350  1644  2535 D GraphicsStats: Buffer count: 2
02-16 23:53:36.395  1644  1657 I ActivityManager: Killing 3613:com.google.android.talk:matchstick/u0a55 (adj 906): empty #17
02-16 23:53:36.414  1644  2085 D ActivityManager: cleanUpApplicationRecord -- 3613
02-16 23:53:36.423  1644  1669 I PackageManager: Package com.senthapps.slagrimarket codePath changed from /data/app/com.senthapps.slagrimarket-1 to /data/app/com.senthapps.slagrimarket-2; Retaining data and using new
02-16 23:53:36.423  1644  1669 W PackageManager: Package com.senthapps.slagrimarket desires unavailable shared library android.ext.adservices; ignoring!
02-16 23:53:36.425  1644  1669 W PackageManager: Code path for com.senthapps.slagrimarket changing from /data/app/com.senthapps.slagrimarket-1 to /data/app/com.senthapps.slagrimarket-2
02-16 23:53:36.425  1644  1669 W PackageManager: Resource path for com.senthapps.slagrimarket changing from /data/app/com.senthapps.slagrimarket-1 to /data/app/com.senthapps.slagrimarket-2
02-16 23:53:36.469  1644  1669 W PackageManager: Unknown permission android.permission.POST_NOTIFICATIONS in package com.senthapps.slagrimarket
02-16 23:53:36.469  1644  1669 W PackageManager: Unknown permission com.google.android.gms.permission.AD_ID in package com.senthapps.slagrimarket
02-16 23:53:36.469  1644  1669 W PackageManager: Unknown permission android.permission.ACCESS_ADSERVICES_ATTRIBUTION in package com.senthapps.slagrimarket
02-16 23:53:36.469  1644  1669 W PackageManager: Unknown permission android.permission.ACCESS_ADSERVICES_AD_ID in package com.senthapps.slagrimarket
02-16 23:53:36.469  1644  1669 W PackageManager: Unknown permission com.google.android.finsky.permission.BIND_GET_INSTALL_REFERRER_SERVICE in package com.senthapps.slagrimarket
02-16 23:53:36.469  1644  1669 W PackageManager: Unknown permission android.permission.FOREGROUND_SERVICE in package com.senthapps.slagrimarket
02-16 23:53:36.533  1644  2536 I ActivityManager: Killing 2810:com.google.android.gms.ui/u0a13 (adj 906): empty #17
02-16 23:53:36.537  1644  1943 D ActivityManager: cleanUpApplicationRecord -- 2810
02-16 23:53:36.545  1644  1669 I art     : Starting a blocking GC Explicit
02-16 23:53:36.548  2310  2442 D EGL_emulation: eglMakeCurrent: 0xad304e00: ver 2 0 (tinfo 0xa3efc2d0)
02-16 23:53:36.591  1644  1669 I art     : Explicit concurrent mark sweep GC freed 7748(606KB) AllocSpace objects, 4(80KB) LOS objects, 24% free, 12MB/16MB, paused 1.474ms total 45.812ms
02-16 23:53:36.720  1405  1405 E         : Couldn't opendir /data/app/vmdl164492462.tmp: No such file or directory
02-16 23:53:36.749  1644  1678 I InputReader: Reconfiguring input devices.  changes=0x00000010
02-16 23:53:36.765  1874  1874 D CarrierSvcBindHelper: No carrier app for: 0
02-16 23:53:36.790  1644  1669 I ActivityManager: Force stopping com.senthapps.slagrimarket appid=10078 user=0: pkg removed
02-16 23:53:36.836  1644  1655 W ActivityManager: Permission Denial: Accessing service ComponentInfo{com.google.android.music/com.google.android.music.dial.DialMediaRouteProviderService} from pid=3952, uid=10073 that is not exported from uid 10059
02-16 23:53:36.839  1644  1678 I InputReader: Reconfiguring input devices.  changes=0x00000010
02-16 23:53:36.842  1644  1678 I InputReader: Reconfiguring input devices.  changes=0x00000010
02-16 23:53:36.844  1644  1678 I InputReader: Reconfiguring input devices.  changes=0x00000010
02-16 23:53:36.845  1644  2122 W ActivityManager: Permission Denial: Accessing service ComponentInfo{com.google.android.music/com.google.android.music.dial.DialMediaRouteProviderService} from pid=3952, uid=10073 that is not exported from uid 10059
02-16 23:53:36.895  1644  2536 I ActivityManager: Start proc 4309:com.android.keychain/1000 for broadcast com.android.keychain/.KeyChainBroadcastReceiver
02-16 23:53:36.899  1644  2085 W ActivityManager: Permission Denial: Accessing service ComponentInfo{com.google.android.music/com.google.android.music.dial.DialMediaRouteProviderService} from pid=3952, uid=10073 that is not exported from uid 10059
02-16 23:53:36.904  1644  2015 W ActivityManager: Permission Denial: Accessing service ComponentInfo{com.google.android.music/com.google.android.music.dial.DialMediaRouteProviderService} from pid=3952, uid=10073 that is not exported from uid 10059
02-16 23:53:36.909  4309  4309 W art     : Unexpected CPU variant for X86 using defaults: x86
02-16 23:53:36.914  1874  1874 D CarrierSvcBindHelper: No carrier app for: 0
02-16 23:53:36.915  1874  1874 D CarrierSvcBindHelper: No carrier app for: 0
02-16 23:53:36.916  1874  1874 D CarrierConfigLoader: mHandler: 9 phoneId: 0
02-16 23:53:36.955  4309  4309 W System  : ClassLoader referenced unknown path: /system/app/KeyChain/lib/x86
02-16 23:53:36.963  4309  4309 W ContextImpl: Calling a method in the system process without a qualified user: android.app.ContextImpl.startService:1385 android.content.ContextWrapper.startService:613 android.content.ContextWrapper.startService:613 com.android.keychain.KeyChainBroadcastReceiver.onReceive:12 android.app.ActivityThread.handleReceiver:3011 
02-16 23:53:37.045  2094  4214 E NetworkScheduler: Unrecognised action provided: android.intent.action.PACKAGE_REMOVED
02-16 23:53:37.047  2310  2442 W OpenGLRenderer: Incorrectly called buildLayer on View: ShortcutAndWidgetContainer, destroying layer...
02-16 23:53:37.353  3930  3930 I Finsky  : [1] com.google.android.finsky.utils.PermissionPolicies$PermissionPolicyService.onStartCommand(117): post-install permissions check for com.senthapps.slagrimarket
02-16 23:53:37.365  3930  3930 I Finsky  : [1] com.google.android.finsky.utils.bh.run(2302): Package state data is missing for com.senthapps.slagrimarket
02-16 23:53:37.366  3930  3930 W Finsky  : [1] com.google.android.finsky.FinskyApp.i(1468): No account configured on this device.
02-16 23:53:37.386  2276  4332 D Wear_Controller: Received broadcast action=android.intent.action.PACKAGE_REMOVED and uri=com.senthapps.slagrimarket
02-16 23:53:37.412  1644  1656 W InputMethodInfo: Duplicated subtype definition found: , voice
02-16 23:53:37.491  2276  4340 D Wear_Controller: Received broadcast action=android.intent.action.PACKAGE_ADDED and uri=com.senthapps.slagrimarket
02-16 23:53:37.491  2211  4343 I UpdateIcingCorporaServi: Updating corpora: APPS=com.senthapps.slagrimarket, CONTACTS=MAYBE
02-16 23:53:37.575  1336  1679 E SurfaceFlinger: ro.sf.lcd_density must be defined as a build property
02-16 23:53:37.578  1336  1953 D gralloc_ranchu: gralloc_alloc: Creating ashmem region of size 8294400
02-16 23:53:37.590  4348  4348 D         : HostConnection::get() New Host Connection established 0xb1e9b2c0, tid 4348
02-16 23:53:37.601  1336  1336 E EGL_emulation: tid 1336: eglCreateSyncKHR(1901): error 0x3004 (EGL_BAD_ATTRIBUTE)
02-16 23:53:37.611  2276  2557 I Icing   : IndexChimeraService.getServiceInterface callingPackage=com.google.android.gms componentName=AppsCorpus serviceId=36
02-16 23:53:37.613  2276  2567 I Icing   : IndexChimeraService.getServiceInterface callingPackage=com.google.android.gms componentName=AppsCorpus serviceId=32
02-16 23:53:37.742  2276  2660 I Icing   : Usage reports ok 0, Failed Usage reports 0, indexed 0, rejected 0, imm upload false
02-16 23:53:37.750  2276  2557 I Icing   : IndexChimeraService.getServiceInterface callingPackage=com.google.android.googlequicksearchbox componentName=null serviceId=36
02-16 23:53:37.752  2276  2660 I Icing   : Usage reports ok 0, Failed Usage reports 0, indexed 0, rejected 0, imm upload false
02-16 23:53:37.789  2276  2660 I Icing   : Usage reports ok 0, Failed Usage reports 0, indexed 0, rejected 0, imm upload true
02-16 23:53:37.789  2276  2660 I Icing   : Indexing 07288480EC7D5B88D986F7C58FF4DB5426C636B2 from com.google.android.gms
02-16 23:53:37.795  2276  2567 I Icing   : IndexChimeraService.getServiceInterface callingPackage=com.google.android.gms componentName=AppsCorpus serviceId=32
02-16 23:53:37.794  2276  2557 I Icing   : IndexChimeraService.getServiceInterface callingPackage=com.google.android.gms componentName=AppsCorpus serviceId=36
02-16 23:53:37.913  2211  4343 I UpdateIcingCorporaServi: UpdateCorporaTask done [took 422 ms] updated apps [took 422 ms] 
02-16 23:53:37.917  2276  2660 I Icing   : Usage reports ok 0, Failed Usage reports 0, indexed 0, rejected 0, imm upload false
02-16 23:53:37.953  2094  2657 I HeterodyneSyncScheduler: Scheduling Phenotype for a PhenotypeSyncImmediately(6, com.google.android.apps.photos) one off with window [1, 2] in seconds
02-16 23:53:37.969  2276  2660 I Icing   : Usage reports ok 0, Failed Usage reports 0, indexed 0, rejected 0, imm upload false
02-16 23:53:37.974  2276  2660 I Icing   : Indexing done 07288480EC7D5B88D986F7C58FF4DB5426C636B2
02-16 23:53:37.976  2276  2660 I Icing   : Indexing F4F297C0F7051C08AE157D16B42E2EC4398DBD54 from com.google.android.googlequicksearchbox
02-16 23:53:38.003  2276  2660 I Icing   : Indexing 07288480EC7D5B88D986F7C58FF4DB5426C636B2 from com.google.android.gms
02-16 23:53:38.004  2276  2660 I Icing   : Indexing done 07288480EC7D5B88D986F7C58FF4DB5426C636B2
02-16 23:53:38.022  2276  2660 I Icing   : Indexing done F4F297C0F7051C08AE157D16B42E2EC4398DBD54
02-16 23:53:38.260  4356  4356 D AndroidRuntime: >>>>>> START com.android.internal.os.RuntimeInit uid 2000 <<<<<<
02-16 23:53:38.261  4356  4356 D AndroidRuntime: CheckJNI is OFF
02-16 23:53:38.287  4356  4356 W art     : Unexpected CPU variant for X86 using defaults: x86
02-16 23:53:38.293  4356  4356 D ICU     : No timezone override file found: /data/misc/zoneinfo/current/icu/icu_tzdata.dat
02-16 23:53:38.310  4356  4356 E memtrack: Couldn't load memtrack module (No such file or directory)
02-16 23:53:38.310  4356  4356 E android.os.Debug: failed to load memtrack module: -2
02-16 23:53:38.311  4356  4356 I Radio-JNI: register_android_hardware_Radio DONE
02-16 23:53:38.316  4356  4356 D AndroidRuntime: Calling main entry com.android.commands.input.Input
02-16 23:53:38.320  4356  4356 I Input   : injectKeyEvent: KeyEvent { action=ACTION_DOWN, keyCode=KEYCODE_BACK, scanCode=0, metaState=0, flags=0x0, repeatCount=0, eventTime=117471, downTime=117471, deviceId=-1, source=0x101 }
02-16 23:53:38.323  4356  4356 I Input   : injectKeyEvent: KeyEvent { action=ACTION_UP, keyCode=KEYCODE_BACK, scanCode=0, metaState=0, flags=0x0, repeatCount=0, eventTime=117471, downTime=117471, deviceId=-1, source=0x101 }
02-16 23:53:38.326  4356  4356 D AndroidRuntime: Shutting down VM
02-16 23:53:39.370  1644  1741 E TaskPersister: File error accessing recents directory (directory doesn't exist?).
02-16 23:53:39.629  4366  4366 D AndroidRuntime: >>>>>> START com.android.internal.os.RuntimeInit uid 2000 <<<<<<
02-16 23:53:39.630  4366  4366 D AndroidRuntime: CheckJNI is OFF
02-16 23:53:39.648  4366  4366 W art     : Unexpected CPU variant for X86 using defaults: x86
02-16 23:53:39.651  4366  4366 D ICU     : No timezone override file found: /data/misc/zoneinfo/current/icu/icu_tzdata.dat
02-16 23:53:39.664  4366  4366 E memtrack: Couldn't load memtrack module (No such file or directory)
02-16 23:53:39.664  4366  4366 E android.os.Debug: failed to load memtrack module: -2
02-16 23:53:39.665  4366  4366 I Radio-JNI: register_android_hardware_Radio DONE
02-16 23:53:39.669  4366  4366 D AndroidRuntime: Calling main entry com.android.commands.input.Input
02-16 23:53:39.676  4366  4366 I Input   : injectMotionEvent: MotionEvent { action=ACTION_DOWN, actionButton=0, id[0]=0, x[0]=900.0, y[0]=200.0, toolType[0]=TOOL_TYPE_UNKNOWN, buttonState=0, metaState=0, flags=0x0, edgeFlags=0x0, pointerCount=1, historySize=0, eventTime=118825, downTime=118825, deviceId=0, source=0x1002 }
02-16 23:53:39.679  4366  4366 I Input   : injectMotionEvent: MotionEvent { action=ACTION_UP, actionButton=0, id[0]=0, x[0]=900.0, y[0]=200.0, toolType[0]=TOOL_TYPE_UNKNOWN, buttonState=0, metaState=0, flags=0x0, edgeFlags=0x0, pointerCount=1, historySize=0, eventTime=118825, downTime=118825, deviceId=0, source=0x1002 }
02-16 23:53:39.680  4366  4366 D AndroidRuntime: Shutting down VM
02-16 23:53:41.909  1336  1679 E SurfaceFlinger: ro.sf.lcd_density must be defined as a build property
02-16 23:53:41.912  1336  1953 D gralloc_ranchu: gralloc_alloc: Creating ashmem region of size 8294400
02-16 23:53:41.921  4378  4378 D         : HostConnection::get() New Host Connection established 0xa649b2c0, tid 4378
02-16 23:53:41.928  1336  1336 E EGL_emulation: tid 1336: eglCreateSyncKHR(1901): error 0x3004 (EGL_BAD_ATTRIBUTE)
02-16 23:53:43.003  1644  1902 I ActivityManager: Killing 2110:com.google.android.apps.messaging/u0a65 (adj 906): empty #17
02-16 23:53:43.039  1644  2537 D ActivityManager: cleanUpApplicationRecord -- 2110
02-16 23:53:43.098  2094  2094 I GoogleURLConnFactory: Using platform SSLCertificateSocketFactory
02-16 23:53:43.610  2094  2992 I HeterodyneSyncScheduler: Scheduling Phenotype for a PhenotypeSyncImmediately(6, com.google.android.gms.playlog.uploader) one off with window [1, 2] in seconds
02-16 23:53:43.716  2094  4382 I HeterodyneSyncScheduler: Scheduling adaptive one off task with window [14400, 604800] in seconds
02-16 23:53:43.721  2094  2105 I art     : Background sticky concurrent mark sweep GC freed 43559(3MB) AllocSpace objects, 24(904KB) LOS objects, 24% free, 10MB/14MB, paused 10.444ms total 37.707ms
02-16 23:53:43.781  2094  4384 I GoogleURLConnFactory: Using platform SSLCertificateSocketFactory
02-16 23:53:43.805  2094  4384 I GoogleURLConnFactory: Using platform SSLCertificateSocketFactory
02-16 23:53:44.082  2094  2094 I WearableService: Wearable Services not starting - Wear is not available on this device.
02-16 23:53:44.085  2094  2677 D WearableService: onGetService - Wear is not available on this device.
02-16 23:53:44.132  2276  4390 W ChimeraConfigService: Configuration fetch did not complete: NOT_AVAILABLE
02-16 23:53:44.139  2276  4390 I ChimeraConfigService: Scheduling checkin every 43200 seconds, with flex of 1800 seconds
02-16 23:53:44.372  4392  4392 D AndroidRuntime: >>>>>> START com.android.internal.os.RuntimeInit uid 2000 <<<<<<
02-16 23:53:44.374  4392  4392 D AndroidRuntime: CheckJNI is OFF
02-16 23:53:44.401  4392  4392 W art     : Unexpected CPU variant for X86 using defaults: x86
02-16 23:53:44.405  4392  4392 D ICU     : No timezone override file found: /data/misc/zoneinfo/current/icu/icu_tzdata.dat
02-16 23:53:44.414  2094  4384 I GoogleURLConnFactory: Using platform SSLCertificateSocketFactory
02-16 23:53:44.425  4392  4392 E memtrack: Couldn't load memtrack module (No such file or directory)
02-16 23:53:44.426  4392  4392 E android.os.Debug: failed to load memtrack module: -2
02-16 23:53:44.426  4392  4392 I Radio-JNI: register_android_hardware_Radio DONE
02-16 23:53:44.432  4392  4392 D AndroidRuntime: Calling main entry com.android.commands.am.Am
02-16 23:53:44.442  1644  2541 I ActivityManager: START u0 {flg=0x10000000 cmp=com.senthapps.slagrimarket/.MainActivity} from uid 2000 on display 0
02-16 23:53:44.454  4392  4392 D AndroidRuntime: Shutting down VM
02-16 23:53:44.462  4402  4402 I art     : Late-enabling -Xcheck:jni
02-16 23:53:44.462  4402  4402 W art     : Unexpected CPU variant for X86 using defaults: x86
02-16 23:53:44.466  1644  1943 I ActivityManager: Start proc 4402:com.senthapps.slagrimarket/u0a78 for activity com.senthapps.slagrimarket/.MainActivity
02-16 23:53:44.498  1336  1348 D gralloc_ranchu: gralloc_alloc: Creating ashmem region of size 8294400
02-16 23:53:44.550  2310  2442 D EGL_emulation: eglMakeCurrent: 0xad304e00: ver 2 0 (tinfo 0xa3efc2d0)
02-16 23:53:44.594  4402  4402 D SessionsDependencies: Dependency to CRASHLYTICS added.
02-16 23:53:44.601  1776  1776 W asset   : Asset path /data/app/com.senthapps.slagrimarket-1/base.apk is neither a directory nor file (type=1).
02-16 23:53:44.603  1776  1776 W PackageManager: Failure retrieving resources for com.senthapps.slagrimarket
02-16 23:53:44.603  1776  1776 W asset   : Asset path /data/app/com.senthapps.slagrimarket-1/base.apk is neither a directory nor file (type=1).
02-16 23:53:44.604  1776  1776 W PackageManager: Failure retrieving resources for com.senthapps.slagrimarket
02-16 23:53:44.604  1776  1776 W asset   : Asset path /data/app/com.senthapps.slagrimarket-1/base.apk is neither a directory nor file (type=1).
02-16 23:53:44.604  1776  1776 W PackageManager: Failure retrieving resources for com.senthapps.slagrimarket
02-16 23:53:44.604  1776  1776 W asset   : Asset path /data/app/com.senthapps.slagrimarket-1/base.apk is neither a directory nor file (type=1).
02-16 23:53:44.604  1776  1776 W PackageManager: Failure retrieving resources for com.senthapps.slagrimarket
02-16 23:53:44.604  1776  1776 W asset   : Asset path /data/app/com.senthapps.slagrimarket-1/base.apk is neither a directory nor file (type=1).
02-16 23:53:44.605  1776  1776 W PackageManager: Failure retrieving resources for com.senthapps.slagrimarket
02-16 23:53:44.618  4402  4402 I FirebaseApp: Device unlocked: initializing all Firebase APIs for app [DEFAULT]
02-16 23:53:44.659  4402  4402 I FirebaseCrashlytics: Initializing Firebase Crashlytics 19.3.0 for com.senthapps.slagrimarket
02-16 23:53:44.660  2094  2094 I GoogleURLConnFactory: Using platform SSLCertificateSocketFactory
02-16 23:53:44.721  4402  4402 D SessionsDependencies: Subscriber CRASHLYTICS registered.
02-16 23:53:44.729  2276  2742 W GmsModuleProvider: Unknown dynamite feature measurement.dynamite
02-16 23:53:44.735  4402  4426 I DynamiteModule: Considering local module com.google.android.gms.measurement.dynamite:127 and remote module com.google.android.gms.measurement.dynamite:0
02-16 23:53:44.736  4402  4426 I DynamiteModule: Selected local version of com.google.android.gms.measurement.dynamite
02-16 23:53:44.738  2276  2287 W GmsModuleProvider: Unknown dynamite feature measurement.dynamite
02-16 23:53:44.858  2094  2109 W ConfigurationChimeraPro: Got null configs for com.google.android.gms.measurement
02-16 23:53:44.858  4402  4426 W ConfigurationContentLdr: ContentProvider query returned null cursor, using default values
02-16 23:53:44.867  4402  4402 D FirebaseSessions: Initializing Firebase Sessions SDK.
02-16 23:53:44.890  4402  4421 D FirebaseSessions: No Sessions subscribers. Not listening to lifecycle events.
02-16 23:53:44.912  4402  4436 I FirebaseCrashlytics: No version control information found
02-16 23:53:44.938  4402  4402 I FirebaseInitProvider: FirebaseApp initialization successful
02-16 23:53:44.958  4402  4440 I FA      : App measurement initialized, version: 106000
02-16 23:53:44.958  4402  4440 I FA      : To enable debug logging run: adb shell setprop log.tag.FA VERBOSE
02-16 23:53:44.960  4402  4440 I FA      : To enable faster debug mode event logging run:
02-16 23:53:44.960  4402  4440 I FA      :   adb shell setprop debug.firebase.analytics.app com.senthapps.slagrimarket
02-16 23:53:45.081  4402  4402 D JaffnaMarketplaceApplic: Jaffna Marketplace Application started
02-16 23:53:45.110  4402  4446 D JaffnaMarketplaceApplic: ⚠️ Firebase Crashlytics disabled in debug build
02-16 23:53:45.122  4402  4440 W GooglePlayServicesUtil: Google Play services out of date for com.senthapps.slagrimarket.  Requires 12451000 but found 11743470
02-16 23:53:45.144  4402  4431 D NetworkSecurityConfig: Using Network Security Config from resource network_security_config debugBuild: true
02-16 23:53:45.161  4402  4431 W System  : Ignoring header X-Firebase-Locale because its value was null.
02-16 23:53:45.177  4451  4451 W art     : Unexpected CPU variant for X86 using defaults: x86
02-16 23:53:45.182  1644  2539 I ActivityManager: Start proc 4451:com.google.android.gms.ui/u0a13 for service com.google.android.gms/.chimera.UiIntentOperationService
02-16 23:53:45.205  4402  4431 W LocalRequestInterceptor: Error getting App Check token; using placeholder token instead. Error: com.google.firebase.FirebaseException: No AppCheckProvider installed.
02-16 23:53:45.223  4451  4451 W System  : ClassLoader referenced unknown path: /system/priv-app/PrebuiltGmsCore/lib/x86
02-16 23:53:45.238  2094  4465 W NetRec  : [421] ConfigChangedIntentOperation.onHandleIntent: Device does not support scoring, exiting
02-16 23:53:45.246  2094  4422 I HeterodyneSyncScheduler: Scheduling adaptive one off task with window [14400, 604800] in seconds
02-16 23:53:45.265  4451  4451 I LoadedApk: No resource references to update in package FFFFFFFFFFFFFFFFFFFFFF
02-16 23:53:45.315  4451  4451 W System  : ClassLoader referenced unknown path: /system/priv-app/PrebuiltGmsCore/lib/x86
02-16 23:53:45.315  4451  4451 W System  : ClassLoader referenced unknown path: /system/priv-app/PrebuiltGmsCore/lib/x86
02-16 23:53:45.320  4451  4451 W System  : ClassLoader referenced unknown path: /system/priv-app/PrebuiltGmsCore/lib/x86
02-16 23:53:45.320  4451  4451 W System  : ClassLoader referenced unknown path: /system/priv-app/PrebuiltGmsCore/lib/x86
02-16 23:53:45.324  4451  4451 W linker  : /data/user_de/0/com.google.android.gms/app_extracted_libs/x86/libconscrypt_gmscore_jni.so: unused DT entry: type 0xf arg 0x91
02-16 23:53:45.328  4451  4451 V NativeCrypto: Registering com/google/android/gms/org/conscrypt/NativeCrypto's 276 native methods...
02-16 23:53:45.340  4451  4451 D NetworkSecurityConfig: No Network Security Config specified, using platform default
02-16 23:53:45.343  4451  4451 I ProviderInstaller: Installed default security provider GmsCore_OpenSSL
02-16 23:53:45.385  4402  4440 I FA      : Tag Manager is not found and thus will not be used
02-16 23:53:45.425  1336  1348 E SurfaceFlinger: ro.sf.lcd_density must be defined as a build property
02-16 23:53:45.434  4402  4402 D         : HostConnection::get() New Host Connection established 0x910d8e40, tid 4402
02-16 23:53:45.495  4402  4445 D LeakCanary: LeakCanary is running and ready to detect memory leaks.
02-16 23:53:45.719  4402  4402 D ComposableSingletons$Ma: ⚠️  Authentication disabled - SMS/OTP backend not ready
02-16 23:53:45.746  4402  4406 I art     : Do partial code cache collection, code=29KB, data=28KB
02-16 23:53:45.747  4402  4406 I art     : After code cache collection, code=29KB, data=28KB
02-16 23:53:45.747  4402  4406 I art     : Increasing code cache capacity to 128KB
02-16 23:53:45.819  4402  4406 I art     : Do partial code cache collection, code=58KB, data=57KB
02-16 23:53:45.819  4402  4406 I art     : After code cache collection, code=57KB, data=56KB
02-16 23:53:45.819  4402  4406 I art     : Increasing code cache capacity to 256KB
02-16 23:53:45.885  4402  4481 D         : HostConnection::get() New Host Connection established 0x90c8ec00, tid 4481
02-16 23:53:45.888  4402  4481 I OpenGLRenderer: Initialized EGL, version 1.4
02-16 23:53:45.888  4402  4481 D OpenGLRenderer: Swap behavior 1
02-16 23:53:45.889  4402  4481 W OpenGLRenderer: Failed to choose config with EGL_SWAP_BEHAVIOR_PRESERVED, retrying without...
02-16 23:53:45.889  4402  4481 D OpenGLRenderer: Swap behavior 0
02-16 23:53:45.898  4402  4481 D EGL_emulation: eglCreateContext: 0xa69869e0: maj 2 min 0 rcv 2
02-16 23:53:45.904  4402  4481 D EGL_emulation: eglMakeCurrent: 0xa69869e0: ver 2 0 (tinfo 0xa6983d40)
02-16 23:53:45.935  4402  4402 D JaffnaMarketplaceApplic: 🔧 DEBUG: Firebase anonymous auth not available (enable in Firebase Console if needed): An internal error has occurred. [ CONFIGURATION_NOT_FOUND ]
02-16 23:53:45.975  4402  4481 D EGL_emulation: eglMakeCurrent: 0xa69869e0: ver 2 0 (tinfo 0xa6983d40)
02-16 23:53:46.038  1644  1664 I ActivityManager: Displayed com.senthapps.slagrimarket/.MainActivity: +1s584ms
02-16 23:53:46.076  1644  1902 I WindowManager: Destroying surface Surface(name=com.android.launcher3/com.android.launcher3.Launcher) called by com.android.server.wm.WindowStateAnimator.destroySurface:2016 com.android.server.wm.WindowStateAnimator.destroySurfaceLocked:882 com.android.server.wm.WindowState.destroyOrSaveSurface:2100 com.android.server.wm.AppWindowToken.destroySurfaces:363 com.android.server.wm.AppWindowToken.notifyAppStopped:389 com.android.server.wm.WindowManagerService.notifyAppStopped:4463 com.android.server.am.ActivityStack.activityStoppedLocked:1252 com.android.server.am.ActivityManagerService.activityStopped:6903 
02-16 23:53:46.077  4402  4440 W GooglePlayServicesUtil: Google Play services out of date for com.senthapps.slagrimarket.  Requires 12451000 but found 11743470
02-16 23:53:46.235  1644  1664 I WindowManager: Destroying surface Surface(name=Starting com.senthapps.slagrimarket) called by com.android.server.wm.WindowStateAnimator.destroySurface:2016 com.android.server.wm.WindowStateAnimator.destroySurfaceLocked:882 com.android.server.wm.WindowState.destroyOrSaveSurface:2100 com.android.server.wm.AppWindowToken.destroySurfaces:363 com.android.server.wm.WindowStateAnimator.finishExit:565 com.android.server.wm.WindowStateAnimator.stepAnimationLocked:491 com.android.server.wm.WindowAnimator.updateWindowsLocked:303 com.android.server.wm.WindowAnimator.animateLocked:704 
02-16 23:53:46.987  4402  4444 D LeakCanary: Setting up flushing for Thread[LeakCanary-Heap-Dump,5,main]
02-16 23:53:46.988  4402  4444 D LeakCanary: Setting up flushing for Thread[FrameMetricsAggregator,5,main]
02-16 23:53:47.957  1644  1741 E TaskPersister: File error accessing recents directory (directory doesn't exist?).
02-16 23:53:49.092  2094  2094 I WearableService: Wearable Services stopping
02-16 23:53:51.094  4402  4487 D ProfileInstaller: Installing profile for com.senthapps.slagrimarket
02-16 23:53:51.188  4402  4402 D LeakCanary: Watching instance of com.google.android.gms.measurement.AppMeasurementService (com.google.android.gms.measurement.AppMeasurementService received Service#onDestroy() callback) with key 6e7a93cc-6c25-4f49-81ef-4f1ef2d3f364
02-16 23:53:52.527  1644  2535 I ActivityManager: Killing 3315:com.google.android.configupdater/u0a5 (adj 906): empty #17
02-16 23:53:52.599  1644  2085 D ActivityManager: cleanUpApplicationRecord -- 3315
02-16 23:53:56.191  4402  4445 I art     : Starting a blocking GC Explicit
02-16 23:53:56.202  4402  4445 I art     : Explicit concurrent mark sweep GC freed 17596(1151KB) AllocSpace objects, 0(0B) LOS objects, 34% free, 7MB/11MB, paused 626us total 11.605ms
02-16 23:53:59.103  1644  2534 I ActivityManager: Killing 2335:android.process.media/u0a11 (adj 906): empty #17
02-16 23:53:59.106  1644  2085 D ActivityManager: cleanUpApplicationRecord -- 2335
02-16 23:54:00.356  1644  1676 W ActivityManager: Unable to start service Intent { act=com.google.android.gms.drive.ApiService.RESET_AFTER_BOOT flg=0x4 cmp=com.google.android.gms/.drive.api.ApiService (has extras) } U=0: not found
02-16 23:54:00.363  3930  3993 W Finsky  : [238] com.google.android.finsky.FinskyApp.i(1468): No account configured on this device.
02-16 23:54:00.364  3930  3993 I Finsky  : [238] com.google.android.finsky.c.e.run(1151): Replicating app states via AMAS.
02-16 23:54:00.377  4402  4432 I TRuntime.CctTransportBa: Making request to: https://firebaselogging-pa.googleapis.com/v1/firelog/legacy/batchlog
02-16 23:54:00.406  2276  4491 W System  : ClassLoader referenced unknown path: /system/priv-app/PrebuiltGmsCore/lib/x86
02-16 23:54:00.426  2276  4491 W System  : ClassLoader referenced unknown path: /system/priv-app/PrebuiltGmsCore/lib/x86
02-16 23:54:00.439  2276  4493 W System  : ClassLoader referenced unknown path: /system/priv-app/PrebuiltGmsCore/lib/x86
02-16 23:54:00.445  3930  3993 I Finsky  : [238] com.google.android.finsky.c.c.a(311): Completed 0 account content syncs with 0 successful.
02-16 23:54:00.449  3930  3930 I Finsky  : [1] com.google.android.finsky.services.j.a(149): Installation state replication succeeded.
02-16 23:54:02.575  4402  4432 I TRuntime.CctTransportBa: Status Code: 200
02-16 23:54:02.599  4402  4402 D LeakCanary: Watching instance of com.google.android.datatransport.runtime.scheduling.jobscheduling.JobInfoSchedulerService (com.google.android.datatransport.runtime.scheduling.jobscheduling.JobInfoSchedulerService received Service#onDestroy() callback) with key 3e363323-e8ef-4bc5-8032-5290cd4af8de
02-16 23:54:07.606  4402  4445 I art     : Starting a blocking GC Explicit
02-16 23:54:07.618  4402  4445 I art     : Explicit concurrent mark sweep GC freed 12775(646KB) AllocSpace objects, 2(40KB) LOS objects, 34% free, 7MB/11MB, paused 567us total 11.597ms
02-16 23:54:16.294  1336  1347 E SurfaceFlinger: ro.sf.lcd_density must be defined as a build property
02-16 23:54:16.296  1336  1954 D gralloc_ranchu: gralloc_alloc: Creating ashmem region of size 8294400
02-16 23:54:16.300  4500  4500 D         : HostConnection::get() New Host Connection established 0xaf41b2c0, tid 4500
02-16 23:54:16.306  1336  1336 E EGL_emulation: tid 1336: eglCreateSyncKHR(1901): error 0x3004 (EGL_BAD_ATTRIBUTE)
02-16 23:54:24.416  4504  4504 D AndroidRuntime: >>>>>> START com.android.internal.os.RuntimeInit uid 2000 <<<<<<
02-16 23:54:24.418  4504  4504 D AndroidRuntime: CheckJNI is OFF
02-16 23:54:24.436  4504  4504 W art     : Unexpected CPU variant for X86 using defaults: x86
02-16 23:54:24.446  4504  4504 D ICU     : No timezone override file found: /data/misc/zoneinfo/current/icu/icu_tzdata.dat
02-16 23:54:24.461  4504  4504 E memtrack: Couldn't load memtrack module (No such file or directory)
02-16 23:54:24.461  4504  4504 E android.os.Debug: failed to load memtrack module: -2
02-16 23:54:24.461  4504  4504 I Radio-JNI: register_android_hardware_Radio DONE
02-16 23:54:24.466  4504  4504 D AndroidRuntime: Calling main entry com.android.commands.input.Input
02-16 23:54:24.472  4504  4504 I Input   : injectMotionEvent: MotionEvent { action=ACTION_DOWN, actionButton=0, id[0]=0, x[0]=500.0, y[0]=1200.0, toolType[0]=TOOL_TYPE_UNKNOWN, buttonState=0, metaState=0, flags=0x0, edgeFlags=0x0, pointerCount=1, historySize=0, eventTime=163622, downTime=163622, deviceId=0, source=0x1002 }
02-16 23:54:24.482  4504  4504 I Input   : injectMotionEvent: MotionEvent { action=ACTION_MOVE, actionButton=0, id[0]=0, x[0]=500.0, y[0]=1200.0, toolType[0]=TOOL_TYPE_UNKNOWN, buttonState=0, metaState=0, flags=0x0, edgeFlags=0x0, pointerCount=1, historySize=0, eventTime=163622, downTime=163622, deviceId=0, source=0x1002 }
02-16 23:54:24.499  4504  4504 I Input   : injectMotionEvent: MotionEvent { action=ACTION_MOVE, actionButton=0, id[0]=0, x[0]=500.0, y[0]=1142.0, toolType[0]=TOOL_TYPE_UNKNOWN, buttonState=0, metaState=0, flags=0x0, edgeFlags=0x0, pointerCount=1, historySize=0, eventTime=163651, downTime=163651, deviceId=0, source=0x1002 }
02-16 23:54:24.515  4504  4504 I Input   : injectMotionEvent: MotionEvent { action=ACTION_MOVE, actionButton=0, id[0]=0, x[0]=500.0, y[0]=1108.0, toolType[0]=TOOL_TYPE_UNKNOWN, buttonState=0, metaState=0, flags=0x0, edgeFlags=0x0, pointerCount=1, historySize=0, eventTime=163668, downTime=163668, deviceId=0, source=0x1002 }
02-16 23:54:24.533  4504  4504 I Input   : injectMotionEvent: MotionEvent { action=ACTION_MOVE, actionButton=0, id[0]=0, x[0]=500.0, y[0]=1072.0, toolType[0]=TOOL_TYPE_UNKNOWN, buttonState=0, metaState=0, flags=0x0, edgeFlags=0x0, pointerCount=1, historySize=0, eventTime=163686, downTime=163686, deviceId=0, source=0x1002 }
02-16 23:54:24.549  4504  4504 I Input   : injectMotionEvent: MotionEvent { action=ACTION_MOVE, actionButton=0, id[0]=0, x[0]=500.0, y[0]=1040.0, toolType[0]=TOOL_TYPE_UNKNOWN, buttonState=0, metaState=0, flags=0x0, edgeFlags=0x0, pointerCount=1, historySize=0, eventTime=163702, downTime=163702, deviceId=0, source=0x1002 }
02-16 23:54:24.566  4504  4504 I Input   : injectMotionEvent: MotionEvent { action=ACTION_MOVE, actionButton=0, id[0]=0, x[0]=500.0, y[0]=1006.0, toolType[0]=TOOL_TYPE_UNKNOWN, buttonState=0, metaState=0, flags=0x0, edgeFlags=0x0, pointerCount=1, historySize=0, eventTime=163719, downTime=163719, deviceId=0, source=0x1002 }
02-16 23:54:24.582  4504  4504 I Input   : injectMotionEvent: MotionEvent { action=ACTION_MOVE, actionButton=0, id[0]=0, x[0]=500.0, y[0]=976.0, toolType[0]=TOOL_TYPE_UNKNOWN, buttonState=0, metaState=0, flags=0x0, edgeFlags=0x0, pointerCount=1, historySize=0, eventTime=163734, downTime=163734, deviceId=0, source=0x1002 }
02-16 23:54:24.585  4402  4406 I art     : Do full code cache collection, code=114KB, data=117KB
02-16 23:54:24.585  4402  4406 I art     : After code cache collection, code=58KB, data=46KB
02-16 23:54:24.598  4504  4504 I Input   : injectMotionEvent: MotionEvent { action=ACTION_MOVE, actionButton=0, id[0]=0, x[0]=500.0, y[0]=942.0, toolType[0]=TOOL_TYPE_UNKNOWN, buttonState=0, metaState=0, flags=0x0, edgeFlags=0x0, pointerCount=1, historySize=0, eventTime=163751, downTime=163751, deviceId=0, source=0x1002 }
02-16 23:54:24.615  4504  4504 I Input   : injectMotionEvent: MotionEvent { action=ACTION_MOVE, actionButton=0, id[0]=0, x[0]=500.0, y[0]=908.0, toolType[0]=TOOL_TYPE_UNKNOWN, buttonState=0, metaState=0, flags=0x0, edgeFlags=0x0, pointerCount=1, historySize=0, eventTime=163768, downTime=163768, deviceId=0, source=0x1002 }
02-16 23:54:24.631  4504  4504 I Input   : injectMotionEvent: MotionEvent { action=ACTION_MOVE, actionButton=0, id[0]=0, x[0]=500.0, y[0]=876.0, toolType[0]=TOOL_TYPE_UNKNOWN, buttonState=0, metaState=0, flags=0x0, edgeFlags=0x0, pointerCount=1, historySize=0, eventTime=163784, downTime=163784, deviceId=0, source=0x1002 }
02-16 23:54:24.648  4504  4504 I Input   : injectMotionEvent: MotionEvent { action=ACTION_MOVE, actionButton=0, id[0]=0, x[0]=500.0, y[0]=842.0, toolType[0]=TOOL_TYPE_UNKNOWN, buttonState=0, metaState=0, flags=0x0, edgeFlags=0x0, pointerCount=1, historySize=0, eventTime=163801, downTime=163801, deviceId=0, source=0x1002 }
02-16 23:54:24.665  4504  4504 I Input   : injectMotionEvent: MotionEvent { action=ACTION_MOVE, actionButton=0, id[0]=0, x[0]=500.0, y[0]=808.0, toolType[0]=TOOL_TYPE_UNKNOWN, buttonState=0, metaState=0, flags=0x0, edgeFlags=0x0, pointerCount=1, historySize=0, eventTime=163818, downTime=163818, deviceId=0, source=0x1002 }
02-16 23:54:24.681  4504  4504 I Input   : injectMotionEvent: MotionEvent { action=ACTION_MOVE, actionButton=0, id[0]=0, x[0]=500.0, y[0]=776.0, toolType[0]=TOOL_TYPE_UNKNOWN, buttonState=0, metaState=0, flags=0x0, edgeFlags=0x0, pointerCount=1, historySize=0, eventTime=163834, downTime=163834, deviceId=0, source=0x1002 }
02-16 23:54:24.699  4504  4504 I Input   : injectMotionEvent: MotionEvent { action=ACTION_MOVE, actionButton=0, id[0]=0, x[0]=500.0, y[0]=740.0, toolType[0]=TOOL_TYPE_UNKNOWN, buttonState=0, metaState=0, flags=0x0, edgeFlags=0x0, pointerCount=1, historySize=0, eventTime=163852, downTime=163852, deviceId=0, source=0x1002 }
02-16 23:54:24.715  4504  4504 I Input   : injectMotionEvent: MotionEvent { action=ACTION_MOVE, actionButton=0, id[0]=0, x[0]=500.0, y[0]=708.0, toolType[0]=TOOL_TYPE_UNKNOWN, buttonState=0, metaState=0, flags=0x0, edgeFlags=0x0, pointerCount=1, historySize=0, eventTime=163868, downTime=163868, deviceId=0, source=0x1002 }
02-16 23:54:24.731  4504  4504 I Input   : injectMotionEvent: MotionEvent { action=ACTION_MOVE, actionButton=0, id[0]=0, x[0]=500.0, y[0]=676.0, toolType[0]=TOOL_TYPE_UNKNOWN, buttonState=0, metaState=0, flags=0x0, edgeFlags=0x0, pointerCount=1, historySize=0, eventTime=163884, downTime=163884, deviceId=0, source=0x1002 }
02-16 23:54:24.749  4504  4504 I Input   : injectMotionEvent: MotionEvent { action=ACTION_MOVE, actionButton=0, id[0]=0, x[0]=500.0, y[0]=640.0, toolType[0]=TOOL_TYPE_UNKNOWN, buttonState=0, metaState=0, flags=0x0, edgeFlags=0x0, pointerCount=1, historySize=0, eventTime=163902, downTime=163902, deviceId=0, source=0x1002 }
02-16 23:54:24.765  4504  4504 I Input   : injectMotionEvent: MotionEvent { action=ACTION_MOVE, actionButton=0, id[0]=0, x[0]=500.0, y[0]=608.0, toolType[0]=TOOL_TYPE_UNKNOWN, buttonState=0, metaState=0, flags=0x0, edgeFlags=0x0, pointerCount=1, historySize=0, eventTime=163918, downTime=163918, deviceId=0, source=0x1002 }
02-16 23:54:24.781  4504  4504 I Input   : injectMotionEvent: MotionEvent { action=ACTION_UP, actionButton=0, id[0]=0, x[0]=500.0, y[0]=600.0, toolType[0]=TOOL_TYPE_UNKNOWN, buttonState=0, metaState=0, flags=0x0, edgeFlags=0x0, pointerCount=1, historySize=0, eventTime=163934, downTime=163934, deviceId=0, source=0x1002 }
02-16 23:54:24.783  4504  4504 D AndroidRuntime: Shutting down VM
02-16 23:54:26.885  1336  1679 E SurfaceFlinger: ro.sf.lcd_density must be defined as a build property
02-16 23:54:26.886  1336  1953 D gralloc_ranchu: gralloc_alloc: Creating ashmem region of size 8294400
02-16 23:54:26.891  4516  4516 D         : HostConnection::get() New Host Connection established 0xacd9b2c0, tid 4516
02-16 23:54:26.897  1336  1336 E EGL_emulation: tid 1336: eglCreateSyncKHR(1901): error 0x3004 (EGL_BAD_ATTRIBUTE)
02-16 23:54:29.179  1644  2541 I ActivityManager: Killing 2960:com.google.android.talk/u0a55 (adj 906): empty #17
02-16 23:54:29.228  1644  2533 D ActivityManager: cleanUpApplicationRecord -- 2960
02-16 23:54:34.990  4520  4520 D AndroidRuntime: >>>>>> START com.android.internal.os.RuntimeInit uid 2000 <<<<<<
02-16 23:54:34.991  4520  4520 D AndroidRuntime: CheckJNI is OFF
02-16 23:54:35.006  4520  4520 W art     : Unexpected CPU variant for X86 using defaults: x86
02-16 23:54:35.010  4520  4520 D ICU     : No timezone override file found: /data/misc/zoneinfo/current/icu/icu_tzdata.dat
02-16 23:54:35.021  4520  4520 E memtrack: Couldn't load memtrack module (No such file or directory)
02-16 23:54:35.021  4520  4520 E android.os.Debug: failed to load memtrack module: -2
02-16 23:54:35.021  4520  4520 I Radio-JNI: register_android_hardware_Radio DONE
02-16 23:54:35.024  4520  4520 D AndroidRuntime: Calling main entry com.android.commands.input.Input
02-16 23:54:35.030  4520  4520 I Input   : injectMotionEvent: MotionEvent { action=ACTION_DOWN, actionButton=0, id[0]=0, x[0]=300.0, y[0]=600.0, toolType[0]=TOOL_TYPE_UNKNOWN, buttonState=0, metaState=0, flags=0x0, edgeFlags=0x0, pointerCount=1, historySize=0, eventTime=174179, downTime=174179, deviceId=0, source=0x1002 }
02-16 23:54:35.032  4520  4520 I Input   : injectMotionEvent: MotionEvent { action=ACTION_UP, actionButton=0, id[0]=0, x[0]=300.0, y[0]=600.0, toolType[0]=TOOL_TYPE_UNKNOWN, buttonState=0, metaState=0, flags=0x0, edgeFlags=0x0, pointerCount=1, historySize=0, eventTime=174179, downTime=174179, deviceId=0, source=0x1002 }
02-16 23:54:35.038  4520  4520 D AndroidRuntime: Shutting down VM
02-16 23:54:35.130  4402  4406 I art     : Do partial code cache collection, code=121KB, data=125KB
02-16 23:54:35.131  4402  4406 I art     : After code cache collection, code=119KB, data=123KB
02-16 23:54:35.131  4402  4406 I art     : Increasing code cache capacity to 512KB
02-16 23:54:38.137  1336  1347 E SurfaceFlinger: ro.sf.lcd_density must be defined as a build property
02-16 23:54:38.139  1336  1679 D gralloc_ranchu: gralloc_alloc: Creating ashmem region of size 8294400
02-16 23:54:38.144  4532  4532 D         : HostConnection::get() New Host Connection established 0xa979b2c0, tid 4532
02-16 23:54:38.150  1336  1336 E EGL_emulation: tid 1336: eglCreateSyncKHR(1901): error 0x3004 (EGL_BAD_ATTRIBUTE)
02-16 23:54:45.823  4536  4536 D AndroidRuntime: >>>>>> START com.android.internal.os.RuntimeInit uid 2000 <<<<<<
02-16 23:54:45.824  4536  4536 D AndroidRuntime: CheckJNI is OFF
02-16 23:54:45.840  4536  4536 W art     : Unexpected CPU variant for X86 using defaults: x86
02-16 23:54:45.842  4536  4536 D ICU     : No timezone override file found: /data/misc/zoneinfo/current/icu/icu_tzdata.dat
02-16 23:54:45.853  4536  4536 E memtrack: Couldn't load memtrack module (No such file or directory)
02-16 23:54:45.853  4536  4536 E android.os.Debug: failed to load memtrack module: -2
02-16 23:54:45.854  4536  4536 I Radio-JNI: register_android_hardware_Radio DONE
02-16 23:54:45.858  4536  4536 D AndroidRuntime: Calling main entry com.android.commands.input.Input
02-16 23:54:45.859  4536  4536 I Input   : injectKeyEvent: KeyEvent { action=ACTION_DOWN, keyCode=KEYCODE_BACK, scanCode=0, metaState=0, flags=0x0, repeatCount=0, eventTime=185012, downTime=185012, deviceId=-1, source=0x101 }
02-16 23:54:45.862  4536  4536 I Input   : injectKeyEvent: KeyEvent { action=ACTION_UP, keyCode=KEYCODE_BACK, scanCode=0, metaState=0, flags=0x0, repeatCount=0, eventTime=185012, downTime=185012, deviceId=-1, source=0x101 }
02-16 23:54:45.866  4536  4536 D AndroidRuntime: Shutting down VM
02-16 23:54:45.891  4402  4406 I art     : Do full code cache collection, code=229KB, data=239KB
02-16 23:54:45.891  4402  4406 I art     : After code cache collection, code=168KB, data=148KB
02-16 23:54:45.922  4402  4406 I art     : Do partial code cache collection, code=178KB, data=194KB
02-16 23:54:45.923  4402  4406 I art     : After code cache collection, code=177KB, data=194KB
02-16 23:54:45.923  4402  4406 I art     : Increasing code cache capacity to 1024KB
02-16 23:54:45.925  4402  4406 I art     : Compiler allocated 5MB to compile void com.senthapps.slagrimarket.ui.home.IndustrialHomeScreenKt.IndustrialHomeScreen(kotlin.jvm.functions.Function0, kotlin.jvm.functions.Function0, kotlin.jvm.functions.Function0, kotlin.jvm.functions.Function0, kotlin.jvm.functions.Function0, com.senthapps.slagrimarket.ui.home.AppLanguage, androidx.compose.runtime.Composer, int, int)
02-16 23:54:46.463  2094  4547 W ConfigurationChimeraPro: Got null configs for com.google.android.gms.auth.account.base
02-16 23:54:46.468  2094  2094 W ConfigurationChimeraPro: Got null configs for com.google.android.gms.common_auth
02-16 23:54:46.476  2094  2094 I Auth    : [ReflectiveChannelBinder] Successfully bound channel!
02-16 23:54:46.500  2276  4548 I SpamListSync: SpamListSyncChimeraService.syncSpamList called with tag: telephonyspam.SpamListSyncOneOffTask, extras: null
02-16 23:54:46.501  2276  4548 I SpamListSync: Spam module disabled. Skipping spam list syncing.
02-16 23:54:46.691  3438  3438 W Binder:3438_2: type=1400 audit(0.0:18): avc: denied { read } for name="/" dev="tmpfs" ino=4012 scontext=u:r:priv_app:s0:c512,c768 tcontext=u:object_r:device:s0 tclass=dir permissive=0
02-16 23:54:46.809  3438  3450 E BluetoothAdapter: Bluetooth binder is null
02-16 23:54:46.824  3438  3450 D EGL_emulation: eglCreateContext: 0xa220e8c0: maj 2 min 0 rcv 2
02-16 23:54:46.827  3438  3450 D EGL_emulation: eglMakeCurrent: 0xa220e8c0: ver 2 0 (tinfo 0xa3ef74f0)
02-16 23:54:46.861  3438  3438 W Binder:3438_2: type=1400 audit(0.0:19): avc: denied { read } for name="/" dev="tmpfs" ino=4012 scontext=u:r:priv_app:s0:c512,c768 tcontext=u:object_r:device:s0 tclass=dir permissive=0
02-16 23:54:46.970  2094  2992 W GLSUser : [AppCertManager] Failed to get security token.
02-16 23:54:46.970  2094  2992 W GLSUser : java.io.IOException: Invalid scope
02-16 23:54:46.970  2094  2992 W GLSUser : 	at vfm.b(:com.google.android.gms@11743470:39)
02-16 23:54:46.970  2094  2992 W GLSUser : 	at vfm.a(:com.google.android.gms@11743470:46)
02-16 23:54:46.970  2094  2992 W GLSUser : 	at vfj.b(:com.google.android.gms@11743470:11)
02-16 23:54:46.970  2094  2992 W GLSUser : 	at vfj.a(:com.google.android.gms@11743470:29)
02-16 23:54:46.970  2094  2992 W GLSUser : 	at eyw.b(:com.google.android.gms@11743470:4)
02-16 23:54:46.970  2094  2992 W GLSUser : 	at eyw.a(:com.google.android.gms@11743470:56)
02-16 23:54:46.970  2094  2992 W GLSUser : 	at eyu.a(:com.google.android.gms@11743470:8)
02-16 23:54:46.970  2094  2992 W GLSUser : 	at eyq.a(:com.google.android.gms@11743470:1)
02-16 23:54:46.970  2094  2992 W GLSUser : 	at eyp.a(:com.google.android.gms@11743470:10)
02-16 23:54:46.970  2094  2992 W GLSUser : 	at com.google.android.gms.auth.account.be.legacy.AuthCronChimeraService.b(:com.google.android.gms@11743470:7)
02-16 23:54:46.970  2094  2992 W GLSUser : 	at edr.call(:com.google.android.gms@11743470:3)
02-16 23:54:46.970  2094  2992 W GLSUser : 	at java.util.concurrent.FutureTask.run(FutureTask.java:237)
02-16 23:54:46.970  2094  2992 W GLSUser : 	at mmu.run(:com.google.android.gms@11743470:26)
02-16 23:54:46.970  2094  2992 W GLSUser : 	at java.util.concurrent.ThreadPoolExecutor.runWorker(ThreadPoolExecutor.java:1133)
02-16 23:54:46.970  2094  2992 W GLSUser : 	at java.util.concurrent.ThreadPoolExecutor$Worker.run(ThreadPoolExecutor.java:607)
02-16 23:54:46.970  2094  2992 W GLSUser : 	at mse.run(:com.google.android.gms@11743470)
02-16 23:54:46.970  2094  2992 W GLSUser : 	at java.lang.Thread.run(Thread.java:761)
02-16 23:54:46.994  2094  2992 W Conscrypt: Could not set socket write timeout:
02-16 23:54:46.996  2094  2992 W Conscrypt:    java.lang.reflect.Method.invoke(Native Method)
02-16 23:54:46.996  2094  2992 W Conscrypt:    com.google.android.gms.org.conscrypt.Platform.setSocketWriteTimeout(:com.google.android.gms@11743470:13)
02-16 23:54:47.046  2094  2992 W Conscrypt: Could not set socket write timeout:
02-16 23:54:47.046  2094  2992 W Conscrypt:    java.lang.reflect.Method.invoke(Native Method)
02-16 23:54:47.046  2094  2992 W Conscrypt:    com.google.android.gms.org.conscrypt.Platform.setSocketWriteTimeout(:com.google.android.gms@11743470:13)
