02-16 23:54:47.065  4552  4552 D AndroidRuntime: >>>>>> START com.android.internal.os.RuntimeInit uid 2000 <<<<<<
02-16 23:54:47.066  4552  4552 D AndroidRuntime: CheckJNI is OFF
02-16 23:54:47.081  4552  4552 W art     : Unexpected CPU variant for X86 using defaults: x86
02-16 23:54:47.083  4552  4552 D ICU     : No timezone override file found: /data/misc/zoneinfo/current/icu/icu_tzdata.dat
02-16 23:54:47.089  2094  2992 W GLSUser : [AppCertManager] IOException while requesting key: 
02-16 23:54:47.089  2094  2992 W GLSUser : java.io.IOException: Invalid device key response.
02-16 23:54:47.089  2094  2992 W GLSUser : 	at eyw.a(:com.google.android.gms@11743470:14)
02-16 23:54:47.089  2094  2992 W GLSUser : 	at eyw.a(:com.google.android.gms@11743470:65)
02-16 23:54:47.089  2094  2992 W GLSUser : 	at eyu.a(:com.google.android.gms@11743470:8)
02-16 23:54:47.089  2094  2992 W GLSUser : 	at eyq.a(:com.google.android.gms@11743470:1)
02-16 23:54:47.089  2094  2992 W GLSUser : 	at eyp.a(:com.google.android.gms@11743470:10)
02-16 23:54:47.089  2094  2992 W GLSUser : 	at com.google.android.gms.auth.account.be.legacy.AuthCronChimeraService.b(:com.google.android.gms@11743470:7)
02-16 23:54:47.089  2094  2992 W GLSUser : 	at edr.call(:com.google.android.gms@11743470:3)
02-16 23:54:47.089  2094  2992 W GLSUser : 	at java.util.concurrent.FutureTask.run(FutureTask.java:237)
02-16 23:54:47.089  2094  2992 W GLSUser : 	at mmu.run(:com.google.android.gms@11743470:26)
02-16 23:54:47.089  2094  2992 W GLSUser : 	at java.util.concurrent.ThreadPoolExecutor.runWorker(ThreadPoolExecutor.java:1133)
02-16 23:54:47.089  2094  2992 W GLSUser : 	at java.util.concurrent.ThreadPoolExecutor$Worker.run(ThreadPoolExecutor.java:607)
02-16 23:54:47.089  2094  2992 W GLSUser : 	at mse.run(:com.google.android.gms@11743470)
02-16 23:54:47.089  2094  2992 W GLSUser : 	at java.lang.Thread.run(Thread.java:761)
02-16 23:54:47.095  4552  4552 E memtrack: Couldn't load memtrack module (No such file or directory)
02-16 23:54:47.095  4552  4552 E android.os.Debug: failed to load memtrack module: -2
02-16 23:54:47.096  4552  4552 I Radio-JNI: register_android_hardware_Radio DONE
02-16 23:54:47.102  4552  4552 D AndroidRuntime: Calling main entry com.android.commands.input.Input
02-16 23:54:47.107  4552  4552 I Input   : injectMotionEvent: MotionEvent { action=ACTION_DOWN, actionButton=0, id[0]=0, x[0]=540.0, y[0]=1800.0, toolType[0]=TOOL_TYPE_UNKNOWN, buttonState=0, metaState=0, flags=0x0, edgeFlags=0x0, pointerCount=1, historySize=0, eventTime=186255, downTime=186255, deviceId=0, source=0x1002 }
02-16 23:54:47.112  1776  1776 V DeadZone: consuming errant click: (540.0,6.0)
02-16 23:54:47.112  4552  4552 I Input   : injectMotionEvent: MotionEvent { action=ACTION_UP, actionButton=0, id[0]=0, x[0]=540.0, y[0]=1800.0, toolType[0]=TOOL_TYPE_UNKNOWN, buttonState=0, metaState=0, flags=0x0, edgeFlags=0x0, pointerCount=1, historySize=0, eventTime=186255, downTime=186255, deviceId=0, source=0x1002 }
02-16 23:54:47.114  4552  4552 D AndroidRuntime: Shutting down VM
02-16 23:54:49.204  1336  1953 E SurfaceFlinger: ro.sf.lcd_density must be defined as a build property
02-16 23:54:49.204  1336  1348 D gralloc_ranchu: gralloc_alloc: Creating ashmem region of size 8294400
02-16 23:54:49.210  4565  4565 D         : HostConnection::get() New Host Connection established 0xb5c1b2c0, tid 4565
02-16 23:54:49.215  1336  1336 E EGL_emulation: tid 1336: eglCreateSyncKHR(1901): error 0x3004 (EGL_BAD_ATTRIBUTE)
02-16 23:54:57.038  4568  4568 D AndroidRuntime: >>>>>> START com.android.internal.os.RuntimeInit uid 2000 <<<<<<
02-16 23:54:57.039  4568  4568 D AndroidRuntime: CheckJNI is OFF
02-16 23:54:57.055  4568  4568 W art     : Unexpected CPU variant for X86 using defaults: x86
02-16 23:54:57.057  4568  4568 D ICU     : No timezone override file found: /data/misc/zoneinfo/current/icu/icu_tzdata.dat
02-16 23:54:57.066  4568  4568 E memtrack: Couldn't load memtrack module (No such file or directory)
02-16 23:54:57.067  4568  4568 E android.os.Debug: failed to load memtrack module: -2
02-16 23:54:57.067  4568  4568 I Radio-JNI: register_android_hardware_Radio DONE
02-16 23:54:57.071  4568  4568 D AndroidRuntime: Calling main entry com.android.commands.input.Input
02-16 23:54:57.074  4568  4568 I Input   : injectKeyEvent: KeyEvent { action=ACTION_DOWN, keyCode=KEYCODE_BACK, scanCode=0, metaState=0, flags=0x0, repeatCount=0, eventTime=196225, downTime=196225, deviceId=-1, source=0x101 }
02-16 23:54:57.077  4568  4568 I Input   : injectKeyEvent: KeyEvent { action=ACTION_UP, keyCode=KEYCODE_BACK, scanCode=0, metaState=0, flags=0x0, repeatCount=0, eventTime=196225, downTime=196225, deviceId=-1, source=0x101 }
02-16 23:54:57.081  4568  4568 D AndroidRuntime: Shutting down VM
02-16 23:54:57.103  1336  1347 D gralloc_ranchu: gralloc_alloc: Creating ashmem region of size 2691072
02-16 23:54:57.106  1644  1655 D         : HostConnection::get() New Host Connection established 0x8f024640, tid 1655
02-16 23:54:57.110  1336  1336 E EGL_emulation: tid 1336: eglCreateSyncKHR(1901): error 0x3004 (EGL_BAD_ATTRIBUTE)
02-16 23:54:57.146  4402  4579 W GooglePlayServicesUtil: Google Play services out of date for com.senthapps.slagrimarket.  Requires 12451000 but found 11743470
02-16 23:54:57.170  2310  2442 D EGL_emulation: eglMakeCurrent: 0xad304e00: ver 2 0 (tinfo 0xa3efc2d0)
02-16 23:54:57.198  4402  4481 D EGL_emulation: eglMakeCurrent: 0xa69869e0: ver 2 0 (tinfo 0xa6983d40)
02-16 23:54:57.445  4402  4402 D LeakCanary: Watching instance of com.senthapps.slagrimarket.MainActivity (com.senthapps.slagrimarket.MainActivity received Activity#onDestroy() callback) with key 9d4f8aba-9962-4781-a762-64e1baff38f5
02-16 23:54:57.463  4402  4580 W System  : Ignoring header If-None-Match because its value was null.
02-16 23:54:57.615  1644  1664 I WindowManager: Destroying surface Surface(name=com.senthapps.slagrimarket/com.senthapps.slagrimarket.MainActivity) called by com.android.server.wm.WindowStateAnimator.destroySurface:2016 com.android.server.wm.WindowStateAnimator.destroySurfaceLocked:882 com.android.server.wm.WindowState.removeLocked:1456 com.android.server.wm.WindowManagerService.removeWindowInnerLocked:2484 com.android.server.wm.AppWindowToken.destroySurfaces:365 com.android.server.wm.WindowStateAnimator.finishExit:565 com.android.server.wm.WindowStateAnimator.stepAnimationLocked:491 com.android.server.wm.WindowAnimator.updateWindowsLocked:303 
02-16 23:54:57.680  2310  2442 W OpenGLRenderer: Incorrectly called buildLayer on View: ShortcutAndWidgetContainer, destroying layer...
02-16 23:54:58.265  4588  4588 D AndroidRuntime: >>>>>> START com.android.internal.os.RuntimeInit uid 2000 <<<<<<
02-16 23:54:58.266  4588  4588 D AndroidRuntime: CheckJNI is OFF
02-16 23:54:58.281  4588  4588 W art     : Unexpected CPU variant for X86 using defaults: x86
02-16 23:54:58.284  4588  4588 D ICU     : No timezone override file found: /data/misc/zoneinfo/current/icu/icu_tzdata.dat
02-16 23:54:58.295  4588  4588 E memtrack: Couldn't load memtrack module (No such file or directory)
02-16 23:54:58.295  4588  4588 E android.os.Debug: failed to load memtrack module: -2
02-16 23:54:58.295  4588  4588 I Radio-JNI: register_android_hardware_Radio DONE
02-16 23:54:58.300  4588  4588 D AndroidRuntime: Calling main entry com.android.commands.input.Input
02-16 23:54:58.304  4588  4588 I Input   : injectMotionEvent: MotionEvent { action=ACTION_DOWN, actionButton=0, id[0]=0, x[0]=900.0, y[0]=150.0, toolType[0]=TOOL_TYPE_UNKNOWN, buttonState=0, metaState=0, flags=0x0, edgeFlags=0x0, pointerCount=1, historySize=0, eventTime=197454, downTime=197454, deviceId=0, source=0x1002 }
02-16 23:54:58.306  4588  4588 I Input   : injectMotionEvent: MotionEvent { action=ACTION_UP, actionButton=0, id[0]=0, x[0]=900.0, y[0]=150.0, toolType[0]=TOOL_TYPE_UNKNOWN, buttonState=0, metaState=0, flags=0x0, edgeFlags=0x0, pointerCount=1, historySize=0, eventTime=197454, downTime=197454, deviceId=0, source=0x1002 }
02-16 23:54:58.308  4588  4588 D AndroidRuntime: Shutting down VM
02-16 23:54:59.176  4402  4579 I FA      : Application backgrounded at: timestamp_millis: 1771314897131
02-16 23:55:00.394  1336  1348 E SurfaceFlinger: ro.sf.lcd_density must be defined as a build property
02-16 23:55:00.396  1336  1953 D gralloc_ranchu: gralloc_alloc: Creating ashmem region of size 8294400
02-16 23:55:00.400  4600  4600 D         : HostConnection::get() New Host Connection established 0xabe9b2c0, tid 4600
02-16 23:55:00.407  1336  1336 E EGL_emulation: tid 1336: eglCreateSyncKHR(1901): error 0x3004 (EGL_BAD_ATTRIBUTE)
02-16 23:55:04.249  4402  4402 D LeakCanary: Watching instance of com.google.android.gms.measurement.AppMeasurementService (com.google.android.gms.measurement.AppMeasurementService received Service#onDestroy() callback) with key ed5db02b-75fb-47a8-9b1e-e97cc90cca9b
02-16 23:55:09.250  1644  1943 I ActivityManager: Killing 2945:com.android.providers.calendar/u0a2 (adj 906): empty #17
02-16 23:55:09.256  1644  2085 D ActivityManager: cleanUpApplicationRecord -- 2945
02-16 23:55:09.289  4402  4445 I art     : Starting a blocking GC Explicit
02-16 23:55:09.299  4402  4445 I art     : Explicit concurrent mark sweep GC freed 9222(404KB) AllocSpace objects, 0(0B) LOS objects, 20% free, 7MB/9MB, paused 847us total 9.687ms
02-16 23:55:46.436  4402  4432 I TRuntime.CctTransportBa: Making request to: https://firebaselogging-pa.googleapis.com/v1/firelog/legacy/batchlog
02-16 23:55:48.590  4402  4432 I TRuntime.CctTransportBa: Status Code: 200
02-16 23:55:48.615  4402  4402 D LeakCanary: Watching instance of com.google.android.datatransport.runtime.scheduling.jobscheduling.JobInfoSchedulerService (com.google.android.datatransport.runtime.scheduling.jobscheduling.JobInfoSchedulerService received Service#onDestroy() callback) with key 4aba8cbf-6538-4b21-91e2-fc3a6c0dedfa
02-16 23:55:53.658  4402  4445 I art     : Starting a blocking GC Explicit
02-16 23:55:53.667  4402  4445 I art     : Explicit concurrent mark sweep GC freed 3325(242KB) AllocSpace objects, 2(40KB) LOS objects, 20% free, 7MB/9MB, paused 542us total 8.671ms
02-16 23:56:01.980  4609  4609 D AndroidRuntime: >>>>>> START com.android.internal.os.RuntimeInit uid 2000 <<<<<<
02-16 23:56:01.981  4609  4609 D AndroidRuntime: CheckJNI is OFF
02-16 23:56:01.996  4609  4609 W art     : Unexpected CPU variant for X86 using defaults: x86
02-16 23:56:01.999  4609  4609 D ICU     : No timezone override file found: /data/misc/zoneinfo/current/icu/icu_tzdata.dat
02-16 23:56:02.011  4609  4609 E memtrack: Couldn't load memtrack module (No such file or directory)
02-16 23:56:02.011  4609  4609 E android.os.Debug: failed to load memtrack module: -2
02-16 23:56:02.011  4609  4609 I Radio-JNI: register_android_hardware_Radio DONE
02-16 23:56:02.014  4609  4609 D AndroidRuntime: Calling main entry com.android.commands.am.Am
02-16 23:56:02.018  1644  2535 I ActivityManager: START u0 {flg=0x10000000 cmp=com.senthapps.slagrimarket/.MainActivity} from uid 2000 on display 0
02-16 23:56:02.023  4609  4609 D AndroidRuntime: Shutting down VM
02-16 23:56:02.123  1336  1954 D gralloc_ranchu: gralloc_alloc: Creating ashmem region of size 8294400
02-16 23:56:02.131  4402  4402 D ComposableSingletons$Ma: ⚠️  Authentication disabled - SMS/OTP backend not ready
02-16 23:56:02.165  2310  2442 D EGL_emulation: eglMakeCurrent: 0xad304e00: ver 2 0 (tinfo 0xa3efc2d0)
02-16 23:56:02.216  4402  4481 D EGL_emulation: eglMakeCurrent: 0xa69869e0: ver 2 0 (tinfo 0xa6983d40)
02-16 23:56:02.225  1644  1664 I ActivityManager: Displayed com.senthapps.slagrimarket/.MainActivity: +202ms
02-16 23:56:02.244  4402  4621 W GooglePlayServicesUtil: Google Play services out of date for com.senthapps.slagrimarket.  Requires 12451000 but found 11743470
02-16 23:56:02.299  4402  4406 I art     : Compiler allocated 4MB to compile com.google.android.gms.measurement.internal.zzg com.google.android.gms.measurement.internal.zzal.zze(java.lang.String)
02-16 23:56:02.415  1644  1664 I WindowManager: Destroying surface Surface(name=Starting com.senthapps.slagrimarket) called by com.android.server.wm.WindowStateAnimator.destroySurface:2016 com.android.server.wm.WindowStateAnimator.destroySurfaceLocked:882 com.android.server.wm.WindowState.destroyOrSaveSurface:2100 com.android.server.wm.AppWindowToken.destroySurfaces:363 com.android.server.wm.WindowStateAnimator.finishExit:565 com.android.server.wm.WindowStateAnimator.stepAnimationLocked:491 com.android.server.wm.WindowAnimator.updateWindowsLocked:303 com.android.server.wm.WindowAnimator.animateLocked:704 
02-16 23:56:02.899  1644  2533 I WindowManager: Destroying surface Surface(name=com.android.launcher3/com.android.launcher3.Launcher) called by com.android.server.wm.WindowStateAnimator.destroySurface:2016 com.android.server.wm.WindowStateAnimator.destroySurfaceLocked:882 com.android.server.wm.WindowState.destroyOrSaveSurface:2100 com.android.server.wm.AppWindowToken.destroySurfaces:363 com.android.server.wm.AppWindowToken.notifyAppStopped:389 com.android.server.wm.WindowManagerService.notifyAppStopped:4463 com.android.server.am.ActivityStack.activityStoppedLocked:1252 com.android.server.am.ActivityManagerService.activityStopped:6903 
02-16 23:56:04.240  4623  4623 D AndroidRuntime: >>>>>> START com.android.internal.os.RuntimeInit uid 2000 <<<<<<
02-16 23:56:04.241  4623  4623 D AndroidRuntime: CheckJNI is OFF
02-16 23:56:04.256  4623  4623 W art     : Unexpected CPU variant for X86 using defaults: x86
02-16 23:56:04.259  4623  4623 D ICU     : No timezone override file found: /data/misc/zoneinfo/current/icu/icu_tzdata.dat
02-16 23:56:04.270  4623  4623 E memtrack: Couldn't load memtrack module (No such file or directory)
02-16 23:56:04.270  4623  4623 E android.os.Debug: failed to load memtrack module: -2
02-16 23:56:04.270  4623  4623 I Radio-JNI: register_android_hardware_Radio DONE
02-16 23:56:04.274  4623  4623 D AndroidRuntime: Calling main entry com.android.commands.input.Input
02-16 23:56:04.278  4623  4623 I Input   : injectMotionEvent: MotionEvent { action=ACTION_DOWN, actionButton=0, id[0]=0, x[0]=50.0, y[0]=150.0, toolType[0]=TOOL_TYPE_UNKNOWN, buttonState=0, metaState=0, flags=0x0, edgeFlags=0x0, pointerCount=1, historySize=0, eventTime=263428, downTime=263428, deviceId=0, source=0x1002 }
02-16 23:56:04.281  4623  4623 I Input   : injectMotionEvent: MotionEvent { action=ACTION_UP, actionButton=0, id[0]=0, x[0]=50.0, y[0]=150.0, toolType[0]=TOOL_TYPE_UNKNOWN, buttonState=0, metaState=0, flags=0x0, edgeFlags=0x0, pointerCount=1, historySize=0, eventTime=263428, downTime=263428, deviceId=0, source=0x1002 }
02-16 23:56:04.283  4623  4623 D AndroidRuntime: Shutting down VM
02-16 23:56:06.382  1336  1347 E SurfaceFlinger: ro.sf.lcd_density must be defined as a build property
02-16 23:56:06.383  1336  1953 D gralloc_ranchu: gralloc_alloc: Creating ashmem region of size 8294400
02-16 23:56:06.388  4635  4635 D         : HostConnection::get() New Host Connection established 0xb329b2c0, tid 4635
02-16 23:56:06.393  1336  1336 E EGL_emulation: tid 1336: eglCreateSyncKHR(1901): error 0x3004 (EGL_BAD_ATTRIBUTE)
02-16 23:56:07.276  4402  4402 D LeakCanary: Watching instance of com.google.android.gms.measurement.AppMeasurementService (com.google.android.gms.measurement.AppMeasurementService received Service#onDestroy() callback) with key c8d24bdb-ba8b-4420-8471-064e92865e0d
02-16 23:56:12.284  4402  4445 I art     : Starting a blocking GC Explicit
02-16 23:56:12.294  4402  4445 I art     : Explicit concurrent mark sweep GC freed 13793(788KB) AllocSpace objects, 10(200KB) LOS objects, 33% free, 8MB/12MB, paused 583us total 10.655ms
02-16 23:56:46.477  4402  4432 I TRuntime.CctTransportBa: Making request to: https://firebaselogging-pa.googleapis.com/v1/firelog/legacy/batchlog
02-16 23:56:48.668  4402  4432 I TRuntime.CctTransportBa: Status Code: 200
02-16 23:56:48.686  4402  4402 D LeakCanary: Watching instance of com.google.android.datatransport.runtime.scheduling.jobscheduling.JobInfoSchedulerService (com.google.android.datatransport.runtime.scheduling.jobscheduling.JobInfoSchedulerService received Service#onDestroy() callback) with key eb696299-41aa-45ae-8e5e-6774e42afbb4
02-16 23:56:53.694  4402  4445 I art     : Starting a blocking GC Explicit
02-16 23:56:53.704  4402  4445 I art     : Explicit concurrent mark sweep GC freed 4325(283KB) AllocSpace objects, 2(40KB) LOS objects, 33% free, 8MB/12MB, paused 551us total 10.227ms
02-16 23:56:56.231  3438  3438 W Binder:3438_2: type=1400 audit(0.0:20): avc: denied { read } for name="/" dev="tmpfs" ino=4012 scontext=u:r:priv_app:s0:c512,c768 tcontext=u:object_r:device:s0 tclass=dir permissive=0
02-16 23:56:56.308  3438  3450 E BluetoothAdapter: Bluetooth binder is null
02-16 23:56:56.301  3438  3438 W Binder:3438_2: type=1400 audit(0.0:21): avc: denied { read } for name="/" dev="tmpfs" ino=4012 scontext=u:r:priv_app:s0:c512,c768 tcontext=u:object_r:device:s0 tclass=dir permissive=0
02-16 23:56:56.803  3438  3450 D EGL_emulation: eglCreateContext: 0xa220e920: maj 2 min 0 rcv 2
02-16 23:56:56.806  3438  3450 D EGL_emulation: eglMakeCurrent: 0xa220e920: ver 2 0 (tinfo 0xa3ef74f0)
02-16 23:56:56.947  2094  2992 W GLSUser : [AppCertManager] Failed to get security token.
02-16 23:56:56.947  2094  2992 W GLSUser : java.io.IOException: Invalid scope
02-16 23:56:56.947  2094  2992 W GLSUser : 	at vfm.b(:com.google.android.gms@11743470:39)
02-16 23:56:56.947  2094  2992 W GLSUser : 	at vfm.a(:com.google.android.gms@11743470:46)
02-16 23:56:56.947  2094  2992 W GLSUser : 	at vfj.b(:com.google.android.gms@11743470:11)
02-16 23:56:56.947  2094  2992 W GLSUser : 	at vfj.a(:com.google.android.gms@11743470:29)
02-16 23:56:56.947  2094  2992 W GLSUser : 	at eyw.b(:com.google.android.gms@11743470:4)
02-16 23:56:56.947  2094  2992 W GLSUser : 	at eyw.a(:com.google.android.gms@11743470:56)
02-16 23:56:56.947  2094  2992 W GLSUser : 	at eyu.a(:com.google.android.gms@11743470:8)
02-16 23:56:56.947  2094  2992 W GLSUser : 	at eyq.a(:com.google.android.gms@11743470:1)
02-16 23:56:56.947  2094  2992 W GLSUser : 	at eyp.a(:com.google.android.gms@11743470:10)
02-16 23:56:56.947  2094  2992 W GLSUser : 	at com.google.android.gms.auth.account.be.legacy.AuthCronChimeraService.b(:com.google.android.gms@11743470:7)
02-16 23:56:56.947  2094  2992 W GLSUser : 	at edr.call(:com.google.android.gms@11743470:3)
02-16 23:56:56.947  2094  2992 W GLSUser : 	at java.util.concurrent.FutureTask.run(FutureTask.java:237)
02-16 23:56:56.947  2094  2992 W GLSUser : 	at mmu.run(:com.google.android.gms@11743470:26)
02-16 23:56:56.947  2094  2992 W GLSUser : 	at java.util.concurrent.ThreadPoolExecutor.runWorker(ThreadPoolExecutor.java:1133)
02-16 23:56:56.947  2094  2992 W GLSUser : 	at java.util.concurrent.ThreadPoolExecutor$Worker.run(ThreadPoolExecutor.java:607)
02-16 23:56:56.947  2094  2992 W GLSUser : 	at mse.run(:com.google.android.gms@11743470)
02-16 23:56:56.947  2094  2992 W GLSUser : 	at java.lang.Thread.run(Thread.java:761)
02-16 23:56:57.006  2094  2992 W GLSUser : [AppCertManager] IOException while requesting key: 
02-16 23:56:57.006  2094  2992 W GLSUser : java.io.IOException: Invalid device key response.
02-16 23:56:57.006  2094  2992 W GLSUser : 	at eyw.a(:com.google.android.gms@11743470:14)
02-16 23:56:57.006  2094  2992 W GLSUser : 	at eyw.a(:com.google.android.gms@11743470:65)
02-16 23:56:57.006  2094  2992 W GLSUser : 	at eyu.a(:com.google.android.gms@11743470:8)
02-16 23:56:57.006  2094  2992 W GLSUser : 	at eyq.a(:com.google.android.gms@11743470:1)
02-16 23:56:57.006  2094  2992 W GLSUser : 	at eyp.a(:com.google.android.gms@11743470:10)
02-16 23:56:57.006  2094  2992 W GLSUser : 	at com.google.android.gms.auth.account.be.legacy.AuthCronChimeraService.b(:com.google.android.gms@11743470:7)
02-16 23:56:57.006  2094  2992 W GLSUser : 	at edr.call(:com.google.android.gms@11743470:3)
02-16 23:56:57.006  2094  2992 W GLSUser : 	at java.util.concurrent.FutureTask.run(FutureTask.java:237)
02-16 23:56:57.006  2094  2992 W GLSUser : 	at mmu.run(:com.google.android.gms@11743470:26)
02-16 23:56:57.006  2094  2992 W GLSUser : 	at java.util.concurrent.ThreadPoolExecutor.runWorker(ThreadPoolExecutor.java:1133)
02-16 23:56:57.006  2094  2992 W GLSUser : 	at java.util.concurrent.ThreadPoolExecutor$Worker.run(ThreadPoolExecutor.java:607)
02-16 23:56:57.006  2094  2992 W GLSUser : 	at mse.run(:com.google.android.gms@11743470)
02-16 23:56:57.006  2094  2992 W GLSUser : 	at java.lang.Thread.run(Thread.java:761)
02-16 23:56:57.149  4646  4646 D AndroidRuntime: >>>>>> START com.android.internal.os.RuntimeInit uid 2000 <<<<<<
02-16 23:56:57.150  4646  4646 D AndroidRuntime: CheckJNI is OFF
02-16 23:56:57.166  4646  4646 W art     : Unexpected CPU variant for X86 using defaults: x86
02-16 23:56:57.168  4646  4646 D ICU     : No timezone override file found: /data/misc/zoneinfo/current/icu/icu_tzdata.dat
02-16 23:56:57.180  4646  4646 E memtrack: Couldn't load memtrack module (No such file or directory)
02-16 23:56:57.180  4646  4646 E android.os.Debug: failed to load memtrack module: -2
02-16 23:56:57.180  4646  4646 I Radio-JNI: register_android_hardware_Radio DONE
02-16 23:56:57.183  4646  4646 D AndroidRuntime: Calling main entry com.android.commands.am.Am
02-16 23:56:57.189  1644  2534 I ActivityManager: Force stopping com.senthapps.slagrimarket appid=10078 user=0: from pid 4646
02-16 23:56:57.189  1644  2534 I ActivityManager: Killing 4402:com.senthapps.slagrimarket/u0a78 (adj 0): stop com.senthapps.slagrimarket
02-16 23:56:57.190  1644  2534 D ActivityManager: cleanUpApplicationRecord -- 4402
02-16 23:56:57.190  1644  2534 W ActivityManager: Force removing ActivityRecord{b333c0a u0 com.senthapps.slagrimarket/.MainActivity t7}: app died, no saved state
02-16 23:56:57.192  1644  2534 I WindowManager: Destroying surface Surface(name=com.senthapps.slagrimarket/com.senthapps.slagrimarket.MainActivity) called by com.android.server.wm.WindowStateAnimator.destroySurface:2016 com.android.server.wm.WindowStateAnimator.destroySurfaceLocked:882 com.android.server.wm.WindowState.removeLocked:1456 com.android.server.wm.WindowManagerService.removeWindowInnerLocked:2484 com.android.server.wm.WindowManagerService.removeWindowLocked:2442 com.android.server.wm.WindowManagerService.removeWindowLocked:2311 com.android.server.wm.AppWindowToken.removeAllWindows:530 com.android.server.wm.AppWindowToken.removeAppFromTaskLocked:326 
02-16 23:56:57.195  1644  1664 E JavaBinder: !!! FAILED BINDER TRANSACTION !!!  (parcel size = 60)
02-16 23:56:57.201  4646  4646 D AndroidRuntime: Shutting down VM
02-16 23:56:57.204  1874  1874 D CarrierSvcBindHelper: No carrier app for: 0
02-16 23:56:57.206  1644  2537 W ActivityManager: Permission Denial: Accessing service ComponentInfo{com.google.android.music/com.google.android.music.dial.DialMediaRouteProviderService} from pid=3952, uid=10073 that is not exported from uid 10059
02-16 23:56:57.250  1644  2532 D GraphicsStats: Buffer count: 2
02-16 23:56:57.270  2310  2442 D EGL_emulation: eglMakeCurrent: 0xad304e00: ver 2 0 (tinfo 0xa3efc2d0)
