02-16 23:53:12.879  3930  3930 W Finsky  : [1] com.google.android.finsky.FinskyApp.i(1468): No account configured on this device.
02-16 23:53:12.880  3925  3925 W art     : Unexpected CPU variant for X86 using defaults: x86
02-16 23:53:12.880  1644  1669 W PackageParser: Unknown element under <manifest>: queries at /data/app/vmdl164492462.tmp/base.apk Binary XML file line #35
02-16 23:53:12.881  1644  1669 W PackageParser: Unknown element under <application>: property at /data/app/vmdl164492462.tmp/base.apk Binary XML file line #273
02-16 23:53:12.884  1644  1669 W PackageManager: Package com.senthapps.slagrimarket desires unavailable shared library android.ext.adservices; ignoring!
02-16 23:53:12.891  1644  1669 I PackageManager.DexOptimizer: Running dexopt (dex2oat) on: /data/app/vmdl164492462.tmp/base.apk pkg=com.senthapps.slagrimarket isa=x86 vmSafeMode=false debuggable=true target-filter=interpret-only oatDir = /data/app/vmdl164492462.tmp/oat sharedLibraries=null
02-16 23:53:12.903  2094  2094 I GCoreNlp: shouldConfirmNlp, NLP off. Ensuring opt-in disabled
02-16 23:53:12.905  3950  3950 W dex2oat : Unexpected CPU variant for X86 using defaults: x86
02-16 23:53:12.905  3950  3950 W dex2oat : Mismatch between dex2oat instruction set features (ISA: X86 Feature string: smp,-ssse3,-sse4.1,-sse4.2,-avx,-avx2,-lock_add,-popcnt) and those of dex2oat executable (ISA: X86 Feature string: smp,ssse3,-sse4.1,-sse4.2,-avx,-avx2,-lock_add,-popcnt) for the command line:
02-16 23:53:12.905  3950  3950 W dex2oat : /system/bin/dex2oat --zip-fd=6 --zip-location=base.apk --oat-fd=7 --oat-location=/data/app/vmdl164492462.tmp/oat/x86/base.odex --instruction-set=x86 --instruction-set-variant=x86 --instruction-set-features=default --runtime-arg -Xms64m --runtime-arg -Xmx512m --compiler-filter=interpret-only --swap-fd=9 --debuggable
02-16 23:53:12.907  3950  3950 I dex2oat : /system/bin/dex2oat --compiler-filter=interpret-only --debuggable
02-16 23:53:12.912  3925  3925 D ICU     : No timezone override file found: /data/misc/zoneinfo/current/icu/icu_tzdata.dat
02-16 23:53:12.950  3952  3952 W art     : Unexpected CPU variant for X86 using defaults: x86
02-16 23:53:12.950  1644  1656 W InputMethodInfo: Duplicated subtype definition found: , voice
02-16 23:53:12.955  1644  1657 I ActivityManager: Start proc 3952:com.google.android.youtube/u0a73 for service com.google.android.youtube/com.google.android.libraries.youtube.offline.transfer.service.OfflineTransferService
02-16 23:53:12.974  2094  2094 I GeofencerStateMachine: sendQueryLocationOptIn
02-16 23:53:13.003  3952  3952 W System  : ClassLoader referenced unknown path: /system/app/YouTube/lib/x86
02-16 23:53:13.010  3930  3930 I Finsky  : [1] com.google.android.finsky.FinskyApp.onCreate(430): Initializing network with DFE https://android.clients.google.com/fdfe/
02-16 23:53:13.010  3930  3930 W Finsky  : [1] com.google.android.finsky.FinskyApp.i(1468): No account configured on this device.
02-16 23:53:13.021  3925  3925 E memtrack: Couldn't load memtrack module (No such file or directory)
02-16 23:53:13.021  3925  3925 E android.os.Debug: failed to load memtrack module: -2
02-16 23:53:13.024  3925  3925 I Radio-JNI: register_android_hardware_Radio DONE
02-16 23:53:13.123  3930  3930 W Finsky  : [1] com.google.android.finsky.FinskyApp.i(1468): No account configured on this device.
02-16 23:53:13.124  3930  3930 W Finsky  : [1] com.google.android.finsky.FinskyApp.i(1468): No account configured on this device.
02-16 23:53:13.171  3925  3925 D AndroidRuntime: Calling main entry com.android.commands.am.Am
02-16 23:53:13.171  3930  3930 W Finsky  : [1] com.google.android.finsky.FinskyApp.i(1468): No account configured on this device.
02-16 23:53:13.174  3930  3930 W Finsky  : [1] com.google.android.finsky.FinskyApp.i(1468): No account configured on this device.
02-16 23:53:13.185  1644  2085 I ActivityManager: START u0 {flg=0x10000000 cmp=com.senthapps.slagrimarket/.MainActivity} from uid 2000 on display 0
02-16 23:53:13.187  3930  3930 W Finsky  : [1] com.google.android.finsky.FinskyApp.i(1468): No account configured on this device.
02-16 23:53:13.189  3930  3930 W Finsky  : [1] com.google.android.finsky.FinskyApp.i(1468): No account configured on this device.
02-16 23:53:13.230  3930  3930 W Finsky  : [1] com.google.android.finsky.FinskyApp.i(1468): No account configured on this device.
02-16 23:53:13.231  3930  3930 W Finsky  : [1] com.google.android.finsky.FinskyApp.i(1468): No account configured on this device.
02-16 23:53:13.234  3930  3930 I Finsky  : [1] com.google.android.finsky.services.DailyHygiene.a(171): No need to run daily hygiene.
02-16 23:53:13.235  3930  3930 W Finsky  : [1] com.google.android.finsky.FinskyApp.i(1468): No account configured on this device.
02-16 23:53:13.260  3925  3925 D AndroidRuntime: Shutting down VM
02-16 23:53:13.269  3996  3996 I art     : Late-enabling -Xcheck:jni
02-16 23:53:13.278  1644  2532 I ActivityManager: Start proc 3996:com.senthapps.slagrimarket/u0a78 for activity com.senthapps.slagrimarket/.MainActivity
02-16 23:53:13.280  3996  3996 W art     : Unexpected CPU variant for X86 using defaults: x86
02-16 23:53:13.320  3930  3930 W Settings: Setting download_manager_max_bytes_over_mobile has moved from android.provider.Settings.Secure to android.provider.Settings.Global.
02-16 23:53:13.324  3930  3930 W Settings: Setting download_manager_recommended_max_bytes_over_mobile has moved from android.provider.Settings.Secure to android.provider.Settings.Global.
02-16 23:53:13.332  3952  3980 W System  : ClassLoader referenced unknown path: /system/priv-app/PrebuiltGmsCore/lib/x86
02-16 23:53:13.392  3930  3930 W Finsky  : [1] com.google.android.finsky.FinskyApp.i(1468): No account configured on this device.
02-16 23:53:13.417  3930  3930 W Finsky  : [1] com.google.android.finsky.FinskyApp.i(1468): No account configured on this device.
02-16 23:53:13.419  3930  3930 W Finsky  : [1] com.google.android.finsky.FinskyApp.i(1468): No account configured on this device.
02-16 23:53:13.421  3930  3930 W Finsky  : [1] com.google.android.finsky.FinskyApp.i(1468): No account configured on this device.
02-16 23:53:13.424  3930  3930 W Finsky  : [1] com.google.android.finsky.FinskyApp.i(1468): No account configured on this device.
02-16 23:53:13.424  3930  3930 W Finsky  : [1] com.google.android.finsky.FinskyApp.b(1150): No account configured on this device.
02-16 23:53:13.434  3930  3930 W Finsky  : [1] com.google.android.finsky.FinskyApp.i(1468): No account configured on this device.
02-16 23:53:13.461  1336  1679 D gralloc_ranchu: gralloc_alloc: Creating ashmem region of size 8294400
02-16 23:53:13.465  3952  3980 W System  : ClassLoader referenced unknown path: /system/priv-app/PrebuiltGmsCore/lib/x86
02-16 23:53:13.466  3952  3980 W System  : ClassLoader referenced unknown path: /system/priv-app/PrebuiltGmsCore/lib/x86
02-16 23:53:13.541  3930  4013 W Finsky  : [240] com.google.android.finsky.FinskyApp.i(1468): No account configured on this device.
02-16 23:53:13.552  3952  3980 W System  : ClassLoader referenced unknown path: /system/priv-app/PrebuiltGmsCore/lib/x86
02-16 23:53:13.553  3952  3980 W System  : ClassLoader referenced unknown path: /system/priv-app/PrebuiltGmsCore/lib/x86
02-16 23:53:13.561  3952  3980 W linker  : /data/user_de/0/com.google.android.gms/app_extracted_libs/x86/libconscrypt_gmscore_jni.so: unused DT entry: type 0xf arg 0x91
02-16 23:53:13.565  2310  2442 D EGL_emulation: eglMakeCurrent: 0xad304e00: ver 2 0 (tinfo 0xa3efc2d0)
02-16 23:53:13.588  2276  2554 I Icing   : IndexChimeraService.getServiceInterface callingPackage=com.google.android.music componentName=null serviceId=36
02-16 23:53:13.609  3930  3930 I Finsky  : [1] com.google.android.finsky.c.l.a(270): result=false type=4
02-16 23:53:13.642  1644  1729 W BackupManagerService: dataChanged but no participant pkg='com.android.launcher3' uid=10019
02-16 23:53:13.662  3952  3980 V NativeCrypto: Registering com/google/android/gms/org/conscrypt/NativeCrypto's 276 native methods...
02-16 23:53:13.666  3930  3930 I Finsky  : [1] com.google.android.finsky.services.bc.a(1050): Restore complete with 0 success and 0 failed.
02-16 23:53:13.702  2211  4023 I UpdateIcingCorporaServi: Updating corpora: APPS=com.google.android.apps.maps, CONTACTS=MAYBE
02-16 23:53:13.715  2276  2660 I Icing   : updateResources: need to parse uaz{com.google.android.music}
02-16 23:53:13.784  3952  3980 D NetworkSecurityConfig: No Network Security Config specified, using platform default
02-16 23:53:13.800  3952  3980 I ProviderInstaller: Installed default security provider GmsCore_OpenSSL
02-16 23:53:13.822  2276  4026 D Wear_Controller: Received broadcast action=android.intent.action.PACKAGE_CHANGED and uri=com.google.android.apps.maps
02-16 23:53:13.849  3930  4013 W Finsky  : [240] com.google.android.finsky.FinskyApp.i(1468): No account configured on this device.
02-16 23:53:13.896  2276  4022 D Wear_Controller: Received broadcast action=android.intent.action.PACKAGE_CHANGED and uri=com.google.android.youtube
02-16 23:53:13.939  1644  1654 W BackupManagerService: dataChanged but no participant pkg='com.android.launcher3' uid=10019
02-16 23:53:13.969  2276  4022 D Wear_Controller: Received broadcast action=android.intent.action.PACKAGE_CHANGED and uri=com.google.android.videos
02-16 23:53:13.977  2211  4023 I UpdateIcingCorporaServi: UpdateCorporaTask done [took 273 ms] updated apps [took 271 ms] 
02-16 23:53:13.982  2211  4023 I UpdateIcingCorporaServi: Updating corpora: APPS=com.google.android.youtube, CONTACTS=MAYBE
02-16 23:53:14.044  3996  3996 D SessionsDependencies: Dependency to CRASHLYTICS added.
02-16 23:53:14.050  1644  2539 W BackupManagerService: dataChanged but no participant pkg='com.android.launcher3' uid=10019
02-16 23:53:14.060  2211  4023 I UpdateIcingCorporaServi: UpdateCorporaTask done [took 77 ms] updated apps [took 77 ms] 
02-16 23:53:14.069  3996  3996 I FirebaseApp: Device unlocked: initializing all Firebase APIs for app [DEFAULT]
02-16 23:53:14.086  2211  4023 I UpdateIcingCorporaServi: Updating corpora: APPS=com.google.android.videos, CONTACTS=MAYBE
02-16 23:53:14.101  3996  3996 I FirebaseCrashlytics: Initializing Firebase Crashlytics 19.3.0 for com.senthapps.slagrimarket
02-16 23:53:14.110  2276  4022 D Wear_Controller: Received broadcast action=android.intent.action.PACKAGE_CHANGED and uri=com.android.vending
02-16 23:53:14.223  2211  4023 I UpdateIcingCorporaServi: UpdateCorporaTask done [took 136 ms] updated apps [took 136 ms] 
02-16 23:53:14.223  2211  4023 I UpdateIcingCorporaServi: Updating corpora: APPS=com.android.vending, CONTACTS=MAYBE
02-16 23:53:14.242  2276  2288 W GmsModuleProvider: Unknown dynamite feature measurement.dynamite
02-16 23:53:14.260  3996  4053 I DynamiteModule: Considering local module com.google.android.gms.measurement.dynamite:127 and remote module com.google.android.gms.measurement.dynamite:0
02-16 23:53:14.262  3996  4053 I DynamiteModule: Selected local version of com.google.android.gms.measurement.dynamite
02-16 23:53:14.266  2276  2287 W GmsModuleProvider: Unknown dynamite feature measurement.dynamite
02-16 23:53:14.271  3996  3996 W FA      : Failed to register event listener on calling thread. Trying again on the dynamite thread.
02-16 23:53:14.274  3996  3996 D SessionsDependencies: Subscriber CRASHLYTICS registered.
02-16 23:53:14.286  3996  4057 D NetworkSecurityConfig: Using Network Security Config from resource network_security_config debugBuild: true
02-16 23:53:14.296  2211  4023 I UpdateIcingCorporaServi: UpdateCorporaTask done [took 73 ms] updated apps [took 73 ms] 
02-16 23:53:14.336  3930  3930 I Finsky  : [1] com.google.android.finsky.utils.PermissionPolicies$PermissionPolicyService.onStartCommand(117): post-install permissions check for com.senthapps.slagrimarket
02-16 23:53:14.337  3930  3930 W Finsky  : [1] com.google.android.finsky.FinskyApp.i(1468): No account configured on this device.
02-16 23:53:14.340  4063  4063 W art     : Unexpected CPU variant for X86 using defaults: x86
02-16 23:53:14.342  2094  2109 W ConfigurationChimeraPro: Got null configs for com.google.android.gms.measurement
02-16 23:53:14.342  3996  4053 W ConfigurationContentLdr: ContentProvider query returned null cursor, using default values
02-16 23:53:14.346  1644  2015 I ActivityManager: Start proc 4063:com.google.android.apps.docs/u0a43 for broadcast com.google.android.apps.docs/.receivers.AppPackageAddRemoveReceiver
02-16 23:53:14.361  3930  3930 I Finsky  : [1] com.google.android.finsky.utils.bh.run(2302): Package state data is missing for com.senthapps.slagrimarket
02-16 23:53:14.366  3930  3930 W Finsky  : [1] com.google.android.finsky.FinskyApp.i(1468): No account configured on this device.
02-16 23:53:14.373  4063  4063 W System  : ClassLoader referenced unknown path: /system/app/Drive/lib/x86
02-16 23:53:14.496  2276  2567 I Icing   : IndexChimeraService.getServiceInterface callingPackage=com.google.android.gms componentName=AppsCorpus serviceId=36
02-16 23:53:14.497  2276  2557 I Icing   : IndexChimeraService.getServiceInterface callingPackage=com.google.android.gms componentName=AppsCorpus serviceId=32
02-16 23:53:14.695  3996  4082 I FA      : App measurement initialized, version: 106000
02-16 23:53:14.695  3996  4082 I FA      : To enable debug logging run: adb shell setprop log.tag.FA VERBOSE
02-16 23:53:14.696  3996  4082 I FA      : To enable faster debug mode event logging run:
02-16 23:53:14.696  3996  4082 I FA      :   adb shell setprop debug.firebase.analytics.app com.senthapps.slagrimarket
02-16 23:53:14.700  3996  3996 D FirebaseSessions: Initializing Firebase Sessions SDK.
02-16 23:53:14.998  3996  4007 W art     : Suspending all threads took: 18.187ms
02-16 23:53:15.018  3996  4007 I art     : Background sticky concurrent mark sweep GC freed 34383(1864KB) AllocSpace objects, 11(220KB) LOS objects, 38% free, 5MB/8MB, paused 20.871ms total 251.961ms
02-16 23:53:15.040  3996  3996 I FirebaseInitProvider: FirebaseApp initialization successful
02-16 23:53:15.054  3996  4061 I FirebaseCrashlytics: No version control information found
02-16 23:53:15.077  2276  2660 I Icing   : Usage reports ok 0, Failed Usage reports 0, indexed 0, rejected 0, imm upload false
02-16 23:53:15.102  2276  2660 I Icing   : updateResources: need to parse uaz{com.google.android.videos}
02-16 23:53:15.145  3996  4054 D SessionConfigFetcher: Fetching settings from server.
02-16 23:53:15.190  3952  4105 W System  : ClassLoader referenced unknown path: 
02-16 23:53:15.190  3952  4105 W System  : ClassLoader referenced unknown path: /system/priv-app/PrebuiltGmsCore/lib/x86
02-16 23:53:15.222  2276  2557 I Icing   : IndexChimeraService.getServiceInterface callingPackage=com.google.android.music componentName=null serviceId=36
02-16 23:53:15.269  3996  4082 W GooglePlayServicesUtil: Google Play services out of date for com.senthapps.slagrimarket.  Requires 12451000 but found 11743470
02-16 23:53:15.283  3996  4057 D SessionConfigFetcher: Fetched settings: {"settings_version":3,"cache_duration":192514,"features":{"collect_logged_exceptions":true,"collect_reports":true,"collect_analytics":false,"prompt_enabled":false,"push_enabled":false,"firebase_crashlytics_enabled":false,"collect_anrs":true,"collect_metric_kit":false,"collect_build_ids":true},"app":{"status":"activated","update_required":false,"report_upload_variant":2,"native_report_upload_variant":2},"fabric":{"org_id":"68e124b99556326b2a73da73","bundle_id":"com.senthapps.slagrimarket"},"on_demand_upload_rate_per_minute":10,"on_demand_backoff_base":1.2,"on_demand_backoff_step_duration_seconds":60,"app_quality":{"sessions_enabled":true,"sampling_rate":1,"session_timeout_seconds":1800},"on_demand_thread_recording_suspension_enabled":true}
02-16 23:53:15.299  2276  2557 I Icing   : IndexChimeraService.getServiceInterface callingPackage=com.google.android.music componentName=null serviceId=36
02-16 23:53:15.369  3952  3952 V MediaRouter: Adding route: RouteInfo{ name=Phone, description=null, status=null, category=RouteCategory{ name=null types=ROUTE_TYPE_LIVE_AUDIO ROUTE_TYPE_LIVE_VIDEO  groupable=false }, supportedTypes=ROUTE_TYPE_LIVE_AUDIO ROUTE_TYPE_LIVE_VIDEO , presentationDisplay=null }
02-16 23:53:15.374  3996  4082 I FA      : Tag Manager is not found and thus will not be used
02-16 23:53:15.414  2276  2557 I Icing   : IndexChimeraService.getServiceInterface callingPackage=com.google.android.music componentName=null serviceId=36
02-16 23:53:15.416  3996  4042 D LifecycleServiceBinder: Binding service to application.
02-16 23:53:15.422  2276  2660 I Icing   : Indexing AFB175A52C5B7DB9425A6ACCA70BD4BC17807D37 from com.google.android.music
02-16 23:53:15.484  3952  4105 W System  : ClassLoader referenced unknown path: /data/user_de/0/com.google.android.gms/app_chimera/m/00000002/n/x86
02-16 23:53:15.490  3996  3996 D JaffnaMarketplaceApplic: Jaffna Marketplace Application started
02-16 23:53:15.493  3952  3962 W art     : Suspending all threads took: 7.929ms
02-16 23:53:15.539  3952  3952 V MediaRouter: Updating audio routes: AudioRoutesInfo{ type=SPEAKER }
02-16 23:53:15.549  3952  3952 V MediaRouter: Selecting route: RouteInfo{ name=Phone, description=null, status=null, category=RouteCategory{ name=null types=ROUTE_TYPE_LIVE_AUDIO ROUTE_TYPE_LIVE_VIDEO  groupable=false }, supportedTypes=ROUTE_TYPE_LIVE_AUDIO ROUTE_TYPE_LIVE_VIDEO , presentationDisplay=null }
02-16 23:53:15.588  4063  4122 I GAv4    : Google Analytics 8.4.87 is starting up. To enable debug logging on a device run:
02-16 23:53:15.588  4063  4122 I GAv4    :   adb shell setprop log.tag.GAv4 DEBUG
02-16 23:53:15.588  4063  4122 I GAv4    :   adb logcat -s GAv4
02-16 23:53:15.613  3952  4105 D DynamitePackage: Instantiated singleton DynamitePackage.
02-16 23:53:15.613  3952  4105 D DynamitePackage: Instantiating com.google.android.gms.ads.adshield.ChimeraAdShieldCreatorImpl
02-16 23:53:15.642  3996  4102 D JaffnaMarketplaceApplic: ⚠️ Firebase Crashlytics disabled in debug build
02-16 23:53:15.644  3996  4076 W System  : Ignoring header X-Firebase-Locale because its value was null.
02-16 23:53:15.656  3996  4076 W LocalRequestInterceptor: Error getting App Check token; using placeholder token instead. Error: com.google.firebase.FirebaseException: No AppCheckProvider installed.
02-16 23:53:15.663  2276  2660 I Icing   : Indexing done AFB175A52C5B7DB9425A6ACCA70BD4BC17807D37
02-16 23:53:15.666  2276  2660 I Icing   : Indexing F89D125F71EECEEAB703DE79FE8DA7A0E605CA1B from com.google.android.music
02-16 23:53:15.691  4063  4122 W GAv4    : AnalyticsReceiver is not registered or is disabled. Register the receiver for reliable dispatching on non-Google Play devices. See http://goo.gl/8Rd3yj for instructions.
02-16 23:53:15.725  4063  4122 W GAv4    : CampaignTrackingReceiver is not registered, not exported or is disabled. Installation campaign tracking is not possible. See http://goo.gl/8Rd3yj for instructions.
02-16 23:53:15.764  4063  4136 W GAv4    : AnalyticsService not registered in the app manifest. Hits might not be delivered reliably. See http://goo.gl/8Rd3yj for instructions.
02-16 23:53:15.767  2276  2660 I Icing   : Indexing done F89D125F71EECEEAB703DE79FE8DA7A0E605CA1B
02-16 23:53:15.779  2276  2660 I Icing   : Usage reports ok 0, Failed Usage reports 0, indexed 0, rejected 0, imm upload false
02-16 23:53:15.779  2276  2660 I Icing   : Indexing CB13EFE9487BDF5118034D93A12FEA9FBBF8685A from com.google.android.music
02-16 23:53:15.895  2276  2660 I Icing   : Indexing done CB13EFE9487BDF5118034D93A12FEA9FBBF8685A
02-16 23:53:15.901  2276  2660 I Icing   : Usage reports ok 0, Failed Usage reports 0, indexed 0, rejected 0, imm upload false
02-16 23:53:15.910  4063  4141 W DatabaseHelper: Creating a new database at version 191 for /data/user/0/com.google.android.apps.docs/databases/DocList.db
02-16 23:53:15.912  2276  2660 I Icing   : Indexing A0DBFBD9374A577C9AD09ADB99A9AA9793F65D11 from com.google.android.music
02-16 23:53:15.922  2276  2557 I Icing   : IndexChimeraService.getServiceInterface callingPackage=com.google.android.gms componentName=AppsCorpus serviceId=36
02-16 23:53:15.923  2276  2567 I Icing   : IndexChimeraService.getServiceInterface callingPackage=com.google.android.gms componentName=AppsCorpus serviceId=32
02-16 23:53:15.990  4144  4144 W dex2oat : Unexpected CPU variant for X86 using defaults: x86
02-16 23:53:15.991  4144  4144 W dex2oat : Mismatch between dex2oat instruction set features (ISA: X86 Feature string: smp,-ssse3,-sse4.1,-sse4.2,-avx,-avx2,-lock_add,-popcnt) and those of dex2oat executable (ISA: X86 Feature string: smp,ssse3,-sse4.1,-sse4.2,-avx,-avx2,-lock_add,-popcnt) for the command line:
02-16 23:53:15.991  4144  4144 W dex2oat : /system/bin/dex2oat --runtime-arg -classpath --runtime-arg & --instruction-set=x86 --instruction-set-features=smp,ssse3,-sse4.1,-sse4.2,-avx,-avx2,-lock_add,-popcnt --runtime-arg -Xrelocate --boot-image=/system/framework/boot.art --runtime-arg -Xms64m --runtime-arg -Xmx512m --instruction-set-variant=x86 --instruction-set-features=default --dex-file=/data/user/0/com.google.android.youtube/cache/1501670890290.jar --oat-fd=44 --oat-location=/data/user/0/com.google.android.youtube/cache/1501670890290.dex --compiler-filter=speed
02-16 23:53:16.038  4144  4144 I dex2oat : /system/bin/dex2oat --dex-file=/data/user/0/com.google.android.youtube/cache/1501670890290.jar --oat-fd=44 --oat-location=/data/user/0/com.google.android.youtube/cache/1501670890290.dex --compiler-filter=speed
02-16 23:53:16.086  2276  2660 I Icing   : Indexing done A0DBFBD9374A577C9AD09ADB99A9AA9793F65D11
02-16 23:53:16.095  2276  2660 I Icing   : Not indexing corpus from package com.google.android.videos as it has never connected
02-16 23:53:16.095  2276  2660 E Icing   : Aborting indexing of corpus movies
02-16 23:53:16.106  2276  2660 I Icing   : Usage reports ok 0, Failed Usage reports 0, indexed 0, rejected 0, imm upload false
02-16 23:53:16.106  2276  2660 I Icing   : Not indexing corpus from package com.google.android.videos as it has never connected
02-16 23:53:16.106  2276  2660 E Icing   : Aborting indexing of corpus shows
02-16 23:53:16.116  2276  2660 I Icing   : Usage reports ok 0, Failed Usage reports 0, indexed 0, rejected 0, imm upload false
02-16 23:53:16.123  2276  2660 I Icing   : Usage reports ok 0, Failed Usage reports 0, indexed 0, rejected 0, imm upload false
02-16 23:53:16.136  3952  3952 W InstanceID/Rpc: Found 10013
02-16 23:53:16.250  1644  1741 E TaskPersister: File error accessing recents directory (directory doesn't exist?).
02-16 23:53:16.292  3952  3952 V MediaRouter: Selecting route: RouteInfo{ name=Phone, description=null, status=null, category=RouteCategory{ name=null types=ROUTE_TYPE_LIVE_AUDIO ROUTE_TYPE_LIVE_VIDEO  groupable=false }, supportedTypes=ROUTE_TYPE_LIVE_AUDIO ROUTE_TYPE_LIVE_VIDEO , presentationDisplay=null }
02-16 23:53:16.321  1644  2534 W ActivityManager: Permission Denial: Accessing service ComponentInfo{com.google.android.music/com.google.android.music.dial.DialMediaRouteProviderService} from pid=3952, uid=10073 that is not exported from uid 10059
02-16 23:53:16.461  4144  4144 W dex2oat : Compilation of int[] com.google.android.ads.zxxz.c.a(android.content.Context) took 151.303ms
02-16 23:53:16.470  4144  4163 W dex2oat : Compilation of boolean com.google.android.ads.zxxz.a.a(android.content.Context) took 165.263ms
02-16 23:53:16.515  2276  2660 I Icing   : Usage reports ok 0, Failed Usage reports 0, indexed 0, rejected 0, imm upload false
02-16 23:53:16.520  3952  3962 W art     : Suspending all threads took: 10.402ms
02-16 23:53:16.589  4144  4144 I dex2oat : dex2oat took 598.814ms (threads: 4) arena alloc=635KB (650504B) java alloc=65KB (66576B) native alloc=1023KB (1047680B) free=2MB (2098048B)
02-16 23:53:16.601  2276  2504 I DiscoveryManager: Filter criteria(233637DE) scannerFlags(2)
02-16 23:53:16.621  2276  2660 I Icing   : Usage reports ok 0, Failed Usage reports 0, indexed 0, rejected 0, imm upload false
02-16 23:53:16.631  2276  2660 I Icing   : Indexing 07288480EC7D5B88D986F7C58FF4DB5426C636B2 from com.google.android.gms
02-16 23:53:16.661  2276  2557 I Icing   : IndexChimeraService.getServiceInterface callingPackage=com.google.android.gms componentName=AppsCorpus serviceId=32
02-16 23:53:16.667  2276  2567 I Icing   : IndexChimeraService.getServiceInterface callingPackage=com.google.android.gms componentName=AppsCorpus serviceId=36
02-16 23:53:16.775  3996  4061 D SessionLifecycleClient: Data Collection is disabled for all subscribers. Skipping this Event
02-16 23:53:16.866  2276  2504 W MdnsClient_Cast: #acquireLock. Multicast lock not held. Acquiring. Subtypes:"233637DE"
02-16 23:53:16.903  3952  3962 W art     : Suspending all threads took: 25.868ms
02-16 23:53:16.932  2276  2504 W MdnsClient_Cast: Multicast lock held. Releasing. Subtypes:"233637DE"
02-16 23:53:16.937  3952  4105 W art     : Before Android 4.1, method double java.util.concurrent.ThreadLocalRandom.internalNextDouble(double, double) would have incorrectly overridden the package-private method in java.util.Random
02-16 23:53:16.937  3952  4105 W art     : Before Android 4.1, method int java.util.concurrent.ThreadLocalRandom.internalNextInt(int, int) would have incorrectly overridden the package-private method in java.util.Random
02-16 23:53:16.937  3952  4105 W art     : Before Android 4.1, method long java.util.concurrent.ThreadLocalRandom.internalNextLong(long, long) would have incorrectly overridden the package-private method in java.util.Random
02-16 23:53:16.955  2276  2504 W MdnsClient_Cast: #acquireLock. Multicast lock not held. Acquiring. Subtypes:"233637DE"
02-16 23:53:17.050  3996  4007 W art     : Suspending all threads took: 8.928ms
02-16 23:53:17.063  3996  4007 I art     : Background partial concurrent mark sweep GC freed 27579(2006KB) AllocSpace objects, 22(440KB) LOS objects, 39% free, 6MB/10MB, paused 11.214ms total 259.946ms
02-16 23:53:17.145  3996  4113 D LeakCanary: Setting up flushing for Thread[LeakCanary-Heap-Dump,5,main]
02-16 23:53:17.148  3996  4113 D LeakCanary: Setting up flushing for Thread[FrameMetricsAggregator,5,main]
02-16 23:53:17.161  1336  1679 E SurfaceFlinger: ro.sf.lcd_density must be defined as a build property
02-16 23:53:17.173  2276  2660 I Icing   : Usage reports ok 0, Failed Usage reports 0, indexed 0, rejected 0, imm upload false
02-16 23:53:17.178  2276  2660 I Icing   : Usage reports ok 0, Failed Usage reports 0, indexed 0, rejected 0, imm upload false
02-16 23:53:17.187  3996  3996 D         : HostConnection::get() New Host Connection established 0xad3cf180, tid 3996
02-16 23:53:17.260  3996  3996 D SessionLifecycleService: Service bound to new client on process 3996
02-16 23:53:17.262  3996  3996 I Choreographer: Skipped 109 frames!  The application may be doing too much work on its main thread.
02-16 23:53:17.266  2276  2567 I Icing   : IndexChimeraService.getServiceInterface callingPackage=com.google.android.gms componentName=AppsCorpus serviceId=36
02-16 23:53:17.268  2276  2557 I Icing   : IndexChimeraService.getServiceInterface callingPackage=com.google.android.gms componentName=AppsCorpus serviceId=32
02-16 23:53:17.314  3996  4201 D SessionLifecycleService: App has not yet foregrounded. Using previously stored session.
02-16 23:53:17.314  3996  4201 D SessionLifecycleService: Client android.os.Messenger@2fc05c5 bound at 96413. Clients: 1
02-16 23:53:17.456  2094  2677 W ConfigurationChimeraPro: Got null configs for com.google.android.gms.appinvite
02-16 23:53:17.456  2211  4203 I UpdateIcingCorporaServi: Updating corpora: APPS=com.senthapps.slagrimarket, CONTACTS=MAYBE
02-16 23:53:17.546  1644  1653 I art     : Background partial concurrent mark sweep GC freed 38410(2MB) AllocSpace objects, 6(120KB) LOS objects, 24% free, 12MB/16MB, paused 4.322ms total 211.217ms
02-16 23:53:17.599  2276  4024 D Wear_Controller: Received broadcast action=android.intent.action.PACKAGE_ADDED and uri=com.senthapps.slagrimarket
02-16 23:53:17.639  2276  2660 I Icing   : Usage reports ok 0, Failed Usage reports 0, indexed 0, rejected 0, imm upload false
02-16 23:53:17.651  2276  2660 I Icing   : Usage reports ok 0, Failed Usage reports 0, indexed 0, rejected 0, imm upload false
02-16 23:53:17.652  3996  4119 D LeakCanary: LeakCanary is running and ready to detect memory leaks.
02-16 23:53:17.680  2276  2557 I Icing   : IndexChimeraService.getServiceInterface callingPackage=com.google.android.gms componentName=AppsCorpus serviceId=36
02-16 23:53:17.682  2276  2567 I Icing   : IndexChimeraService.getServiceInterface callingPackage=com.google.android.gms componentName=AppsCorpus serviceId=32
02-16 23:53:17.719  2276  2557 I Icing   : IndexChimeraService.getServiceInterface callingPackage=com.google.android.googlequicksearchbox componentName=null serviceId=36
02-16 23:53:17.763  2276  2660 I Icing   : Usage reports ok 0, Failed Usage reports 0, indexed 0, rejected 0, imm upload false
02-16 23:53:17.782  2276  2660 I Icing   : Usage reports ok 0, Failed Usage reports 0, indexed 0, rejected 0, imm upload false
02-16 23:53:17.790  2276  2660 I Icing   : Usage reports ok 0, Failed Usage reports 0, indexed 0, rejected 0, imm upload true
02-16 23:53:17.791  2276  2660 I Icing   : Indexing done 07288480EC7D5B88D986F7C58FF4DB5426C636B2
02-16 23:53:17.792  2276  2660 I Icing   : Indexing 07288480EC7D5B88D986F7C58FF4DB5426C636B2 from com.google.android.gms
02-16 23:53:17.793  2276  2660 I Icing   : Indexing done 07288480EC7D5B88D986F7C58FF4DB5426C636B2
02-16 23:53:17.950  2211  4203 I UpdateIcingCorporaServi: UpdateCorporaTask done [took 494 ms] updated apps [took 492 ms] 
02-16 23:53:17.953  2276  2660 I Icing   : Indexing F4F297C0F7051C08AE157D16B42E2EC4398DBD54 from com.google.android.googlequicksearchbox
02-16 23:53:18.013  2276  2660 I Icing   : Indexing done F4F297C0F7051C08AE157D16B42E2EC4398DBD54
02-16 23:53:18.226  1403  1670 V EmulatedCamera_Camera: getCameraInfo
02-16 23:53:18.227  1403  1670 V EmulatedCamera_BaseCamera: getCameraInfo
02-16 23:53:18.453  3950  3950 I dex2oat : Large app, accepted running with swap.
02-16 23:53:18.506  3950  4222 W dex2oat : Before Android 4.1, method int androidx.appcompat.widget.DropDownListView.lookForSelectablePosition(int, boolean) would have incorrectly overridden the package-private method in android.widget.ListView
02-16 23:53:18.515  3950  3950 W dex2oat : Before Android 4.1, method int androidx.appcompat.widget.MenuPopupWindow$MenuDropDownListView.lookForSelectablePosition(int, boolean) would have incorrectly overridden the package-private method in android.widget.ListView
02-16 23:53:18.609  3952  4091 E Volley  : [228] axb.a: Unexpected response code 400 for https://www.googleapis.com/youtubei/v1/browse?key=AIzaSyA8eiZmM1FaDVjRy-df2KTyQ_vz_yYM39w
02-16 23:53:18.620  3952  4220 E YouTube : Failed to fetch settings
02-16 23:53:18.620  3952  4220 E YouTube : nix: java.util.concurrent.ExecutionException: awv
02-16 23:53:18.620  3952  4220 E YouTube : 	at nif.b(SourceFile:102)
02-16 23:53:18.620  3952  4220 E YouTube : 	at nih.c(SourceFile:171)
02-16 23:53:18.620  3952  4220 E YouTube : 	at dre.a(SourceFile:3113)
02-16 23:53:18.620  3952  4220 E YouTube : 	at com.google.android.libraries.youtube.net.gcm.service.YouTubeGcmTaskService.a(SourceFile:1163)
02-16 23:53:18.620  3952  4220 E YouTube : 	at com.google.android.libraries.youtube.common.gcore.gcoreclient.gcm.impl.GcmTaskServiceDelegator.a(SourceFile:65)
02-16 23:53:18.620  3952  4220 E YouTube : 	at hct.run(Unknown Source)
02-16 23:53:18.620  3952  4220 E YouTube : Caused by: java.util.concurrent.ExecutionException: awv
02-16 23:53:18.620  3952  4220 E YouTube : 	at axp.a(SourceFile:117)
02-16 23:53:18.620  3952  4220 E YouTube : 	at axp.get(SourceFile:88)
02-16 23:53:18.620  3952  4220 E YouTube : 	at peq.get(SourceFile:64)
02-16 23:53:18.620  3952  4220 E YouTube : 	at nif.b(SourceFile:100)
02-16 23:53:18.620  3952  4220 E YouTube : 	... 5 more
02-16 23:53:18.620  3952  4220 E YouTube : Caused by: awv
02-16 23:53:18.620  3952  4220 E YouTube : 	at axb.a(SourceFile:163)
02-16 23:53:18.620  3952  4220 E YouTube : 	at kzz.a(SourceFile:202)
02-16 23:53:18.620  3952  4220 E YouTube : 	at kzz.a(SourceFile:190)
02-16 23:53:18.620  3952  4220 E YouTube : 	at lac.a(SourceFile:168)
02-16 23:53:18.620  3952  4220 E YouTube : 	at lac.a(SourceFile:161)
02-16 23:53:18.620  3952  4220 E YouTube : 	at awh.run(SourceFile:112)
02-16 23:53:18.781  3996  3996 D ComposableSingletons$Ma: ⚠️  Authentication disabled - SMS/OTP backend not ready
02-16 23:53:18.817  3996  4001 I art     : Do partial code cache collection, code=29KB, data=27KB
02-16 23:53:18.820  3996  4001 I art     : After code cache collection, code=29KB, data=27KB
02-16 23:53:18.820  3996  4001 I art     : Increasing code cache capacity to 128KB
02-16 23:53:19.003  3996  4001 I art     : Do partial code cache collection, code=54KB, data=56KB
02-16 23:53:19.004  3996  4001 I art     : After code cache collection, code=54KB, data=56KB
02-16 23:53:19.004  3996  4001 I art     : Increasing code cache capacity to 256KB
02-16 23:53:19.064  3950  4224 W dex2oat : Before Android 4.1, method android.graphics.PorterDuffColorFilter androidx.vectordrawable.graphics.drawable.VectorDrawableCompat.updateTintFilter(android.graphics.PorterDuffColorFilter, android.content.res.ColorStateList, android.graphics.PorterDuff$Mode) would have incorrectly overridden the package-private method in android.graphics.drawable.Drawable
02-16 23:53:19.189  3996  4200 D         : HostConnection::get() New Host Connection established 0xa224d940, tid 4200
02-16 23:53:19.192  3996  4200 I OpenGLRenderer: Initialized EGL, version 1.4
02-16 23:53:19.192  3996  4200 D OpenGLRenderer: Swap behavior 1
02-16 23:53:19.193  3996  4200 W OpenGLRenderer: Failed to choose config with EGL_SWAP_BEHAVIOR_PRESERVED, retrying without...
02-16 23:53:19.193  3996  4200 D OpenGLRenderer: Swap behavior 0
02-16 23:53:19.205  3996  4200 D EGL_emulation: eglCreateContext: 0x90ce61e0: maj 2 min 0 rcv 2
02-16 23:53:19.213  3996  4200 D EGL_emulation: eglMakeCurrent: 0x90ce61e0: ver 2 0 (tinfo 0x90cc1670)
02-16 23:53:19.324  3996  3996 D JaffnaMarketplaceApplic: 🔧 DEBUG: Firebase anonymous auth not available (enable in Firebase Console if needed): An internal error has occurred. [ CONFIGURATION_NOT_FOUND ]
02-16 23:53:19.329  3996  3996 D SessionLifecycleClient: Connected to SessionLifecycleService. Queue size 0
02-16 23:53:19.338  3996  4058 D SessionLifecycleClient: Data Collection is disabled for all subscribers. Skipping this Event
02-16 23:53:19.383  3996  3996 I Choreographer: Skipped 107 frames!  The application may be doing too much work on its main thread.
02-16 23:53:19.416  3996  4200 D EGL_emulation: eglMakeCurrent: 0x90ce61e0: ver 2 0 (tinfo 0x90cc1670)
02-16 23:53:19.544  3996  4082 W GooglePlayServicesUtil: Google Play services out of date for com.senthapps.slagrimarket.  Requires 12451000 but found 11743470
02-16 23:53:19.866  1644  1664 I ActivityManager: Displayed com.senthapps.slagrimarket/.MainActivity: +6s605ms
02-16 23:53:19.900  3996  3996 I Choreographer: Skipped 30 frames!  The application may be doing too much work on its main thread.
02-16 23:53:19.966  3996  3996 D LeakCanary: Watching instance of com.google.firebase.messaging.FirebaseMessagingService (com.google.firebase.messaging.FirebaseMessagingService received Service#onDestroy() callback) with key c52e8768-b305-46fa-bd73-cbb7fd6ee3aa
02-16 23:53:20.033  3996  4082 I FA      : Install Referrer Reporter is not available
02-16 23:53:20.064  1644  2122 I WindowManager: Destroying surface Surface(name=com.android.launcher3/com.android.launcher3.Launcher) called by com.android.server.wm.WindowStateAnimator.destroySurface:2016 com.android.server.wm.WindowStateAnimator.destroySurfaceLocked:882 com.android.server.wm.WindowState.destroyOrSaveSurface:2100 com.android.server.wm.AppWindowToken.destroySurfaces:363 com.android.server.wm.AppWindowToken.notifyAppStopped:389 com.android.server.wm.WindowManagerService.notifyAppStopped:4463 com.android.server.am.ActivityStack.activityStoppedLocked:1252 com.android.server.am.ActivityManagerService.activityStopped:6903 
02-16 23:53:20.112  1644  1664 I WindowManager: Destroying surface Surface(name=Starting com.senthapps.slagrimarket) called by com.android.server.wm.WindowStateAnimator.destroySurface:2016 com.android.server.wm.WindowStateAnimator.destroySurfaceLocked:882 com.android.server.wm.WindowState.destroyOrSaveSurface:2100 com.android.server.wm.AppWindowToken.destroySurfaces:363 com.android.server.wm.WindowStateAnimator.finishExit:565 com.android.server.wm.WindowStateAnimator.stepAnimationLocked:491 com.android.server.wm.WindowAnimator.updateWindowsLocked:303 com.android.server.wm.WindowAnimator.animateLocked:704 
02-16 23:53:20.149  3996  4113 D LeakCanary: Setting up flushing for Thread[FirebaseSessions_HandlerThread,5,main]
02-16 23:53:21.181  1644  2085 I ActivityManager: Killing 3043:com.google.android.calendar/u0a33 (adj 906): empty #17
02-16 23:53:21.240  1644  2536 D ActivityManager: cleanUpApplicationRecord -- 3043
02-16 23:53:23.080  3996  4235 D ProfileInstaller: Installing profile for com.senthapps.slagrimarket
02-16 23:53:25.496  1336  1679 E SurfaceFlinger: ro.sf.lcd_density must be defined as a build property
02-16 23:53:25.497  1336  1953 D PermissionCache: checking android.permission.READ_FRAME_BUFFER for uid=2000 => granted (118 us)
02-16 23:53:25.500  1336  1953 D gralloc_ranchu: gralloc_alloc: Creating ashmem region of size 8294400
02-16 23:53:25.514  4240  4240 D         : HostConnection::get() New Host Connection established 0xaaa9b2c0, tid 4240
02-16 23:53:25.520  1336  1336 E EGL_emulation: tid 1336: eglCreateSyncKHR(1901): error 0x3004 (EGL_BAD_ATTRIBUTE)
02-16 23:53:25.575  3950  4223 W dex2oat : Before Android 4.1, method double java.util.concurrent.ThreadLocalRandom.internalNextDouble(double, double) would have incorrectly overridden the package-private method in java.util.Random
02-16 23:53:25.575  3950  4223 W dex2oat : Before Android 4.1, method int java.util.concurrent.ThreadLocalRandom.internalNextInt(int, int) would have incorrectly overridden the package-private method in java.util.Random
02-16 23:53:25.575  3950  4223 W dex2oat : Before Android 4.1, method long java.util.concurrent.ThreadLocalRandom.internalNextLong(long, long) would have incorrectly overridden the package-private method in java.util.Random
02-16 23:53:25.647  3996  3996 D LeakCanary: Watching instance of com.google.android.gms.measurement.AppMeasurementService (com.google.android.gms.measurement.AppMeasurementService received Service#onDestroy() callback) with key 5e75c519-f163-4a3e-b72a-b8f828cdde79
02-16 23:53:26.126  4243  4243 D AndroidRuntime: >>>>>> START com.android.internal.os.RuntimeInit uid 2000 <<<<<<
02-16 23:53:26.135  4243  4243 D AndroidRuntime: CheckJNI is OFF
02-16 23:53:26.228  4243  4243 W art     : Unexpected CPU variant for X86 using defaults: x86
02-16 23:53:26.239  4243  4243 D ICU     : No timezone override file found: /data/misc/zoneinfo/current/icu/icu_tzdata.dat
02-16 23:53:26.298  4243  4243 E memtrack: Couldn't load memtrack module (No such file or directory)
02-16 23:53:26.298  4243  4243 E android.os.Debug: failed to load memtrack module: -2
02-16 23:53:26.302  4243  4243 I Radio-JNI: register_android_hardware_Radio DONE
02-16 23:53:26.355  4243  4243 D AndroidRuntime: Calling main entry com.android.commands.input.Input
02-16 23:53:26.363  4243  4243 I Input   : injectMotionEvent: MotionEvent { action=ACTION_DOWN, actionButton=0, id[0]=0, x[0]=500.0, y[0]=1500.0, toolType[0]=TOOL_TYPE_UNKNOWN, buttonState=0, metaState=0, flags=0x0, edgeFlags=0x0, pointerCount=1, historySize=0, eventTime=105512, downTime=105512, deviceId=0, source=0x1002 }
02-16 23:53:26.460  4243  4243 I Input   : injectMotionEvent: MotionEvent { action=ACTION_MOVE, actionButton=0, id[0]=0, x[0]=500.0, y[0]=1500.0, toolType[0]=TOOL_TYPE_UNKNOWN, buttonState=0, metaState=0, flags=0x0, edgeFlags=0x0, pointerCount=1, historySize=0, eventTime=105512, downTime=105512, deviceId=0, source=0x1002 }
02-16 23:53:26.492  4243  4243 I Input   : injectMotionEvent: MotionEvent { action=ACTION_MOVE, actionButton=0, id[0]=0, x[0]=500.0, y[0]=1189.6666, toolType[0]=TOOL_TYPE_UNKNOWN, buttonState=0, metaState=0, flags=0x0, edgeFlags=0x0, pointerCount=1, historySize=0, eventTime=105645, downTime=105645, deviceId=0, source=0x1002 }
02-16 23:53:26.521  4243  4243 I Input   : injectMotionEvent: MotionEvent { action=ACTION_MOVE, actionButton=0, id[0]=0, x[0]=500.0, y[0]=1122.0, toolType[0]=TOOL_TYPE_UNKNOWN, buttonState=0, metaState=0, flags=0x0, edgeFlags=0x0, pointerCount=1, historySize=0, eventTime=105674, downTime=105674, deviceId=0, source=0x1002 }
02-16 23:53:26.545  4243  4243 I Input   : injectMotionEvent: MotionEvent { action=ACTION_MOVE, actionButton=0, id[0]=0, x[0]=500.0, y[0]=1066.0, toolType[0]=TOOL_TYPE_UNKNOWN, buttonState=0, metaState=0, flags=0x0, edgeFlags=0x0, pointerCount=1, historySize=0, eventTime=105698, downTime=105698, deviceId=0, source=0x1002 }
02-16 23:53:26.568  4243  4243 I Input   : injectMotionEvent: MotionEvent { action=ACTION_MOVE, actionButton=0, id[0]=0, x[0]=500.0, y[0]=1014.6666, toolType[0]=TOOL_TYPE_UNKNOWN, buttonState=0, metaState=0, flags=0x0, edgeFlags=0x0, pointerCount=1, historySize=0, eventTime=105720, downTime=105720, deviceId=0, source=0x1002 }
02-16 23:53:26.575  3996  4001 I art     : Do full code cache collection, code=117KB, data=125KB
02-16 23:53:26.578  3996  4001 I art     : After code cache collection, code=62KB, data=49KB
02-16 23:53:26.584  4243  4243 I Input   : injectMotionEvent: MotionEvent { action=ACTION_MOVE, actionButton=0, id[0]=0, x[0]=500.0, y[0]=975.0, toolType[0]=TOOL_TYPE_UNKNOWN, buttonState=0, metaState=0, flags=0x0, edgeFlags=0x0, pointerCount=1, historySize=0, eventTime=105737, downTime=105737, deviceId=0, source=0x1002 }
02-16 23:53:26.602  4243  4243 I Input   : injectMotionEvent: MotionEvent { action=ACTION_MOVE, actionButton=0, id[0]=0, x[0]=500.0, y[0]=935.3333, toolType[0]=TOOL_TYPE_UNKNOWN, buttonState=0, metaState=0, flags=0x0, edgeFlags=0x0, pointerCount=1, historySize=0, eventTime=105754, downTime=105754, deviceId=0, source=0x1002 }
02-16 23:53:26.619  4243  4243 I Input   : injectMotionEvent: MotionEvent { action=ACTION_MOVE, actionButton=0, id[0]=0, x[0]=500.0, y[0]=893.3333, toolType[0]=TOOL_TYPE_UNKNOWN, buttonState=0, metaState=0, flags=0x0, edgeFlags=0x0, pointerCount=1, historySize=0, eventTime=105772, downTime=105772, deviceId=0, source=0x1002 }
02-16 23:53:26.634  4243  4243 I Input   : injectMotionEvent: MotionEvent { action=ACTION_MOVE, actionButton=0, id[0]=0, x[0]=500.0, y[0]=860.6666, toolType[0]=TOOL_TYPE_UNKNOWN, buttonState=0, metaState=0, flags=0x0, edgeFlags=0x0, pointerCount=1, historySize=0, eventTime=105786, downTime=105786, deviceId=0, source=0x1002 }
02-16 23:53:26.651  4243  4243 I Input   : injectMotionEvent: MotionEvent { action=ACTION_MOVE, actionButton=0, id[0]=0, x[0]=500.0, y[0]=821.0, toolType[0]=TOOL_TYPE_UNKNOWN, buttonState=0, metaState=0, flags=0x0, edgeFlags=0x0, pointerCount=1, historySize=0, eventTime=105803, downTime=105803, deviceId=0, source=0x1002 }
02-16 23:53:26.667  4243  4243 I Input   : injectMotionEvent: MotionEvent { action=ACTION_UP, actionButton=0, id[0]=0, x[0]=500.0, y[0]=800.0, toolType[0]=TOOL_TYPE_UNKNOWN, buttonState=0, metaState=0, flags=0x0, edgeFlags=0x0, pointerCount=1, historySize=0, eventTime=105819, downTime=105819, deviceId=0, source=0x1002 }
02-16 23:53:26.672  4243  4243 D AndroidRuntime: Shutting down VM
02-16 23:53:27.745  3996  4007 I art     : Background sticky concurrent mark sweep GC freed 22992(1506KB) AllocSpace objects, 1(20KB) LOS objects, 16% free, 8MB/10MB, paused 5.062ms total 27.100ms
02-16 23:53:27.749  3996  4001 I art     : Do partial code cache collection, code=76KB, data=86KB
02-16 23:53:27.751  3996  4001 I art     : After code cache collection, code=76KB, data=86KB
02-16 23:53:27.751  3996  4001 I art     : Increasing code cache capacity to 512KB
02-16 23:53:27.763  1644  2532 I ActivityManager: Killing 3403:com.google.android.gm/u0a66 (adj 906): empty #17
02-16 23:53:27.804  3996  4001 I art     : Compiler allocated 4MB to compile void com.google.android.gms.internal.measurement.zzlg.zza(java.lang.Object, com.google.android.gms.internal.measurement.zznb)
02-16 23:53:27.819  1644  2533 D ActivityManager: cleanUpApplicationRecord -- 3403
02-16 23:53:27.879  1644  2532 D VoldConnector: SND -> {35 volume mkdirs /storage/emulated/0/Android/data/com.google.android.apps.docs/cache/}
02-16 23:53:27.898  1644  1681 D VoldConnector: RCV <- {200 35 Command succeeded}
02-16 23:53:27.935  4063  4132 W System  : ClassLoader referenced unknown path: /system/priv-app/PrebuiltGmsCore/lib/x86
02-16 23:53:28.044  4063  4132 W System  : ClassLoader referenced unknown path: /system/priv-app/PrebuiltGmsCore/lib/x86
02-16 23:53:28.044  4063  4132 W System  : ClassLoader referenced unknown path: /system/priv-app/PrebuiltGmsCore/lib/x86
02-16 23:53:28.080  4063  4132 W System  : ClassLoader referenced unknown path: /system/priv-app/PrebuiltGmsCore/lib/x86
02-16 23:53:28.081  4063  4132 W System  : ClassLoader referenced unknown path: /system/priv-app/PrebuiltGmsCore/lib/x86
02-16 23:53:28.126  4063  4132 W linker  : /data/user_de/0/com.google.android.gms/app_extracted_libs/x86/libconscrypt_gmscore_jni.so: unused DT entry: type 0xf arg 0x91
02-16 23:53:28.160  4063  4132 V NativeCrypto: Registering com/google/android/gms/org/conscrypt/NativeCrypto's 276 native methods...
02-16 23:53:28.298  4063  4132 D NetworkSecurityConfig: No Network Security Config specified, using platform default
02-16 23:53:28.358  4063  4132 I ProviderInstaller: Installed default security provider GmsCore_OpenSSL
02-16 23:53:28.930  1336  1953 E SurfaceFlinger: ro.sf.lcd_density must be defined as a build property
02-16 23:53:28.933  1336  1679 D gralloc_ranchu: gralloc_alloc: Creating ashmem region of size 8294400
02-16 23:53:28.939  4268  4268 D         : HostConnection::get() New Host Connection established 0xb461b2c0, tid 4268
02-16 23:53:28.949  1336  1336 E EGL_emulation: tid 1336: eglCreateSyncKHR(1901): error 0x3004 (EGL_BAD_ATTRIBUTE)
02-16 23:53:29.428  3930  3993 W Finsky  : [238] com.google.android.finsky.FinskyApp.i(1468): No account configured on this device.
02-16 23:53:29.439  3930  3993 I Finsky  : [238] com.google.android.finsky.c.e.run(1151): Replicating app states via AMAS.
02-16 23:53:29.529  4271  4271 D AndroidRuntime: >>>>>> START com.android.internal.os.RuntimeInit uid 2000 <<<<<<
02-16 23:53:29.531  4271  4271 D AndroidRuntime: CheckJNI is OFF
02-16 23:53:29.581  4271  4271 W art     : Unexpected CPU variant for X86 using defaults: x86
02-16 23:53:29.598  4271  4271 D ICU     : No timezone override file found: /data/misc/zoneinfo/current/icu/icu_tzdata.dat
02-16 23:53:29.634  4271  4271 E memtrack: Couldn't load memtrack module (No such file or directory)
02-16 23:53:29.634  4271  4271 E android.os.Debug: failed to load memtrack module: -2
02-16 23:53:29.637  4271  4271 I Radio-JNI: register_android_hardware_Radio DONE
02-16 23:53:29.659  4271  4271 D AndroidRuntime: Calling main entry com.android.commands.input.Input
02-16 23:53:29.665  4271  4271 I Input   : injectMotionEvent: MotionEvent { action=ACTION_DOWN, actionButton=0, id[0]=0, x[0]=500.0, y[0]=900.0, toolType[0]=TOOL_TYPE_UNKNOWN, buttonState=0, metaState=0, flags=0x0, edgeFlags=0x0, pointerCount=1, historySize=0, eventTime=108812, downTime=108812, deviceId=0, source=0x1002 }
02-16 23:53:29.672  4271  4271 I Input   : injectMotionEvent: MotionEvent { action=ACTION_UP, actionButton=0, id[0]=0, x[0]=500.0, y[0]=900.0, toolType[0]=TOOL_TYPE_UNKNOWN, buttonState=0, metaState=0, flags=0x0, edgeFlags=0x0, pointerCount=1, historySize=0, eventTime=108812, downTime=108812, deviceId=0, source=0x1002 }
02-16 23:53:29.675  3930  3993 I Finsky  : [238] com.google.android.finsky.c.c.a(311): Completed 0 account content syncs with 0 successful.
02-16 23:53:29.681  3930  3930 I Finsky  : [1] com.google.android.finsky.services.j.a(149): Installation state replication succeeded.
02-16 23:53:29.816  4271  4271 D AndroidRuntime: Shutting down VM
02-16 23:53:30.342  3996  4001 I art     : Do full code cache collection, code=230KB, data=241KB
02-16 23:53:30.342  3996  4001 I art     : After code cache collection, code=210KB, data=176KB
02-16 23:53:30.660  3996  4119 I art     : Starting a blocking GC Explicit
02-16 23:53:30.687  3996  4119 W art     : Suspending all threads took: 9.852ms
02-16 23:53:30.691  3996  4119 I art     : Explicit concurrent mark sweep GC freed 18649(969KB) AllocSpace objects, 3(60KB) LOS objects, 32% free, 8MB/12MB, paused 11.356ms total 30.986ms
02-16 23:53:33.092  1336  1954 E SurfaceFlinger: ro.sf.lcd_density must be defined as a build property
02-16 23:53:33.096  1336  1348 D gralloc_ranchu: gralloc_alloc: Creating ashmem region of size 8294400
02-16 23:53:33.102  4283  4283 D         : HostConnection::get() New Host Connection established 0xaf29b2c0, tid 4283
02-16 23:53:33.110  1336  1336 E EGL_emulation: tid 1336: eglCreateSyncKHR(1901): error 0x3004 (EGL_BAD_ATTRIBUTE)
02-16 23:53:33.653  4286  4286 D AndroidRuntime: >>>>>> START com.android.internal.os.RuntimeInit uid 2000 <<<<<<
02-16 23:53:33.655  4286  4286 D AndroidRuntime: CheckJNI is OFF
02-16 23:53:33.683  4286  4286 W art     : Unexpected CPU variant for X86 using defaults: x86
02-16 23:53:33.695  4286  4286 D ICU     : No timezone override file found: /data/misc/zoneinfo/current/icu/icu_tzdata.dat
02-16 23:53:33.714  4286  4286 E memtrack: Couldn't load memtrack module (No such file or directory)
