02-16 23:53:29.637  4271  4271 I Radio-JNI: register_android_hardware_Radio DONE
02-16 23:53:29.659  4271  4271 D AndroidRuntime: Calling main entry com.android.commands.input.Input
02-16 23:53:29.665  4271  4271 I Input   : injectMotionEvent: MotionEvent { action=ACTION_DOWN, actionButton=0, id[0]=0, x[0]=500.0, y[0]=900.0, toolType[0]=TOOL_TYPE_UNKNOWN, buttonState=0, metaState=0, flags=0x0, edgeFlags=0x0, pointerCount=1, historySize=0, eventTime=108812, downTime=108812, deviceId=0, source=0x1002 }
02-16 23:53:29.672  4271  4271 I Input   : injectMotionEvent: MotionEvent { action=ACTION_UP, actionButton=0, id[0]=0, x[0]=500.0, y[0]=900.0, toolType[0]=TOOL_TYPE_UNKNOWN, buttonState=0, metaState=0, flags=0x0, edgeFlags=0x0, pointerCount=1, historySize=0, eventTime=108812, downTime=108812, deviceId=0, source=0x1002 }
02-16 23:53:29.675  3930  3993 I Finsky  : [238] com.google.android.finsky.c.c.a(311): Completed 0 account content syncs with 0 successful.
02-16 23:53:29.681  3930  3930 I Finsky  : [1] com.google.android.finsky.services.j.a(149): Installation state replication succeeded.
02-16 23:53:29.816  4271  4271 D AndroidRuntime: Shutting down VM
02-16 23:53:30.342  3996  4001 I art     : Do full code cache collection, code=230KB, data=241KB
02-16 23:53:30.342  3996  4001 I art     : After code cache collection, code=210KB, data=176KB
02-16 23:53:30.660  3996  4119 I art     : Starting a blocking GC Explicit
02-16 23:53:30.687  3996  4119 W art     : Suspending all threads took: 9.852ms
02-16 23:53:30.691  3996  4119 I art     : Explicit concurrent mark sweep GC freed 18649(969KB) AllocSpace objects, 3(60KB) LOS objects, 32% free, 8MB/12MB, paused 11.356ms total 30.986ms
02-16 23:53:33.092  1336  1954 E SurfaceFlinger: ro.sf.lcd_density must be defined as a build property
02-16 23:53:33.096  1336  1348 D gralloc_ranchu: gralloc_alloc: Creating ashmem region of size 8294400
02-16 23:53:33.102  4283  4283 D         : HostConnection::get() New Host Connection established 0xaf29b2c0, tid 4283
02-16 23:53:33.110  1336  1336 E EGL_emulation: tid 1336: eglCreateSyncKHR(1901): error 0x3004 (EGL_BAD_ATTRIBUTE)
02-16 23:53:33.653  4286  4286 D AndroidRuntime: >>>>>> START com.android.internal.os.RuntimeInit uid 2000 <<<<<<
02-16 23:53:33.655  4286  4286 D AndroidRuntime: CheckJNI is OFF
02-16 23:53:33.683  4286  4286 W art     : Unexpected CPU variant for X86 using defaults: x86
02-16 23:53:33.695  4286  4286 D ICU     : No timezone override file found: /data/misc/zoneinfo/current/icu/icu_tzdata.dat
02-16 23:53:33.714  4286  4286 E memtrack: Couldn't load memtrack module (No such file or directory)
02-16 23:53:33.714  4286  4286 E android.os.Debug: failed to load memtrack module: -2
02-16 23:53:33.715  4286  4286 I Radio-JNI: register_android_hardware_Radio DONE
02-16 23:53:33.723  4286  4286 D AndroidRuntime: Calling main entry com.android.commands.input.Input
02-16 23:53:33.726  4286  4286 I Input   : injectKeyEvent: KeyEvent { action=ACTION_DOWN, keyCode=KEYCODE_BACK, scanCode=0, metaState=0, flags=0x0, repeatCount=0, eventTime=112878, downTime=112878, deviceId=-1, source=0x101 }
02-16 23:53:33.778  4286  4286 I Input   : injectKeyEvent: KeyEvent { action=ACTION_UP, keyCode=KEYCODE_BACK, scanCode=0, metaState=0, flags=0x0, repeatCount=0, eventTime=112878, downTime=112878, deviceId=-1, source=0x101 }
02-16 23:53:33.788  4286  4286 D AndroidRuntime: Shutting down VM
02-16 23:53:33.867  3996  4001 I art     : Do partial code cache collection, code=216KB, data=212KB
02-16 23:53:33.868  3996  4001 I art     : After code cache collection, code=215KB, data=212KB
02-16 23:53:33.869  3996  4001 I art     : Increasing code cache capacity to 1024KB
02-16 23:53:33.881  3996  4001 I art     : Compiler allocated 5MB to compile void com.senthapps.slagrimarket.ui.home.IndustrialHomeScreenKt.IndustrialHomeScreen(kotlin.jvm.functions.Function0, kotlin.jvm.functions.Function0, kotlin.jvm.functions.Function0, kotlin.jvm.functions.Function0, kotlin.jvm.functions.Function0, com.senthapps.slagrimarket.ui.home.AppLanguage, androidx.compose.runtime.Composer, int, int)
02-16 23:53:35.216  4296  4296 D AndroidRuntime: >>>>>> START com.android.internal.os.RuntimeInit uid 2000 <<<<<<
02-16 23:53:35.218  4296  4296 D AndroidRuntime: CheckJNI is OFF
02-16 23:53:35.244  4296  4296 W art     : Unexpected CPU variant for X86 using defaults: x86
02-16 23:53:35.247  4296  4296 D ICU     : No timezone override file found: /data/misc/zoneinfo/current/icu/icu_tzdata.dat
02-16 23:53:35.265  4296  4296 E memtrack: Couldn't load memtrack module (No such file or directory)
02-16 23:53:35.265  4296  4296 E android.os.Debug: failed to load memtrack module: -2
02-16 23:53:35.266  4296  4296 I Radio-JNI: register_android_hardware_Radio DONE
02-16 23:53:35.273  4296  4296 D AndroidRuntime: Calling main entry com.android.commands.input.Input
02-16 23:53:35.280  4296  4296 I Input   : injectMotionEvent: MotionEvent { action=ACTION_DOWN, actionButton=0, id[0]=0, x[0]=540.0, y[0]=2200.0, toolType[0]=TOOL_TYPE_UNKNOWN, buttonState=0, metaState=0, flags=0x0, edgeFlags=0x0, pointerCount=1, historySize=0, eventTime=114428, downTime=114428, deviceId=0, source=0x1002 }
02-16 23:53:35.281  1644  1677 I InputDispatcher: Dropping event because there is no touchable window at (540, 2200).
02-16 23:53:35.284  1644  2015 W InputManager: Input event injection from pid 4296 failed.
02-16 23:53:35.284  4296  4296 I Input   : injectMotionEvent: MotionEvent { action=ACTION_UP, actionButton=0, id[0]=0, x[0]=540.0, y[0]=2200.0, toolType[0]=TOOL_TYPE_UNKNOWN, buttonState=0, metaState=0, flags=0x0, edgeFlags=0x0, pointerCount=1, historySize=0, eventTime=114428, downTime=114428, deviceId=0, source=0x1002 }
02-16 23:53:35.285  1644  1943 W InputManager: Input event injection from pid 4296 failed.
02-16 23:53:35.285  4296  4296 D AndroidRuntime: Shutting down VM
02-16 23:53:36.263  3950  3950 I dex2oat : dex2oat took 23.359s (threads: 4) arena alloc=626KB (641968B) java alloc=31MB (33013776B) native alloc=46MB (48820312B) free=4MB (4394920B) swap=16MB (16777216B)
02-16 23:53:36.289  1644  1657 I ActivityManager: Force stopping com.senthapps.slagrimarket appid=10078 user=-1: installPackageLI
02-16 23:53:36.291  1644  1657 I ActivityManager: Killing 3996:com.senthapps.slagrimarket/u0a78 (adj 0): stop com.senthapps.slagrimarket
02-16 23:53:36.292  1644  1657 D ActivityManager: cleanUpApplicationRecord -- 3996
02-16 23:53:36.296  1644  1657 W ActivityManager: Force removing ActivityRecord{cdfccca u0 com.senthapps.slagrimarket/.MainActivity t5}: app died, no saved state
02-16 23:53:36.303  1644  1657 E JavaBinder: !!! FAILED BINDER TRANSACTION !!!  (parcel size = 56)
02-16 23:53:36.347  1644  1657 I WindowManager: Destroying surface Surface(name=com.senthapps.slagrimarket/com.senthapps.slagrimarket.MainActivity) called by com.android.server.wm.WindowStateAnimator.destroySurface:2016 com.android.server.wm.WindowStateAnimator.destroySurfaceLocked:882 com.android.server.wm.WindowState.removeLocked:1456 com.android.server.wm.WindowManagerService.removeWindowInnerLocked:2484 com.android.server.wm.WindowManagerService.removeWindowLocked:2442 com.android.server.wm.WindowManagerService.removeWindowLocked:2311 com.android.server.wm.AppWindowToken.removeAllWindows:530 com.android.server.wm.AppWindowToken.removeAppFromTaskLocked:326 
02-16 23:53:36.350  1644  2535 D GraphicsStats: Buffer count: 2
02-16 23:53:36.395  1644  1657 I ActivityManager: Killing 3613:com.google.android.talk:matchstick/u0a55 (adj 906): empty #17
02-16 23:53:36.414  1644  2085 D ActivityManager: cleanUpApplicationRecord -- 3613
02-16 23:53:36.423  1644  1669 I PackageManager: Package com.senthapps.slagrimarket codePath changed from /data/app/com.senthapps.slagrimarket-1 to /data/app/com.senthapps.slagrimarket-2; Retaining data and using new
02-16 23:53:36.423  1644  1669 W PackageManager: Package com.senthapps.slagrimarket desires unavailable shared library android.ext.adservices; ignoring!
02-16 23:53:36.425  1644  1669 W PackageManager: Code path for com.senthapps.slagrimarket changing from /data/app/com.senthapps.slagrimarket-1 to /data/app/com.senthapps.slagrimarket-2
02-16 23:53:36.425  1644  1669 W PackageManager: Resource path for com.senthapps.slagrimarket changing from /data/app/com.senthapps.slagrimarket-1 to /data/app/com.senthapps.slagrimarket-2
02-16 23:53:36.469  1644  1669 W PackageManager: Unknown permission android.permission.POST_NOTIFICATIONS in package com.senthapps.slagrimarket
02-16 23:53:36.469  1644  1669 W PackageManager: Unknown permission com.google.android.gms.permission.AD_ID in package com.senthapps.slagrimarket
02-16 23:53:36.469  1644  1669 W PackageManager: Unknown permission android.permission.ACCESS_ADSERVICES_ATTRIBUTION in package com.senthapps.slagrimarket
02-16 23:53:36.469  1644  1669 W PackageManager: Unknown permission android.permission.ACCESS_ADSERVICES_AD_ID in package com.senthapps.slagrimarket
02-16 23:53:36.469  1644  1669 W PackageManager: Unknown permission com.google.android.finsky.permission.BIND_GET_INSTALL_REFERRER_SERVICE in package com.senthapps.slagrimarket
02-16 23:53:36.469  1644  1669 W PackageManager: Unknown permission android.permission.FOREGROUND_SERVICE in package com.senthapps.slagrimarket
02-16 23:53:36.533  1644  2536 I ActivityManager: Killing 2810:com.google.android.gms.ui/u0a13 (adj 906): empty #17
02-16 23:53:36.537  1644  1943 D ActivityManager: cleanUpApplicationRecord -- 2810
02-16 23:53:36.545  1644  1669 I art     : Starting a blocking GC Explicit
02-16 23:53:36.548  2310  2442 D EGL_emulation: eglMakeCurrent: 0xad304e00: ver 2 0 (tinfo 0xa3efc2d0)
02-16 23:53:36.591  1644  1669 I art     : Explicit concurrent mark sweep GC freed 7748(606KB) AllocSpace objects, 4(80KB) LOS objects, 24% free, 12MB/16MB, paused 1.474ms total 45.812ms
02-16 23:53:36.720  1405  1405 E         : Couldn't opendir /data/app/vmdl164492462.tmp: No such file or directory
02-16 23:53:36.749  1644  1678 I InputReader: Reconfiguring input devices.  changes=0x00000010
02-16 23:53:36.765  1874  1874 D CarrierSvcBindHelper: No carrier app for: 0
02-16 23:53:36.790  1644  1669 I ActivityManager: Force stopping com.senthapps.slagrimarket appid=10078 user=0: pkg removed
02-16 23:53:36.836  1644  1655 W ActivityManager: Permission Denial: Accessing service ComponentInfo{com.google.android.music/com.google.android.music.dial.DialMediaRouteProviderService} from pid=3952, uid=10073 that is not exported from uid 10059
02-16 23:53:36.839  1644  1678 I InputReader: Reconfiguring input devices.  changes=0x00000010
02-16 23:53:36.842  1644  1678 I InputReader: Reconfiguring input devices.  changes=0x00000010
02-16 23:53:36.844  1644  1678 I InputReader: Reconfiguring input devices.  changes=0x00000010
02-16 23:53:36.845  1644  2122 W ActivityManager: Permission Denial: Accessing service ComponentInfo{com.google.android.music/com.google.android.music.dial.DialMediaRouteProviderService} from pid=3952, uid=10073 that is not exported from uid 10059
02-16 23:53:36.895  1644  2536 I ActivityManager: Start proc 4309:com.android.keychain/1000 for broadcast com.android.keychain/.KeyChainBroadcastReceiver
02-16 23:53:36.899  1644  2085 W ActivityManager: Permission Denial: Accessing service ComponentInfo{com.google.android.music/com.google.android.music.dial.DialMediaRouteProviderService} from pid=3952, uid=10073 that is not exported from uid 10059
02-16 23:53:36.904  1644  2015 W ActivityManager: Permission Denial: Accessing service ComponentInfo{com.google.android.music/com.google.android.music.dial.DialMediaRouteProviderService} from pid=3952, uid=10073 that is not exported from uid 10059
02-16 23:53:36.909  4309  4309 W art     : Unexpected CPU variant for X86 using defaults: x86
02-16 23:53:36.914  1874  1874 D CarrierSvcBindHelper: No carrier app for: 0
02-16 23:53:36.915  1874  1874 D CarrierSvcBindHelper: No carrier app for: 0
02-16 23:53:36.916  1874  1874 D CarrierConfigLoader: mHandler: 9 phoneId: 0
02-16 23:53:36.955  4309  4309 W System  : ClassLoader referenced unknown path: /system/app/KeyChain/lib/x86
02-16 23:53:36.963  4309  4309 W ContextImpl: Calling a method in the system process without a qualified user: android.app.ContextImpl.startService:1385 android.content.ContextWrapper.startService:613 android.content.ContextWrapper.startService:613 com.android.keychain.KeyChainBroadcastReceiver.onReceive:12 android.app.ActivityThread.handleReceiver:3011 
02-16 23:53:37.045  2094  4214 E NetworkScheduler: Unrecognised action provided: android.intent.action.PACKAGE_REMOVED
02-16 23:53:37.047  2310  2442 W OpenGLRenderer: Incorrectly called buildLayer on View: ShortcutAndWidgetContainer, destroying layer...
02-16 23:53:37.353  3930  3930 I Finsky  : [1] com.google.android.finsky.utils.PermissionPolicies$PermissionPolicyService.onStartCommand(117): post-install permissions check for com.senthapps.slagrimarket
02-16 23:53:37.365  3930  3930 I Finsky  : [1] com.google.android.finsky.utils.bh.run(2302): Package state data is missing for com.senthapps.slagrimarket
02-16 23:53:37.366  3930  3930 W Finsky  : [1] com.google.android.finsky.FinskyApp.i(1468): No account configured on this device.
02-16 23:53:37.386  2276  4332 D Wear_Controller: Received broadcast action=android.intent.action.PACKAGE_REMOVED and uri=com.senthapps.slagrimarket
02-16 23:53:37.412  1644  1656 W InputMethodInfo: Duplicated subtype definition found: , voice
02-16 23:53:37.491  2276  4340 D Wear_Controller: Received broadcast action=android.intent.action.PACKAGE_ADDED and uri=com.senthapps.slagrimarket
02-16 23:53:37.491  2211  4343 I UpdateIcingCorporaServi: Updating corpora: APPS=com.senthapps.slagrimarket, CONTACTS=MAYBE
02-16 23:53:37.575  1336  1679 E SurfaceFlinger: ro.sf.lcd_density must be defined as a build property
02-16 23:53:37.578  1336  1953 D gralloc_ranchu: gralloc_alloc: Creating ashmem region of size 8294400
02-16 23:53:37.590  4348  4348 D         : HostConnection::get() New Host Connection established 0xb1e9b2c0, tid 4348
02-16 23:53:37.601  1336  1336 E EGL_emulation: tid 1336: eglCreateSyncKHR(1901): error 0x3004 (EGL_BAD_ATTRIBUTE)
02-16 23:53:37.611  2276  2557 I Icing   : IndexChimeraService.getServiceInterface callingPackage=com.google.android.gms componentName=AppsCorpus serviceId=36
02-16 23:53:37.613  2276  2567 I Icing   : IndexChimeraService.getServiceInterface callingPackage=com.google.android.gms componentName=AppsCorpus serviceId=32
02-16 23:53:37.742  2276  2660 I Icing   : Usage reports ok 0, Failed Usage reports 0, indexed 0, rejected 0, imm upload false
02-16 23:53:37.750  2276  2557 I Icing   : IndexChimeraService.getServiceInterface callingPackage=com.google.android.googlequicksearchbox componentName=null serviceId=36
02-16 23:53:37.752  2276  2660 I Icing   : Usage reports ok 0, Failed Usage reports 0, indexed 0, rejected 0, imm upload false
02-16 23:53:37.789  2276  2660 I Icing   : Usage reports ok 0, Failed Usage reports 0, indexed 0, rejected 0, imm upload true
02-16 23:53:37.789  2276  2660 I Icing   : Indexing 07288480EC7D5B88D986F7C58FF4DB5426C636B2 from com.google.android.gms
02-16 23:53:37.795  2276  2567 I Icing   : IndexChimeraService.getServiceInterface callingPackage=com.google.android.gms componentName=AppsCorpus serviceId=32
02-16 23:53:37.794  2276  2557 I Icing   : IndexChimeraService.getServiceInterface callingPackage=com.google.android.gms componentName=AppsCorpus serviceId=36
02-16 23:53:37.913  2211  4343 I UpdateIcingCorporaServi: UpdateCorporaTask done [took 422 ms] updated apps [took 422 ms] 
02-16 23:53:37.917  2276  2660 I Icing   : Usage reports ok 0, Failed Usage reports 0, indexed 0, rejected 0, imm upload false
02-16 23:53:37.953  2094  2657 I HeterodyneSyncScheduler: Scheduling Phenotype for a PhenotypeSyncImmediately(6, com.google.android.apps.photos) one off with window [1, 2] in seconds
02-16 23:53:37.969  2276  2660 I Icing   : Usage reports ok 0, Failed Usage reports 0, indexed 0, rejected 0, imm upload false
02-16 23:53:37.974  2276  2660 I Icing   : Indexing done 07288480EC7D5B88D986F7C58FF4DB5426C636B2
02-16 23:53:37.976  2276  2660 I Icing   : Indexing F4F297C0F7051C08AE157D16B42E2EC4398DBD54 from com.google.android.googlequicksearchbox
02-16 23:53:38.003  2276  2660 I Icing   : Indexing 07288480EC7D5B88D986F7C58FF4DB5426C636B2 from com.google.android.gms
02-16 23:53:38.004  2276  2660 I Icing   : Indexing done 07288480EC7D5B88D986F7C58FF4DB5426C636B2
02-16 23:53:38.022  2276  2660 I Icing   : Indexing done F4F297C0F7051C08AE157D16B42E2EC4398DBD54
02-16 23:53:38.260  4356  4356 D AndroidRuntime: >>>>>> START com.android.internal.os.RuntimeInit uid 2000 <<<<<<
02-16 23:53:38.261  4356  4356 D AndroidRuntime: CheckJNI is OFF
02-16 23:53:38.287  4356  4356 W art     : Unexpected CPU variant for X86 using defaults: x86
02-16 23:53:38.293  4356  4356 D ICU     : No timezone override file found: /data/misc/zoneinfo/current/icu/icu_tzdata.dat
02-16 23:53:38.310  4356  4356 E memtrack: Couldn't load memtrack module (No such file or directory)
02-16 23:53:38.310  4356  4356 E android.os.Debug: failed to load memtrack module: -2
02-16 23:53:38.311  4356  4356 I Radio-JNI: register_android_hardware_Radio DONE
02-16 23:53:38.316  4356  4356 D AndroidRuntime: Calling main entry com.android.commands.input.Input
02-16 23:53:38.320  4356  4356 I Input   : injectKeyEvent: KeyEvent { action=ACTION_DOWN, keyCode=KEYCODE_BACK, scanCode=0, metaState=0, flags=0x0, repeatCount=0, eventTime=117471, downTime=117471, deviceId=-1, source=0x101 }
02-16 23:53:38.323  4356  4356 I Input   : injectKeyEvent: KeyEvent { action=ACTION_UP, keyCode=KEYCODE_BACK, scanCode=0, metaState=0, flags=0x0, repeatCount=0, eventTime=117471, downTime=117471, deviceId=-1, source=0x101 }
02-16 23:53:38.326  4356  4356 D AndroidRuntime: Shutting down VM
02-16 23:53:39.370  1644  1741 E TaskPersister: File error accessing recents directory (directory doesn't exist?).
02-16 23:53:39.629  4366  4366 D AndroidRuntime: >>>>>> START com.android.internal.os.RuntimeInit uid 2000 <<<<<<
02-16 23:53:39.630  4366  4366 D AndroidRuntime: CheckJNI is OFF
02-16 23:53:39.648  4366  4366 W art     : Unexpected CPU variant for X86 using defaults: x86
02-16 23:53:39.651  4366  4366 D ICU     : No timezone override file found: /data/misc/zoneinfo/current/icu/icu_tzdata.dat
02-16 23:53:39.664  4366  4366 E memtrack: Couldn't load memtrack module (No such file or directory)
02-16 23:53:39.664  4366  4366 E android.os.Debug: failed to load memtrack module: -2
02-16 23:53:39.665  4366  4366 I Radio-JNI: register_android_hardware_Radio DONE
02-16 23:53:39.669  4366  4366 D AndroidRuntime: Calling main entry com.android.commands.input.Input
02-16 23:53:39.676  4366  4366 I Input   : injectMotionEvent: MotionEvent { action=ACTION_DOWN, actionButton=0, id[0]=0, x[0]=900.0, y[0]=200.0, toolType[0]=TOOL_TYPE_UNKNOWN, buttonState=0, metaState=0, flags=0x0, edgeFlags=0x0, pointerCount=1, historySize=0, eventTime=118825, downTime=118825, deviceId=0, source=0x1002 }
02-16 23:53:39.679  4366  4366 I Input   : injectMotionEvent: MotionEvent { action=ACTION_UP, actionButton=0, id[0]=0, x[0]=900.0, y[0]=200.0, toolType[0]=TOOL_TYPE_UNKNOWN, buttonState=0, metaState=0, flags=0x0, edgeFlags=0x0, pointerCount=1, historySize=0, eventTime=118825, downTime=118825, deviceId=0, source=0x1002 }
02-16 23:53:39.680  4366  4366 D AndroidRuntime: Shutting down VM
02-16 23:53:41.909  1336  1679 E SurfaceFlinger: ro.sf.lcd_density must be defined as a build property
02-16 23:53:41.912  1336  1953 D gralloc_ranchu: gralloc_alloc: Creating ashmem region of size 8294400
02-16 23:53:41.921  4378  4378 D         : HostConnection::get() New Host Connection established 0xa649b2c0, tid 4378
02-16 23:53:41.928  1336  1336 E EGL_emulation: tid 1336: eglCreateSyncKHR(1901): error 0x3004 (EGL_BAD_ATTRIBUTE)
