02-16 23:53:00.229  2094  2094 I GeofencerStateMachine: sendQueryLocationOptIn
02-16 23:53:00.254  2094  2094 I GeofencerStateMachine: sendQueryLocationOptIn
02-16 23:53:00.298  2094  2094 I GeofencerStateMachine: sendQueryLocationOptIn
02-16 23:53:00.311  2094  2677 W ConfigurationChimeraPro: Got null configs for com.google.android.gms.auth.account.base
02-16 23:53:00.322  2094  2094 I GeofencerStateMachine: sendQueryLocationOptIn
02-16 23:53:00.386  1403  1670 V EmulatedCamera_Camera: getCameraInfo
02-16 23:53:00.386  1403  1670 V EmulatedCamera_BaseCamera: getCameraInfo
02-16 23:53:00.386  2094  3886 I GCoreUlr: WorldUpdater:com.google.gservices.intent.action.GSERVICES_CHANGED: Ensuring that reporting is stopped because of reasons: (no Google accounts)
02-16 23:53:00.388  2276  3377 I OcrModelUpStIntentOp: Updating ocr activity enabled=true (phenotypeFlag=true, lowRamDevice=false, prereqCheck=true)
02-16 23:53:00.402  2094  3886 I GCoreUlr: Unbound from all location providers
02-16 23:53:00.402  2094  3886 I GCoreUlr: Place inference reporting - stop
02-16 23:53:00.438  2094  2094 I GCoreUlr: Stopping handler for UlrDispSvcFast
02-16 23:53:00.440  2094  2094 I GCoreUlr: Unbound from all location providers
02-16 23:53:00.440  2094  2094 I GCoreUlr: Place inference reporting - stop
02-16 23:53:00.535  2094  3799 E GcmPushIntentOperation: Failed to subscribe to GCM: com.google.android.gms.instantapps
02-16 23:53:00.535  2094  3799 E GcmPushIntentOperation: java.io.IOException: INVALID_SENDER
02-16 23:53:00.535  2094  3799 E GcmPushIntentOperation: 	at vfm.b(:com.google.android.gms@11743470:39)
02-16 23:53:00.535  2094  3799 E GcmPushIntentOperation: 	at vfm.a(:com.google.android.gms@11743470:46)
02-16 23:53:00.535  2094  3799 E GcmPushIntentOperation: 	at vfj.b(:com.google.android.gms@11743470:11)
02-16 23:53:00.535  2094  3799 E GcmPushIntentOperation: 	at vfj.a(:com.google.android.gms@11743470:29)
02-16 23:53:00.535  2094  3799 E GcmPushIntentOperation: 	at com.google.android.gms.phenotype.gcmpush.GcmPushIntentOperation.a(:com.google.android.gms@11743470:15)
02-16 23:53:00.535  2094  3799 E GcmPushIntentOperation: 	at com.google.android.gms.phenotype.gcmpush.GcmPushIntentOperation.onHandleIntent(:com.google.android.gms@11743470:7)
02-16 23:53:00.535  2094  3799 E GcmPushIntentOperation: 	at com.google.android.chimera.IntentOperation.onHandleIntent(:com.google.android.gms@11743470:2)
02-16 23:53:00.535  2094  3799 E GcmPushIntentOperation: 	at bwo.run(:com.google.android.gms@11743470:10)
02-16 23:53:00.535  2094  3799 E GcmPushIntentOperation: 	at bwl.run(:com.google.android.gms@11743470:14)
02-16 23:53:00.535  2094  3799 E GcmPushIntentOperation: 	at java.util.concurrent.ThreadPoolExecutor.runWorker(ThreadPoolExecutor.java:1133)
02-16 23:53:00.535  2094  3799 E GcmPushIntentOperation: 	at java.util.concurrent.ThreadPoolExecutor$Worker.run(ThreadPoolExecutor.java:607)
02-16 23:53:00.535  2094  3799 E GcmPushIntentOperation: 	at java.lang.Thread.run(Thread.java:761)
02-16 23:53:00.627  2276  3726 I CmaSystemUpdateService: StartServiceIntentOperation: Intent { act=com.google.gservices.intent.action.GSERVICES_CHANGED flg=0x10 cmp=com.google.android.gms/.chimera.GmsIntentOperationService$PersistentInternalReceiver }
02-16 23:53:00.627  2276  3726 I CmaSystemUpdateService: receiver: Intent { act=com.google.gservices.intent.action.GSERVICES_CHANGED flg=0x10 cmp=com.google.android.gms/.chimera.GmsIntentOperationService$PersistentInternalReceiver }
02-16 23:53:00.630  2276  3726 I SystemUpdate: [Installation,ReceiverIntentOperation] Received intent: Intent { act=com.google.gservices.intent.action.GSERVICES_CHANGED flg=0x10 cmp=com.google.android.gms/.chimera.GmsIntentOperationService$PersistentInternalReceiver }.
02-16 23:53:00.638  2276  3377 I OcrModelUpStIntentOp: Downloading text recognizer
02-16 23:53:00.644  2276  3726 W ChimeraUtils: Non Chimera context
02-16 23:53:00.652  2276  3730 I SystemUpdate: [Execution,InstallationEventIntentOperation] Received intent with event 2.
02-16 23:53:00.655  2094  2094 W ConfigurationChimeraPro: Got null configs for com.google.android.gms.common_auth
02-16 23:53:00.664  2276  2788 I SystemUpdate: [Execution,InstallationIntentOperation] Received intent: Intent { act=com.google.android.gms.update.INSTALL_UPDATE cat=[targeted_intent_op_prefix:.update.execution.InstallationIntentOperation] cmp=com.google.android.gms/.chimera.GmsIntentOperationService }.
02-16 23:53:00.665  2276  2788 I SystemUpdate: [Execution,ExecutionManager] Action finished-execution executed for 0.00 seconds.
02-16 23:53:00.668  2094  2094 I Auth    : [ReflectiveChannelBinder] Successfully bound channel!
02-16 23:53:00.692  2094  2109 W GLSUser : [DeviceKeyStore] Cannot load key: Device key file not found.
02-16 23:53:00.718  2276  2527 I Vision  : Engine already satisfied by existing download for ocr
02-16 23:53:00.762  2094  2809 E NetworkScheduler: ignoring stale queue check message
02-16 23:53:00.783  2094  3717 E GcmPushIntentOperation: Failed to subscribe to GCM: com.google.android.gms.clearcut.public
02-16 23:53:00.783  2094  3717 E GcmPushIntentOperation: java.io.IOException: INVALID_SENDER
02-16 23:53:00.783  2094  3717 E GcmPushIntentOperation: 	at vfm.b(:com.google.android.gms@11743470:39)
02-16 23:53:00.783  2094  3717 E GcmPushIntentOperation: 	at vfm.a(:com.google.android.gms@11743470:46)
02-16 23:53:00.783  2094  3717 E GcmPushIntentOperation: 	at vfj.b(:com.google.android.gms@11743470:11)
02-16 23:53:00.783  2094  3717 E GcmPushIntentOperation: 	at vfj.a(:com.google.android.gms@11743470:29)
02-16 23:53:00.783  2094  3717 E GcmPushIntentOperation: 	at com.google.android.gms.phenotype.gcmpush.GcmPushIntentOperation.a(:com.google.android.gms@11743470:15)
02-16 23:53:00.783  2094  3717 E GcmPushIntentOperation: 	at com.google.android.gms.phenotype.gcmpush.GcmPushIntentOperation.onHandleIntent(:com.google.android.gms@11743470:7)
02-16 23:53:00.783  2094  3717 E GcmPushIntentOperation: 	at com.google.android.chimera.IntentOperation.onHandleIntent(:com.google.android.gms@11743470:2)
02-16 23:53:00.783  2094  3717 E GcmPushIntentOperation: 	at bwo.run(:com.google.android.gms@11743470:10)
02-16 23:53:00.783  2094  3717 E GcmPushIntentOperation: 	at bwl.run(:com.google.android.gms@11743470:14)
02-16 23:53:00.783  2094  3717 E GcmPushIntentOperation: 	at java.util.concurrent.ThreadPoolExecutor.runWorker(ThreadPoolExecutor.java:1133)
02-16 23:53:00.783  2094  3717 E GcmPushIntentOperation: 	at java.util.concurrent.ThreadPoolExecutor$Worker.run(ThreadPoolExecutor.java:607)
02-16 23:53:00.783  2094  3717 E GcmPushIntentOperation: 	at java.lang.Thread.run(Thread.java:761)
02-16 23:53:00.892  2094  2809 E NetworkScheduler: ignoring stale queue check message
02-16 23:53:00.971  3438  3438 W Binder:3438_2: type=1400 audit(0.0:16): avc: denied { read } for name="/" dev="tmpfs" ino=4012 scontext=u:r:priv_app:s0:c512,c768 tcontext=u:object_r:device:s0 tclass=dir permissive=0
02-16 23:53:01.025  2094  3717 E GcmPushIntentOperation: Failed to subscribe to GCM: com.google.android.gms.contextmanager
02-16 23:53:01.025  2094  3717 E GcmPushIntentOperation: java.io.IOException: INVALID_SENDER
02-16 23:53:01.025  2094  3717 E GcmPushIntentOperation: 	at vfm.b(:com.google.android.gms@11743470:39)
02-16 23:53:01.025  2094  3717 E GcmPushIntentOperation: 	at vfm.a(:com.google.android.gms@11743470:46)
02-16 23:53:01.025  2094  3717 E GcmPushIntentOperation: 	at vfj.b(:com.google.android.gms@11743470:11)
02-16 23:53:01.025  2094  3717 E GcmPushIntentOperation: 	at vfj.a(:com.google.android.gms@11743470:29)
02-16 23:53:01.025  2094  3717 E GcmPushIntentOperation: 	at com.google.android.gms.phenotype.gcmpush.GcmPushIntentOperation.a(:com.google.android.gms@11743470:15)
02-16 23:53:01.025  2094  3717 E GcmPushIntentOperation: 	at com.google.android.gms.phenotype.gcmpush.GcmPushIntentOperation.onHandleIntent(:com.google.android.gms@11743470:7)
02-16 23:53:01.025  2094  3717 E GcmPushIntentOperation: 	at com.google.android.chimera.IntentOperation.onHandleIntent(:com.google.android.gms@11743470:2)
02-16 23:53:01.025  2094  3717 E GcmPushIntentOperation: 	at bwo.run(:com.google.android.gms@11743470:10)
02-16 23:53:01.025  2094  3717 E GcmPushIntentOperation: 	at bwl.run(:com.google.android.gms@11743470:14)
02-16 23:53:01.025  2094  3717 E GcmPushIntentOperation: 	at java.util.concurrent.ThreadPoolExecutor.runWorker(ThreadPoolExecutor.java:1133)
02-16 23:53:01.025  2094  3717 E GcmPushIntentOperation: 	at java.util.concurrent.ThreadPoolExecutor$Worker.run(ThreadPoolExecutor.java:607)
02-16 23:53:01.025  2094  3717 E GcmPushIntentOperation: 	at java.lang.Thread.run(Thread.java:761)
02-16 23:53:01.071  3438  3438 W Binder:3438_2: type=1400 audit(0.0:17): avc: denied { read } for name="/" dev="tmpfs" ino=4012 scontext=u:r:priv_app:s0:c512,c768 tcontext=u:object_r:device:s0 tclass=dir permissive=0
02-16 23:53:01.140  3438  3450 D EGL_emulation: eglCreateContext: 0xa220e320: maj 2 min 0 rcv 2
02-16 23:53:01.144  3438  3450 D EGL_emulation: eglMakeCurrent: 0xa220e320: ver 2 0 (tinfo 0xa3ef74f0)
02-16 23:53:01.271  2094  3717 E GcmPushIntentOperation: Failed to subscribe to GCM: com.google.android.gms
02-16 23:53:01.271  2094  3717 E GcmPushIntentOperation: java.io.IOException: INVALID_SENDER
02-16 23:53:01.271  2094  3717 E GcmPushIntentOperation: 	at vfm.b(:com.google.android.gms@11743470:39)
02-16 23:53:01.271  2094  3717 E GcmPushIntentOperation: 	at vfm.a(:com.google.android.gms@11743470:46)
02-16 23:53:01.271  2094  3717 E GcmPushIntentOperation: 	at vfj.b(:com.google.android.gms@11743470:11)
02-16 23:53:01.271  2094  3717 E GcmPushIntentOperation: 	at vfj.a(:com.google.android.gms@11743470:29)
02-16 23:53:01.271  2094  3717 E GcmPushIntentOperation: 	at com.google.android.gms.phenotype.gcmpush.GcmPushIntentOperation.a(:com.google.android.gms@11743470:15)
02-16 23:53:01.271  2094  3717 E GcmPushIntentOperation: 	at com.google.android.gms.phenotype.gcmpush.GcmPushIntentOperation.onHandleIntent(:com.google.android.gms@11743470:7)
02-16 23:53:01.271  2094  3717 E GcmPushIntentOperation: 	at com.google.android.chimera.IntentOperation.onHandleIntent(:com.google.android.gms@11743470:2)
02-16 23:53:01.271  2094  3717 E GcmPushIntentOperation: 	at bwo.run(:com.google.android.gms@11743470:10)
02-16 23:53:01.271  2094  3717 E GcmPushIntentOperation: 	at bwl.run(:com.google.android.gms@11743470:14)
02-16 23:53:01.271  2094  3717 E GcmPushIntentOperation: 	at java.util.concurrent.ThreadPoolExecutor.runWorker(ThreadPoolExecutor.java:1133)
02-16 23:53:01.271  2094  3717 E GcmPushIntentOperation: 	at java.util.concurrent.ThreadPoolExecutor$Worker.run(ThreadPoolExecutor.java:607)
02-16 23:53:01.271  2094  3717 E GcmPushIntentOperation: 	at java.lang.Thread.run(Thread.java:761)
02-16 23:53:01.373  2094  2109 W GLSUser : [AppCertManager] Failed to get security token.
02-16 23:53:01.373  2094  2109 W GLSUser : java.io.IOException: Invalid scope
02-16 23:53:01.373  2094  2109 W GLSUser : 	at vfm.b(:com.google.android.gms@11743470:39)
02-16 23:53:01.373  2094  2109 W GLSUser : 	at vfm.a(:com.google.android.gms@11743470:46)
02-16 23:53:01.373  2094  2109 W GLSUser : 	at vfj.b(:com.google.android.gms@11743470:11)
02-16 23:53:01.373  2094  2109 W GLSUser : 	at vfj.a(:com.google.android.gms@11743470:29)
02-16 23:53:01.373  2094  2109 W GLSUser : 	at eyw.b(:com.google.android.gms@11743470:4)
02-16 23:53:01.373  2094  2109 W GLSUser : 	at eyw.a(:com.google.android.gms@11743470:56)
02-16 23:53:01.373  2094  2109 W GLSUser : 	at eyw.a(:com.google.android.gms@11743470:22)
02-16 23:53:01.373  2094  2109 W GLSUser : 	at eyu.a(:com.google.android.gms@11743470:4)
02-16 23:53:01.373  2094  2109 W GLSUser : 	at eyu.onTransact(:com.google.android.gms@11743470:4)
02-16 23:53:01.373  2094  2109 W GLSUser : 	at android.os.Binder.transact(Binder.java:499)
02-16 23:53:01.373  2094  2109 W GLSUser : 	at bvg.onTransact(:com.google.android.gms@11743470:3)
02-16 23:53:01.373  2094  2109 W GLSUser : 	at android.os.Binder.execTransact(Binder.java:565)
02-16 23:53:01.397  2094  2109 W Conscrypt: Could not set socket write timeout:
02-16 23:53:01.399  2094  2109 W Conscrypt:    java.lang.reflect.Method.invoke(Native Method)
02-16 23:53:01.399  2094  2109 W Conscrypt:    com.google.android.gms.org.conscrypt.Platform.setSocketWriteTimeout(:com.google.android.gms@11743470:13)
02-16 23:53:01.450  2094  2109 W Conscrypt: Could not set socket write timeout:
02-16 23:53:01.450  2094  2109 W Conscrypt:    java.lang.reflect.Method.invoke(Native Method)
02-16 23:53:01.450  2094  2109 W Conscrypt:    com.google.android.gms.org.conscrypt.Platform.setSocketWriteTimeout(:com.google.android.gms@11743470:13)
02-16 23:53:01.491  2094  3717 E GcmPushIntentOperation: Failed to subscribe to GCM: com.google.android.gms.security
02-16 23:53:01.491  2094  3717 E GcmPushIntentOperation: java.io.IOException: INVALID_SENDER
02-16 23:53:01.491  2094  3717 E GcmPushIntentOperation: 	at vfm.b(:com.google.android.gms@11743470:39)
02-16 23:53:01.491  2094  3717 E GcmPushIntentOperation: 	at vfm.a(:com.google.android.gms@11743470:46)
02-16 23:53:01.491  2094  3717 E GcmPushIntentOperation: 	at vfj.b(:com.google.android.gms@11743470:11)
02-16 23:53:01.491  2094  3717 E GcmPushIntentOperation: 	at vfj.a(:com.google.android.gms@11743470:29)
02-16 23:53:01.491  2094  3717 E GcmPushIntentOperation: 	at com.google.android.gms.phenotype.gcmpush.GcmPushIntentOperation.a(:com.google.android.gms@11743470:15)
02-16 23:53:01.491  2094  3717 E GcmPushIntentOperation: 	at com.google.android.gms.phenotype.gcmpush.GcmPushIntentOperation.onHandleIntent(:com.google.android.gms@11743470:7)
02-16 23:53:01.491  2094  3717 E GcmPushIntentOperation: 	at com.google.android.chimera.IntentOperation.onHandleIntent(:com.google.android.gms@11743470:2)
02-16 23:53:01.491  2094  3717 E GcmPushIntentOperation: 	at bwo.run(:com.google.android.gms@11743470:10)
02-16 23:53:01.491  2094  3717 E GcmPushIntentOperation: 	at bwl.run(:com.google.android.gms@11743470:14)
02-16 23:53:01.491  2094  3717 E GcmPushIntentOperation: 	at java.util.concurrent.ThreadPoolExecutor.runWorker(ThreadPoolExecutor.java:1133)
02-16 23:53:01.491  2094  3717 E GcmPushIntentOperation: 	at java.util.concurrent.ThreadPoolExecutor$Worker.run(ThreadPoolExecutor.java:607)
02-16 23:53:01.491  2094  3717 E GcmPushIntentOperation: 	at java.lang.Thread.run(Thread.java:761)
02-16 23:53:01.495  2094  2109 W GLSUser : [AppCertManager] IOException while requesting key: 
02-16 23:53:01.495  2094  2109 W GLSUser : java.io.IOException: Invalid device key response.
02-16 23:53:01.495  2094  2109 W GLSUser : 	at eyw.a(:com.google.android.gms@11743470:14)
02-16 23:53:01.495  2094  2109 W GLSUser : 	at eyw.a(:com.google.android.gms@11743470:65)
02-16 23:53:01.495  2094  2109 W GLSUser : 	at eyw.a(:com.google.android.gms@11743470:22)
02-16 23:53:01.495  2094  2109 W GLSUser : 	at eyu.a(:com.google.android.gms@11743470:4)
02-16 23:53:01.495  2094  2109 W GLSUser : 	at eyu.onTransact(:com.google.android.gms@11743470:4)
02-16 23:53:01.495  2094  2109 W GLSUser : 	at android.os.Binder.transact(Binder.java:499)
02-16 23:53:01.495  2094  2109 W GLSUser : 	at bvg.onTransact(:com.google.android.gms@11743470:3)
02-16 23:53:01.495  2094  2109 W GLSUser : 	at android.os.Binder.execTransact(Binder.java:565)
02-16 23:53:01.495  2094  2109 W GLSUser : [DeviceKeyStore] Cannot load key: Device key file not found.
02-16 23:53:01.561  2276  2504 W Conscrypt: Could not set socket write timeout:
02-16 23:53:01.562  2276  2504 W Conscrypt:    java.lang.reflect.Method.invoke(Native Method)
02-16 23:53:01.562  2276  2504 W Conscrypt:    com.google.android.gms.org.conscrypt.Platform.setSocketWriteTimeout(:com.google.android.gms@11743470:13)
02-16 23:53:01.603  1644  1657 I ActivityManager: Waited long enough for: ServiceRecord{fe02910 u0 com.google.android.gms/.update.SystemUpdateService}
02-16 23:53:01.611  2276  2504 W Conscrypt: Could not set socket write timeout:
02-16 23:53:01.612  2276  2504 W Conscrypt:    java.lang.reflect.Method.invoke(Native Method)
02-16 23:53:01.612  2276  2504 W Conscrypt:    com.google.android.gms.org.conscrypt.Platform.setSocketWriteTimeout(:com.google.android.gms@11743470:13)
02-16 23:53:01.684  2094  3717 E GcmPushIntentOperation: Failed to subscribe to GCM: com.google.android.gms.trustlet_place
02-16 23:53:01.684  2094  3717 E GcmPushIntentOperation: java.io.IOException: INVALID_SENDER
02-16 23:53:01.684  2094  3717 E GcmPushIntentOperation: 	at vfm.b(:com.google.android.gms@11743470:39)
02-16 23:53:01.684  2094  3717 E GcmPushIntentOperation: 	at vfm.a(:com.google.android.gms@11743470:46)
02-16 23:53:01.684  2094  3717 E GcmPushIntentOperation: 	at vfj.b(:com.google.android.gms@11743470:11)
02-16 23:53:01.684  2094  3717 E GcmPushIntentOperation: 	at vfj.a(:com.google.android.gms@11743470:29)
02-16 23:53:01.684  2094  3717 E GcmPushIntentOperation: 	at com.google.android.gms.phenotype.gcmpush.GcmPushIntentOperation.a(:com.google.android.gms@11743470:15)
02-16 23:53:01.684  2094  3717 E GcmPushIntentOperation: 	at com.google.android.gms.phenotype.gcmpush.GcmPushIntentOperation.onHandleIntent(:com.google.android.gms@11743470:7)
02-16 23:53:01.684  2094  3717 E GcmPushIntentOperation: 	at com.google.android.chimera.IntentOperation.onHandleIntent(:com.google.android.gms@11743470:2)
02-16 23:53:01.684  2094  3717 E GcmPushIntentOperation: 	at bwo.run(:com.google.android.gms@11743470:10)
02-16 23:53:01.684  2094  3717 E GcmPushIntentOperation: 	at bwl.run(:com.google.android.gms@11743470:14)
02-16 23:53:01.684  2094  3717 E GcmPushIntentOperation: 	at java.util.concurrent.ThreadPoolExecutor.runWorker(ThreadPoolExecutor.java:1133)
02-16 23:53:01.684  2094  3717 E GcmPushIntentOperation: 	at java.util.concurrent.ThreadPoolExecutor$Worker.run(ThreadPoolExecutor.java:607)
02-16 23:53:01.684  2094  3717 E GcmPushIntentOperation: 	at java.lang.Thread.run(Thread.java:761)
02-16 23:53:01.741  2276  2777 E MS_RegisterService: Exception during register request.
02-16 23:53:01.741  2276  2777 E MS_RegisterService: bbtc: PERMISSION_DENIED: The caller does not have permission
02-16 23:53:01.741  2276  2777 E MS_RegisterService: 	at bbsy.c(:com.google.android.gms@11743470:3)
02-16 23:53:01.741  2276  2777 E MS_RegisterService: 	at mgw.a(:com.google.android.gms@11743470:82)
02-16 23:53:01.741  2276  2777 E MS_RegisterService: 	at com.google.android.libraries.matchstick.net.SilentRegisterIntentOperation.a(:com.google.android.gms@11743470:244)
02-16 23:53:01.741  2276  2777 E MS_RegisterService: 	at com.google.android.libraries.matchstick.net.SilentRegisterIntentOperation.onHandleIntent(:com.google.android.gms@11743470:329)
02-16 23:53:01.741  2276  2777 E MS_RegisterService: 	at com.google.android.chimera.IntentOperation.onHandleIntent(:com.google.android.gms@11743470:2)
02-16 23:53:01.741  2276  2777 E MS_RegisterService: 	at bwo.run(:com.google.android.gms@11743470:10)
02-16 23:53:01.741  2276  2777 E MS_RegisterService: 	at bwl.run(:com.google.android.gms@11743470:14)
02-16 23:53:01.741  2276  2777 E MS_RegisterService: 	at java.util.concurrent.ThreadPoolExecutor.runWorker(ThreadPoolExecutor.java:1133)
02-16 23:53:01.741  2276  2777 E MS_RegisterService: 	at java.util.concurrent.ThreadPoolExecutor$Worker.run(ThreadPoolExecutor.java:607)
02-16 23:53:01.741  2276  2777 E MS_RegisterService: 	at java.lang.Thread.run(Thread.java:761)
02-16 23:53:01.877  2094  3717 E GcmPushIntentOperation: Failed to subscribe to GCM: com.google.android.gms.octarine
02-16 23:53:01.877  2094  3717 E GcmPushIntentOperation: java.io.IOException: INVALID_SENDER
02-16 23:53:01.877  2094  3717 E GcmPushIntentOperation: 	at vfm.b(:com.google.android.gms@11743470:39)
02-16 23:53:01.877  2094  3717 E GcmPushIntentOperation: 	at vfm.a(:com.google.android.gms@11743470:46)
02-16 23:53:01.877  2094  3717 E GcmPushIntentOperation: 	at vfj.b(:com.google.android.gms@11743470:11)
02-16 23:53:01.877  2094  3717 E GcmPushIntentOperation: 	at vfj.a(:com.google.android.gms@11743470:29)
02-16 23:53:01.877  2094  3717 E GcmPushIntentOperation: 	at com.google.android.gms.phenotype.gcmpush.GcmPushIntentOperation.a(:com.google.android.gms@11743470:15)
02-16 23:53:01.877  2094  3717 E GcmPushIntentOperation: 	at com.google.android.gms.phenotype.gcmpush.GcmPushIntentOperation.onHandleIntent(:com.google.android.gms@11743470:7)
02-16 23:53:01.877  2094  3717 E GcmPushIntentOperation: 	at com.google.android.chimera.IntentOperation.onHandleIntent(:com.google.android.gms@11743470:2)
02-16 23:53:01.877  2094  3717 E GcmPushIntentOperation: 	at bwo.run(:com.google.android.gms@11743470:10)
02-16 23:53:01.877  2094  3717 E GcmPushIntentOperation: 	at bwl.run(:com.google.android.gms@11743470:14)
02-16 23:53:01.877  2094  3717 E GcmPushIntentOperation: 	at java.util.concurrent.ThreadPoolExecutor.runWorker(ThreadPoolExecutor.java:1133)
02-16 23:53:01.877  2094  3717 E GcmPushIntentOperation: 	at java.util.concurrent.ThreadPoolExecutor$Worker.run(ThreadPoolExecutor.java:607)
02-16 23:53:01.877  2094  3717 E GcmPushIntentOperation: 	at java.lang.Thread.run(Thread.java:761)
02-16 23:53:02.103  2094  3717 E GcmPushIntentOperation: Failed to subscribe to GCM: com.google.android.gms.googlehelp
02-16 23:53:02.103  2094  3717 E GcmPushIntentOperation: java.io.IOException: INVALID_SENDER
02-16 23:53:02.103  2094  3717 E GcmPushIntentOperation: 	at vfm.b(:com.google.android.gms@11743470:39)
02-16 23:53:02.103  2094  3717 E GcmPushIntentOperation: 	at vfm.a(:com.google.android.gms@11743470:46)
02-16 23:53:02.103  2094  3717 E GcmPushIntentOperation: 	at vfj.b(:com.google.android.gms@11743470:11)
02-16 23:53:02.103  2094  3717 E GcmPushIntentOperation: 	at vfj.a(:com.google.android.gms@11743470:29)
02-16 23:53:02.103  2094  3717 E GcmPushIntentOperation: 	at com.google.android.gms.phenotype.gcmpush.GcmPushIntentOperation.a(:com.google.android.gms@11743470:15)
02-16 23:53:02.103  2094  3717 E GcmPushIntentOperation: 	at com.google.android.gms.phenotype.gcmpush.GcmPushIntentOperation.onHandleIntent(:com.google.android.gms@11743470:7)
02-16 23:53:02.103  2094  3717 E GcmPushIntentOperation: 	at com.google.android.chimera.IntentOperation.onHandleIntent(:com.google.android.gms@11743470:2)
02-16 23:53:02.103  2094  3717 E GcmPushIntentOperation: 	at bwo.run(:com.google.android.gms@11743470:10)
02-16 23:53:02.103  2094  3717 E GcmPushIntentOperation: 	at bwl.run(:com.google.android.gms@11743470:14)
02-16 23:53:02.103  2094  3717 E GcmPushIntentOperation: 	at java.util.concurrent.ThreadPoolExecutor.runWorker(ThreadPoolExecutor.java:1133)
02-16 23:53:02.103  2094  3717 E GcmPushIntentOperation: 	at java.util.concurrent.ThreadPoolExecutor$Worker.run(ThreadPoolExecutor.java:607)
02-16 23:53:02.103  2094  3717 E GcmPushIntentOperation: 	at java.lang.Thread.run(Thread.java:761)
02-16 23:53:02.318  2094  3717 E GcmPushIntentOperation: Failed to subscribe to GCM: com.google.android.gms.autofill
02-16 23:53:02.318  2094  3717 E GcmPushIntentOperation: java.io.IOException: INVALID_SENDER
02-16 23:53:02.318  2094  3717 E GcmPushIntentOperation: 	at vfm.b(:com.google.android.gms@11743470:39)
02-16 23:53:02.318  2094  3717 E GcmPushIntentOperation: 	at vfm.a(:com.google.android.gms@11743470:46)
02-16 23:53:02.318  2094  3717 E GcmPushIntentOperation: 	at vfj.b(:com.google.android.gms@11743470:11)
02-16 23:53:02.318  2094  3717 E GcmPushIntentOperation: 	at vfj.a(:com.google.android.gms@11743470:29)
02-16 23:53:02.318  2094  3717 E GcmPushIntentOperation: 	at com.google.android.gms.phenotype.gcmpush.GcmPushIntentOperation.a(:com.google.android.gms@11743470:15)
02-16 23:53:02.318  2094  3717 E GcmPushIntentOperation: 	at com.google.android.gms.phenotype.gcmpush.GcmPushIntentOperation.onHandleIntent(:com.google.android.gms@11743470:7)
02-16 23:53:02.318  2094  3717 E GcmPushIntentOperation: 	at com.google.android.chimera.IntentOperation.onHandleIntent(:com.google.android.gms@11743470:2)
02-16 23:53:02.318  2094  3717 E GcmPushIntentOperation: 	at bwo.run(:com.google.android.gms@11743470:10)
02-16 23:53:02.318  2094  3717 E GcmPushIntentOperation: 	at bwl.run(:com.google.android.gms@11743470:14)
02-16 23:53:02.318  2094  3717 E GcmPushIntentOperation: 	at java.util.concurrent.ThreadPoolExecutor.runWorker(ThreadPoolExecutor.java:1133)
02-16 23:53:02.318  2094  3717 E GcmPushIntentOperation: 	at java.util.concurrent.ThreadPoolExecutor$Worker.run(ThreadPoolExecutor.java:607)
02-16 23:53:02.318  2094  3717 E GcmPushIntentOperation: 	at java.lang.Thread.run(Thread.java:761)
02-16 23:53:02.554  2094  3717 E GcmPushIntentOperation: Failed to subscribe to GCM: com.google.android.gms.cast
02-16 23:53:02.554  2094  3717 E GcmPushIntentOperation: java.io.IOException: INVALID_SENDER
02-16 23:53:02.554  2094  3717 E GcmPushIntentOperation: 	at vfm.b(:com.google.android.gms@11743470:39)
02-16 23:53:02.554  2094  3717 E GcmPushIntentOperation: 	at vfm.a(:com.google.android.gms@11743470:46)
02-16 23:53:02.554  2094  3717 E GcmPushIntentOperation: 	at vfj.b(:com.google.android.gms@11743470:11)
02-16 23:53:02.554  2094  3717 E GcmPushIntentOperation: 	at vfj.a(:com.google.android.gms@11743470:29)
02-16 23:53:02.554  2094  3717 E GcmPushIntentOperation: 	at com.google.android.gms.phenotype.gcmpush.GcmPushIntentOperation.a(:com.google.android.gms@11743470:15)
02-16 23:53:02.554  2094  3717 E GcmPushIntentOperation: 	at com.google.android.gms.phenotype.gcmpush.GcmPushIntentOperation.onHandleIntent(:com.google.android.gms@11743470:7)
02-16 23:53:02.554  2094  3717 E GcmPushIntentOperation: 	at com.google.android.chimera.IntentOperation.onHandleIntent(:com.google.android.gms@11743470:2)
02-16 23:53:02.554  2094  3717 E GcmPushIntentOperation: 	at bwo.run(:com.google.android.gms@11743470:10)
02-16 23:53:02.554  2094  3717 E GcmPushIntentOperation: 	at bwl.run(:com.google.android.gms@11743470:14)
02-16 23:53:02.554  2094  3717 E GcmPushIntentOperation: 	at java.util.concurrent.ThreadPoolExecutor.runWorker(ThreadPoolExecutor.java:1133)
02-16 23:53:02.554  2094  3717 E GcmPushIntentOperation: 	at java.util.concurrent.ThreadPoolExecutor$Worker.run(ThreadPoolExecutor.java:607)
02-16 23:53:02.554  2094  3717 E GcmPushIntentOperation: 	at java.lang.Thread.run(Thread.java:761)
02-16 23:53:02.771  2094  3717 E GcmPushIntentOperation: Failed to subscribe to GCM: com.google.android.gms.trustagent
02-16 23:53:02.771  2094  3717 E GcmPushIntentOperation: java.io.IOException: INVALID_SENDER
02-16 23:53:02.771  2094  3717 E GcmPushIntentOperation: 	at vfm.b(:com.google.android.gms@11743470:39)
02-16 23:53:02.771  2094  3717 E GcmPushIntentOperation: 	at vfm.a(:com.google.android.gms@11743470:46)
02-16 23:53:02.771  2094  3717 E GcmPushIntentOperation: 	at vfj.b(:com.google.android.gms@11743470:11)
02-16 23:53:02.771  2094  3717 E GcmPushIntentOperation: 	at vfj.a(:com.google.android.gms@11743470:29)
02-16 23:53:02.771  2094  3717 E GcmPushIntentOperation: 	at com.google.android.gms.phenotype.gcmpush.GcmPushIntentOperation.a(:com.google.android.gms@11743470:15)
02-16 23:53:02.771  2094  3717 E GcmPushIntentOperation: 	at com.google.android.gms.phenotype.gcmpush.GcmPushIntentOperation.onHandleIntent(:com.google.android.gms@11743470:7)
02-16 23:53:02.771  2094  3717 E GcmPushIntentOperation: 	at com.google.android.chimera.IntentOperation.onHandleIntent(:com.google.android.gms@11743470:2)
02-16 23:53:02.771  2094  3717 E GcmPushIntentOperation: 	at bwo.run(:com.google.android.gms@11743470:10)
02-16 23:53:02.771  2094  3717 E GcmPushIntentOperation: 	at bwl.run(:com.google.android.gms@11743470:14)
02-16 23:53:02.771  2094  3717 E GcmPushIntentOperation: 	at java.util.concurrent.ThreadPoolExecutor.runWorker(ThreadPoolExecutor.java:1133)
02-16 23:53:02.771  2094  3717 E GcmPushIntentOperation: 	at java.util.concurrent.ThreadPoolExecutor$Worker.run(ThreadPoolExecutor.java:607)
02-16 23:53:02.771  2094  3717 E GcmPushIntentOperation: 	at java.lang.Thread.run(Thread.java:761)
02-16 23:53:02.963  2094  3717 E GcmPushIntentOperation: Failed to subscribe to GCM: com.google.android.gms.devicedoctor
02-16 23:53:02.963  2094  3717 E GcmPushIntentOperation: java.io.IOException: INVALID_SENDER
02-16 23:53:02.963  2094  3717 E GcmPushIntentOperation: 	at vfm.b(:com.google.android.gms@11743470:39)
02-16 23:53:02.963  2094  3717 E GcmPushIntentOperation: 	at vfm.a(:com.google.android.gms@11743470:46)
02-16 23:53:02.963  2094  3717 E GcmPushIntentOperation: 	at vfj.b(:com.google.android.gms@11743470:11)
02-16 23:53:02.963  2094  3717 E GcmPushIntentOperation: 	at vfj.a(:com.google.android.gms@11743470:29)
02-16 23:53:02.963  2094  3717 E GcmPushIntentOperation: 	at com.google.android.gms.phenotype.gcmpush.GcmPushIntentOperation.a(:com.google.android.gms@11743470:15)
02-16 23:53:02.963  2094  3717 E GcmPushIntentOperation: 	at com.google.android.gms.phenotype.gcmpush.GcmPushIntentOperation.onHandleIntent(:com.google.android.gms@11743470:7)
02-16 23:53:02.963  2094  3717 E GcmPushIntentOperation: 	at com.google.android.chimera.IntentOperation.onHandleIntent(:com.google.android.gms@11743470:2)
02-16 23:53:02.963  2094  3717 E GcmPushIntentOperation: 	at bwo.run(:com.google.android.gms@11743470:10)
02-16 23:53:02.963  2094  3717 E GcmPushIntentOperation: 	at bwl.run(:com.google.android.gms@11743470:14)
02-16 23:53:02.963  2094  3717 E GcmPushIntentOperation: 	at java.util.concurrent.ThreadPoolExecutor.runWorker(ThreadPoolExecutor.java:1133)
02-16 23:53:02.963  2094  3717 E GcmPushIntentOperation: 	at java.util.concurrent.ThreadPoolExecutor$Worker.run(ThreadPoolExecutor.java:607)
02-16 23:53:02.963  2094  3717 E GcmPushIntentOperation: 	at java.lang.Thread.run(Thread.java:761)
02-16 23:53:03.157  2094  3717 E GcmPushIntentOperation: Failed to subscribe to GCM: com.google.android.gms.trustlet_onbody
02-16 23:53:03.157  2094  3717 E GcmPushIntentOperation: java.io.IOException: INVALID_SENDER
02-16 23:53:03.157  2094  3717 E GcmPushIntentOperation: 	at vfm.b(:com.google.android.gms@11743470:39)
02-16 23:53:03.157  2094  3717 E GcmPushIntentOperation: 	at vfm.a(:com.google.android.gms@11743470:46)
02-16 23:53:03.157  2094  3717 E GcmPushIntentOperation: 	at vfj.b(:com.google.android.gms@11743470:11)
02-16 23:53:03.157  2094  3717 E GcmPushIntentOperation: 	at vfj.a(:com.google.android.gms@11743470:29)
02-16 23:53:03.157  2094  3717 E GcmPushIntentOperation: 	at com.google.android.gms.phenotype.gcmpush.GcmPushIntentOperation.a(:com.google.android.gms@11743470:15)
02-16 23:53:03.157  2094  3717 E GcmPushIntentOperation: 	at com.google.android.gms.phenotype.gcmpush.GcmPushIntentOperation.onHandleIntent(:com.google.android.gms@11743470:7)
02-16 23:53:03.157  2094  3717 E GcmPushIntentOperation: 	at com.google.android.chimera.IntentOperation.onHandleIntent(:com.google.android.gms@11743470:2)
02-16 23:53:03.157  2094  3717 E GcmPushIntentOperation: 	at bwo.run(:com.google.android.gms@11743470:10)
02-16 23:53:03.157  2094  3717 E GcmPushIntentOperation: 	at bwl.run(:com.google.android.gms@11743470:14)
02-16 23:53:03.157  2094  3717 E GcmPushIntentOperation: 	at java.util.concurrent.ThreadPoolExecutor.runWorker(ThreadPoolExecutor.java:1133)
02-16 23:53:03.157  2094  3717 E GcmPushIntentOperation: 	at java.util.concurrent.ThreadPoolExecutor$Worker.run(ThreadPoolExecutor.java:607)
02-16 23:53:03.157  2094  3717 E GcmPushIntentOperation: 	at java.lang.Thread.run(Thread.java:761)
02-16 23:53:03.385  2094  3717 E GcmPushIntentOperation: Failed to subscribe to GCM: com.google.android.gms.telephonyspam
02-16 23:53:03.385  2094  3717 E GcmPushIntentOperation: java.io.IOException: INVALID_SENDER
02-16 23:53:03.385  2094  3717 E GcmPushIntentOperation: 	at vfm.b(:com.google.android.gms@11743470:39)
02-16 23:53:03.385  2094  3717 E GcmPushIntentOperation: 	at vfm.a(:com.google.android.gms@11743470:46)
02-16 23:53:03.385  2094  3717 E GcmPushIntentOperation: 	at vfj.b(:com.google.android.gms@11743470:11)
02-16 23:53:03.385  2094  3717 E GcmPushIntentOperation: 	at vfj.a(:com.google.android.gms@11743470:29)
02-16 23:53:03.385  2094  3717 E GcmPushIntentOperation: 	at com.google.android.gms.phenotype.gcmpush.GcmPushIntentOperation.a(:com.google.android.gms@11743470:15)
02-16 23:53:03.385  2094  3717 E GcmPushIntentOperation: 	at com.google.android.gms.phenotype.gcmpush.GcmPushIntentOperation.onHandleIntent(:com.google.android.gms@11743470:7)
02-16 23:53:03.385  2094  3717 E GcmPushIntentOperation: 	at com.google.android.chimera.IntentOperation.onHandleIntent(:com.google.android.gms@11743470:2)
02-16 23:53:03.385  2094  3717 E GcmPushIntentOperation: 	at bwo.run(:com.google.android.gms@11743470:10)
02-16 23:53:03.385  2094  3717 E GcmPushIntentOperation: 	at bwl.run(:com.google.android.gms@11743470:14)
02-16 23:53:03.385  2094  3717 E GcmPushIntentOperation: 	at java.util.concurrent.ThreadPoolExecutor.runWorker(ThreadPoolExecutor.java:1133)
02-16 23:53:03.385  2094  3717 E GcmPushIntentOperation: 	at java.util.concurrent.ThreadPoolExecutor$Worker.run(ThreadPoolExecutor.java:607)
02-16 23:53:03.385  2094  3717 E GcmPushIntentOperation: 	at java.lang.Thread.run(Thread.java:761)
02-16 23:53:03.561  2094  3717 E GcmPushIntentOperation: Failed to subscribe to GCM: com.google.android.gms.reachability
02-16 23:53:03.561  2094  3717 E GcmPushIntentOperation: java.io.IOException: INVALID_SENDER
02-16 23:53:03.561  2094  3717 E GcmPushIntentOperation: 	at vfm.b(:com.google.android.gms@11743470:39)
02-16 23:53:03.561  2094  3717 E GcmPushIntentOperation: 	at vfm.a(:com.google.android.gms@11743470:46)
02-16 23:53:03.561  2094  3717 E GcmPushIntentOperation: 	at vfj.b(:com.google.android.gms@11743470:11)
02-16 23:53:03.561  2094  3717 E GcmPushIntentOperation: 	at vfj.a(:com.google.android.gms@11743470:29)
02-16 23:53:03.561  2094  3717 E GcmPushIntentOperation: 	at com.google.android.gms.phenotype.gcmpush.GcmPushIntentOperation.a(:com.google.android.gms@11743470:15)
02-16 23:53:03.561  2094  3717 E GcmPushIntentOperation: 	at com.google.android.gms.phenotype.gcmpush.GcmPushIntentOperation.onHandleIntent(:com.google.android.gms@11743470:7)
02-16 23:53:03.561  2094  3717 E GcmPushIntentOperation: 	at com.google.android.chimera.IntentOperation.onHandleIntent(:com.google.android.gms@11743470:2)
02-16 23:53:03.561  2094  3717 E GcmPushIntentOperation: 	at bwo.run(:com.google.android.gms@11743470:10)
02-16 23:53:03.561  2094  3717 E GcmPushIntentOperation: 	at bwl.run(:com.google.android.gms@11743470:14)
02-16 23:53:03.561  2094  3717 E GcmPushIntentOperation: 	at java.util.concurrent.ThreadPoolExecutor.runWorker(ThreadPoolExecutor.java:1133)
02-16 23:53:03.561  2094  3717 E GcmPushIntentOperation: 	at java.util.concurrent.ThreadPoolExecutor$Worker.run(ThreadPoolExecutor.java:607)
02-16 23:53:03.561  2094  3717 E GcmPushIntentOperation: 	at java.lang.Thread.run(Thread.java:761)
02-16 23:53:03.748  3378  3378 W dex2oat : Before Android 4.1, method double java.util.concurrent.ThreadLocalRandom.internalNextDouble(double, double) would have incorrectly overridden the package-private method in java.util.Random
02-16 23:53:03.748  3378  3378 W dex2oat : Before Android 4.1, method int java.util.concurrent.ThreadLocalRandom.internalNextInt(int, int) would have incorrectly overridden the package-private method in java.util.Random
02-16 23:53:03.748  3378  3378 W dex2oat : Before Android 4.1, method long java.util.concurrent.ThreadLocalRandom.internalNextLong(long, long) would have incorrectly overridden the package-private method in java.util.Random
02-16 23:53:03.791  2094  3717 E GcmPushIntentOperation: Failed to subscribe to GCM: com.google.android.gms.audit
02-16 23:53:03.791  2094  3717 E GcmPushIntentOperation: java.io.IOException: INVALID_SENDER
02-16 23:53:03.791  2094  3717 E GcmPushIntentOperation: 	at vfm.b(:com.google.android.gms@11743470:39)
02-16 23:53:03.791  2094  3717 E GcmPushIntentOperation: 	at vfm.a(:com.google.android.gms@11743470:46)
02-16 23:53:03.791  2094  3717 E GcmPushIntentOperation: 	at vfj.b(:com.google.android.gms@11743470:11)
02-16 23:53:03.791  2094  3717 E GcmPushIntentOperation: 	at vfj.a(:com.google.android.gms@11743470:29)
02-16 23:53:03.791  2094  3717 E GcmPushIntentOperation: 	at com.google.android.gms.phenotype.gcmpush.GcmPushIntentOperation.a(:com.google.android.gms@11743470:15)
02-16 23:53:03.791  2094  3717 E GcmPushIntentOperation: 	at com.google.android.gms.phenotype.gcmpush.GcmPushIntentOperation.onHandleIntent(:com.google.android.gms@11743470:7)
02-16 23:53:03.791  2094  3717 E GcmPushIntentOperation: 	at com.google.android.chimera.IntentOperation.onHandleIntent(:com.google.android.gms@11743470:2)
02-16 23:53:03.791  2094  3717 E GcmPushIntentOperation: 	at bwo.run(:com.google.android.gms@11743470:10)
02-16 23:53:03.791  2094  3717 E GcmPushIntentOperation: 	at bwl.run(:com.google.android.gms@11743470:14)
02-16 23:53:03.791  2094  3717 E GcmPushIntentOperation: 	at java.util.concurrent.ThreadPoolExecutor.runWorker(ThreadPoolExecutor.java:1133)
02-16 23:53:03.791  2094  3717 E GcmPushIntentOperation: 	at java.util.concurrent.ThreadPoolExecutor$Worker.run(ThreadPoolExecutor.java:607)
02-16 23:53:03.791  2094  3717 E GcmPushIntentOperation: 	at java.lang.Thread.run(Thread.java:761)
02-16 23:53:03.888  2094  2094 I WearableService: Wearable Services stopping
02-16 23:53:04.001  2094  3717 E GcmPushIntentOperation: Failed to subscribe to GCM: com.google.android.gms.icing
02-16 23:53:04.001  2094  3717 E GcmPushIntentOperation: java.io.IOException: INVALID_SENDER
02-16 23:53:04.001  2094  3717 E GcmPushIntentOperation: 	at vfm.b(:com.google.android.gms@11743470:39)
02-16 23:53:04.001  2094  3717 E GcmPushIntentOperation: 	at vfm.a(:com.google.android.gms@11743470:46)
02-16 23:53:04.001  2094  3717 E GcmPushIntentOperation: 	at vfj.b(:com.google.android.gms@11743470:11)
02-16 23:53:04.001  2094  3717 E GcmPushIntentOperation: 	at vfj.a(:com.google.android.gms@11743470:29)
02-16 23:53:04.001  2094  3717 E GcmPushIntentOperation: 	at com.google.android.gms.phenotype.gcmpush.GcmPushIntentOperation.a(:com.google.android.gms@11743470:15)
02-16 23:53:04.001  2094  3717 E GcmPushIntentOperation: 	at com.google.android.gms.phenotype.gcmpush.GcmPushIntentOperation.onHandleIntent(:com.google.android.gms@11743470:7)
02-16 23:53:04.001  2094  3717 E GcmPushIntentOperation: 	at com.google.android.chimera.IntentOperation.onHandleIntent(:com.google.android.gms@11743470:2)
02-16 23:53:04.001  2094  3717 E GcmPushIntentOperation: 	at bwo.run(:com.google.android.gms@11743470:10)
02-16 23:53:04.001  2094  3717 E GcmPushIntentOperation: 	at bwl.run(:com.google.android.gms@11743470:14)
02-16 23:53:04.001  2094  3717 E GcmPushIntentOperation: 	at java.util.concurrent.ThreadPoolExecutor.runWorker(ThreadPoolExecutor.java:1133)
02-16 23:53:04.001  2094  3717 E GcmPushIntentOperation: 	at java.util.concurrent.ThreadPoolExecutor$Worker.run(ThreadPoolExecutor.java:607)
02-16 23:53:04.001  2094  3717 E GcmPushIntentOperation: 	at java.lang.Thread.run(Thread.java:761)
02-16 23:53:04.188  2094  3717 E GcmPushIntentOperation: Failed to subscribe to GCM: com.google.android.gms.auth.api.credentials
02-16 23:53:04.188  2094  3717 E GcmPushIntentOperation: java.io.IOException: INVALID_SENDER
02-16 23:53:04.188  2094  3717 E GcmPushIntentOperation: 	at vfm.b(:com.google.android.gms@11743470:39)
02-16 23:53:04.188  2094  3717 E GcmPushIntentOperation: 	at vfm.a(:com.google.android.gms@11743470:46)
02-16 23:53:04.188  2094  3717 E GcmPushIntentOperation: 	at vfj.b(:com.google.android.gms@11743470:11)
02-16 23:53:04.188  2094  3717 E GcmPushIntentOperation: 	at vfj.a(:com.google.android.gms@11743470:29)
02-16 23:53:04.188  2094  3717 E GcmPushIntentOperation: 	at com.google.android.gms.phenotype.gcmpush.GcmPushIntentOperation.a(:com.google.android.gms@11743470:15)
02-16 23:53:04.188  2094  3717 E GcmPushIntentOperation: 	at com.google.android.gms.phenotype.gcmpush.GcmPushIntentOperation.onHandleIntent(:com.google.android.gms@11743470:7)
02-16 23:53:04.188  2094  3717 E GcmPushIntentOperation: 	at com.google.android.chimera.IntentOperation.onHandleIntent(:com.google.android.gms@11743470:2)
02-16 23:53:04.188  2094  3717 E GcmPushIntentOperation: 	at bwo.run(:com.google.android.gms@11743470:10)
02-16 23:53:04.188  2094  3717 E GcmPushIntentOperation: 	at bwl.run(:com.google.android.gms@11743470:14)
02-16 23:53:04.188  2094  3717 E GcmPushIntentOperation: 	at java.util.concurrent.ThreadPoolExecutor.runWorker(ThreadPoolExecutor.java:1133)
02-16 23:53:04.188  2094  3717 E GcmPushIntentOperation: 	at java.util.concurrent.ThreadPoolExecutor$Worker.run(ThreadPoolExecutor.java:607)
02-16 23:53:04.188  2094  3717 E GcmPushIntentOperation: 	at java.lang.Thread.run(Thread.java:761)
02-16 23:53:04.400  2094  3717 E GcmPushIntentOperation: Failed to subscribe to GCM: com.google.android.gms.smartdevice
02-16 23:53:04.400  2094  3717 E GcmPushIntentOperation: java.io.IOException: INVALID_SENDER
02-16 23:53:04.400  2094  3717 E GcmPushIntentOperation: 	at vfm.b(:com.google.android.gms@11743470:39)
02-16 23:53:04.400  2094  3717 E GcmPushIntentOperation: 	at vfm.a(:com.google.android.gms@11743470:46)
02-16 23:53:04.400  2094  3717 E GcmPushIntentOperation: 	at vfj.b(:com.google.android.gms@11743470:11)
02-16 23:53:04.400  2094  3717 E GcmPushIntentOperation: 	at vfj.a(:com.google.android.gms@11743470:29)
02-16 23:53:04.400  2094  3717 E GcmPushIntentOperation: 	at com.google.android.gms.phenotype.gcmpush.GcmPushIntentOperation.a(:com.google.android.gms@11743470:15)
02-16 23:53:04.400  2094  3717 E GcmPushIntentOperation: 	at com.google.android.gms.phenotype.gcmpush.GcmPushIntentOperation.onHandleIntent(:com.google.android.gms@11743470:7)
02-16 23:53:04.400  2094  3717 E GcmPushIntentOperation: 	at com.google.android.chimera.IntentOperation.onHandleIntent(:com.google.android.gms@11743470:2)
02-16 23:53:04.400  2094  3717 E GcmPushIntentOperation: 	at bwo.run(:com.google.android.gms@11743470:10)
02-16 23:53:04.400  2094  3717 E GcmPushIntentOperation: 	at bwl.run(:com.google.android.gms@11743470:14)
02-16 23:53:04.400  2094  3717 E GcmPushIntentOperation: 	at java.util.concurrent.ThreadPoolExecutor.runWorker(ThreadPoolExecutor.java:1133)
02-16 23:53:04.400  2094  3717 E GcmPushIntentOperation: 	at java.util.concurrent.ThreadPoolExecutor$Worker.run(ThreadPoolExecutor.java:607)
02-16 23:53:04.400  2094  3717 E GcmPushIntentOperation: 	at java.lang.Thread.run(Thread.java:761)
02-16 23:53:04.788  2960  2960 D Babel   : RefCountedService(com.google.android.apps.hangouts.requestwriter.RequestWriter) onDestroy (count=0, startId=1 stopped=true)
02-16 23:53:05.249  1644  1655 I ActivityManager: Killing 3380:com.google.android.onetimeinitializer/u0a16 (adj 906): empty #17
02-16 23:53:05.251  1644  2015 D ActivityManager: cleanUpApplicationRecord -- 3380
02-16 23:53:06.265  1644  2534 I ActivityManager: Killing 2681:com.google.process.gapps/u0a50 (adj 906): empty #17
02-16 23:53:06.269  1644  1902 D ActivityManager: cleanUpApplicationRecord -- 2681
02-16 23:53:11.718  3378  3378 I dex2oat : dex2oat took 34.942s (threads: 4) arena alloc=622KB (637264B) java alloc=31MB (32991216B) native alloc=46MB (48801168B) free=4MB (4414064B) swap=16MB (16777216B)
02-16 23:53:11.772  1644  1669 W PackageManager: Package com.senthapps.slagrimarket desires unavailable shared library android.ext.adservices; ignoring!
02-16 23:53:11.816  1644  1669 W PackageManager: Unknown permission android.permission.POST_NOTIFICATIONS in package com.senthapps.slagrimarket
02-16 23:53:11.816  1644  1669 W PackageManager: Unknown permission com.google.android.gms.permission.AD_ID in package com.senthapps.slagrimarket
02-16 23:53:11.816  1644  1669 W PackageManager: Unknown permission android.permission.ACCESS_ADSERVICES_ATTRIBUTION in package com.senthapps.slagrimarket
02-16 23:53:11.816  1644  1669 W PackageManager: Unknown permission android.permission.ACCESS_ADSERVICES_AD_ID in package com.senthapps.slagrimarket
02-16 23:53:11.816  1644  1669 W PackageManager: Unknown permission com.google.android.finsky.permission.BIND_GET_INSTALL_REFERRER_SERVICE in package com.senthapps.slagrimarket
02-16 23:53:11.816  1644  1669 W PackageManager: Unknown permission android.permission.FOREGROUND_SERVICE in package com.senthapps.slagrimarket
02-16 23:53:11.843  1405  1405 I         : free_cache(25172071) avail 6018809856
02-16 23:53:11.846  1644  1669 V BackupManagerService: restoreAtInstall pkg=com.senthapps.slagrimarket token=1 restoreSet=0
02-16 23:53:11.846  1644  1669 V BackupManagerService: Finishing install immediately
02-16 23:53:11.859  1644  1669 I ActivityManager: Killing 3227:com.google.android.apps.maps/u0a58 (adj 904): change com.google.android.apps.maps
02-16 23:53:11.860  1644  1669 D ActivityManager: cleanUpApplicationRecord -- 3227
02-16 23:53:11.896  1644  1678 I InputReader: Reconfiguring input devices.  changes=0x00000010
02-16 23:53:11.904  1874  1874 D CarrierSvcBindHelper: No carrier app for: 0
02-16 23:53:11.927  3911  3911 W art     : Unexpected CPU variant for X86 using defaults: x86
02-16 23:53:11.939  1644  1657 W ActivityManager: Slow operation: 71ms so far, now at startProcess: returned from zygote!
02-16 23:53:11.939  1644  1657 W ActivityManager: Slow operation: 72ms so far, now at startProcess: done updating battery stats
02-16 23:53:11.939  1644  1657 W ActivityManager: Slow operation: 72ms so far, now at startProcess: building log message
02-16 23:53:11.940  1644  1657 I ActivityManager: Start proc 3911:com.android.gallery3d/u0a49 for broadcast com.android.gallery3d/.app.PackagesMonitor
02-16 23:53:11.940  1644  1657 W ActivityManager: Slow operation: 73ms so far, now at startProcess: starting to update pids map
02-16 23:53:11.940  1644  1657 W ActivityManager: Slow operation: 73ms so far, now at startProcess: done updating pids map
02-16 23:53:11.940  1644  1657 W ActivityManager: Slow operation: 73ms so far, now at startProcess: done starting proc!
02-16 23:53:11.940  1644  1669 I ActivityManager: Killing 2748:com.google.android.youtube/u0a73 (adj 500): change com.google.android.youtube
02-16 23:53:11.941  1644  1669 D ActivityManager: cleanUpApplicationRecord -- 2748
02-16 23:53:11.942  1644  1669 W ActivityManager: Scheduling restart of crashed service com.google.android.youtube/com.google.android.libraries.youtube.offline.transfer.service.OfflineTransferService in 1000ms
02-16 23:53:12.015  1644  1678 I InputReader: Reconfiguring input devices.  changes=0x00000010
02-16 23:53:12.031  1874  1874 D CarrierSvcBindHelper: No carrier app for: 0
02-16 23:53:12.034  1644  1669 I ActivityManager: Killing 3422:com.google.android.videos/u0a70 (adj 904): change com.google.android.videos
02-16 23:53:12.035  1644  1669 D ActivityManager: cleanUpApplicationRecord -- 3422
02-16 23:53:12.039  1644  1669 I ActivityManager: Killing 2602:com.android.vending/u0a21 (adj 902): change com.android.vending
02-16 23:53:12.040  1644  1678 I InputReader: Reconfiguring input devices.  changes=0x00000010
02-16 23:53:12.040  1644  1669 D ActivityManager: cleanUpApplicationRecord -- 2602
02-16 23:53:12.046  1644  1678 I InputReader: Reconfiguring input devices.  changes=0x00000010
02-16 23:53:12.086  1644  1669 I art     : Starting a blocking GC Explicit
02-16 23:53:12.096  1874  1874 D CarrierSvcBindHelper: No carrier app for: 0
02-16 23:53:12.098  2276  2556 I DiscoveryManager: Filter criteria(null) scannerFlags(0)
02-16 23:53:12.103  2276  2556 W MdnsClient_Cast: Multicast lock held. Releasing. Subtypes:"233637DE"
02-16 23:53:12.109  1874  1874 D CarrierSvcBindHelper: No carrier app for: 0
02-16 23:53:12.217  1644  1669 I art     : Explicit concurrent mark sweep GC freed 56094(3MB) AllocSpace objects, 11(220KB) LOS objects, 24% free, 12MB/16MB, paused 1.396ms total 128.888ms
02-16 23:53:12.218  1405  1405 E         : Couldn't opendir /data/app/vmdl1497055412.tmp: No such file or directory
02-16 23:53:12.235  1644  1678 I InputReader: Reconfiguring input devices.  changes=0x00000010
02-16 23:53:12.238  1644  1678 I InputReader: Reconfiguring input devices.  changes=0x00000010
02-16 23:53:12.239  1644  1678 I InputReader: Reconfiguring input devices.  changes=0x00000010
02-16 23:53:12.244  1874  1874 D CarrierSvcBindHelper: No carrier app for: 0
02-16 23:53:12.248  1644  1669 I ActivityManager:   Force stopping service ServiceRecord{eec9344 u0 com.google.android.gms/.nearby.discovery.service.DiscoveryService}
02-16 23:53:12.251  1644  1678 I InputReader: Reconfiguring input devices.  changes=0x00000010
02-16 23:53:12.252  1644  1678 I InputReader: Reconfiguring input devices.  changes=0x00000010
02-16 23:53:12.254  1644  1678 I InputReader: Reconfiguring input devices.  changes=0x00000010
02-16 23:53:12.278  1874  1874 D CarrierSvcBindHelper: No carrier app for: 0
02-16 23:53:12.292  1874  1874 D CarrierSvcBindHelper: No carrier app for: 0
02-16 23:53:12.305  1874  1874 D CarrierSvcBindHelper: No carrier app for: 0
02-16 23:53:12.315  1874  1874 D CarrierSvcBindHelper: No carrier app for: 0
02-16 23:53:12.325  1874  1874 D CarrierSvcBindHelper: No carrier app for: 0
02-16 23:53:12.355  1644  1656 W InputMethodInfo: Duplicated subtype definition found: , voice
02-16 23:53:12.371  1644  1678 I InputReader: Reconfiguring input devices.  changes=0x00000010
02-16 23:53:12.374  1644  1678 I InputReader: Reconfiguring input devices.  changes=0x00000010
02-16 23:53:12.378  1644  1678 I InputReader: Reconfiguring input devices.  changes=0x00000010
02-16 23:53:12.381  1644  1678 I InputReader: Reconfiguring input devices.  changes=0x00000010
02-16 23:53:12.389  1644  1678 I InputReader: Reconfiguring input devices.  changes=0x00000010
02-16 23:53:12.392  1644  1678 I InputReader: Reconfiguring input devices.  changes=0x00000010
02-16 23:53:12.399  1874  1874 D CarrierSvcBindHelper: No carrier app for: 0
