02-16 23:52:42.646  2335  3212 W MediaProvider: Missing volume for /system/media/audio/ringtones/Scarabaeus.ogg; assuming invalid
02-16 23:52:42.652  2335  3212 W MediaProvider: Missing volume for /system/media/audio/ringtones/Sceptrum.ogg; assuming invalid
02-16 23:52:42.661  2335  3212 W MediaProvider: Missing volume for /system/media/audio/ringtones/Seville.ogg; assuming invalid
02-16 23:52:42.665  2335  3212 W MediaProvider: Missing volume for /system/media/audio/ringtones/Shes_All_That.ogg; assuming invalid
02-16 23:52:42.668  2335  3212 W MediaProvider: Missing volume for /system/media/audio/ringtones/SilkyWay.ogg; assuming invalid
02-16 23:52:42.670  2335  3212 W MediaProvider: Missing volume for /system/media/audio/ringtones/SitarVsSitar.ogg; assuming invalid
02-16 23:52:42.672  2335  3212 W MediaProvider: Missing volume for /system/media/audio/ringtones/Solarium.ogg; assuming invalid
02-16 23:52:42.673  2335  3212 W MediaProvider: Missing volume for /system/media/audio/ringtones/SpringyJalopy.ogg; assuming invalid
02-16 23:52:42.674  2335  3212 W MediaProvider: Missing volume for /system/media/audio/ringtones/Steppin_Out.ogg; assuming invalid
02-16 23:52:42.675  2335  3212 W MediaProvider: Missing volume for /system/media/audio/ringtones/Terminated.ogg; assuming invalid
02-16 23:52:42.678  2335  3212 W MediaProvider: Missing volume for /system/media/audio/ringtones/Testudo.ogg; assuming invalid
02-16 23:52:42.679  2335  3212 W MediaProvider: Missing volume for /system/media/audio/ringtones/Themos.ogg; assuming invalid
02-16 23:52:42.680  2335  3212 W MediaProvider: Missing volume for /system/media/audio/ringtones/Third_Eye.ogg; assuming invalid
02-16 23:52:42.681  2335  3212 W MediaProvider: Missing volume for /system/media/audio/ringtones/Thunderfoot.ogg; assuming invalid
02-16 23:52:42.682  2335  3212 W MediaProvider: Missing volume for /system/media/audio/ringtones/TwirlAway.ogg; assuming invalid
02-16 23:52:42.682  2335  3212 W MediaProvider: Missing volume for /system/media/audio/ringtones/URSAMINOR.ogg; assuming invalid
02-16 23:52:42.684  2335  3212 W MediaProvider: Missing volume for /system/media/audio/ringtones/UrsaMinor.ogg; assuming invalid
02-16 23:52:42.685  2335  3212 W MediaProvider: Missing volume for /system/media/audio/ringtones/VeryAlarmed.ogg; assuming invalid
02-16 23:52:42.686  2335  3212 W MediaProvider: Missing volume for /system/media/audio/ringtones/Vespa.ogg; assuming invalid
02-16 23:52:42.687  2335  3212 W MediaProvider: Missing volume for /system/media/audio/ringtones/World.ogg; assuming invalid
02-16 23:52:42.689  2335  3212 W MediaProvider: Missing volume for /system/media/audio/ringtones/Zeta.ogg; assuming invalid
02-16 23:52:42.691  2335  3212 W MediaProvider: Missing volume for /system/media/audio/ringtones/hydra.ogg; assuming invalid
02-16 23:52:42.695  2335  3212 W MediaProvider: Missing volume for /system/media/audio/ui/Dock.ogg; assuming invalid
02-16 23:52:42.697  2335  3212 W MediaProvider: Missing volume for /system/media/audio/ui/Effect_Tick.ogg; assuming invalid
02-16 23:52:42.697  1410  1832 E MetadataRetrieverClient: failed to extract an album art
02-16 23:52:42.700  2335  3212 W MediaProvider: Missing volume for /system/media/audio/ui/KeypressDelete.ogg; assuming invalid
02-16 23:52:42.703  2335  3212 W MediaProvider: Missing volume for /system/media/audio/ui/KeypressInvalid.ogg; assuming invalid
02-16 23:52:42.705  2335  3212 W MediaProvider: Missing volume for /system/media/audio/ui/KeypressReturn.ogg; assuming invalid
02-16 23:52:42.707  2335  3212 W MediaProvider: Missing volume for /system/media/audio/ui/KeypressSpacebar.ogg; assuming invalid
02-16 23:52:42.717  2335  3212 W MediaProvider: Missing volume for /system/media/audio/ui/KeypressStandard.ogg; assuming invalid
02-16 23:52:42.718  2335  3212 W MediaProvider: Missing volume for /system/media/audio/ui/Lock.ogg; assuming invalid
02-16 23:52:42.721  2335  3212 W MediaProvider: Missing volume for /system/media/audio/ui/LowBattery.ogg; assuming invalid
02-16 23:52:42.723  2335  3212 W MediaProvider: Missing volume for /system/media/audio/ui/Trusted.ogg; assuming invalid
02-16 23:52:42.726  2335  3212 W MediaProvider: Missing volume for /system/media/audio/ui/Undock.ogg; assuming invalid
02-16 23:52:42.731  2335  3212 W MediaProvider: Missing volume for /system/media/audio/ui/Unlock.ogg; assuming invalid
02-16 23:52:42.733  2335  3212 W MediaProvider: Missing volume for /system/media/audio/ui/VideoRecord.ogg; assuming invalid
02-16 23:52:42.733  2335  3212 W MediaProvider: Missing volume for /system/media/audio/ui/VideoStop.ogg; assuming invalid
02-16 23:52:42.737  2335  3212 W MediaProvider: Missing volume for /system/media/audio/ui/WirelessChargingStarted.ogg; assuming invalid
02-16 23:52:42.741  2335  3212 W MediaProvider: Missing volume for /system/media/audio/ui/camera_click.ogg; assuming invalid
02-16 23:52:42.744  2335  3212 W MediaProvider: Missing volume for /system/media/audio/ui/camera_focus.ogg; assuming invalid
02-16 23:52:42.839  2478  2478 D MusicLifecycle: com.google.android.music.store.MediaStoreImportService$Receiver generated event: Broadcast received with context android.app.ReceiverRestrictedContext@8fecfbc and intent Intent { act=android.intent.action.MEDIA_SCANNER_FINISHED dat=file:///system/media flg=0x10 cmp=com.google.android.music/.store.MediaStoreImportService$Receiver }
02-16 23:52:42.851  2478  2478 D MusicLifecycle: com.google.android.music.store.MediaStoreImportService$Receiver generated event: Broadcast received with context android.app.ReceiverRestrictedContext@8fecfbc and intent Intent { act=android.intent.action.MEDIA_SCANNER_STARTED dat=file:///storage/emulated/0 flg=0x10 cmp=com.google.android.music/.store.MediaStoreImportService$Receiver }
02-16 23:52:42.865  2478  2478 D MusicLifecycle: com.google.android.music.store.MediaStoreImportService generated event: Service created
02-16 23:52:42.868  2478  2478 D MusicLifecycle: com.google.android.music.store.MediaStoreImportService generated event: Service destroyed
02-16 23:52:42.941  2276  3659 I iu.UploadsManager: #reloadSettings(); account: -1; IU: disabled; IS: disabled; IS account: -1; photoWiFi: true; videoWiFi: true; roam: false; battery: true; size: STANDARD; maxMobile: 157286400
02-16 23:52:42.998  2276  3659 I iu.UploadsManager: End new media; added: 0, uploading: 0, time: 54 ms
02-16 23:52:43.012  1644  2535 I ActivityManager: Killing 3132:com.android.camera2/u0a34 (adj 906): empty #17
02-16 23:52:43.016  1644  1653 I art     : Background partial concurrent mark sweep GC freed 27342(1670KB) AllocSpace objects, 1(20KB) LOS objects, 25% free, 11MB/15MB, paused 12.905ms total 65.140ms
02-16 23:52:43.021  1644  1655 D ActivityManager: cleanUpApplicationRecord -- 3132
02-16 23:52:43.071  2276  2552 W Conscrypt: Could not set socket write timeout:
02-16 23:52:43.071  2276  2552 W Conscrypt:    java.lang.reflect.Method.invoke(Native Method)
02-16 23:52:43.071  2276  2552 W Conscrypt:    com.google.android.gms.org.conscrypt.Platform.setSocketWriteTimeout(:com.google.android.gms@11743470:13)
02-16 23:52:43.100  2960  2960 D Babel   : RefCountedService(com.google.android.apps.hangouts.requestwriter.RequestWriter) onDestroy (count=0, startId=1 stopped=true)
02-16 23:52:43.102  1644  2536 I ActivityManager: Killing 2035:com.android.deskclock/u0a41 (adj 906): empty #17
02-16 23:52:43.115  2276  2552 I ProcessCheckinRequest: REQUEST: b: "358240051111110"
02-16 23:52:43.115  2276  2552 I ProcessCheckinRequest: c: "020000000000"
02-16 23:52:43.115  2276  2552 I ProcessCheckinRequest: d: "wifi"
02-16 23:52:43.115  2276  2552 I ProcessCheckinRequest: e: "EMULATOR35X6X11X0"
02-16 23:52:43.115  2276  2552 I ProcessCheckinRequest: g: 0
02-16 23:52:43.115  2276  2552 I ProcessCheckinRequest: h: -5229452786553460185
02-16 23:52:43.115  2276  2552 I ProcessCheckinRequest: i: "1-da39a3ee5e6b4b0d3255bfef95601890afd80709"
02-16 23:52:43.115  2276  2552 I ProcessCheckinRequest: j: "en_US"
02-16 23:52:43.115  2276  2552 I ProcessCheckinRequest: k <
02-16 23:52:43.115  2276  2552 I ProcessCheckinRequest:   a <
02-16 23:52:43.115  2276  2552 I ProcessCheckinRequest:     a: "google/sdk_google_phone_x86/generic_x86:7.0/NYC/4409132:user/release-keys"
02-16 23:52:43.115  2276  2552 I ProcessCheckinRequest:     c: "unknown"
02-16 23:52:43.115  2276  2552 I ProcessCheckinRequest:     d: "ranchu"
02-16 23:52:43.115  2276  2552 I ProcessCheckinRequest:     e: "google"
02-16 23:52:43.115  2276  2552 I ProcessCheckinRequest:     f: "unknown"
02-16 23:52:43.115  2276  2552 I ProcessCheckinRequest:     g: 1508534163
02-16 23:52:43.115  2276  2552 I ProcessCheckinRequest:     h: 11743470
02-16 23:52:43.115  2276  2552 I ProcessCheckinRequest:     i: 24
02-16 23:52:43.115  2276  2552 I ProcessCheckinRequest:     j: "generic_x86"
02-16 23:52:43.115  2276  2552 I ProcessCheckinRequest:     k: "Android SDK built for x86"
02-16 23:52:43.115  2276  2552 I ProcessCheckinRequest:     l: "Google"
02-16 23:52:43.115  2276  2552 I ProcessCheckinRequest:     m: "sdk_google_phone_x86"
02-16 23:52:43.115  2276  2552 I ProcessCheckinRequest:     n: false
02-16 23:52:43.115  2276  2552 I ProcessCheckinRequest:     o <
02-16 23:52:43.115  2276  2552 I ProcessCheckinRequest:       a: 2
02-16 23:52:43.115  2276  2552 I ProcessCheckinRequest:       b: "ms-unknown"
02-16 23:52:43.115  2276  2552 I ProcessCheckinRequest:     >
02-16 23:52:43.115  2276  2552 I ProcessCheckinRequest:     o <
02-16 23:52:43.115  2276  2552 I ProcessCheckinRequest:       a: 1
02-16 23:52:43.115  2276  2552 I ProcessCheckinRequest:       b: "unknown"
02-16 23:52:43.115  2276  2552 I ProcessCheckinRequest:     >
02-16 23:52:43.115  2276  2552 I ProcessCheckinRequest:     o <
02-16 23:52:43.115  2276  2552 I ProcessCheckinRequest:       a: 4
02-16 23:52:43.115  2276  2552 I ProcessCheckinRequest:       b: "gmm-unknown"
02-16 23:52:43.115  2276  2552 I ProcessCheckinRequest:     >
02-16 23:52:43.115  2276  2552 I ProcessCheckinRequest:     o <
02-16 23:52:43.115  2276  2552 I ProcessCheckinRequest:       a: 5
02-16 23:52:43.115  2276  2552 I ProcessCheckinRequest:       b: "mvapp-unknown"
02-16 23:52:43.115  2276  2552 I ProcessCheckinRequest:     >
02-16 23:52:43.115  2276  2552 I ProcessCheckinRequest:     o <
02-16 23:52:43.115  2276  2552 I ProcessCheckinRequest:       a: 6
02-16 23:52:43.115  2276  2552 I ProcessCheckinRequest:       b: "am-unknown"
02-16 23:52:43.115  2276  2552 I ProcessCheckinRequest:     >
02-16 23:52:43.115  2276  2552 I ProcessCheckinRequest:     o <
02-16 23:52:43.115  2276  2552 I ProcessCheckinRequest:       a: 9
02-16 23:52:43.115  2276  2552 I ProcessCheckinRequest:       b: "ms-unknown"
02-16 23:52:43.115  2276  2552 I ProcessCheckinRequest:     >
02-16 23:52:43.115  2276  2552 I ProcessCheckinRequest:     q: "2017-10-05"
02-16 23:52:43.115  2276  2552 I ProcessCheckinRequest:   >
02-16 23:52:43.115  2276  2552 I ProcessCheckinRequest:   b: 0
02-16 23:52:43.115  2276  2552 I ProcessCheckinRequest:   d <
02-16 23:52:43.115  2276  2552 I ProcessCheckinRequest:     a: "event_log_start"
02-16 23:52:43.115  2276  2552 I ProcessCheckinRequest:     c: 1771314757946
02-16 23:52:43.115  2276  2552 I ProcessCheckinRequest:   >
02-16 23:52:43.115  2276  2552 I ProcessCheckinRequest:   e: "310260"
02-16 23:52:43.115  2276  2552 I ProcessCheckinRequest:   f: "310260"
02-16 23:52:43.115  2276  2552 I ProcessCheckinRequest:   g: "MOBILE:LTE:"
02-16 23:52:43.115  2276  2552 I ProcessCheckinRequest:   h: true
02-16 23:52:43.115  2276  2552 I ProcessCheckinRequest:   i: 0
02-16 23:52:43.115  2276  2552 I ProcessCheckinRequest:   j: 2
02-16 23:52:43.115  2276  2552 I ProcessCheckinRequest:   k <
02-16 23:52:43.115  2276  2552 I ProcessCheckinRequest:     a: 5
02-16 23:52:43.115  2276  2552 I ProcessCheckinRequest:     b: 1
02-16 23:52:43.115  2276  2552 I ProcessCheckinRequest:     c: "unspecified"
02-16 23:52:43.115  2276  2552 I ProcessCheckinRequest:     d: ""
02-16 23:52:43.115  2276  2552 I ProcessCheckinRequest:     e: false
02-16 23:52:43.115  2276  2552 I ProcessCheckinRequest:   >
02-16 23:52:43.115  2276  2552 I ProcessCheckinRequest:   l <
02-16 23:52:43.115  2276  2552 I ProcessCheckinRequest:     a: "310260"
02-16 23:52:43.115  2276  2552 I ProcessCheckinRequest:     b: "Android"
02-16 23:52:43.115  2276  2552 I ProcessCheckinRequest:     c: "0"
02-16 23:52:43.115  2276  2552 I ProcessCheckinRequest:     d: 0
02-16 23:52:43.115  2276  2552 I ProcessCheckinRequest:     d: 1
02-16 23:52:43.115  2276  2552 I ProcessCheckinRequest:     d: 2
02-16 23:52:43.115  2276  2552 I ProcessCheckinRequest:     g: "\027L"
02-16 23:52:43.115  2276  2552 I ProcessCheckinRequest:   >
02-16 23:52:43.115  2276  2552 I ProcessCheckinRequest: >
02-16 23:52:43.115  2276  2552 I ProcessCheckinRequest: l: ""
02-16 23:52:43.115  2276  2552 I ProcessCheckinRequest: m: "America/Los_Angeles"
02-16 23:52:43.115  2276  2552 I ProcessCheckinRequest: o: 3
02-16 23:52:43.115  2276  2552 I ProcessCheckinRequest: p: "y5wIFYiBJJ1GbmKmqnQ2YIm1ovA="
02-16 23:52:43.115  2276  2552 I ProcessCheckinRequest: q <
02-16 23:52:43.115  2276  2552 I ProcessCheckinRequest:   a: 3
02-16 23:52:43.115  2276  2552 I ProcessCheckinRequest:   b: 1
02-16 23:52:43.115  2276  2552 I ProcessCheckinRequest:   c: 1
02-16 23:52:43.115  2276  2552 I ProcessCheckinRequest:   d: 2
02-16 23:52:43.115  2276  2552 I ProcessCheckinRequest:   e: false
02-16 23:52:43.115  2276  2552 I ProcessCheckinRequest:   f: false
02-16 23:52:43.115  2276  2552 I ProcessCheckinRequest:   g: 420
02-16 23:52:43.115  2276  2552 I ProcessCheckinRequest:   h: 1080
02-16 23:52:43.115  2276  2552 I ProcessCheckinRequest:   i: 1794
02-16 23:52:43.115  2276  2552 I ProcessCheckinRequest:   j: 131072
02-16 23:52:43.115  2276  2552 I ProcessCheckinRequest:   k: "android.ext.services"
02-16 23:52:43.115  2276  2552 I ProcessCheckinRequest:   k: "android.ext.shared"
02-16 23:52:43.115  2276  2552 I ProcessCheckinRequest:   k: "android.test.runner"
02-16 23:52:43.115  2276  2552 I ProcessCheckinRequest:   k: "com.android.location.provider"
02-16 23:52:43.115  2276  2552 I ProcessCheckinRequest:   k: "com.android.media.remotedisplay"
02-16 23:52:43.115  2276  2552 I ProcessCheckinRequest:   k: "com.android.mediadrm.signer"
02-16 23:52:43.115  2276  2552 I ProcessCheckinRequest:   k: "com.google.android.gms"
02-16 23:52:43.115  2276  2552 I ProcessCheckinRequest:   k: "com.google.android.maps"
02-16 23:52:43.115  2276  2552 I ProcessCheckinRequest:   k: "com.google.android.media.effects"
02-16 23:52:43.115  2276  2552 I ProcessCheckinRequest:   k: "javax.obex"
02-16 23:52:43.115  2276  2552 I ProcessCheckinRequest:   k: "org.apache.http.legacy"
02-16 23:52:43.115  2276  2552 I ProcessCheckinRequest:   l: "android.hardware.audio.output"
02-16 23:52:43.115  2276  2552 I ProcessCheckinRequest:   l: "android.hardware.camera"
02-16 23:52:43.115  2276  2552 I ProcessCheckinRequest:   l: "android.hardware.camera.any"
02-16 23:52:43.115  2276  2552 I ProcessCheckinRequest:   l: "android.hardware.faketouch"
02-16 23:52:43.115  2276  2552 I ProcessCheckinRequest:   l: "android.hardware.fingerprint"
02-16 23:52:43.115  2276  2552 I ProcessCheckinRequest:   l: "android.hardware.location"
02-16 23:52:43.115  2276  2552 I ProcessCheckinRequest:   l: "android.hardware.location.gps"
02-16 23:52:43.115  2276  2552 I ProcessCheckinRequest:   l: "android.hardware.location.network"
02-16 23:52:43.115  2276  2552 I ProcessCheckinRequest:   l: "android.hardware.microphone"
02-16 23:52:43.115  2276  2552 I ProcessCheckinRequest:   l: "android.hardware.screen.landscape"
02-16 23:52:43.115  2276  2552 I ProcessCheckinRequest:   l: "android.hardware.screen.portrait"
02-16 23:52:43.115  2276  2552 I ProcessCheckinRequest:   l: "android.hardware.sensor.accelerometer"
02-16 23:52:43.115  2276  2552 I ProcessCheckinRequest:   l: "android.hardware.sensor.ambient_temperature"
02-16 23:52:43.115  2276  2552 I ProcessCheckinRequest:   l: "android.hardware.sensor.barometer"
02-16 23:52:43.115  2276  2552 I ProcessCheckinRequest:   l: "android.hardware.sensor.compass"
02-16 23:52:43.115  2276  2552 I ProcessCheckinRequest:   l: "android.hardware.sensor.gyroscope"
02-16 23:52:43.115  2276  2552 I ProcessCheckinRequest:   l: "android.hardware.sensor.light"
02-16 23:52:43.115  2276  2552 I ProcessCheckinRequest:   l: "android.hardware.sensor.proximity"
02-16 23:52:43.115  2276  2552 I ProcessCheckinRequest:   l: "android.hardware.sensor.relative_humidity"
02-16 23:52:43.115  2276  2552 I ProcessCheckinRequest:   l: "android.hardware.telephony"
02-16 23:52:43.115  2276  2552 I ProcessCheckinRequest:   l: "android.hardware.telephony.gsm"
02-16 23:52:43.115  2276  2552 I ProcessCheckinRequest:   l: "android.hardware.touchscreen"
02-16 23:52:43.115  2276  2552 I ProcessCheckinRequest:   l: "android.hardware.touchscreen.multitouch"
02-16 23:52:43.115  2276  2552 I ProcessCheckinRequest:   l: "android.hardware.touchscreen.multitouch.distinct"
02-16 23:52:43.115  2276  2552 I ProcessCheckinRequest:   l: "android.hardware.touchscreen.multitouch.jazzhand"
02-16 23:52:43.115  2276  2552 I ProcessCheckinRequest:   l: "android.software.app_widgets"
02-16 23:52:43.115  2276  2552 I ProcessCheckinRequest:   l: "android.software.backup"
02-16 23:52:43.115  2276  2552 I ProcessCheckinRequest:   l: "android.software.connectionservice"
02-16 23:52:43.115  2276  2552 I ProcessCheckinRequest:   l: "android.software.device_admin"
02-16 23:52:43.115  2276  2552 I ProcessCheckinRequest:   l: "android.software.home_screen"
02-16 23:52:43.115  2276  2552 I ProcessCheckinRequest:   l: "android.software.input_methods"
02-16 23:52:43.115  2276  2552 I ProcessCheckinRequest:   l: "android.software.live_wallpaper"
02-16 23:52:43.115  2276  2552 I ProcessCheckinRequest:   l: "android.software.managed_users"
02-16 23:52:43.115  2276  2552 I ProcessCheckinRequest:   l: "android.software.midi"
02-16 23:52:43.115  2276  2552 I ProcessCheckinRequest:   l: "android.software.print"
02-16 23:52:43.115  2276  2552 I ProcessCheckinRequest:   l: "android.software.voice_recognizers"
02-16 23:52:43.115  2276  2552 I ProcessCheckinRequest:   l: "android.software.webview"
02-16 23:52:43.115  2276  2552 I ProcessCheckinRequest:   l: "com.google.android.feature.EXCHANGE_6_2"
02-16 23:52:43.115  2276  2552 I ProcessCheckinRequest:   l: "com.google.android.feature.GOOGLE_BUILD"
02-16 23:52:43.115  2276  2552 I ProcessCheckinRequest:   l: "com.google.android.feature.GOOGLE_EXPERIENCE"
02-16 23:52:43.115  2276  2552 I ProcessCheckinRequest:   m <
02-16 23:52:43.115  2276  2552 I ProcessCheckinRequest:     a: "android.hardware.audio.output"
02-16 23:52:43.115  2276  2552 I ProcessCheckinRequest:     b: 0
02-16 23:52:43.115  2276  2552 I ProcessCheckinRequest:   >
02-16 23:52:43.115  2276  2552 I ProcessCheckinRequest:   m <
02-16 23:52:43.115  2276  2552 I ProcessCheckinRequest:     a: "android.hardware.camera"
02-16 23:52:43.115  2276  2552 I ProcessCheckinRequest:     b: 0
02-16 23:52:43.115  2276  2552 I ProcessCheckinRequest:   >
02-16 23:52:43.115  2276  2552 I ProcessCheckinRequest:   m <
02-16 23:52:43.115  2276  2552 I ProcessCheckinRequest:     a: "android.hardware.camera.any"
02-16 23:52:43.115  2276  2552 I ProcessCheckinRequest:     b: 0
02-16 23:52:43.115  2276  2552 I ProcessCheckinRequest:   >
02-16 23:52:43.115  2276  2552 I ProcessCheckinRequest:   m <
02-16 23:52:43.115  2276  2552 I ProcessCheckinRequest:     a: "android.hardware.faketouch"
02-16 23:52:43.115  2276  2552 I ProcessCheckinRequest:     b: 0
02-16 23:52:43.115  2276  2552 I ProcessCheckinRequest:   >
02-16 23:52:43.115  2276  2552 I ProcessCheckinRequest:   m <
02-16 23:52:43.115  2276  2552 I ProcessCheckinRequest:     a: "android.hardware.fingerprint"
02-16 23:52:43.115  2276  2552 I ProcessCheckinRequest:     b: 0
02-16 23:52:43.115  2276  2552 I ProcessCheckinRequest:   >
02-16 23:52:43.115  2276  2552 I ProcessCheckinRequest:   m <
02-16 23:52:43.115  2276  2552 I ProcessCheckinRequest:     a: "android.hardware.location"
02-16 23:52:43.115  2276  2552 I ProcessCheckinRequest:     b: 0
02-16 23:52:43.115  2276  2552 I ProcessCheckinRequest:   >
02-16 23:52:43.115  2276  2552 I ProcessCheckinRequest:   m <
02-16 23:52:43.115  2276  2552 I ProcessCheckinRequest:     a: "android.hardware.location.gps"
02-16 23:52:43.115  2276  2552 I ProcessCheckinRequest:     b: 0
02-16 23:52:43.115  2276  2552 I ProcessCheckinRequest:   >
02-16 23:52:43.115  2276  2552 I ProcessCheckinRequest:   m <
02-16 23:52:43.115  2276  2552 I ProcessCheckinRequest:     a: "android.hardware.location.network"
02-16 23:52:43.115  2276  2552 I ProcessCheckinRequest:     b: 0
02-16 23:52:43.115  2276  2552 I ProcessCheckinRequest:   >
02-16 23:52:43.115  2276  2552 I ProcessCheckinRequest:   m <
02-16 23:52:43.115  2276  2552 I ProcessCheckinRequest:     a: "android.hardware.microphone"
02-16 23:52:43.115  2276  2552 I ProcessCheckinRequest:     b: 0
02-16 23:52:43.115  2276  2552 I ProcessCheckinRequest:   >
02-16 23:52:43.115  2276  2552 I ProcessCheckinRequest:   m <
02-16 23:52:43.115  2276  2552 I ProcessCheckinRequest:     a: "android.hardware.screen.landscape"
02-16 23:52:43.115  2276  2552 I ProcessCheckinRequest:     b: 0
02-16 23:52:43.115  2276  2552 I ProcessCheckinRequest:   >
02-16 23:52:43.115  2276  2552 I ProcessCheckinRequest:   m <
02-16 23:52:43.115  2276  2552 I ProcessCheckinRequest:     a: "android.hardware.screen.portrait"
02-16 23:52:43.115  2276  2552 I ProcessCheckinRequest:     b: 0
02-16 23:52:43.115  2276  2552 I ProcessCheckinRequest:   >
02-16 23:52:43.115  2276  2552 I ProcessCheckinRequest:   m <
02-16 23:52:43.115  2276  2552 I ProcessCheckinRequest:     a: "android.hardware.sensor.accelerometer"
02-16 23:52:43.115  2276  2552 I ProcessCheckinRequest:     b: 0
02-16 23:52:43.115  2276  2552 I ProcessCheckinRequest:   >
02-16 23:52:43.115  2276  2552 I ProcessCheckinRequest:   m <
02-16 23:52:43.115  2276  2552 I ProcessCheckinRequest:     a: "android.hardware.sensor.ambient_temperature"
02-16 23:52:43.115  2276  2552 I ProcessCheckinRequest:     b: 0
02-16 23:52:43.115  2276  2552 I ProcessCheckinRequest:   >
02-16 23:52:43.115  2276  2552 I ProcessCheckinRequest:   m <
02-16 23:52:43.115  2276  2552 I ProcessCheckinRequest:     a: "android.hardware.sensor.barometer"
02-16 23:52:43.115  2276  2552 I ProcessCheckinRequest:     b: 0
02-16 23:52:43.115  2276  2552 I ProcessCheckinRequest:   >
02-16 23:52:43.115  2276  2552 I ProcessCheckinRequest:   m <
02-16 23:52:43.115  2276  2552 I ProcessCheckinRequest:     a: "android.
02-16 23:52:43.139  2335  3212 V MediaScanner: pruneDeadThumbnailFiles... android.content.ContentProviderClient$CursorWrapperInner@2c748e6
02-16 23:52:43.139  1644  2015 D ActivityManager: cleanUpApplicationRecord -- 2035
02-16 23:52:43.142  2335  3212 V MediaScanner: /pruneDeadThumbnailFiles... android.content.ContentProviderClient$CursorWrapperInner@2c748e6
02-16 23:52:43.162  2478  2478 D MusicLifecycle: com.google.android.music.store.MediaStoreImportService$Receiver generated event: Broadcast received with context android.app.ReceiverRestrictedContext@8fecfbc and intent Intent { act=android.intent.action.MEDIA_SCANNER_FINISHED dat=file:///storage/emulated/0 flg=0x10 cmp=com.google.android.music/.store.MediaStoreImportService$Receiver }
02-16 23:52:43.168  2478  2478 D MusicLifecycle: com.google.android.music.store.MediaStoreImportService generated event: Service created
02-16 23:52:43.378  2478  3662 I MediaStoreImporter: Update: incremental Added music: 0 Updated music: 0 Deleted music: 0 Created playlists: 0 Updated playlists: 0 Deleted playlists: 0 Inserted playlist items: 0 Deleted playlist items: 0 Removed orphaned playlist items: 0
02-16 23:52:43.383  2478  2478 D MusicLifecycle: com.google.android.music.wear.WearBroadcastReceiver generated event: Broadcast received with context android.app.ReceiverRestrictedContext@8fecfbc and intent Intent { act=com.google.android.music.IMPORT_COMPLETE flg=0x10 cmp=com.google.android.music/.wear.WearBroadcastReceiver }
02-16 23:52:43.389  2478  2478 D MusicLifecycle: com.google.android.music.store.MediaStoreImportService generated event: Service destroyed
02-16 23:52:43.423  2276  2552 I CheckinResponseProcess: From server: 1474 gservices [full]
02-16 23:52:43.430  2094  2677 D WearableService: onGetService - Wear is not available on this device.
02-16 23:52:43.434  2478  3664 E GmsUtils: Failed to connect to Google API client: ConnectionResult{statusCode=API_UNAVAILABLE, resolution=null, message=null}
02-16 23:52:44.031  1644  3665 I CertBlacklister: Certificate blacklist changed, updating...
02-16 23:52:44.036  1644  3665 I CertBlacklister: Certificate blacklist updated
02-16 23:52:44.162  2960  2977 W Babel   : bcq TOOK TOO LONG! (15037ms > 10000ms)
02-16 23:52:44.162  2960  2980 W Babel   : bcq TOOK TOO LONG! (15026ms > 10000ms)
02-16 23:52:44.173  1644  3666 I CertBlacklister: Certificate blacklist changed, updating...
02-16 23:52:44.184  1644  3666 I CertBlacklister: Certificate blacklist updated
02-16 23:52:44.184  3613  3667 I MS_RegisterService: RegisterService intent:Intent { act=register_intent_action flg=0x10 cmp=com.google.android.talk/com.google.android.libraries.matchstick.net.SilentRegisterService } isPeriodic:false
02-16 23:52:44.192  3613  3667 I MS_RegisterService: Not registered and not enabled. Doing nothing.
02-16 23:52:44.228  1644  1902 I Telecom : PhoneAccountRegistrar: SimCallManager queried, returning: null: TSI.gSCM@AEs
02-16 23:52:44.245  2960  2960 I Babel_telephony: TeleModule.updateConnectionManagerRegistration, registration preference changed from false to false
02-16 23:52:44.247  2960  2960 W Babel   : BAM#gBA: invalid account id: -1
02-16 23:52:44.248  2960  2960 W Babel   : BAM#gBA: invalid account id: -1
02-16 23:52:44.248  2960  2960 I Babel_telephony: TeleModule.updateIncomingCallRegistration, preferred account for incoming calls changed from: null to null
02-16 23:52:44.251  1644  2122 I Telecom : PhoneAccountRegistrar: SimCallManager queried, returning: null: TSI.gSCM@AE0
02-16 23:52:44.272  1644  2532 D VoldConnector: SND -> {34 volume mkdirs /storage/emulated/0/Android/media/com.google.android.talk/}
02-16 23:52:44.276  1644  1681 D VoldConnector: RCV <- {200 34 Command succeeded}
02-16 23:52:44.298  2335  2335 D MediaScannerReceiver: action: android.intent.action.MEDIA_SCANNER_SCAN_FILE path: /storage/emulated/0/Android/media/com.google.android.talk/Notifications/hangouts_message.ogg
02-16 23:52:44.367  2094  2547 I GCM     : GCM config loaded
02-16 23:52:44.376  2960  2980 W BabelGcmRegistration: Error registering for GCM
02-16 23:52:44.387  2960  2980 W BabelGcmRegistration: java.io.IOException: AUTHENTICATION_FAILED
02-16 23:52:44.387  2960  2980 W BabelGcmRegistration: 	at gpx.a(Unknown Source)
02-16 23:52:44.387  2960  2980 W BabelGcmRegistration: 	at hso.a(SourceFile:38)
02-16 23:52:44.387  2960  2980 W BabelGcmRegistration: 	at eih.a(SourceFile:366)
02-16 23:52:44.387  2960  2980 W BabelGcmRegistration: 	at eih.doInBackground(SourceFile:361)
02-16 23:52:44.387  2960  2980 W BabelGcmRegistration: 	at android.os.AsyncTask$2.call(AsyncTask.java:304)
02-16 23:52:44.387  2960  2980 W BabelGcmRegistration: 	at java.util.concurrent.FutureTask.run(FutureTask.java:237)
02-16 23:52:44.387  2960  2980 W BabelGcmRegistration: 	at android.os.AsyncTask$SerialExecutor$1.run(AsyncTask.java:243)
02-16 23:52:44.387  2960  2980 W BabelGcmRegistration: 	at java.util.concurrent.ThreadPoolExecutor.runWorker(ThreadPoolExecutor.java:1133)
02-16 23:52:44.387  2960  2980 W BabelGcmRegistration: 	at java.util.concurrent.ThreadPoolExecutor$Worker.run(ThreadPoolExecutor.java:607)
02-16 23:52:44.387  2960  2980 W BabelGcmRegistration: 	at java.lang.Thread.run(Thread.java:761)
02-16 23:52:44.442  2335  2335 D MediaScannerReceiver: action: android.intent.action.MEDIA_SCANNER_SCAN_FILE path: /storage/emulated/0/Android/media/com.google.android.talk/Ringtones/hangouts_incoming_call.ogg
02-16 23:52:44.451  1644  1902 W ActivityManager: Unable to start service Intent { act=com.google.android.gms.analytics.service.START cmp=com.google.android.gms/.analytics.service.AnalyticsService (has extras) } U=0: not found
02-16 23:52:44.451  3403  3557 W GAV2    : Thread[GAThread,5,main]: Service unavailable (code=1), will retry.
02-16 23:52:44.470  3403  3557 I GAV2    : Thread[GAThread,5,main]: No campaign data found.
02-16 23:52:44.670  1410  1833 E MetadataRetrieverClient: failed to extract an album art
02-16 23:52:44.719  3378  3378 I dex2oat : Large app, accepted running with swap.
02-16 23:52:44.725  3629  3629 I dex2oat : dex2oat took 3.668s (threads: 4) arena alloc=6MB (6542112B) java alloc=2MB (2114664B) native alloc=6MB (7129632B) free=8MB (9123296B)
02-16 23:52:44.754  2190  2245 I GservicesProvider: main update completed
02-16 23:52:44.817  2276  2552 I GoogleSettingsUtils: Updated ID in checkin_id_token file
02-16 23:52:44.818  2276  2552 I CheckinRequestBuilder: Checkin reason type: 5 attempt count: 1
02-16 23:52:44.834  2276  2552 E ActivityThread: Failed to find provider info for com.google.android.wearable.settings
02-16 23:52:44.836  1644  2539 I Telecom : PhoneAccountRegistrar: SimCallManager queried, returning: null: TSI.gSCM@AE8
02-16 23:52:44.839  2960  2960 I Babel_telephony: TeleModule.updateConnectionManagerRegistration, registration preference changed from false to false
02-16 23:52:44.839  2960  2960 W Babel   : BAM#gBA: invalid account id: -1
02-16 23:52:44.840  2960  2960 W Babel   : BAM#gBA: invalid account id: -1
02-16 23:52:44.840  2960  2960 I Babel_telephony: TeleModule.updateIncomingCallRegistration, preferred account for incoming calls changed from: null to null
02-16 23:52:44.840  2960  2960 D Babel   : onCreate: Shutdown runnable posted in onCreate with a delay of 5000 ms.
02-16 23:52:44.899  2960  3686 D Babel   : Idle: Shutdown runnable posted in release with a delay of 5000 ms.
02-16 23:52:44.912  3680  3680 W dex2oat : Unexpected CPU variant for X86 using defaults: x86
02-16 23:52:44.912  3680  3680 W dex2oat : Mismatch between dex2oat instruction set features (ISA: X86 Feature string: smp,-ssse3,-sse4.1,-sse4.2,-avx,-avx2,-lock_add,-popcnt) and those of dex2oat executable (ISA: X86 Feature string: smp,ssse3,-sse4.1,-sse4.2,-avx,-avx2,-lock_add,-popcnt) for the command line:
02-16 23:52:44.912  3680  3680 W dex2oat : /system/bin/dex2oat --runtime-arg -classpath --runtime-arg & --instruction-set=x86 --instruction-set-features=smp,ssse3,-sse4.1,-sse4.2,-avx,-avx2,-lock_add,-popcnt --runtime-arg -Xrelocate --boot-image=/system/framework/boot.art --runtime-arg -Xms64m --runtime-arg -Xmx512m --instruction-set-variant=x86 --instruction-set-features=default --dex-file=/data/user_de/0/com.google.android.gms/app_chimera/m/00000005/DynamiteModulesD_GmsCore_prodmnc_alldpi_release.apk --oat-fd=87 --oat-location=/data/user_de/0/com.google.android.gms/app_chimera/m/00000005/oat/x86/DynamiteModulesD_GmsCore_prodmnc_alldpi_release.dex --compiler-filter=speed
02-16 23:52:44.912  3680  3680 I dex2oat : /system/bin/dex2oat --dex-file=/data/user_de/0/com.google.android.gms/app_chimera/m/00000005/DynamiteModulesD_GmsCore_prodmnc_alldpi_release.apk --oat-fd=87 --oat-location=/data/user_de/0/com.google.android.gms/app_chimera/m/00000005/oat/x86/DynamiteModulesD_GmsCore_prodmnc_alldpi_release.dex --compiler-filter=speed
02-16 23:52:44.914  2110  3685 I Bugle   : ApnsOta: OTA version -1
02-16 23:52:45.005  3378  3378 W dex2oat : Before Android 4.1, method int androidx.appcompat.widget.DropDownListView.lookForSelectablePosition(int, boolean) would have incorrectly overridden the package-private method in android.widget.ListView
02-16 23:52:45.011  2094  2094 I GoogleURLConnFactory: Using platform SSLCertificateSocketFactory
02-16 23:52:45.024  1410  1433 E MetadataRetrieverClient: failed to extract an album art
02-16 23:52:45.042  3378  3378 W dex2oat : Before Android 4.1, method int androidx.appcompat.widget.MenuPopupWindow$MenuDropDownListView.lookForSelectablePosition(int, boolean) would have incorrectly overridden the package-private method in android.widget.ListView
02-16 23:52:45.064  3315  3697 I ConfigUpdater: Update started
02-16 23:52:45.076  3315  3315 E ConfigUpdater: Received malformed URL while handling Gservices.CHANGED_ACTION intent_firewall: null null
02-16 23:52:45.089  3315  3698 I ConfigUpdater: Update started
02-16 23:52:45.188  3315  3315 E ConfigUpdater: Received malformed URL while handling Gservices.CHANGED_ACTION apn_db: null null
02-16 23:52:45.197  3315  3315 E ConfigUpdater: Received malformed URL while handling Gservices.CHANGED_ACTION tzdata: null null
02-16 23:52:45.200  3315  3315 E ConfigUpdater: Received malformed URL while handling Gservices.CHANGED_ACTION selinux: null null
02-16 23:52:45.203  3315  3315 E ConfigUpdater: Received malformed URL while handling Gservices.CHANGED_ACTION carrier_provisioning_urls: null null
02-16 23:52:45.222  2094  3701 W ConfigurationChimeraPro: Got null configs for com.google.android.gms.auth.account.base
02-16 23:52:45.272  2276  2276 I Backup  : [GmsBackupStatusChangeReceiver] Going to enable gms backup transport.
02-16 23:52:45.276  2094  2547 W Conscrypt: Could not set socket write timeout:
02-16 23:52:45.277  2335  3703 D DownloadManager: [2] Starting
02-16 23:52:45.278  2094  3705 W ConfigurationChimeraPro: Got null configs for com.google.android.gms.backup
02-16 23:52:45.281  2094  2547 W Conscrypt:    java.lang.reflect.Method.invoke(Native Method)
02-16 23:52:45.281  2094  2547 W Conscrypt:    com.google.android.gms.org.conscrypt.Platform.setSocketWriteTimeout(:com.google.android.gms@11743470:13)
02-16 23:52:45.281  2094  3705 I Backup  : [BackupTransportMigratorChimeraService] Starting migration...
02-16 23:52:45.291  2094  3705 W Backup  : [LegacyBackupAccountManager] No google accounts found!
02-16 23:52:45.295  2094  3705 I Backup  : [GmsBackupAccountManager] Backup account not found in gmscore.
02-16 23:52:45.297  2094  3705 I Backup  : [BackupTransportMigratorChimeraService] Switch enabled status of com.google.android.backuptransport/com.google.android.backup.BackupTransportService to false
02-16 23:52:45.325  2276  2552 D EGL_emulation: eglCreateContext: 0xa2249c80: maj 1 min 0 rcv 1
02-16 23:52:45.342  2094  3705 I Backup  : [BackupTransportMigratorChimeraService] Component name not found : com.google.android.backuptransport/com.google.android.backup.BackupTransportService
02-16 23:52:45.342  2335  3706 D DownloadManager: [1] Starting
02-16 23:52:45.337  2094  2547 W Conscrypt: Could not set socket write timeout:
02-16 23:52:45.344  2276  2276 E ChimeraProxyRslvr: Failed to instantiate com.google.android.gms.checkin.CheckinChimeraService$Receiver: java.lang.ClassNotFoundException: Didn't find class "com.google.android.gms.checkin.CheckinChimeraService$Receiver" on path: DexPathList[[zip file "/system/framework/com.android.location.provider.jar", zip file "/system/framework/com.android.media.remotedisplay.jar", zip file "/system/priv-app/PrebuiltGmsCore/PrebuiltGmsCore.apk"],nativeLibraryDirectories=[/system/priv-app/PrebuiltGmsCore/lib/x86, /system/fake-libs, /system/priv-app/PrebuiltGmsCore/PrebuiltGmsCore.apk!/lib/x86, /system/lib, /vendor/lib, /system/lib, /vendor/lib]]
02-16 23:52:45.344  2276  2276 E ChimeraRcvrProxy: com.google.android.gms.checkin.CheckinServiceReceiver dropping broadcast com.google.gservices.intent.action.GSERVICES_CHANGED
02-16 23:52:45.344  2094  2547 W Conscrypt:    java.lang.reflect.Method.invoke(Native Method)
02-16 23:52:45.344  2094  2547 W Conscrypt:    com.google.android.gms.org.conscrypt.Platform.setSocketWriteTimeout(:com.google.android.gms@11743470:13)
02-16 23:52:45.350  2094  3705 I Backup  : [BackupTransportMigratorChimeraService] Component name not found : com.google.android.backup/com.google.android.backup.BackupTransportService
02-16 23:52:45.350  2094  3705 I Backup  : [BackupTransportMigratorChimeraService] Successfully migrated to use GMS BackupTransportService!
02-16 23:52:45.353  2335  3703 W System  : ClassLoader referenced unknown path: 
02-16 23:52:45.353  2335  3703 W System  : ClassLoader referenced unknown path: /system/priv-app/ConfigUpdater/lib/x86
02-16 23:52:45.369  2335  3703 D NetworkSecurityConfig: No Network Security Config specified, using platform default
02-16 23:52:45.374  2335  3703 D NetworkSecurityConfig: No Network Security Config specified, using platform default
02-16 23:52:45.376  2335  3706 D NetworkSecurityConfig: No Network Security Config specified, using platform default
02-16 23:52:45.494  2094  3713 W ConfigurationChimeraPro: Got null configs for com.google.android.gms.chromesync
02-16 23:52:45.504  2094  3716 I VacuumService: Vacuum at: now=1771314765504 tag=VacuumService
02-16 23:52:45.508  2094  3714 W NetRec  : [299] ConfigChangedIntentOperation.onHandleIntent: Device does not support scoring, exiting
02-16 23:52:45.524  2094  3717 I GCoreUlr: Starting service, intent=Intent { act=com.google.android.location.reporting.ACTION_UPDATE_WORLD cmp=com.google.android.gms/com.google.android.location.reporting.service.DispatchingService (has extras) }, extras=Bundle[{receiverAction=com.google.gservices.intent.action.GSERVICES_CHANGED}]
02-16 23:52:45.563  2094  2094 E BluetoothAdapter: Bluetooth binder is null
02-16 23:52:45.584  2094  2106 W ConfigurationChimeraPro: Got null configs for com.google.android.gms.chromesync
02-16 23:52:45.591  1644  1653 I art     : Background partial concurrent mark sweep GC freed 20743(1176KB) AllocSpace objects, 3(60KB) LOS objects, 25% free, 11MB/15MB, paused 1.808ms total 135.334ms
02-16 23:52:45.708  1644  2015 W ActivityManager: Unable to start service Intent { cmp=com.google.android.gms/.analytics.service.RefreshEnabledStateService } U=0: not found
02-16 23:52:45.733  2276  2552 D EGL_emulation: eglMakeCurrent: 0xa2249c80: ver 1 0 (tinfo 0xa3ef3450)
02-16 23:52:45.762  2276  2552 D EGL_emulation: eglCreateContext: 0xa2249c80: maj 2 min 0 rcv 2
02-16 23:52:45.766  2276  2552 D EGL_emulation: eglMakeCurrent: 0xa2249c80: ver 2 0 (tinfo 0xa3ef3450)
02-16 23:52:45.778  2094  3721 I GCoreUlr: WorldUpdater received intent Intent { act=com.google.android.location.reporting.ACTION_UPDATE_WORLD cmp=com.google.android.gms/com.google.android.location.reporting.service.DispatchingService (has extras) } with receiverAction com.google.gservices.intent.action.GSERVICES_CHANGED
02-16 23:52:45.810  2276  2552 D EGL_emulation: eglCreateContext: 0xa2249c80: maj 1 min 0 rcv 1
02-16 23:52:45.829  1403  1670 V EmulatedCamera_Camera: getCameraInfo
02-16 23:52:45.829  1403  1670 V EmulatedCamera_BaseCamera: getCameraInfo
02-16 23:52:45.831  2276  3377 I OcrModelUpStIntentOp: Updating ocr activity enabled=true (phenotypeFlag=true, lowRamDevice=false, prereqCheck=true)
02-16 23:52:45.835  2960  2978 W Babel   : bcq TOOK TOO LONG! (15158ms > 10000ms)
02-16 23:52:45.867  2276  3726 W GmsModuleProvider: Unknown dynamite feature flags
02-16 23:52:45.869  2276  3726 I DynamiteModule: Considering local module com.google.android.gms.flags:2 and remote module com.google.android.gms.flags:0
02-16 23:52:45.881  2276  3726 I DynamiteModule: Selected local version of com.google.android.gms.flags
02-16 23:52:45.956  3680  3680 I dex2oat : dex2oat took 1.036s (threads: 4) arena alloc=985KB (1008912B) java alloc=261KB (268024B) native alloc=1298KB (1329624B) free=3MB (3388968B)
02-16 23:52:46.041  2094  2895 E GcmPushIntentOperation: Failed to subscribe to GCM: com.google.android.gms.settings.platform
02-16 23:52:46.041  2094  2895 E GcmPushIntentOperation: java.io.IOException: INVALID_SENDER
02-16 23:52:46.041  2094  2895 E GcmPushIntentOperation: 	at vfm.b(:com.google.android.gms@11743470:39)
02-16 23:52:46.041  2094  2895 E GcmPushIntentOperation: 	at vfm.a(:com.google.android.gms@11743470:46)
02-16 23:52:46.041  2094  2895 E GcmPushIntentOperation: 	at vfj.b(:com.google.android.gms@11743470:11)
02-16 23:52:46.041  2094  2895 E GcmPushIntentOperation: 	at vfj.a(:com.google.android.gms@11743470:29)
02-16 23:52:46.041  2094  2895 E GcmPushIntentOperation: 	at com.google.android.gms.phenotype.gcmpush.GcmPushIntentOperation.a(:com.google.android.gms@11743470:15)
02-16 23:52:46.041  2094  2895 E GcmPushIntentOperation: 	at com.google.android.gms.phenotype.gcmpush.GcmPushIntentOperation.onHandleIntent(:com.google.android.gms@11743470:7)
02-16 23:52:46.041  2094  2895 E GcmPushIntentOperation: 	at com.google.android.chimera.IntentOperation.onHandleIntent(:com.google.android.gms@11743470:2)
02-16 23:52:46.041  2094  2895 E GcmPushIntentOperation: 	at bwo.run(:com.google.android.gms@11743470:10)
02-16 23:52:46.041  2094  2895 E GcmPushIntentOperation: 	at bwl.run(:com.google.android.gms@11743470:14)
02-16 23:52:46.041  2094  2895 E GcmPushIntentOperation: 	at java.util.concurrent.ThreadPoolExecutor.runWorker(ThreadPoolExecutor.java:1133)
02-16 23:52:46.041  2094  2895 E GcmPushIntentOperation: 	at java.util.concurrent.ThreadPoolExecutor$Worker.run(ThreadPoolExecutor.java:607)
02-16 23:52:46.041  2094  2895 E GcmPushIntentOperation: 	at java.lang.Thread.run(Thread.java:761)
02-16 23:52:46.104  2423  3737 I RlzPingService: Setting next ping for 1771401166096
02-16 23:52:46.107  2211  2399 I GservicesUpdateTask: Updating Gservices keys
02-16 23:52:46.195  1644  1655 I BroadcastQueue: Delay finish: com.google.android.partnersetup/.GservicesChangedReceiver
02-16 23:52:46.242  1644  2535 I BroadcastQueue: Resuming delayed broadcast
02-16 23:52:46.276  2094  2094 I GeofencerStateMachine: sendQueryLocationOptIn
02-16 23:52:46.282  3740  3740 W dex2oat : Unexpected CPU variant for X86 using defaults: x86
02-16 23:52:46.282  3740  3740 W dex2oat : Mismatch between dex2oat instruction set features (ISA: X86 Feature string: smp,-ssse3,-sse4.1,-sse4.2,-avx,-avx2,-lock_add,-popcnt) and those of dex2oat executable (ISA: X86 Feature string: smp,ssse3,-sse4.1,-sse4.2,-avx,-avx2,-lock_add,-popcnt) for the command line:
02-16 23:52:46.282  3740  3740 W dex2oat : /system/bin/dex2oat --runtime-arg -classpath --runtime-arg & --instruction-set=x86 --instruction-set-features=smp,ssse3,-sse4.1,-sse4.2,-avx,-avx2,-lock_add,-popcnt --runtime-arg -Xrelocate --boot-image=/system/framework/boot.art --runtime-arg -Xms64m --runtime-arg -Xmx512m --instruction-set-variant=x86 --instruction-set-features=default --dex-file=/data/user_de/0/com.google.android.gms/app_chimera/m/00000001/GoogleCertificates_GmsCore_prodmnc_alldpi_release.apk --oat-fd=87 --oat-location=/data/user_de/0/com.google.android.gms/app_chimera/m/00000001/oat/x86/GoogleCertificates_GmsCore_prodmnc_alldpi_release.dex --compiler-filter=speed
02-16 23:52:46.282  3740  3740 I dex2oat : /system/bin/dex2oat --dex-file=/data/user_de/0/com.google.android.gms/app_chimera/m/00000001/GoogleCertificates_GmsCore_prodmnc_alldpi_release.apk --oat-fd=87 --oat-location=/data/user_de/0/com.google.android.gms/app_chimera/m/00000001/oat/x86/GoogleCertificates_GmsCore_prodmnc_alldpi_release.dex --compiler-filter=speed
02-16 23:52:46.286  2094  2094 I GeofencerStateMachine: sendQueryLocationOptIn
02-16 23:52:46.301  2094  2094 I GeofencerStateMachine: sendQueryLocationOptIn
02-16 23:52:46.304  2094  2895 E GcmPushIntentOperation: Failed to subscribe to GCM: com.google.android.gms.phenotype
02-16 23:52:46.304  2094  2895 E GcmPushIntentOperation: java.io.IOException: INVALID_SENDER
02-16 23:52:46.304  2094  2895 E GcmPushIntentOperation: 	at vfm.b(:com.google.android.gms@11743470:39)
02-16 23:52:46.304  2094  2895 E GcmPushIntentOperation: 	at vfm.a(:com.google.android.gms@11743470:46)
02-16 23:52:46.304  2094  2895 E GcmPushIntentOperation: 	at vfj.b(:com.google.android.gms@11743470:11)
02-16 23:52:46.304  2094  2895 E GcmPushIntentOperation: 	at vfj.a(:com.google.android.gms@11743470:29)
02-16 23:52:46.304  2094  2895 E GcmPushIntentOperation: 	at com.google.android.gms.phenotype.gcmpush.GcmPushIntentOperation.a(:com.google.android.gms@11743470:15)
02-16 23:52:46.304  2094  2895 E GcmPushIntentOperation: 	at com.google.android.gms.phenotype.gcmpush.GcmPushIntentOperation.onHandleIntent(:com.google.android.gms@11743470:7)
02-16 23:52:46.304  2094  2895 E GcmPushIntentOperation: 	at com.google.android.chimera.IntentOperation.onHandleIntent(:com.google.android.gms@11743470:2)
02-16 23:52:46.304  2094  2895 E GcmPushIntentOperation: 	at bwo.run(:com.google.android.gms@11743470:10)
02-16 23:52:46.304  2094  2895 E GcmPushIntentOperation: 	at bwl.run(:com.google.android.gms@11743470:14)
02-16 23:52:46.304  2094  2895 E GcmPushIntentOperation: 	at java.util.concurrent.ThreadPoolExecutor.runWorker(ThreadPoolExecutor.java:1133)
02-16 23:52:46.304  2094  2895 E GcmPushIntentOperation: 	at java.util.concurrent.ThreadPoolExecutor$Worker.run(ThreadPoolExecutor.java:607)
02-16 23:52:46.304  2094  2895 E GcmPushIntentOperation: 	at java.lang.Thread.run(Thread.java:761)
02-16 23:52:46.316  2335  3706 D DownloadManager: [1] Finished with status SUCCESS
02-16 23:52:46.330  2094  2094 I GeofencerStateMachine: sendQueryLocationOptIn
02-16 23:52:46.363  2094  2094 I GeofencerStateMachine: sendQueryLocationOptIn
02-16 23:52:46.365  2335  3703 D DownloadManager: [2] Finished with status SUCCESS
02-16 23:52:46.379  2276  2552 D EGL_emulation: eglMakeCurrent: 0xa2249c80: ver 1 0 (tinfo 0xa3ef3450)
02-16 23:52:46.382  2094  2094 I GeofencerStateMachine: sendQueryLocationOptIn
02-16 23:52:46.404  2276  2552 D EGL_emulation: eglCreateContext: 0xa2249c80: maj 2 min 0 rcv 2
02-16 23:52:46.416  2276  2552 D EGL_emulation: eglMakeCurrent: 0xa2249c80: ver 2 0 (tinfo 0xa3ef3450)
02-16 23:52:46.457  2094  2094 I GeofencerStateMachine: sendQueryLocationOptIn
02-16 23:52:46.488  2276  2552 I CheckinUtil: Classify the device as Phone.
02-16 23:52:46.498  3378  3688 W dex2oat : Before Android 4.1, method android.graphics.PorterDuffColorFilter androidx.vectordrawable.graphics.drawable.VectorDrawableCompat.updateTintFilter(android.graphics.PorterDuffColorFilter, android.content.res.ColorStateList, android.graphics.PorterDuff$Mode) would have incorrectly overridden the package-private method in android.graphics.drawable.Drawable
02-16 23:52:46.519  2094  3721 I GCoreUlr: WorldUpdater:com.google.gservices.intent.action.GSERVICES_CHANGED: Ensuring that reporting is stopped because of reasons: (no Google accounts)
02-16 23:52:46.546  2094  2441 I GeofencerStateMachine: removeGeofences: removeRequest=RemoveGeofencingRequest[REMOVE_BY_PENDING_INTENT pendingIntent=PendingIntent[creatorPackage=com.google.android.gms], packageName=null]
02-16 23:52:46.551  3315  3315 I ConfigUpdater: Download failed, retrying...
02-16 23:52:46.566  2094  3721 I GCoreUlr: Unbound from all location providers
02-16 23:52:46.566  2094  3721 I GCoreUlr: Place inference reporting - stop
02-16 23:52:46.592  2276  3712 I CmaSystemUpdateService: StartServiceIntentOperation: Intent { act=com.google.gservices.intent.action.GSERVICES_CHANGED flg=0x10 cmp=com.google.android.gms/.chimera.GmsIntentOperationService$PersistentInternalReceiver }
02-16 23:52:46.594  2276  3712 I CmaSystemUpdateService: receiver: Intent { act=com.google.gservices.intent.action.GSERVICES_CHANGED flg=0x10 cmp=com.google.android.gms/.chimera.GmsIntentOperationService$PersistentInternalReceiver }
02-16 23:52:46.601  2094  2094 I GCoreUlr: Stopping handler for UlrDispSvcFast
02-16 23:52:46.602  2276  3712 I SystemUpdate: [Installation,ReceiverIntentOperation] Received intent: Intent { act=com.google.gservices.intent.action.GSERVICES_CHANGED flg=0x10 cmp=com.google.android.gms/.chimera.GmsIntentOperationService$PersistentInternalReceiver }.
02-16 23:52:46.609  2094  2094 I GCoreUlr: Unbound from all location providers
02-16 23:52:46.610  2094  2094 I GCoreUlr: Place inference reporting - stop
02-16 23:52:46.638  2211  2399 I GStaticConfiguration: #getNewConfigurationUrl [pref=2013_10_04_22_22_03, gservice=2018_04_18_16_50_26]
02-16 23:52:46.657  3315  3315 I ConfigUpdater: Download failed, retrying...
02-16 23:52:46.671  2276  3377 W OcrModelUpStIntentOp: Registering params_expdate_c45e5b7.dat failed: The download is pending.
02-16 23:52:46.672  2276  3377 I OcrModelUpStIntentOp: Downloading text recognizer
02-16 23:52:46.679  2276  3712 W ChimeraUtils: Non Chimera context
02-16 23:52:46.737  2335  3759 D DownloadManager: [3] Starting
02-16 23:52:46.754  2276  3712 I SystemUpdate: [Execution,InstallationEventIntentOperation] Received intent with event 2.
02-16 23:52:46.758  2276  2552 E ProcessCheckinRequest: CheckinNowTaskTag : Checkin Succeeded: https://android.clients.google.com/checkin (request #1): 
02-16 23:52:46.779  2276  2276 I CmaSystemUpdateService: connectivity change: Intent { act=android.net.conn.CONNECTIVITY_CHANGE flg=0x4000010 (has extras) }
02-16 23:52:46.779  2276  2276 I CmaSystemUpdateService: receiver: Intent { act=android.net.conn.CONNECTIVITY_CHANGE flg=0x4000010 (has extras) }
02-16 23:52:46.791  2335  3759 D NetworkSecurityConfig: No Network Security Config specified, using platform default
02-16 23:52:46.829  2094  2809 E NetworkScheduler: ignoring stale queue check message
02-16 23:52:46.912  3740  3755 W dex2oat : Verification of void j.<clinit>() took 205.323ms
02-16 23:52:46.938  2276  2276 I art     : Waiting for a blocking GC DisableMovingGc
02-16 23:52:47.035  2276  2276 I art     : WaitForGcToComplete blocked for 97.071ms for cause DisableMovingGc
02-16 23:52:47.035  2276  2276 I art     : Starting a blocking GC DisableMovingGc
